Job ID:         17296272
Nodes:          1
CPUs per task:  4
Start time:     Wed Sep  9 20:18:12 EDT 2026
Debug flags:    DEBUG_DUMMY_OBJ=0 DEBUG_SKIP_FEM=0 DEBUG_NO_NL_CONS=0 DEBUG_DROP_JBCD=1 DEBUG_FIX_THETAS=0 DEBUG_INTERIOR_THETA=0
       __       ___      ___   ___                _______  _______ .___  ___. 
      |  |     /   \     \  \ /  /               |   ____||   ____||   \/   | 
      |  |    /  ^  \     \  V  /      ______    |  |__   |  |__   |  \  /  | 
.--.  |  |   /  /_\  \     >   <      |______|   |   __|  |   __|  |  |\/|  | 
|  `--'  |  /  _____  \   /  .  \                |  |     |  |____ |  |  |  | 
 \______/  /__/     \__\ /__/ \__\               |__|     |_______||__|  |__| 
                                                                              

Debug flags:
  DEBUG_DUMMY_OBJ=0
  DEBUG_SKIP_FEM=0
  DEBUG_NO_NL_CONS=0
  DEBUG_DROP_JBCD=1
  DEBUG_FIX_THETAS=0
  DEBUG_INTERIOR_THETA=0
k_attachment is not provided. Based on the coil's stiffness, the auto-generated value is 4.0940e+14 N/m3.
Beam network initialized.
Optimizing:
    dphis_end_cc - per-coil shapes: [(4,), (4,), (4,), (2,), (2,)]
    dphis_start_cc - per-coil shapes: [(4,), (4,), (4,), (2,), (2,)]
    thetas_orientation_cc - per-coil shapes: [(4,), (4,), (4,), (2,), (2,)]
Fixing:
    w1_beam
    w2_beam
    dphis_start_cf
    x_foundation
    thetas_orientation_cf
Total # dofs: 48
solving with float64
# mesh node for all coils: [36400, 36400, 36400, 36400]
# mesh cell for all coils: [21600, 21600, 21600, 21600]
DEBUG_DROP_JBCD: omitting Jbcd constraint
MAXITER = 1000
# free dofs = 48
# linear inequality constraints = 10
preflight: evaluating fun(x0)
solving with float64
preflight fun(x0): {'J': 3.6488658885115315e+17, 'n_nan': 0, 'n_inf': 0, 'absmax': 8.605840365577044e+19, 'size': 48}
Wrote logs/preflight.json
| niter |f evals|CG iter|  obj func   |tr radius |   opt    |  c viol  |
|-------|-------|-------|-------------|----------|----------|----------|
|   1   |   1   |   0   | +3.6489e+17 | 1.00e+00 | 1.81e+19 | 0.00e+00 |
|   2   |   2   |   1   | +3.6489e+17 | 5.00e-01 | 1.81e+19 | 0.00e+00 |
|   3   |   3   |   2   | +3.6489e+17 | 2.50e-01 | 1.81e+19 | 0.00e+00 |
|   4   |   4   |   3   | +3.5126e+17 | 2.50e-01 | 8.19e+18 | 0.00e+00 |
|   5   |   5   |   5   | +3.5126e+17 | 9.39e-02 | 8.19e+18 | 0.00e+00 |
|   6   |   6   |   7   | +3.5126e+17 | 4.70e-02 | 8.19e+18 | 0.00e+00 |
|   7   |   7   |   9   | +3.5126e+17 | 2.35e-02 | 8.19e+18 | 0.00e+00 |
|   8   |   8   |  11   | +3.5126e+17 | 1.17e-02 | 8.19e+18 | 0.00e+00 |
|   9   |   9   |  13   | +3.5126e+17 | 5.87e-03 | 8.19e+18 | 0.00e+00 |
|  10   |  10   |  15   | +3.5126e+17 | 2.94e-03 | 8.19e+18 | 0.00e+00 |
|  11   |  11   |  16   | +3.5126e+17 | 1.30e-03 | 8.19e+18 | 0.00e+00 |
|  12   |  12   |  17   | +3.5126e+17 | 6.52e-04 | 8.19e+18 | 0.00e+00 |
|  13   |  13   |  18   | +3.4961e+17 | 6.52e-04 | 6.22e+18 | 0.00e+00 |
|  14   |  14   |  19   | +3.4666e+17 | 1.30e-03 | 9.79e+18 | 0.00e+00 |
|  15   |  15   |  21   | +3.4320e+17 | 2.61e-03 | 5.45e+18 | 0.00e+00 |
|  16   |  16   |  24   | +3.3578e+17 | 1.83e-02 | 7.83e+18 | 0.00e+00 |
|  17   |  17   |  28   | +3.2525e+17 | 1.83e-02 | 5.33e+19 | 0.00e+00 |
|  18   |  18   |  32   | +3.2525e+17 | 9.13e-03 | 5.33e+19 | 0.00e+00 |
|  19   |  19   |  35   | +3.0767e+17 | 9.13e-03 | 4.63e+18 | 0.00e+00 |
|  20   |  20   |  38   | +3.0767e+17 | 4.55e-03 | 4.63e+18 | 0.00e+00 |
|  21   |  21   |  41   | +3.0284e+17 | 9.11e-03 | 1.85e+19 | 0.00e+00 |
|  22   |  22   |  44   | +3.0284e+17 | 4.55e-03 | 1.85e+19 | 0.00e+00 |
|  23   |  23   |  47   | +3.0284e+17 | 2.28e-03 | 1.85e+19 | 0.00e+00 |
|  24   |  24   |  49   | +3.0284e+17 | 1.14e-03 | 1.85e+19 | 0.00e+00 |
|  25   |  25   |  51   | +3.0284e+17 | 5.69e-04 | 1.85e+19 | 0.00e+00 |
|  26   |  26   |  52   | +3.0032e+17 | 5.69e-04 | 1.74e+19 | 0.00e+00 |
|  27   |  27   |  54   | +2.9559e+17 | 1.14e-03 | 6.01e+18 | 0.00e+00 |
|  28   |  28   |  57   | +2.9024e+17 | 2.28e-03 | 3.11e+19 | 0.00e+00 |
|  29   |  29   |  61   | +2.9024e+17 | 1.14e-03 | 3.11e+19 | 0.00e+00 |
|  30   |  30   |  64   | +2.9024e+17 | 5.69e-04 | 3.11e+19 | 0.00e+00 |
|  31   |  31   |  67   | +2.9024e+17 | 2.85e-04 | 3.11e+19 | 0.00e+00 |
|  32   |  32   |  69   | +2.8973e+17 | 2.85e-04 | 1.64e+19 | 0.00e+00 |
|  33   |  33   |  71   | +2.8973e+17 | 1.42e-04 | 1.64e+19 | 0.00e+00 |
|  34   |  34   |  73   | +2.8973e+17 | 7.12e-05 | 1.64e+19 | 0.00e+00 |
|  35   |  35   |  74   | +2.8923e+17 | 1.42e-04 | 1.96e+19 | 0.00e+00 |
|  36   |  36   |  75   | +2.8889e+17 | 1.42e-04 | 1.68e+19 | 0.00e+00 |
|  37   |  37   |  77   | +2.8827e+17 | 2.85e-04 | 8.10e+18 | 0.00e+00 |
|  38   |  38   |  80   | +2.8689e+17 | 5.69e-04 | 7.55e+18 | 0.00e+00 |
|  39   |  39   |  84   | +2.8689e+17 | 1.25e-04 | 7.55e+18 | 0.00e+00 |
|  40   |  40   |  86   | +2.8583e+17 | 8.74e-04 | 3.34e+19 | 0.00e+00 |
|  41   |  41   |  89   | +2.8583e+17 | 4.37e-04 | 3.34e+19 | 0.00e+00 |
|  42   |  42   |  91   | +2.8583e+17 | 2.19e-04 | 3.34e+19 | 0.00e+00 |
|  43   |  43   |  93   | +2.8583e+17 | 1.09e-04 | 3.34e+19 | 0.00e+00 |
|  44   |  44   |  94   | +2.8583e+17 | 5.46e-05 | 3.34e+19 | 0.00e+00 |
|  45   |  45   |  95   | +2.8518e+17 | 5.46e-05 | 7.76e+18 | 0.00e+00 |
|  46   |  46   |  97   | +2.8448e+17 | 3.83e-04 | 1.03e+19 | 0.00e+00 |
|  47   |  47   |  100  | +2.8286e+17 | 7.65e-04 | 1.70e+19 | 0.00e+00 |
|  48   |  48   |  103  | +2.8286e+17 | 2.25e-04 | 1.70e+19 | 0.00e+00 |
|  49   |  49   |  105  | +2.8286e+17 | 4.04e-05 | 1.70e+19 | 0.00e+00 |
|  50   |  50   |  106  | +2.8286e+17 | 2.02e-05 | 1.70e+19 | 0.00e+00 |
|  51   |  51   |  107  | +2.8286e+17 | 1.01e-05 | 1.70e+19 | 0.00e+00 |
|  52   |  52   |  108  | +2.8286e+17 | 5.05e-06 | 1.70e+19 | 0.00e+00 |
|  53   |  53   |  108  | +2.8286e+17 | 1.00e+00 | 1.70e+19 | 0.00e+00 |
|  54   |  54   |  119  | +2.4779e+17 | 7.00e+00 | 4.06e+18 | 0.00e+00 |
|  55   |  55   |  167  | +7.9744e+17 | 9.21e+00 | 1.31e+19 | 6.16e-02 |
|  56   |  56   |  215  | +2.4252e+18 | 2.17e+01 | 6.65e+18 | 2.28e-01 |
|  57   |  57   |  263  | +1.2271e+18 | 2.17e+01 | 3.08e+19 | 6.44e-02 |
|  58   |  58   |  311  | +1.7390e+18 | 2.17e+01 | 7.27e+18 | 3.96e-02 |
|  59   |  59   |  359  | +1.9773e+18 | 2.17e+01 | 3.16e+19 | 1.59e-02 |
|  60   |  60   |  407  | +2.0100e+18 | 2.17e+01 | 4.06e+19 | 1.82e-02 |
|  61   |  61   |  455  | +5.7074e+17 | 2.17e+01 | 2.23e+18 | 1.14e-02 |
|  62   |  62   |  503  | +5.7074e+17 | 2.17e+00 | 2.23e+18 | 1.14e-02 |
|  63   |  63   |  551  | +5.7074e+17 | 7.47e-01 | 2.23e+18 | 1.14e-02 |
|  64   |  64   |  556  | +7.6495e+17 | 7.47e-01 | 7.76e+18 | 1.44e-02 |
|  65   |  65   |  561  | +6.6950e+17 | 5.23e+00 | 4.67e+18 | 1.28e-03 |
|  66   |  66   |  609  | +6.6950e+17 | 5.23e-01 | 4.67e+18 | 1.28e-03 |
|  67   |  67   |  612  | +5.7084e+17 | 3.66e+00 | 2.93e+18 | 9.88e-04 |
|  68   |  68   |  660  | +5.7084e+17 | 1.27e+00 | 2.93e+18 | 9.88e-04 |
|  69   |  69   |  674  | +5.7084e+17 | 4.09e-01 | 2.93e+18 | 9.88e-04 |
|  70   |  70   |  683  | +4.7591e+17 | 8.19e-01 | 1.28e+19 | 6.47e-04 |
|  71   |  71   |  691  | +4.7591e+17 | 4.09e-01 | 1.28e+19 | 6.47e-04 |
|  72   |  72   |  705  | +4.7591e+17 | 2.05e-01 | 1.28e+19 | 6.47e-04 |
|  73   |  73   |  715  | +4.7591e+17 | 4.49e-02 | 1.28e+19 | 6.47e-04 |
|  74   |  74   |  719  | +5.1967e+17 | 8.99e-02 | 1.51e+19 | 6.55e-04 |
|  75   |  75   |  723  | +5.1967e+17 | 3.09e-02 | 1.51e+19 | 6.55e-04 |
|  76   |  76   |  727  | +5.0174e+17 | 6.17e-02 | 2.99e+19 | 6.54e-04 |
|  77   |  77   |  731  | +5.0174e+17 | 3.09e-02 | 2.99e+19 | 6.54e-04 |
|  78   |  78   |  735  | +6.0123e+17 | 3.09e-02 | 1.92e+18 | 6.64e-04 |
|  79   |  79   |  740  | +6.0123e+17 | 1.54e-02 | 1.92e+18 | 6.64e-04 |
|  80   |  80   |  744  | +6.0123e+17 | 7.70e-03 | 1.92e+18 | 6.64e-04 |
|  81   |  81   |  748  | +5.4863e+17 | 1.54e-02 | 1.11e+18 | 6.62e-04 |
|  82   |  82   |  753  | +5.7443e+17 | 1.54e-02 | 4.45e+17 | 6.71e-04 |
|  83   |  83   |  756  | +6.0412e+17 | 3.08e-02 | 1.13e+19 | 6.70e-04 |
|  84   |  84   |  758  | +6.1141e+17 | 6.16e-02 | 3.54e+17 | 6.75e-04 |
|  85   |  85   |  760  | +6.3000e+17 | 4.31e-01 | 1.02e+19 | 6.36e-04 |
|  86   |  86   |  767  | +6.3000e+17 | 4.31e-02 | 1.02e+19 | 6.36e-04 |
|  87   |  87   |  773  | +4.7656e+17 | 3.02e-01 | 4.89e+18 | 5.88e-04 |
|  88   |  88   |  782  | +4.7656e+17 | 3.02e-02 | 4.89e+18 | 5.88e-04 |
|  89   |  89   |  787  | +5.6442e+17 | 6.04e-02 | 6.48e+18 | 5.85e-04 |
|  90   |  90   |  791  | +7.1335e+17 | 4.23e-01 | 1.70e+18 | 4.84e-04 |
|  91   |  91   |  799  | +7.4549e+17 | 2.96e+00 | 2.46e+18 | 2.55e-04 |
|  92   |  92   |  847  | +7.4870e+17 | 2.96e+00 | 4.13e+17 | 2.91e-04 |
|  93   |  93   |  895  | +8.7196e+17 | 2.96e+00 | 8.78e+18 | 3.16e-04 |
|  94   |  94   |  943  | +8.7196e+17 | 1.06e+00 | 8.78e+18 | 3.16e-04 |
|  95   |  95   |  980  | +8.7196e+17 | 5.32e-01 | 8.78e+18 | 3.16e-04 |
|  96   |  96   |  992  | +1.3339e+18 | 5.32e-01 | 3.65e+19 | 2.26e-04 |
|  97   |  97   |  996  | +1.3339e+18 | 5.32e-02 | 3.65e+19 | 2.26e-04 |
|  98   |  98   | 1000  | +1.4841e+18 | 1.06e-01 | 1.78e+19 | 2.20e-04 |
|  99   |  99   | 1008  | +1.4376e+18 | 2.13e-01 | 1.68e+19 | 2.13e-04 |
|  100  |  100  | 1016  | +1.4376e+18 | 2.13e-02 | 1.68e+19 | 2.13e-04 |
|  101  |  101  | 1019  | +1.2903e+18 | 4.26e-02 | 7.65e+18 | 2.12e-04 |
|  102  |  102  | 1023  | +1.2903e+18 | 1.46e-02 | 7.65e+18 | 2.12e-04 |
|  103  |  103  | 1027  | +1.2903e+18 | 2.27e-03 | 7.65e+18 | 2.12e-04 |
|  104  |  104  | 1031  | +1.2703e+18 | 1.59e-02 | 1.28e+19 | 2.12e-04 |
|  105  |  105  | 1036  | +1.2703e+18 | 7.94e-03 | 1.28e+19 | 2.12e-04 |
|  106  |  106  | 1040  | +1.2928e+18 | 5.56e-02 | 1.82e+19 | 2.12e-04 |
|  107  |  107  | 1047  | +1.2928e+18 | 1.48e-02 | 1.82e+19 | 2.12e-04 |
|  108  |  108  | 1052  | +1.1954e+18 | 1.48e-02 | 2.52e+18 | 2.12e-04 |
|  109  |  109  | 1061  | +1.1726e+18 | 2.97e-02 | 2.48e+18 | 2.12e-04 |
|  110  |  110  | 1063  | +1.1726e+18 | 2.97e-03 | 2.48e+18 | 2.12e-04 |
|  111  |  111  | 1065  | +1.1720e+18 | 5.94e-03 | 2.02e+18 | 2.12e-04 |
|  112  |  112  | 1071  | +1.1688e+18 | 5.94e-03 | 6.72e+17 | 2.12e-04 |
|  113  |  113  | 1079  | +1.1686e+18 | 1.19e-02 | 1.05e+18 | 2.12e-04 |
|  114  |  114  | 1088  | +1.1686e+18 | 5.94e-03 | 1.05e+18 | 2.12e-04 |
|  115  |  115  | 1096  | +1.1660e+18 | 5.94e-03 | 3.24e+17 | 2.12e-04 |
|  116  |  116  | 1104  | +1.1638e+18 | 1.19e-02 | 6.38e+17 | 2.12e-04 |
|  117  |  117  | 1113  | +1.1638e+18 | 5.94e-03 | 6.38e+17 | 2.12e-04 |
|  118  |  118  | 1121  | +1.1604e+18 | 5.94e-03 | 7.53e+17 | 2.12e-04 |
|  119  |  119  | 1129  | +1.1684e+18 | 1.19e-02 | 4.52e+18 | 2.12e-04 |
|  120  |  120  | 1138  | +1.1684e+18 | 5.94e-03 | 4.52e+18 | 2.12e-04 |
|  121  |  121  | 1146  | +1.1581e+18 | 5.94e-03 | 4.44e+17 | 2.12e-04 |
|  122  |  122  | 1154  | +1.1578e+18 | 1.19e-02 | 4.90e+17 | 2.12e-04 |
|  123  |  123  | 1163  | +1.1578e+18 | 5.70e-03 | 4.90e+17 | 2.12e-04 |
|  124  |  124  | 1172  | +1.1558e+18 | 5.70e-03 | 5.30e+17 | 2.12e-04 |
|  125  |  125  | 1181  | +1.1609e+18 | 1.14e-02 | 3.96e+18 | 2.12e-04 |
|  126  |  126  | 1190  | +1.1609e+18 | 5.70e-03 | 3.96e+18 | 2.12e-04 |
|  127  |  127  | 1199  | +1.1551e+18 | 1.14e-02 | 3.20e+18 | 2.12e-04 |
|  128  |  128  | 1208  | +1.1551e+18 | 5.70e-03 | 3.20e+18 | 2.12e-04 |
|  129  |  129  | 1216  | +1.1551e+18 | 1.14e-02 | 3.65e+17 | 2.12e-04 |
|  130  |  130  | 1225  | +1.1551e+18 | 5.70e-03 | 3.65e+17 | 2.12e-04 |
|  131  |  131  | 1233  | +1.1526e+18 | 1.14e-02 | 2.73e+17 | 2.12e-04 |
|  132  |  132  | 1242  | +1.1526e+18 | 5.70e-03 | 2.73e+17 | 2.12e-04 |
|  133  |  133  | 1250  | +1.1508e+18 | 1.14e-02 | 1.42e+18 | 2.12e-04 |
|  134  |  134  | 1259  | +1.1034e+18 | 2.28e-02 | 3.07e+19 | 2.12e-04 |
|  135  |  135  | 1263  | +1.1034e+18 | 1.14e-02 | 3.07e+19 | 2.12e-04 |
|  136  |  136  | 1268  | +1.2017e+18 | 1.14e-02 | 1.26e+19 | 2.12e-04 |
|  137  |  137  | 1276  | +1.2017e+18 | 5.70e-03 | 1.26e+19 | 2.12e-04 |
|  138  |  138  | 1282  | +1.1877e+18 | 1.14e-02 | 2.79e+18 | 2.12e-04 |
|  139  |  139  | 1290  | +1.1877e+18 | 5.70e-03 | 2.79e+18 | 2.12e-04 |
|  140  |  140  | 1294  | +1.1698e+18 | 1.14e-02 | 4.55e+18 | 2.12e-04 |
|  141  |  141  | 1303  | +1.1698e+18 | 5.70e-03 | 4.55e+18 | 2.12e-04 |
|  142  |  142  | 1311  | +1.1579e+18 | 1.14e-02 | 2.97e+18 | 2.12e-04 |
|  143  |  143  | 1320  | +1.1579e+18 | 5.70e-03 | 2.97e+18 | 2.12e-04 |
|  144  |  144  | 1326  | +1.1553e+18 | 1.14e-02 | 5.10e+18 | 2.12e-04 |
|  145  |  145  | 1333  | +1.1553e+18 | 4.97e-03 | 5.10e+18 | 2.12e-04 |
|  146  |  146  | 1342  | +1.1079e+18 | 3.48e-02 | 3.06e+19 | 2.12e-04 |
|  147  |  147  | 1348  | +1.1079e+18 | 3.48e-03 | 3.06e+19 | 2.12e-04 |
|  148  |  148  | 1353  | +1.1167e+18 | 2.43e-02 | 1.75e+19 | 2.12e-04 |
|  149  |  149  | 1357  | +1.1167e+18 | 2.43e-03 | 1.75e+19 | 2.12e-04 |
|  150  |  150  | 1361  | +1.0833e+18 | 1.70e-02 | 3.03e+19 | 2.12e-04 |
|  151  |  151  | 1365  | +1.0833e+18 | 1.70e-03 | 3.03e+19 | 2.12e-04 |
|  152  |  152  | 1368  | +1.0833e+18 | 8.38e-04 | 3.03e+19 | 2.12e-04 |
|  153  |  153  | 1372  | +1.0833e+18 | 4.19e-04 | 3.03e+19 | 2.12e-04 |
|  154  |  154  | 1375  | +1.0833e+18 | 2.10e-04 | 3.03e+19 | 2.12e-04 |
|  155  |  155  | 1376  | +1.0833e+18 | 1.05e-04 | 3.03e+19 | 2.12e-04 |
|  156  |  156  | 1377  | +1.0833e+18 | 5.24e-05 | 3.03e+19 | 2.12e-04 |
|  157  |  157  | 1378  | +1.0833e+18 | 2.62e-05 | 3.03e+19 | 2.12e-04 |
|  158  |  158  | 1379  | +1.0821e+18 | 5.24e-05 | 1.92e+19 | 2.12e-04 |
|  159  |  159  | 1380  | +1.0826e+18 | 5.24e-05 | 3.05e+19 | 2.12e-04 |
|  160  |  160  | 1383  | +1.0814e+18 | 3.67e-04 | 1.86e+19 | 2.12e-04 |
|  161  |  161  | 1387  | +1.0813e+18 | 2.57e-03 | 3.08e+19 | 2.12e-04 |
|  162  |  162  | 1389  | +1.0815e+18 | 1.80e-02 | 3.11e+19 | 2.12e-04 |
|  163  |  163  | 1392  | +1.0815e+18 | 1.80e-03 | 3.11e+19 | 2.12e-04 |
|  164  |  164  | 1395  | +1.0812e+18 | 1.26e-02 | 1.87e+19 | 2.12e-04 |
|  165  |  165  | 1398  | +1.0812e+18 | 2.72e-03 | 1.87e+19 | 2.12e-04 |
|  166  |  166  | 1401  | +1.0817e+18 | 1.90e-02 | 3.11e+19 | 2.12e-04 |
|  167  |  167  | 1404  | +1.0817e+18 | 1.90e-03 | 3.11e+19 | 2.12e-04 |
|  168  |  168  | 1407  | +1.0814e+18 | 1.33e-02 | 3.06e+19 | 2.12e-04 |
|  169  |  169  | 1410  | +1.0814e+18 | 1.33e-03 | 3.06e+19 | 2.12e-04 |
|  170  |  170  | 1413  | +1.0811e+18 | 9.33e-03 | 3.19e+19 | 2.12e-04 |
|  171  |  171  | 1416  | +1.0811e+18 | 4.67e-03 | 3.19e+19 | 2.12e-04 |
|  172  |  172  | 1419  | +1.0827e+18 | 3.27e-02 | 1.94e+19 | 2.12e-04 |
|  173  |  173  | 1422  | +1.0827e+18 | 3.27e-03 | 1.94e+19 | 2.12e-04 |
|  174  |  174  | 1425  | +1.0825e+18 | 6.53e-03 | 3.06e+19 | 2.12e-04 |
|  175  |  175  | 1428  | +1.0825e+18 | 3.27e-03 | 3.06e+19 | 2.12e-04 |
|  176  |  176  | 1431  | +1.0837e+18 | 6.53e-03 | 1.89e+19 | 2.12e-04 |
|  177  |  177  | 1434  | +1.0837e+18 | 3.27e-03 | 1.89e+19 | 2.12e-04 |
|  178  |  178  | 1437  | +1.0820e+18 | 6.53e-03 | 3.04e+19 | 2.12e-04 |
|  179  |  179  | 1439  | +1.0820e+18 | 3.27e-03 | 3.04e+19 | 2.12e-04 |
|  180  |  180  | 1441  | +1.0848e+18 | 6.53e-03 | 1.92e+19 | 2.12e-04 |
|  181  |  181  | 1444  | +1.0848e+18 | 3.27e-03 | 1.92e+19 | 2.12e-04 |
|  182  |  182  | 1447  | +1.0814e+18 | 6.53e-03 | 1.85e+19 | 2.12e-04 |
|  183  |  183  | 1450  | +1.0814e+18 | 3.27e-03 | 1.85e+19 | 2.12e-04 |
|  184  |  184  | 1453  | +1.0845e+18 | 6.53e-03 | 2.93e+19 | 2.12e-04 |
|  185  |  185  | 1456  | +1.0845e+18 | 3.27e-03 | 2.93e+19 | 2.12e-04 |
|  186  |  186  | 1459  | +1.0832e+18 | 6.53e-03 | 3.02e+19 | 2.12e-04 |
|  187  |  187  | 1461  | +1.0832e+18 | 3.27e-03 | 3.02e+19 | 2.12e-04 |
|  188  |  188  | 1464  | +1.0807e+18 | 6.53e-03 | 1.84e+19 | 2.12e-04 |
|  189  |  189  | 1467  | +1.0807e+18 | 3.27e-03 | 1.84e+19 | 2.12e-04 |
|  190  |  190  | 1470  | +1.0815e+18 | 6.53e-03 | 2.99e+19 | 2.12e-04 |
|  191  |  191  | 1473  | +1.0815e+18 | 3.27e-03 | 2.99e+19 | 2.12e-04 |
|  192  |  192  | 1476  | +1.0812e+18 | 6.53e-03 | 2.98e+19 | 2.12e-04 |
|  193  |  193  | 1478  | +1.0812e+18 | 3.27e-03 | 2.98e+19 | 2.12e-04 |
|  194  |  194  | 1481  | +1.0802e+18 | 6.53e-03 | 1.84e+19 | 2.12e-04 |
|  195  |  195  | 1483  | +1.0802e+18 | 3.27e-03 | 1.84e+19 | 2.12e-04 |
|  196  |  196  | 1485  | +1.0824e+18 | 6.53e-03 | 2.97e+19 | 2.12e-04 |
|  197  |  197  | 1487  | +1.0824e+18 | 3.27e-03 | 2.97e+19 | 2.12e-04 |
|  198  |  198  | 1490  | +1.0819e+18 | 6.53e-03 | 1.83e+19 | 2.12e-04 |
|  199  |  199  | 1493  | +1.0819e+18 | 3.27e-03 | 1.83e+19 | 2.12e-04 |
|  200  |  200  | 1496  | +1.0810e+18 | 6.53e-03 | 1.79e+19 | 2.12e-04 |
|  201  |  201  | 1498  | +1.0810e+18 | 3.27e-03 | 1.79e+19 | 2.12e-04 |
|  202  |  202  | 1501  | +1.0799e+18 | 6.53e-03 | 2.97e+19 | 2.12e-04 |
|  203  |  203  | 1503  | +1.0799e+18 | 3.27e-03 | 2.97e+19 | 2.12e-04 |
|  204  |  204  | 1505  | +1.0804e+18 | 6.53e-03 | 1.77e+19 | 2.12e-04 |
|  205  |  205  | 1508  | +1.0804e+18 | 3.27e-03 | 1.77e+19 | 2.12e-04 |
|  206  |  206  | 1511  | +1.0819e+18 | 6.53e-03 | 2.96e+19 | 2.12e-04 |
|  207  |  207  | 1513  | +1.0819e+18 | 3.27e-03 | 2.96e+19 | 2.12e-04 |
|  208  |  208  | 1515  | +1.0915e+18 | 6.53e-03 | 1.78e+19 | 2.12e-04 |
|  209  |  209  | 1518  | +1.0915e+18 | 3.27e-03 | 1.78e+19 | 2.12e-04 |
|  210  |  210  | 1521  | +1.0794e+18 | 6.53e-03 | 1.84e+19 | 2.12e-04 |
|  211  |  211  | 1524  | +1.0794e+18 | 3.27e-03 | 1.84e+19 | 2.12e-04 |
|  212  |  212  | 1526  | +1.0810e+18 | 6.53e-03 | 2.93e+19 | 2.12e-04 |
|  213  |  213  | 1529  | +1.0810e+18 | 3.27e-03 | 2.93e+19 | 2.12e-04 |
|  214  |  214  | 1532  | +1.0874e+18 | 3.27e-03 | 1.97e+19 | 2.12e-04 |
|  215  |  215  | 1535  | +1.0774e+18 | 6.53e-03 | 1.77e+19 | 2.12e-04 |
|  216  |  216  | 1537  | +1.0774e+18 | 3.27e-03 | 1.77e+19 | 2.12e-04 |
|  217  |  217  | 1540  | +1.0782e+18 | 6.53e-03 | 2.93e+19 | 2.12e-04 |
|  218  |  218  | 1543  | +1.0782e+18 | 3.27e-03 | 2.93e+19 | 2.12e-04 |
|  219  |  219  | 1546  | +1.0777e+18 | 6.53e-03 | 1.79e+19 | 2.12e-04 |
|  220  |  220  | 1549  | +1.0777e+18 | 3.27e-03 | 1.79e+19 | 2.12e-04 |
|  221  |  221  | 1551  | +1.0796e+18 | 6.53e-03 | 1.79e+19 | 2.12e-04 |
|  222  |  222  | 1554  | +1.0796e+18 | 3.27e-03 | 1.79e+19 | 2.12e-04 |
|  223  |  223  | 1557  | +1.0771e+18 | 6.53e-03 | 2.88e+19 | 2.12e-04 |
|  224  |  224  | 1559  | +1.0771e+18 | 3.27e-03 | 2.88e+19 | 2.12e-04 |
|  225  |  225  | 1561  | +1.0788e+18 | 6.53e-03 | 1.76e+19 | 2.12e-04 |
|  226  |  226  | 1564  | +1.0788e+18 | 3.27e-03 | 1.76e+19 | 2.12e-04 |
|  227  |  227  | 1567  | +1.0809e+18 | 6.53e-03 | 1.76e+19 | 2.12e-04 |
|  228  |  228  | 1569  | +1.0809e+18 | 3.27e-03 | 1.76e+19 | 2.12e-04 |
|  229  |  229  | 1572  | +1.0786e+18 | 6.53e-03 | 2.87e+19 | 2.12e-04 |
|  230  |  230  | 1574  | +1.0786e+18 | 3.27e-03 | 2.87e+19 | 2.12e-04 |
|  231  |  231  | 1577  | +1.0767e+18 | 6.53e-03 | 1.73e+19 | 2.12e-04 |
|  232  |  232  | 1580  | +1.0767e+18 | 3.27e-03 | 1.73e+19 | 2.12e-04 |
|  233  |  233  | 1582  | +1.0805e+18 | 6.53e-03 | 1.73e+19 | 2.12e-04 |
|  234  |  234  | 1585  | +1.0805e+18 | 3.27e-03 | 1.73e+19 | 2.12e-04 |
|  235  |  235  | 1588  | +1.0780e+18 | 6.53e-03 | 2.83e+19 | 2.12e-04 |
|  236  |  236  | 1591  | +1.0780e+18 | 3.27e-03 | 2.83e+19 | 2.12e-04 |
|  237  |  237  | 1594  | +1.0775e+18 | 6.53e-03 | 1.36e+19 | 2.12e-04 |
|  238  |  238  | 1598  | +1.0775e+18 | 3.27e-03 | 1.36e+19 | 2.12e-04 |
|  239  |  239  | 1601  | +1.0766e+18 | 6.53e-03 | 2.81e+19 | 2.12e-04 |
|  240  |  240  | 1604  | +1.0766e+18 | 3.27e-03 | 2.81e+19 | 2.12e-04 |
|  241  |  241  | 1607  | +1.0808e+18 | 6.53e-03 | 3.20e+19 | 2.12e-04 |
|  242  |  242  | 1610  | +1.0808e+18 | 3.27e-03 | 3.20e+19 | 2.12e-04 |
|  243  |  243  | 1613  | +1.0763e+18 | 6.53e-03 | 2.80e+19 | 2.12e-04 |
|  244  |  244  | 1616  | +1.0763e+18 | 3.27e-03 | 2.80e+19 | 2.12e-04 |
|  245  |  245  | 1619  | +1.0772e+18 | 6.53e-03 | 2.81e+19 | 2.12e-04 |
|  246  |  246  | 1622  | +1.0772e+18 | 3.27e-03 | 2.81e+19 | 2.12e-04 |
|  247  |  247  | 1624  | +1.0836e+18 | 6.53e-03 | 1.37e+19 | 2.12e-04 |
|  248  |  248  | 1629  | +1.0836e+18 | 3.27e-03 | 1.37e+19 | 2.12e-04 |
|  249  |  249  | 1632  | +1.0772e+18 | 6.53e-03 | 1.70e+19 | 2.12e-04 |
|  250  |  250  | 1635  | +1.0772e+18 | 3.27e-03 | 1.70e+19 | 2.12e-04 |
|  251  |  251  | 1638  | +1.0764e+18 | 6.53e-03 | 1.68e+19 | 2.12e-04 |
|  252  |  252  | 1641  | +1.0764e+18 | 3.27e-03 | 1.68e+19 | 2.12e-04 |
|  253  |  253  | 1644  | +1.0772e+18 | 6.53e-03 | 2.78e+19 | 2.12e-04 |
|  254  |  254  | 1647  | +1.0772e+18 | 3.27e-03 | 2.78e+19 | 2.12e-04 |
|  255  |  255  | 1650  | +1.0764e+18 | 6.53e-03 | 1.68e+19 | 2.12e-04 |
|  256  |  256  | 1653  | +1.0764e+18 | 3.27e-03 | 1.68e+19 | 2.12e-04 |
|  257  |  257  | 1656  | +1.0769e+18 | 6.53e-03 | 2.76e+19 | 2.12e-04 |
|  258  |  258  | 1659  | +1.0769e+18 | 3.27e-03 | 2.76e+19 | 2.12e-04 |
|  259  |  259  | 1662  | +1.0764e+18 | 6.53e-03 | 1.67e+19 | 2.12e-04 |
|  260  |  260  | 1665  | +1.0764e+18 | 3.27e-03 | 1.67e+19 | 2.12e-04 |
|  261  |  261  | 1668  | +1.0767e+18 | 6.53e-03 | 2.74e+19 | 2.12e-04 |
|  262  |  262  | 1671  | +1.0767e+18 | 3.27e-03 | 2.74e+19 | 2.12e-04 |
|  263  |  263  | 1674  | +1.0763e+18 | 6.53e-03 | 1.66e+19 | 2.12e-04 |
|  264  |  264  | 1677  | +1.0763e+18 | 3.27e-03 | 1.66e+19 | 2.12e-04 |
|  265  |  265  | 1680  | +1.0765e+18 | 6.53e-03 | 2.73e+19 | 2.12e-04 |
|  266  |  266  | 1683  | +1.0765e+18 | 3.27e-03 | 2.73e+19 | 2.12e-04 |
|  267  |  267  | 1686  | +1.0764e+18 | 6.53e-03 | 2.70e+19 | 2.12e-04 |
|  268  |  268  | 1689  | +1.0764e+18 | 3.27e-03 | 2.70e+19 | 2.12e-04 |
|  269  |  269  | 1692  | +1.0773e+18 | 6.53e-03 | 2.71e+19 | 2.12e-04 |
|  270  |  270  | 1694  | +1.0773e+18 | 3.27e-03 | 2.71e+19 | 2.12e-04 |
|  271  |  271  | 1697  | +1.0759e+18 | 6.53e-03 | 2.69e+19 | 2.12e-04 |
|  272  |  272  | 1700  | +1.0759e+18 | 3.27e-03 | 2.69e+19 | 2.12e-04 |
|  273  |  273  | 1703  | +1.0780e+18 | 6.53e-03 | 3.07e+19 | 2.12e-04 |
|  274  |  274  | 1705  | +1.0780e+18 | 3.27e-03 | 3.07e+19 | 2.12e-04 |
|  275  |  275  | 1707  | +1.0806e+18 | 6.53e-03 | 1.66e+19 | 2.12e-04 |
|  276  |  276  | 1709  | +1.0806e+18 | 3.27e-03 | 1.66e+19 | 2.12e-04 |
|  277  |  277  | 1711  | +1.0899e+18 | 3.27e-03 | 3.02e+19 | 2.12e-04 |
|  278  |  278  | 1713  | +1.0847e+18 | 6.53e-03 | 2.64e+19 | 2.12e-04 |
|  279  |  279  | 1715  | +1.0847e+18 | 3.27e-03 | 2.64e+19 | 2.12e-04 |
|  280  |  280  | 1717  | +1.0789e+18 | 6.53e-03 | 1.65e+19 | 2.12e-04 |
|  281  |  281  | 1720  | +1.0789e+18 | 3.27e-03 | 1.65e+19 | 2.12e-04 |
|  282  |  282  | 1723  | +1.0777e+18 | 6.53e-03 | 2.65e+19 | 2.12e-04 |
|  283  |  283  | 1725  | +1.0777e+18 | 3.27e-03 | 2.65e+19 | 2.12e-04 |
|  284  |  284  | 1727  | +1.1016e+18 | 3.27e-03 | 2.51e+19 | 2.12e-04 |
|  285  |  285  | 1729  | +1.0864e+18 | 6.53e-03 | 2.62e+19 | 2.12e-04 |
|  286  |  286  | 1732  | +1.0864e+18 | 3.27e-03 | 2.62e+19 | 2.12e-04 |
|  287  |  287  | 1734  | +1.0792e+18 | 6.53e-03 | 1.64e+19 | 2.12e-04 |
|  288  |  288  | 1737  | +1.0792e+18 | 3.27e-03 | 1.64e+19 | 2.12e-04 |
|  289  |  289  | 1740  | +1.0791e+18 | 6.53e-03 | 2.63e+19 | 2.12e-04 |
|  290  |  290  | 1742  | +1.0791e+18 | 3.27e-03 | 2.63e+19 | 2.12e-04 |
|  291  |  291  | 1745  | +1.0761e+18 | 6.53e-03 | 2.65e+19 | 2.12e-04 |
|  292  |  292  | 1748  | +1.0761e+18 | 3.27e-03 | 2.65e+19 | 2.12e-04 |
|  293  |  293  | 1751  | +1.0758e+18 | 6.53e-03 | 1.62e+19 | 2.12e-04 |
|  294  |  294  | 1754  | +1.0758e+18 | 3.27e-03 | 1.62e+19 | 2.12e-04 |
|  295  |  295  | 1757  | +1.0763e+18 | 6.53e-03 | 1.61e+19 | 2.12e-04 |
|  296  |  296  | 1759  | +1.0763e+18 | 3.27e-03 | 1.61e+19 | 2.12e-04 |
|  297  |  297  | 1762  | +1.0757e+18 | 6.53e-03 | 2.61e+19 | 2.12e-04 |
|  298  |  298  | 1765  | +1.0757e+18 | 3.27e-03 | 2.61e+19 | 2.12e-04 |
|  299  |  299  | 1768  | +1.0758e+18 | 6.53e-03 | 1.61e+19 | 2.12e-04 |
|  300  |  300  | 1771  | +1.0758e+18 | 3.27e-03 | 1.61e+19 | 2.12e-04 |
|  301  |  301  | 1773  | +1.0756e+18 | 6.53e-03 | 1.61e+19 | 2.12e-04 |
|  302  |  302  | 1776  | +1.0756e+18 | 3.27e-03 | 1.61e+19 | 2.12e-04 |
|  303  |  303  | 1779  | +1.0780e+18 | 6.53e-03 | 2.59e+19 | 2.12e-04 |
|  304  |  304  | 1781  | +1.0780e+18 | 3.27e-03 | 2.59e+19 | 2.12e-04 |
|  305  |  305  | 1783  | +1.0761e+18 | 6.53e-03 | 1.60e+19 | 2.12e-04 |
|  306  |  306  | 1786  | +1.0761e+18 | 3.27e-03 | 1.60e+19 | 2.12e-04 |
|  307  |  307  | 1789  | +1.0755e+18 | 6.53e-03 | 2.58e+19 | 2.12e-04 |
|  308  |  308  | 1791  | +1.0755e+18 | 3.27e-03 | 2.58e+19 | 2.12e-04 |
|  309  |  309  | 1794  | +1.0746e+18 | 6.53e-03 | 2.58e+19 | 2.12e-04 |
|  310  |  310  | 1797  | +1.0746e+18 | 3.27e-03 | 2.58e+19 | 2.12e-04 |
|  311  |  311  | 1799  | +1.0755e+18 | 6.53e-03 | 1.58e+19 | 2.12e-04 |
|  312  |  312  | 1801  | +1.0755e+18 | 3.27e-03 | 1.58e+19 | 2.12e-04 |
|  313  |  313  | 1804  | +1.0904e+18 | 6.53e-03 | 1.81e+19 | 2.12e-04 |
|  314  |  314  | 1807  | +1.0904e+18 | 3.27e-03 | 1.81e+19 | 2.12e-04 |
|  315  |  315  | 1810  | +1.0758e+18 | 6.53e-03 | 2.55e+19 | 2.12e-04 |
|  316  |  316  | 1813  | +1.0758e+18 | 3.27e-03 | 2.55e+19 | 2.12e-04 |
|  317  |  317  | 1816  | +1.0745e+18 | 6.53e-03 | 2.56e+19 | 2.12e-04 |
|  318  |  318  | 1819  | +1.0745e+18 | 3.27e-03 | 2.56e+19 | 2.12e-04 |
|  319  |  319  | 1822  | +1.0775e+18 | 6.53e-03 | 2.53e+19 | 2.12e-04 |
|  320  |  320  | 1825  | +1.0775e+18 | 3.27e-03 | 2.53e+19 | 2.12e-04 |
|  321  |  321  | 1828  | +1.0747e+18 | 6.53e-03 | 2.54e+19 | 2.12e-04 |
|  322  |  322  | 1830  | +1.0747e+18 | 3.27e-03 | 2.54e+19 | 2.12e-04 |
|  323  |  323  | 1832  | +1.0756e+18 | 6.53e-03 | 2.53e+19 | 2.12e-04 |
|  324  |  324  | 1835  | +1.0756e+18 | 3.27e-03 | 2.53e+19 | 2.12e-04 |
|  325  |  325  | 1838  | +1.0741e+18 | 6.53e-03 | 2.54e+19 | 2.12e-04 |
|  326  |  326  | 1841  | +1.0741e+18 | 3.27e-03 | 2.54e+19 | 2.12e-04 |
|  327  |  327  | 1843  | +1.0787e+18 | 6.53e-03 | 2.51e+19 | 2.12e-04 |
|  328  |  328  | 1846  | +1.0787e+18 | 3.27e-03 | 2.51e+19 | 2.12e-04 |
|  329  |  329  | 1849  | +1.0760e+18 | 6.53e-03 | 2.52e+19 | 2.12e-04 |
|  330  |  330  | 1852  | +1.0760e+18 | 3.27e-03 | 2.52e+19 | 2.12e-04 |
|  331  |  331  | 1855  | +1.0752e+18 | 6.53e-03 | 1.56e+19 | 2.12e-04 |
|  332  |  332  | 1858  | +1.0752e+18 | 3.27e-03 | 1.56e+19 | 2.12e-04 |
|  333  |  333  | 1861  | +1.0829e+18 | 6.53e-03 | 2.49e+19 | 2.12e-04 |
|  334  |  334  | 1864  | +1.0829e+18 | 3.27e-03 | 2.49e+19 | 2.12e-04 |
|  335  |  335  | 1867  | +1.0751e+18 | 6.53e-03 | 1.55e+19 | 2.12e-04 |
|  336  |  336  | 1872  | +1.0751e+18 | 3.27e-03 | 1.55e+19 | 2.12e-04 |
|  337  |  337  | 1875  | +1.0741e+18 | 6.53e-03 | 2.51e+19 | 2.12e-04 |
|  338  |  338  | 1878  | +1.0741e+18 | 3.27e-03 | 2.51e+19 | 2.12e-04 |
|  339  |  339  | 1881  | +1.0756e+18 | 6.53e-03 | 2.49e+19 | 2.12e-04 |
|  340  |  340  | 1884  | +1.0756e+18 | 3.27e-03 | 2.49e+19 | 2.12e-04 |
|  341  |  341  | 1887  | +1.0744e+18 | 6.53e-03 | 1.55e+19 | 2.12e-04 |
|  342  |  342  | 1890  | +1.0744e+18 | 3.27e-03 | 1.55e+19 | 2.12e-04 |
|  343  |  343  | 1893  | +1.0749e+18 | 6.53e-03 | 2.48e+19 | 2.12e-04 |
|  344  |  344  | 1895  | +1.0749e+18 | 3.27e-03 | 2.48e+19 | 2.12e-04 |
|  345  |  345  | 1897  | +1.0753e+18 | 6.53e-03 | 1.55e+19 | 2.12e-04 |
|  346  |  346  | 1900  | +1.0753e+18 | 3.27e-03 | 1.55e+19 | 2.12e-04 |
|  347  |  347  | 1903  | +1.0748e+18 | 6.53e-03 | 2.47e+19 | 2.12e-04 |
|  348  |  348  | 1905  | +1.0748e+18 | 3.27e-03 | 2.47e+19 | 2.12e-04 |
|  349  |  349  | 1908  | +1.0737e+18 | 6.53e-03 | 1.53e+19 | 2.12e-04 |
|  350  |  350  | 1911  | +1.0737e+18 | 3.27e-03 | 1.53e+19 | 2.12e-04 |
|  351  |  351  | 1914  | +1.0745e+18 | 6.53e-03 | 2.46e+19 | 2.12e-04 |
|  352  |  352  | 1917  | +1.0745e+18 | 3.27e-03 | 2.46e+19 | 2.12e-04 |
|  353  |  353  | 1920  | +1.0737e+18 | 6.53e-03 | 1.53e+19 | 2.12e-04 |
|  354  |  354  | 1923  | +1.0737e+18 | 3.27e-03 | 1.53e+19 | 2.12e-04 |
|  355  |  355  | 1926  | +1.0742e+18 | 6.53e-03 | 1.52e+19 | 2.12e-04 |
|  356  |  356  | 1929  | +1.0742e+18 | 3.27e-03 | 1.52e+19 | 2.12e-04 |
|  357  |  357  | 1934  | +1.0763e+18 | 6.53e-03 | 2.45e+19 | 2.12e-04 |
|  358  |  358  | 1937  | +1.0763e+18 | 3.27e-03 | 2.45e+19 | 2.12e-04 |
|  359  |  359  | 1940  | +1.0795e+18 | 3.27e-03 | 2.78e+19 | 2.12e-04 |
|  360  |  360  | 1943  | +1.0876e+18 | 6.53e-03 | 1.62e+19 | 2.12e-04 |
|  361  |  361  | 1946  | +1.0876e+18 | 3.27e-03 | 1.62e+19 | 2.12e-04 |
|  362  |  362  | 1951  | +1.0820e+18 | 6.53e-03 | 2.42e+19 | 2.12e-04 |
|  363  |  363  | 1954  | +1.0820e+18 | 3.27e-03 | 2.42e+19 | 2.12e-04 |
|  364  |  364  | 1957  | +1.0742e+18 | 6.53e-03 | 1.51e+19 | 2.12e-04 |
|  365  |  365  | 1960  | +1.0742e+18 | 3.27e-03 | 1.51e+19 | 2.12e-04 |
|  366  |  366  | 1963  | +1.0762e+18 | 6.53e-03 | 2.40e+19 | 2.12e-04 |
|  367  |  367  | 1966  | +1.0762e+18 | 3.27e-03 | 2.40e+19 | 2.12e-04 |
|  368  |  368  | 1969  | +1.0740e+18 | 6.53e-03 | 1.50e+19 | 2.12e-04 |
|  369  |  369  | 1972  | +1.0740e+18 | 3.27e-03 | 1.50e+19 | 2.12e-04 |
|  370  |  370  | 1977  | +1.0825e+18 | 6.53e-03 | 2.39e+19 | 2.12e-04 |
|  371  |  371  | 1982  | +1.0825e+18 | 3.27e-03 | 2.39e+19 | 2.12e-04 |
|  372  |  372  | 1987  | +1.0745e+18 | 6.53e-03 | 1.49e+19 | 2.12e-04 |
|  373  |  373  | 1990  | +1.0745e+18 | 3.27e-03 | 1.49e+19 | 2.12e-04 |
|  374  |  374  | 1993  | +1.0747e+18 | 6.53e-03 | 1.49e+19 | 2.12e-04 |
|  375  |  375  | 1996  | +1.0747e+18 | 3.27e-03 | 1.49e+19 | 2.12e-04 |
|  376  |  376  | 1999  | +1.0732e+18 | 6.53e-03 | 2.42e+19 | 2.12e-04 |
|  377  |  377  | 2002  | +1.0732e+18 | 3.27e-03 | 2.42e+19 | 2.12e-04 |
|  378  |  378  | 2005  | +1.0743e+18 | 6.53e-03 | 1.48e+19 | 2.12e-04 |
|  379  |  379  | 2008  | +1.0743e+18 | 3.27e-03 | 1.48e+19 | 2.12e-04 |
|  380  |  380  | 2011  | +1.0729e+18 | 6.53e-03 | 2.41e+19 | 2.12e-04 |
|  381  |  381  | 2014  | +1.0729e+18 | 3.27e-03 | 2.41e+19 | 2.12e-04 |
|  382  |  382  | 2017  | +1.0740e+18 | 6.53e-03 | 1.47e+19 | 2.12e-04 |
|  383  |  383  | 2020  | +1.0740e+18 | 3.27e-03 | 1.47e+19 | 2.12e-04 |
|  384  |  384  | 2023  | +1.0726e+18 | 6.53e-03 | 2.40e+19 | 2.12e-04 |
|  385  |  385  | 2026  | +1.0726e+18 | 3.27e-03 | 2.40e+19 | 2.12e-04 |
|  386  |  386  | 2029  | +1.0737e+18 | 6.53e-03 | 2.34e+19 | 2.12e-04 |
|  387  |  387  | 2032  | +1.0737e+18 | 3.27e-03 | 2.34e+19 | 2.12e-04 |
|  388  |  388  | 2034  | +1.0761e+18 | 6.53e-03 | 2.38e+19 | 2.12e-04 |
|  389  |  389  | 2036  | +1.0761e+18 | 3.27e-03 | 2.38e+19 | 2.12e-04 |
|  390  |  390  | 2039  | +1.0784e+18 | 6.53e-03 | 1.47e+19 | 2.12e-04 |
|  391  |  391  | 2042  | +1.0784e+18 | 3.27e-03 | 1.47e+19 | 2.12e-04 |
|  392  |  392  | 2045  | +1.0728e+18 | 6.53e-03 | 2.38e+19 | 2.12e-04 |
|  393  |  393  | 2048  | +1.0728e+18 | 3.27e-03 | 2.38e+19 | 2.12e-04 |
|  394  |  394  | 2051  | +1.0735e+18 | 6.53e-03 | 2.32e+19 | 2.12e-04 |
|  395  |  395  | 2053  | +1.0735e+18 | 3.27e-03 | 2.32e+19 | 2.12e-04 |
|  396  |  396  | 2055  | +1.0759e+18 | 6.53e-03 | 2.36e+19 | 2.12e-04 |
|  397  |  397  | 2058  | +1.0759e+18 | 3.27e-03 | 2.36e+19 | 2.12e-04 |
|  398  |  398  | 2061  | +1.0753e+18 | 6.53e-03 | 2.30e+19 | 2.12e-04 |
|  399  |  399  | 2064  | +1.0753e+18 | 3.27e-03 | 2.30e+19 | 2.12e-04 |
|  400  |  400  | 2067  | +1.0739e+18 | 6.53e-03 | 1.42e+19 | 2.12e-04 |
|  401  |  401  | 2070  | +1.0739e+18 | 3.27e-03 | 1.42e+19 | 2.12e-04 |
|  402  |  402  | 2073  | +1.0734e+18 | 6.53e-03 | 2.30e+19 | 2.12e-04 |
|  403  |  403  | 2076  | +1.0734e+18 | 3.27e-03 | 2.30e+19 | 2.12e-04 |
|  404  |  404  | 2078  | +1.0751e+18 | 6.53e-03 | 2.35e+19 | 2.12e-04 |
|  405  |  405  | 2081  | +1.0751e+18 | 3.27e-03 | 2.35e+19 | 2.12e-04 |
|  406  |  406  | 2084  | +1.0744e+18 | 6.53e-03 | 2.28e+19 | 2.12e-04 |
|  407  |  407  | 2087  | +1.0744e+18 | 3.27e-03 | 2.28e+19 | 2.12e-04 |
|  408  |  408  | 2090  | +1.0728e+18 | 6.53e-03 | 1.40e+19 | 2.12e-04 |
|  409  |  409  | 2093  | +1.0728e+18 | 3.27e-03 | 1.40e+19 | 2.12e-04 |
|  410  |  410  | 2096  | +1.0763e+18 | 6.53e-03 | 2.27e+19 | 2.12e-04 |
|  411  |  411  | 2098  | +1.0763e+18 | 3.27e-03 | 2.27e+19 | 2.12e-04 |
|  412  |  412  | 2100  | +1.0744e+18 | 6.53e-03 | 1.40e+19 | 2.12e-04 |
|  413  |  413  | 2103  | +1.0744e+18 | 3.27e-03 | 1.40e+19 | 2.12e-04 |
|  414  |  414  | 2106  | +1.0736e+18 | 6.53e-03 | 1.41e+19 | 2.12e-04 |
|  415  |  415  | 2109  | +1.0736e+18 | 3.27e-03 | 1.41e+19 | 2.12e-04 |
|  416  |  416  | 2112  | +1.0726e+18 | 6.53e-03 | 1.39e+19 | 2.12e-04 |
|  417  |  417  | 2115  | +1.0726e+18 | 3.27e-03 | 1.39e+19 | 2.12e-04 |
|  418  |  418  | 2118  | +1.0732e+18 | 6.53e-03 | 2.25e+19 | 2.12e-04 |
|  419  |  419  | 2121  | +1.0732e+18 | 3.27e-03 | 2.25e+19 | 2.12e-04 |
|  420  |  420  | 2124  | +1.0718e+18 | 6.53e-03 | 1.37e+19 | 2.12e-04 |
|  421  |  421  | 2127  | +1.0718e+18 | 3.27e-03 | 1.37e+19 | 2.12e-04 |
|  422  |  422  | 2130  | +1.0729e+18 | 6.53e-03 | 2.24e+19 | 2.12e-04 |
|  423  |  423  | 2133  | +1.0729e+18 | 3.27e-03 | 2.24e+19 | 2.12e-04 |
|  424  |  424  | 2136  | +1.0713e+18 | 6.53e-03 | 2.31e+19 | 2.12e-04 |
|  425  |  425  | 2139  | +1.0713e+18 | 3.27e-03 | 2.31e+19 | 2.12e-04 |
|  426  |  426  | 2142  | +1.0727e+18 | 6.53e-03 | 1.38e+19 | 2.12e-04 |
|  427  |  427  | 2145  | +1.0727e+18 | 3.27e-03 | 1.38e+19 | 2.12e-04 |
|  428  |  428  | 2148  | +1.0716e+18 | 6.53e-03 | 1.35e+19 | 2.12e-04 |
|  429  |  429  | 2151  | +1.0716e+18 | 3.27e-03 | 1.35e+19 | 2.12e-04 |
|  430  |  430  | 2156  | +1.0724e+18 | 6.53e-03 | 1.36e+19 | 2.12e-04 |
|  431  |  431  | 2159  | +1.0724e+18 | 3.27e-03 | 1.36e+19 | 2.12e-04 |
|  432  |  432  | 2164  | +1.0710e+18 | 3.27e-03 | 2.28e+19 | 2.12e-04 |
|  433  |  433  | 2167  | +1.0728e+18 | 6.53e-03 | 9.97e+18 | 2.12e-04 |
|  434  |  434  | 2170  | +1.0728e+18 | 3.27e-03 | 9.97e+18 | 2.12e-04 |
|  435  |  435  | 2173  | +1.0711e+18 | 3.27e-03 | 1.32e+19 | 2.12e-04 |
|  436  |  436  | 2176  | +1.0727e+18 | 6.53e-03 | 1.32e+19 | 2.12e-04 |
|  437  |  437  | 2179  | +1.0727e+18 | 3.27e-03 | 1.32e+19 | 2.12e-04 |
|  438  |  438  | 2182  | +1.0709e+18 | 3.27e-03 | 1.30e+19 | 2.12e-04 |
|  439  |  439  | 2185  | +1.0724e+18 | 6.53e-03 | 1.31e+19 | 2.12e-04 |
|  440  |  440  | 2188  | +1.0724e+18 | 3.27e-03 | 1.31e+19 | 2.12e-04 |
|  441  |  441  | 2191  | +1.0706e+18 | 3.27e-03 | 1.29e+19 | 2.12e-04 |
|  442  |  442  | 2194  | +1.0717e+18 | 6.53e-03 | 1.28e+19 | 2.12e-04 |
|  443  |  443  | 2197  | +1.0717e+18 | 3.27e-03 | 1.28e+19 | 2.12e-04 |
|  444  |  444  | 2200  | +1.0699e+18 | 3.27e-03 | 1.28e+19 | 2.12e-04 |
|  445  |  445  | 2203  | +1.0733e+18 | 6.53e-03 | 9.11e+18 | 2.12e-04 |
|  446  |  446  | 2208  | +1.0733e+18 | 3.27e-03 | 9.11e+18 | 2.12e-04 |
|  447  |  447  | 2211  | +1.0706e+18 | 3.27e-03 | 1.28e+19 | 2.12e-04 |
|  448  |  448  | 2214  | +1.0718e+18 | 6.53e-03 | 1.25e+19 | 2.12e-04 |
|  449  |  449  | 2217  | +1.0718e+18 | 3.27e-03 | 1.25e+19 | 2.12e-04 |
|  450  |  450  | 2220  | +1.0700e+18 | 3.27e-03 | 1.27e+19 | 2.12e-04 |
|  451  |  451  | 2223  | +1.0712e+18 | 6.53e-03 | 1.23e+19 | 2.12e-04 |
|  452  |  452  | 2226  | +1.0712e+18 | 3.27e-03 | 1.23e+19 | 2.12e-04 |
|  453  |  453  | 2229  | +1.0695e+18 | 3.27e-03 | 1.26e+19 | 2.12e-04 |
|  454  |  454  | 2232  | +1.0701e+18 | 6.53e-03 | 1.21e+19 | 2.12e-04 |
|  455  |  455  | 2235  | +1.0701e+18 | 3.27e-03 | 1.21e+19 | 2.12e-04 |
|  456  |  456  | 2238  | +1.0686e+18 | 3.27e-03 | 1.25e+19 | 2.12e-04 |
|  457  |  457  | 2241  | +1.0734e+18 | 6.53e-03 | 2.40e+19 | 2.12e-04 |
|  458  |  458  | 2244  | +1.0734e+18 | 3.27e-03 | 2.40e+19 | 2.12e-04 |
|  459  |  459  | 2247  | +1.0678e+18 | 6.53e-03 | 1.25e+19 | 2.12e-04 |
|  460  |  460  | 2252  | +1.0678e+18 | 3.27e-03 | 1.25e+19 | 2.12e-04 |
|  461  |  461  | 2255  | +1.0689e+18 | 6.53e-03 | 1.19e+19 | 2.12e-04 |
|  462  |  462  | 2258  | +1.0689e+18 | 3.27e-03 | 1.19e+19 | 2.12e-04 |
|  463  |  463  | 2263  | +1.0689e+18 | 3.27e-03 | 9.09e+18 | 2.12e-04 |
|  464  |  464  | 2266  | +1.0692e+18 | 6.53e-03 | 1.18e+19 | 2.12e-04 |
|  465  |  465  | 2271  | +1.0692e+18 | 3.27e-03 | 1.18e+19 | 2.12e-04 |
|  466  |  466  | 2276  | +1.0671e+18 | 3.27e-03 | 9.13e+18 | 2.12e-04 |
|  467  |  467  | 2279  | +1.0694e+18 | 6.53e-03 | 1.18e+19 | 2.12e-04 |
|  468  |  468  | 2285  | +1.0694e+18 | 3.27e-03 | 1.18e+19 | 2.12e-04 |
|  469  |  469  | 2290  | +1.0680e+18 | 6.53e-03 | 1.24e+19 | 2.12e-04 |
|  470  |  470  | 2295  | +1.0680e+18 | 3.27e-03 | 1.24e+19 | 2.12e-04 |
|  471  |  471  | 2300  | +1.0692e+18 | 6.53e-03 | 1.17e+19 | 2.12e-04 |
|  472  |  472  | 2305  | +1.0692e+18 | 3.27e-03 | 1.17e+19 | 2.12e-04 |
|  473  |  473  | 2310  | +1.0672e+18 | 3.27e-03 | 1.24e+19 | 2.12e-04 |
|  474  |  474  | 2315  | +1.0683e+18 | 6.53e-03 | 1.16e+19 | 2.12e-04 |
|  475  |  475  | 2320  | +1.0683e+18 | 3.27e-03 | 1.16e+19 | 2.12e-04 |
|  476  |  476  | 2325  | +1.0671e+18 | 3.27e-03 | 1.23e+19 | 2.12e-04 |
|  477  |  477  | 2330  | +1.0690e+18 | 6.53e-03 | 8.11e+18 | 2.12e-04 |
|  478  |  478  | 2335  | +1.0690e+18 | 3.27e-03 | 8.11e+18 | 2.12e-04 |
|  479  |  479  | 2340  | +1.0665e+18 | 3.27e-03 | 1.23e+19 | 2.12e-04 |
|  480  |  480  | 2345  | +1.0679e+18 | 6.53e-03 | 1.15e+19 | 2.12e-04 |
|  481  |  481  | 2350  | +1.0679e+18 | 3.27e-03 | 1.15e+19 | 2.12e-04 |
|  482  |  482  | 2355  | +1.0661e+18 | 3.27e-03 | 1.22e+19 | 2.12e-04 |
|  483  |  483  | 2360  | +1.0670e+18 | 6.53e-03 | 1.15e+19 | 2.12e-04 |
|  484  |  484  | 2365  | +1.0670e+18 | 3.27e-03 | 1.15e+19 | 2.12e-04 |
|  485  |  485  | 2370  | +1.0662e+18 | 3.27e-03 | 8.94e+18 | 2.12e-04 |
|  486  |  486  | 2375  | +1.0909e+18 | 6.53e-03 | 2.46e+19 | 2.12e-04 |
|  487  |  487  | 2381  | +1.0909e+18 | 3.27e-03 | 2.46e+19 | 2.12e-04 |
|  488  |  488  | 2387  | +1.0660e+18 | 3.27e-03 | 8.86e+18 | 2.12e-04 |
|  489  |  489  | 2393  | +1.0659e+18 | 6.53e-03 | 1.14e+19 | 2.12e-04 |
|  490  |  490  | 2399  | +1.0659e+18 | 3.27e-03 | 1.14e+19 | 2.12e-04 |
|  491  |  491  | 2405  | +1.0642e+18 | 3.27e-03 | 1.21e+19 | 2.12e-04 |
|  492  |  492  | 2411  | +1.0644e+18 | 6.53e-03 | 1.13e+19 | 2.12e-04 |
|  493  |  493  | 2417  | +1.0644e+18 | 3.27e-03 | 1.13e+19 | 2.12e-04 |
|  494  |  494  | 2422  | +1.0630e+18 | 3.27e-03 | 8.81e+18 | 2.12e-04 |
|  495  |  495  | 2428  | +1.0645e+18 | 6.53e-03 | 1.13e+19 | 2.12e-04 |
|  496  |  496  | 2433  | +1.0645e+18 | 3.27e-03 | 1.13e+19 | 2.12e-04 |
|  497  |  497  | 2438  | +1.0631e+18 | 3.27e-03 | 1.20e+19 | 2.12e-04 |
|  498  |  498  | 2443  | +1.0640e+18 | 6.53e-03 | 1.13e+19 | 2.12e-04 |
|  499  |  499  | 2448  | +1.0640e+18 | 3.27e-03 | 1.13e+19 | 2.12e-04 |
|  500  |  500  | 2453  | +1.0628e+18 | 3.27e-03 | 1.20e+19 | 2.12e-04 |
|  501  |  501  | 2458  | +1.0642e+18 | 6.53e-03 | 7.98e+18 | 2.12e-04 |
|  502  |  502  | 2463  | +1.0642e+18 | 3.27e-03 | 7.98e+18 | 2.12e-04 |
|  503  |  503  | 2468  | +1.0626e+18 | 3.27e-03 | 1.81e+19 | 2.12e-04 |
|  504  |  504  | 2473  | +1.0629e+18 | 6.53e-03 | 1.08e+19 | 2.12e-04 |
|  505  |  505  | 2478  | +1.0629e+18 | 3.27e-03 | 1.08e+19 | 2.12e-04 |
|  506  |  506  | 2483  | +1.0620e+18 | 3.27e-03 | 1.19e+19 | 2.12e-04 |
|  507  |  507  | 2488  | +1.0626e+18 | 6.53e-03 | 1.13e+19 | 2.12e-04 |
|  508  |  508  | 2493  | +1.0626e+18 | 3.27e-03 | 1.13e+19 | 2.12e-04 |
|  509  |  509  | 2498  | +1.0614e+18 | 3.27e-03 | 1.19e+19 | 2.12e-04 |
|  510  |  510  | 2503  | +1.0626e+18 | 6.53e-03 | 7.94e+18 | 2.12e-04 |
|  511  |  511  | 2508  | +1.0626e+18 | 3.27e-03 | 7.94e+18 | 2.12e-04 |
|  512  |  512  | 2514  | +1.0608e+18 | 3.27e-03 | 1.79e+19 | 2.12e-04 |
|  513  |  513  | 2520  | +1.0624e+18 | 6.53e-03 | 1.08e+19 | 2.12e-04 |
|  514  |  514  | 2525  | +1.0624e+18 | 3.27e-03 | 1.08e+19 | 2.12e-04 |
|  515  |  515  | 2530  | +1.0608e+18 | 3.27e-03 | 1.19e+19 | 2.12e-04 |
|  516  |  516  | 2535  | +1.0619e+18 | 6.53e-03 | 7.95e+18 | 2.12e-04 |
|  517  |  517  | 2540  | +1.0619e+18 | 3.27e-03 | 7.95e+18 | 2.12e-04 |
|  518  |  518  | 2545  | +1.0605e+18 | 3.27e-03 | 1.78e+19 | 2.12e-04 |
|  519  |  519  | 2550  | +1.0615e+18 | 6.53e-03 | 7.92e+18 | 2.12e-04 |
|  520  |  520  | 2555  | +1.0615e+18 | 3.27e-03 | 7.92e+18 | 2.12e-04 |
|  521  |  521  | 2560  | +1.0604e+18 | 3.27e-03 | 1.77e+19 | 2.12e-04 |
|  522  |  522  | 2565  | +1.0612e+18 | 6.53e-03 | 1.07e+19 | 2.12e-04 |
|  523  |  523  | 2570  | +1.0612e+18 | 3.27e-03 | 1.07e+19 | 2.12e-04 |
|  524  |  524  | 2573  | +1.0604e+18 | 3.27e-03 | 1.19e+19 | 2.12e-04 |
|  525  |  525  | 2578  | +1.0610e+18 | 6.53e-03 | 7.94e+18 | 2.12e-04 |
|  526  |  526  | 2583  | +1.0610e+18 | 3.27e-03 | 7.94e+18 | 2.12e-04 |
|  527  |  527  | 2588  | +1.0600e+18 | 3.27e-03 | 1.18e+19 | 2.12e-04 |
|  528  |  528  | 2593  | +1.0609e+18 | 6.53e-03 | 1.07e+19 | 2.12e-04 |
|  529  |  529  | 2599  | +1.0609e+18 | 3.27e-03 | 1.07e+19 | 2.12e-04 |
|  530  |  530  | 2604  | +1.0600e+18 | 3.27e-03 | 1.18e+19 | 2.12e-04 |
|  531  |  531  | 2609  | +1.0606e+18 | 6.53e-03 | 1.11e+19 | 2.12e-04 |
|  532  |  532  | 2614  | +1.0606e+18 | 3.27e-03 | 1.11e+19 | 2.12e-04 |
|  533  |  533  | 2619  | +1.0597e+18 | 3.27e-03 | 1.18e+19 | 2.12e-04 |
|  534  |  534  | 2624  | +1.0615e+18 | 6.53e-03 | 1.06e+19 | 2.12e-04 |
|  535  |  535  | 2630  | +1.0615e+18 | 3.27e-03 | 1.06e+19 | 2.12e-04 |
|  536  |  536  | 2635  | +1.0597e+18 | 3.27e-03 | 1.18e+19 | 2.12e-04 |
|  537  |  537  | 2640  | +1.0606e+18 | 6.53e-03 | 7.89e+18 | 2.12e-04 |
|  538  |  538  | 2645  | +1.0606e+18 | 3.27e-03 | 7.89e+18 | 2.12e-04 |
|  539  |  539  | 2650  | +1.0597e+18 | 3.27e-03 | 1.18e+19 | 2.12e-04 |
|  540  |  540  | 2655  | +1.0615e+18 | 6.53e-03 | 1.06e+19 | 2.12e-04 |
|  541  |  541  | 2661  | +1.0615e+18 | 3.27e-03 | 1.06e+19 | 2.12e-04 |
|  542  |  542  | 2666  | +1.0596e+18 | 3.27e-03 | 1.17e+19 | 2.12e-04 |
|  543  |  543  | 2671  | +1.0608e+18 | 6.53e-03 | 1.06e+19 | 2.12e-04 |
|  544  |  544  | 2677  | +1.0608e+18 | 3.27e-03 | 1.06e+19 | 2.12e-04 |
|  545  |  545  | 2682  | +1.0595e+18 | 3.27e-03 | 1.17e+19 | 2.12e-04 |
|  546  |  546  | 2688  | +1.0603e+18 | 6.53e-03 | 1.07e+19 | 2.12e-04 |
|  547  |  547  | 2694  | +1.0603e+18 | 3.17e-03 | 1.07e+19 | 2.12e-04 |
|  548  |  548  | 2699  | +1.0593e+18 | 3.17e-03 | 1.17e+19 | 2.12e-04 |
|  549  |  549  | 2705  | +1.0602e+18 | 6.34e-03 | 7.81e+18 | 2.12e-04 |
|  550  |  550  | 2710  | +1.0602e+18 | 2.90e-03 | 7.81e+18 | 2.12e-04 |
|  551  |  551  | 2713  | +1.0600e+18 | 2.90e-03 | 1.78e+19 | 2.12e-04 |
|  552  |  552  | 2718  | +1.0601e+18 | 5.81e-03 | 7.83e+18 | 2.12e-04 |
|  553  |  553  | 2723  | +1.0601e+18 | 2.90e-03 | 7.83e+18 | 2.12e-04 |
|  554  |  554  | 2728  | +1.0606e+18 | 2.90e-03 | 1.77e+19 | 2.12e-04 |
|  555  |  555  | 2734  | +1.0617e+18 | 5.81e-03 | 7.98e+18 | 2.12e-04 |
|  556  |  556  | 2739  | +1.0617e+18 | 2.90e-03 | 7.98e+18 | 2.12e-04 |
|  557  |  557  | 2745  | +1.0594e+18 | 2.90e-03 | 1.74e+19 | 2.12e-04 |
|  558  |  558  | 2750  | +1.0621e+18 | 5.81e-03 | 1.07e+19 | 2.12e-04 |
|  559  |  559  | 2756  | +1.0621e+18 | 2.90e-03 | 1.07e+19 | 2.12e-04 |
|  560  |  560  | 2762  | +1.0590e+18 | 2.90e-03 | 1.16e+19 | 2.12e-04 |
|  561  |  561  | 2767  | +1.0618e+18 | 5.81e-03 | 1.06e+19 | 2.12e-04 |
|  562  |  562  | 2773  | +1.0618e+18 | 2.90e-03 | 1.06e+19 | 2.12e-04 |
|  563  |  563  | 2778  | +1.0590e+18 | 2.90e-03 | 1.13e+19 | 2.12e-04 |
|  564  |  564  | 2783  | +1.0596e+18 | 5.81e-03 | 1.09e+19 | 2.12e-04 |
|  565  |  565  | 2789  | +1.0596e+18 | 2.90e-03 | 1.09e+19 | 2.12e-04 |
|  566  |  566  | 2795  | +1.0589e+18 | 2.90e-03 | 1.16e+19 | 2.12e-04 |
|  567  |  567  | 2801  | +1.0596e+18 | 5.81e-03 | 1.05e+19 | 2.12e-04 |
|  568  |  568  | 2807  | +1.0596e+18 | 2.90e-03 | 1.05e+19 | 2.12e-04 |
|  569  |  569  | 2813  | +1.0592e+18 | 2.90e-03 | 1.17e+19 | 2.12e-04 |
|  570  |  570  | 2819  | +1.0597e+18 | 5.81e-03 | 7.79e+18 | 2.12e-04 |
|  571  |  571  | 2825  | +1.0597e+18 | 2.84e-03 | 7.79e+18 | 2.12e-04 |
|  572  |  572  | 2830  | +1.0589e+18 | 2.84e-03 | 1.16e+19 | 2.12e-04 |
|  573  |  573  | 2836  | +1.0595e+18 | 5.68e-03 | 7.80e+18 | 2.12e-04 |
|  574  |  574  | 2842  | +1.0595e+18 | 2.84e-03 | 7.80e+18 | 2.12e-04 |
|  575  |  575  | 2847  | +1.0588e+18 | 2.84e-03 | 1.73e+19 | 2.12e-04 |
|  576  |  576  | 2852  | +1.0598e+18 | 5.68e-03 | 1.06e+19 | 2.12e-04 |
|  577  |  577  | 2857  | +1.0598e+18 | 2.84e-03 | 1.06e+19 | 2.12e-04 |
|  578  |  578  | 2862  | +1.0587e+18 | 2.84e-03 | 1.16e+19 | 2.12e-04 |
|  579  |  579  | 2867  | +1.0597e+18 | 5.68e-03 | 7.85e+18 | 2.12e-04 |
|  580  |  580  | 2872  | +1.0597e+18 | 2.84e-03 | 7.85e+18 | 2.12e-04 |
|  581  |  581  | 2877  | +1.0588e+18 | 2.84e-03 | 1.16e+19 | 2.12e-04 |
|  582  |  582  | 2882  | +1.0596e+18 | 5.68e-03 | 7.83e+18 | 2.12e-04 |
|  583  |  583  | 2887  | +1.0596e+18 | 2.84e-03 | 7.83e+18 | 2.12e-04 |
|  584  |  584  | 2892  | +1.0587e+18 | 2.84e-03 | 1.16e+19 | 2.12e-04 |
|  585  |  585  | 2897  | +1.0593e+18 | 5.68e-03 | 7.81e+18 | 2.12e-04 |
|  586  |  586  | 2902  | +1.0593e+18 | 2.84e-03 | 7.81e+18 | 2.12e-04 |
|  587  |  587  | 2907  | +1.0586e+18 | 2.84e-03 | 1.16e+19 | 2.12e-04 |
|  588  |  588  | 2912  | +1.0590e+18 | 5.68e-03 | 7.79e+18 | 2.12e-04 |
|  589  |  589  | 2917  | +1.0590e+18 | 2.84e-03 | 7.79e+18 | 2.12e-04 |
|  590  |  590  | 2922  | +1.0582e+18 | 2.84e-03 | 1.72e+19 | 2.12e-04 |
|  591  |  591  | 2927  | +1.0743e+18 | 5.68e-03 | 1.70e+19 | 2.12e-04 |
|  592  |  592  | 2933  | +1.0743e+18 | 2.84e-03 | 1.70e+19 | 2.12e-04 |
|  593  |  593  | 2939  | +1.0584e+18 | 2.84e-03 | 1.16e+19 | 2.12e-04 |
|  594  |  594  | 2945  | +1.0590e+18 | 5.68e-03 | 1.09e+19 | 2.12e-04 |
|  595  |  595  | 2951  | +1.0590e+18 | 2.84e-03 | 1.09e+19 | 2.12e-04 |
|  596  |  596  | 2956  | +1.0589e+18 | 2.84e-03 | 1.71e+19 | 2.12e-04 |
|  597  |  597  | 2962  | +1.0588e+18 | 5.68e-03 | 1.08e+19 | 2.12e-04 |
|  598  |  598  | 2967  | +1.0588e+18 | 2.83e-03 | 1.08e+19 | 2.12e-04 |
|  599  |  599  | 2970  | +1.0580e+18 | 2.83e-03 | 1.15e+19 | 2.12e-04 |
|  600  |  600  | 2975  | +1.0590e+18 | 5.66e-03 | 1.07e+19 | 2.12e-04 |
|  601  |  601  | 2980  | +1.0590e+18 | 2.83e-03 | 1.07e+19 | 2.12e-04 |
|  602  |  602  | 2985  | +1.0579e+18 | 2.83e-03 | 1.15e+19 | 2.12e-04 |
|  603  |  603  | 2990  | +1.0587e+18 | 5.66e-03 | 1.08e+19 | 2.12e-04 |
|  604  |  604  | 2995  | +1.0587e+18 | 2.83e-03 | 1.08e+19 | 2.12e-04 |
|  605  |  605  | 3000  | +1.0581e+18 | 2.83e-03 | 1.15e+19 | 2.12e-04 |
|  606  |  606  | 3006  | +1.0599e+18 | 5.66e-03 | 1.09e+19 | 2.12e-04 |
|  607  |  607  | 3011  | +1.0599e+18 | 2.83e-03 | 1.09e+19 | 2.12e-04 |
|  608  |  608  | 3016  | +1.0578e+18 | 2.83e-03 | 1.15e+19 | 2.12e-04 |
|  609  |  609  | 3022  | +1.0583e+18 | 5.66e-03 | 1.07e+19 | 2.12e-04 |
|  610  |  610  | 3028  | +1.0583e+18 | 2.74e-03 | 1.07e+19 | 2.12e-04 |
|  611  |  611  | 3031  | +1.0575e+18 | 2.74e-03 | 1.15e+19 | 2.12e-04 |
|  612  |  612  | 3036  | +1.0582e+18 | 5.47e-03 | 1.08e+19 | 2.12e-04 |
|  613  |  613  | 3041  | +1.0582e+18 | 2.74e-03 | 1.08e+19 | 2.12e-04 |
|  614  |  614  | 3046  | +1.0574e+18 | 2.74e-03 | 1.16e+19 | 2.12e-04 |
|  615  |  615  | 3052  | +1.0577e+18 | 5.47e-03 | 1.08e+19 | 2.12e-04 |
|  616  |  616  | 3057  | +1.0577e+18 | 2.74e-03 | 1.08e+19 | 2.12e-04 |
|  617  |  617  | 3062  | +1.0572e+18 | 2.74e-03 | 1.15e+19 | 2.12e-04 |
|  618  |  618  | 3067  | +1.0578e+18 | 5.47e-03 | 1.07e+19 | 2.12e-04 |
|  619  |  619  | 3073  | +1.0578e+18 | 2.74e-03 | 1.07e+19 | 2.12e-04 |
|  620  |  620  | 3079  | +1.0581e+18 | 2.74e-03 | 1.16e+19 | 2.12e-04 |
|  621  |  621  | 3084  | +1.0592e+18 | 5.47e-03 | 1.07e+19 | 2.12e-04 |
|  622  |  622  | 3090  | +1.0592e+18 | 2.74e-03 | 1.07e+19 | 2.12e-04 |
|  623  |  623  | 3095  | +1.0571e+18 | 2.74e-03 | 1.15e+19 | 2.12e-04 |
|  624  |  624  | 3100  | +1.0579e+18 | 5.47e-03 | 1.06e+19 | 2.12e-04 |
|  625  |  625  | 3105  | +1.0579e+18 | 2.44e-03 | 1.06e+19 | 2.12e-04 |
|  626  |  626  | 3111  | +1.0571e+18 | 2.44e-03 | 1.15e+19 | 2.12e-04 |
|  627  |  627  | 3114  | +1.0577e+18 | 4.88e-03 | 1.07e+19 | 2.12e-04 |
|  628  |  628  | 3119  | +1.0577e+18 | 2.44e-03 | 1.07e+19 | 2.12e-04 |
|  629  |  629  | 3124  | +1.0569e+18 | 2.44e-03 | 1.71e+19 | 2.12e-04 |
|  630  |  630  | 3129  | +1.0583e+18 | 4.88e-03 | 7.65e+18 | 2.12e-04 |
|  631  |  631  | 3134  | +1.0583e+18 | 2.44e-03 | 7.65e+18 | 2.12e-04 |
|  632  |  632  | 3139  | +1.0572e+18 | 2.44e-03 | 1.70e+19 | 2.12e-04 |
|  633  |  633  | 3144  | +1.0575e+18 | 4.88e-03 | 1.06e+19 | 2.12e-04 |
|  634  |  634  | 3149  | +1.0575e+18 | 2.38e-03 | 1.06e+19 | 2.12e-04 |
|  635  |  635  | 3154  | +1.0573e+18 | 2.38e-03 | 1.70e+19 | 2.12e-04 |
|  636  |  636  | 3159  | +1.0571e+18 | 4.76e-03 | 1.06e+19 | 2.12e-04 |
|  637  |  637  | 3163  | +1.0571e+18 | 2.35e-03 | 1.06e+19 | 2.12e-04 |
|  638  |  638  | 3167  | +1.0568e+18 | 2.35e-03 | 1.15e+19 | 2.12e-04 |
|  639  |  639  | 3171  | +1.0580e+18 | 4.70e-03 | 1.06e+19 | 2.12e-04 |
|  640  |  640  | 3175  | +1.0580e+18 | 2.35e-03 | 1.06e+19 | 2.12e-04 |
|  641  |  641  | 3179  | +1.0567e+18 | 2.35e-03 | 1.70e+19 | 2.12e-04 |
|  642  |  642  | 3183  | +1.0567e+18 | 4.70e-03 | 1.07e+19 | 2.12e-04 |
|  643  |  643  | 3187  | +1.0567e+18 | 2.35e-03 | 1.07e+19 | 2.12e-04 |
|  644  |  644  | 3191  | +1.0564e+18 | 2.35e-03 | 1.15e+19 | 2.12e-04 |
|  645  |  645  | 3197  | +1.0567e+18 | 4.70e-03 | 1.07e+19 | 2.12e-04 |
|  646  |  646  | 3201  | +1.0567e+18 | 2.35e-03 | 1.07e+19 | 2.12e-04 |
|  647  |  647  | 3205  | +1.0562e+18 | 2.35e-03 | 1.70e+19 | 2.12e-04 |
|  648  |  648  | 3209  | +1.0563e+18 | 4.70e-03 | 1.07e+19 | 2.12e-04 |
|  649  |  649  | 3213  | +1.0563e+18 | 2.35e-03 | 1.07e+19 | 2.12e-04 |
|  650  |  650  | 3217  | +1.0559e+18 | 2.35e-03 | 1.15e+19 | 2.12e-04 |
|  651  |  651  | 3221  | +1.0567e+18 | 4.70e-03 | 1.06e+19 | 2.12e-04 |
|  652  |  652  | 3225  | +1.0567e+18 | 2.35e-03 | 1.06e+19 | 2.12e-04 |
|  653  |  653  | 3229  | +1.0554e+18 | 2.35e-03 | 1.15e+19 | 2.12e-04 |
|  654  |  654  | 3233  | +1.0558e+18 | 4.70e-03 | 7.66e+18 | 2.12e-04 |
|  655  |  655  | 3237  | +1.0558e+18 | 2.34e-03 | 7.66e+18 | 2.12e-04 |
|  656  |  656  | 3241  | +1.0558e+18 | 2.34e-03 | 1.71e+19 | 2.12e-04 |
|  657  |  657  | 3245  | +1.0562e+18 | 4.67e-03 | 7.73e+18 | 2.12e-04 |
|  658  |  658  | 3249  | +1.0562e+18 | 2.33e-03 | 7.73e+18 | 2.12e-04 |
|  659  |  659  | 3253  | +1.0550e+18 | 2.33e-03 | 1.15e+19 | 2.12e-04 |
|  660  |  660  | 3257  | +1.0554e+18 | 4.66e-03 | 7.68e+18 | 2.12e-04 |
|  661  |  661  | 3261  | +1.0554e+18 | 2.25e-03 | 7.68e+18 | 2.12e-04 |
|  662  |  662  | 3265  | +1.0545e+18 | 2.25e-03 | 1.15e+19 | 2.12e-04 |
|  663  |  663  | 3269  | +1.0553e+18 | 4.51e-03 | 1.06e+19 | 2.12e-04 |
|  664  |  664  | 3273  | +1.0553e+18 | 2.25e-03 | 1.06e+19 | 2.12e-04 |
|  665  |  665  | 3277  | +1.0544e+18 | 2.25e-03 | 1.16e+19 | 2.12e-04 |
|  666  |  666  | 3281  | +1.0550e+18 | 4.51e-03 | 7.68e+18 | 2.12e-04 |
|  667  |  667  | 3285  | +1.0550e+18 | 2.16e-03 | 7.68e+18 | 2.12e-04 |
|  668  |  668  | 3289  | +1.0547e+18 | 2.16e-03 | 1.16e+19 | 2.12e-04 |
|  669  |  669  | 3293  | +1.0549e+18 | 4.32e-03 | 7.65e+18 | 2.12e-04 |
|  670  |  670  | 3297  | +1.0549e+18 | 2.16e-03 | 7.65e+18 | 2.12e-04 |
|  671  |  671  | 3301  | +1.0547e+18 | 2.16e-03 | 1.15e+19 | 2.12e-04 |
|  672  |  672  | 3305  | +1.0554e+18 | 4.32e-03 | 1.87e+19 | 2.12e-04 |
|  673  |  673  | 3308  | +1.0554e+18 | 1.21e-03 | 1.87e+19 | 2.12e-04 |
|  674  |  674  | 3311  | +1.0550e+18 | 2.42e-03 | 1.78e+19 | 2.12e-04 |
|  675  |  675  | 3314  | +1.0550e+18 | 1.21e-03 | 1.78e+19 | 2.12e-04 |
|  676  |  676  | 3317  | +1.0544e+18 | 2.42e-03 | 1.01e+19 | 2.12e-04 |
|  677  |  677  | 3320  | +1.0544e+18 | 1.21e-03 | 1.01e+19 | 2.12e-04 |
|  678  |  678  | 3323  | +1.0541e+18 | 2.42e-03 | 1.76e+19 | 2.12e-04 |
|  679  |  679  | 3326  | +1.0547e+18 | 2.42e-03 | 7.75e+18 | 2.12e-04 |
|  680  |  680  | 3329  | +1.0545e+18 | 4.83e-03 | 1.88e+19 | 2.12e-04 |
|  681  |  681  | 3332  | +1.0545e+18 | 1.94e-03 | 1.88e+19 | 2.12e-04 |
|  682  |  682  | 3335  | +1.0576e+18 | 3.88e-03 | 1.58e+19 | 2.12e-04 |
|  683  |  683  | 3339  | +1.0576e+18 | 1.46e-03 | 1.58e+19 | 2.12e-04 |
|  684  |  684  | 3342  | +1.0552e+18 | 2.92e-03 | 1.91e+19 | 2.12e-04 |
|  685  |  685  | 3345  | +1.0552e+18 | 1.46e-03 | 1.91e+19 | 2.12e-04 |
|  686  |  686  | 3349  | +1.0543e+18 | 2.92e-03 | 1.03e+19 | 2.12e-04 |
|  687  |  687  | 3352  | +1.0543e+18 | 1.33e-03 | 1.03e+19 | 2.12e-04 |
|  688  |  688  | 3355  | +1.0542e+18 | 2.66e-03 | 1.75e+19 | 2.12e-04 |
|  689  |  689  | 3358  | +1.0542e+18 | 1.33e-03 | 1.75e+19 | 2.12e-04 |
|  690  |  690  | 3362  | +1.0554e+18 | 2.66e-03 | 1.02e+19 | 2.12e-04 |
|  691  |  691  | 3365  | +1.0554e+18 | 1.05e-03 | 1.02e+19 | 2.12e-04 |
|  692  |  692  | 3368  | +1.0543e+18 | 2.09e-03 | 1.77e+19 | 2.12e-04 |
|  693  |  693  | 3371  | +1.0550e+18 | 2.09e-03 | 1.07e+19 | 2.12e-04 |
|  694  |  694  | 3375  | +1.0546e+18 | 4.19e-03 | 1.73e+19 | 2.12e-04 |
|  695  |  695  | 3378  | +1.0546e+18 | 2.05e-03 | 1.73e+19 | 2.12e-04 |
|  696  |  696  | 3382  | +1.0543e+18 | 4.09e-03 | 1.60e+19 | 2.12e-04 |
|  697  |  697  | 3386  | +1.0543e+18 | 2.05e-03 | 1.60e+19 | 2.12e-04 |
|  698  |  698  | 3389  | +1.0550e+18 | 4.09e-03 | 1.88e+19 | 2.12e-04 |
|  699  |  699  | 3393  | +1.0550e+18 | 2.05e-03 | 1.88e+19 | 2.12e-04 |
|  700  |  700  | 3397  | +1.0543e+18 | 4.09e-03 | 1.06e+19 | 2.12e-04 |
|  701  |  701  | 3400  | +1.0543e+18 | 1.73e-03 | 1.06e+19 | 2.12e-04 |
|  702  |  702  | 3403  | +1.0540e+18 | 3.46e-03 | 1.74e+19 | 2.12e-04 |
|  703  |  703  | 3406  | +1.0540e+18 | 1.73e-03 | 1.74e+19 | 2.12e-04 |
|  704  |  704  | 3409  | +1.0543e+18 | 3.46e-03 | 1.58e+19 | 2.12e-04 |
|  705  |  705  | 3412  | +1.0543e+18 | 1.35e-03 | 1.58e+19 | 2.12e-04 |
|  706  |  706  | 3415  | +1.0539e+18 | 2.69e-03 | 1.18e+19 | 2.12e-04 |
|  707  |  707  | 3418  | +1.0539e+18 | 1.35e-03 | 1.18e+19 | 2.12e-04 |
|  708  |  708  | 3421  | +1.0550e+18 | 2.69e-03 | 1.03e+19 | 2.12e-04 |
|  709  |  709  | 3424  | +1.0550e+18 | 1.35e-03 | 1.03e+19 | 2.12e-04 |
|  710  |  710  | 3428  | +1.0539e+18 | 2.69e-03 | 1.75e+19 | 2.12e-04 |
|  711  |  711  | 3434  | +1.0539e+18 | 1.35e-03 | 1.75e+19 | 2.12e-04 |
|  712  |  712  | 3438  | +1.0544e+18 | 2.69e-03 | 1.02e+19 | 2.12e-04 |
|  713  |  713  | 3441  | +1.0544e+18 | 1.35e-03 | 1.02e+19 | 2.12e-04 |
|  714  |  714  | 3444  | +1.0542e+18 | 2.69e-03 | 1.17e+19 | 2.12e-04 |
|  715  |  715  | 3448  | +1.0542e+18 | 1.35e-03 | 1.17e+19 | 2.12e-04 |
|  716  |  716  | 3452  | +1.0546e+18 | 2.69e-03 | 1.02e+19 | 2.12e-04 |
|  717  |  717  | 3455  | +1.0546e+18 | 1.35e-03 | 1.02e+19 | 2.12e-04 |
|  718  |  718  | 3458  | +1.0545e+18 | 1.35e-03 | 1.19e+19 | 2.12e-04 |
|  719  |  719  | 3462  | +1.0540e+18 | 2.69e-03 | 1.01e+19 | 2.12e-04 |
|  720  |  720  | 3465  | +1.0540e+18 | 1.35e-03 | 1.01e+19 | 2.12e-04 |
|  721  |  721  | 3468  | +1.0536e+18 | 1.35e-03 | 1.18e+19 | 2.12e-04 |
|  722  |  722  | 3471  | +1.0539e+18 | 2.69e-03 | 1.01e+19 | 2.12e-04 |
|  723  |  723  | 3474  | +1.0539e+18 | 1.35e-03 | 1.01e+19 | 2.12e-04 |
|  724  |  724  | 3477  | +1.0535e+18 | 1.35e-03 | 1.18e+19 | 2.12e-04 |
|  725  |  725  | 3480  | +1.0555e+18 | 2.69e-03 | 1.01e+19 | 2.12e-04 |
|  726  |  726  | 3484  | +1.0555e+18 | 1.35e-03 | 1.01e+19 | 2.12e-04 |
|  727  |  727  | 3488  | +1.0535e+18 | 1.35e-03 | 1.17e+19 | 2.12e-04 |
|  728  |  728  | 3492  | +1.0546e+18 | 2.69e-03 | 1.50e+19 | 2.12e-04 |
|  729  |  729  | 3495  | +1.0546e+18 | 8.81e-04 | 1.50e+19 | 2.12e-04 |
|  730  |  730  | 3498  | +1.0534e+18 | 1.76e-03 | 1.20e+19 | 2.12e-04 |
|  731  |  731  | 3501  | +1.0550e+18 | 1.76e-03 | 1.89e+19 | 2.12e-04 |
|  732  |  732  | 3504  | +1.0540e+18 | 3.52e-03 | 1.00e+19 | 2.12e-04 |
|  733  |  733  | 3508  | +1.0540e+18 | 1.76e-03 | 1.00e+19 | 2.12e-04 |
|  734  |  734  | 3512  | +1.0582e+18 | 3.52e-03 | 1.89e+19 | 2.12e-04 |
|  735  |  735  | 3515  | +1.0582e+18 | 1.76e-03 | 1.89e+19 | 2.12e-04 |
|  736  |  736  | 3518  | +1.0532e+18 | 3.52e-03 | 1.16e+19 | 2.12e-04 |
|  737  |  737  | 3522  | +1.0532e+18 | 1.76e-03 | 1.16e+19 | 2.12e-04 |
|  738  |  738  | 3526  | +1.0533e+18 | 3.52e-03 | 1.58e+19 | 2.12e-04 |
|  739  |  739  | 3529  | +1.0533e+18 | 1.26e-03 | 1.58e+19 | 2.12e-04 |
|  740  |  740  | 3532  | +1.0530e+18 | 2.52e-03 | 1.19e+19 | 2.12e-04 |
|  741  |  741  | 3535  | +1.0530e+18 | 1.26e-03 | 1.19e+19 | 2.12e-04 |
|  742  |  742  | 3539  | +1.0533e+18 | 2.52e-03 | 1.02e+19 | 2.12e-04 |
|  743  |  743  | 3543  | +1.0533e+18 | 1.26e-03 | 1.02e+19 | 2.12e-04 |
|  744  |  744  | 3547  | +1.0535e+18 | 2.52e-03 | 1.75e+19 | 2.12e-04 |
|  745  |  745  | 3551  | +1.0540e+18 | 2.52e-03 | 7.84e+18 | 2.12e-04 |
|  746  |  746  | 3555  | +1.0540e+18 | 5.03e-03 | 1.72e+19 | 2.12e-04 |
|  747  |  747  | 3559  | +1.0540e+18 | 2.52e-03 | 1.72e+19 | 2.12e-04 |
|  748  |  748  | 3563  | +1.0536e+18 | 2.52e-03 | 7.81e+18 | 2.12e-04 |
|  749  |  749  | 3567  | +1.0527e+18 | 5.03e-03 | 1.72e+19 | 2.12e-04 |
|  750  |  750  | 3571  | +1.0527e+18 | 2.52e-03 | 1.72e+19 | 2.12e-04 |
|  751  |  751  | 3575  | +1.0532e+18 | 5.03e-03 | 1.08e+19 | 2.12e-04 |
|  752  |  752  | 3579  | +1.0532e+18 | 2.52e-03 | 1.08e+19 | 2.12e-04 |
|  753  |  753  | 3583  | +1.0525e+18 | 5.03e-03 | 1.71e+19 | 2.12e-04 |
|  754  |  754  | 3587  | +1.0525e+18 | 2.52e-03 | 1.71e+19 | 2.12e-04 |
|  755  |  755  | 3591  | +1.0528e+18 | 5.03e-03 | 1.07e+19 | 2.12e-04 |
|  756  |  756  | 3595  | +1.0528e+18 | 2.52e-03 | 1.07e+19 | 2.12e-04 |
|  757  |  757  | 3599  | +1.0529e+18 | 2.52e-03 | 1.86e+19 | 2.12e-04 |
|  758  |  758  | 3603  | +1.0542e+18 | 5.03e-03 | 1.08e+19 | 2.12e-04 |
|  759  |  759  | 3607  | +1.0542e+18 | 2.52e-03 | 1.08e+19 | 2.12e-04 |
|  760  |  760  | 3611  | +1.0520e+18 | 2.52e-03 | 1.71e+19 | 2.12e-04 |
|  761  |  761  | 3615  | +1.0527e+18 | 5.03e-03 | 1.07e+19 | 2.12e-04 |
|  762  |  762  | 3619  | +1.0527e+18 | 2.52e-03 | 1.07e+19 | 2.12e-04 |
|  763  |  763  | 3623  | +1.0520e+18 | 2.52e-03 | 1.15e+19 | 2.12e-04 |
|  764  |  764  | 3627  | +1.0534e+18 | 5.03e-03 | 1.07e+19 | 2.12e-04 |
|  765  |  765  | 3633  | +1.0534e+18 | 2.52e-03 | 1.07e+19 | 2.12e-04 |
|  766  |  766  | 3639  | +1.0516e+18 | 2.52e-03 | 1.15e+19 | 2.12e-04 |
|  767  |  767  | 3643  | +1.0522e+18 | 5.03e-03 | 1.06e+19 | 2.12e-04 |
|  768  |  768  | 3647  | +1.0522e+18 | 2.48e-03 | 1.06e+19 | 2.12e-04 |
|  769  |  769  | 3651  | +1.0515e+18 | 2.48e-03 | 1.15e+19 | 2.12e-04 |
|  770  |  770  | 3655  | +1.0520e+18 | 4.96e-03 | 1.06e+19 | 2.12e-04 |
|  771  |  771  | 3659  | +1.0520e+18 | 2.48e-03 | 1.06e+19 | 2.12e-04 |
|  772  |  772  | 3663  | +1.0514e+18 | 2.48e-03 | 1.70e+19 | 2.12e-04 |
|  773  |  773  | 3667  | +1.0534e+18 | 4.96e-03 | 1.59e+19 | 2.12e-04 |
|  774  |  774  | 3671  | +1.0534e+18 | 1.48e-03 | 1.59e+19 | 2.12e-04 |
|  775  |  775  | 3674  | +1.0520e+18 | 2.97e-03 | 1.76e+19 | 2.12e-04 |
|  776  |  776  | 3677  | +1.0520e+18 | 1.48e-03 | 1.76e+19 | 2.12e-04 |
|  777  |  777  | 3681  | +1.0525e+18 | 2.97e-03 | 1.05e+19 | 2.12e-04 |
|  778  |  778  | 3685  | +1.0525e+18 | 1.48e-03 | 1.05e+19 | 2.12e-04 |
|  779  |  779  | 3689  | +1.0530e+18 | 2.97e-03 | 1.89e+19 | 2.12e-04 |
|  780  |  780  | 3692  | +1.0530e+18 | 1.48e-03 | 1.89e+19 | 2.12e-04 |
|  781  |  781  | 3696  | +1.0518e+18 | 2.97e-03 | 1.02e+19 | 2.12e-04 |
|  782  |  782  | 3699  | +1.0518e+18 | 1.33e-03 | 1.02e+19 | 2.12e-04 |
|  783  |  783  | 3702  | +1.0515e+18 | 2.66e-03 | 1.75e+19 | 2.12e-04 |
|  784  |  784  | 3705  | +1.0515e+18 | 1.33e-03 | 1.75e+19 | 2.12e-04 |
|  785  |  785  | 3708  | +1.0518e+18 | 2.66e-03 | 1.01e+19 | 2.12e-04 |
|  786  |  786  | 3711  | +1.0518e+18 | 1.20e-03 | 1.01e+19 | 2.12e-04 |
|  787  |  787  | 3714  | +1.0517e+18 | 2.41e-03 | 1.75e+19 | 2.12e-04 |
|  788  |  788  | 3717  | +1.0517e+18 | 1.20e-03 | 1.75e+19 | 2.12e-04 |
|  789  |  789  | 3721  | +1.0526e+18 | 2.41e-03 | 9.96e+18 | 2.12e-04 |
|  790  |  790  | 3724  | +1.0526e+18 | 1.06e-03 | 9.96e+18 | 2.12e-04 |
|  791  |  791  | 3727  | +1.0518e+18 | 2.12e-03 | 1.76e+19 | 2.12e-04 |
|  792  |  792  | 3730  | +1.0534e+18 | 2.12e-03 | 1.09e+19 | 2.12e-04 |
|  793  |  793  | 3734  | +1.0517e+18 | 4.25e-03 | 1.73e+19 | 2.12e-04 |
|  794  |  794  | 3737  | +1.0517e+18 | 2.12e-03 | 1.73e+19 | 2.12e-04 |
|  795  |  795  | 3741  | +1.0529e+18 | 4.25e-03 | 1.08e+19 | 2.12e-04 |
|  796  |  796  | 3745  | +1.0529e+18 | 2.12e-03 | 1.08e+19 | 2.12e-04 |
|  797  |  797  | 3749  | +1.0527e+18 | 4.25e-03 | 1.88e+19 | 2.12e-04 |
|  798  |  798  | 3753  | +1.0527e+18 | 2.12e-03 | 1.88e+19 | 2.12e-04 |
|  799  |  799  | 3757  | +1.0520e+18 | 4.25e-03 | 1.07e+19 | 2.12e-04 |
|  800  |  800  | 3760  | +1.0520e+18 | 1.90e-03 | 1.07e+19 | 2.12e-04 |
|  801  |  801  | 3763  | +1.0525e+18 | 3.81e-03 | 1.16e+19 | 2.12e-04 |
|  802  |  802  | 3767  | +1.0525e+18 | 1.90e-03 | 1.16e+19 | 2.12e-04 |
|  803  |  803  | 3771  | +1.0525e+18 | 3.81e-03 | 1.05e+19 | 2.12e-04 |
|  804  |  804  | 3775  | +1.0525e+18 | 1.90e-03 | 1.05e+19 | 2.12e-04 |
|  805  |  805  | 3779  | +1.0515e+18 | 1.90e-03 | 1.88e+19 | 2.12e-04 |
|  806  |  806  | 3783  | +1.0518e+18 | 3.81e-03 | 1.05e+19 | 2.12e-04 |
|  807  |  807  | 3786  | +1.0518e+18 | 1.90e-03 | 1.05e+19 | 2.12e-04 |
|  808  |  808  | 3789  | +1.0512e+18 | 1.90e-03 | 9.93e+18 | 2.12e-04 |
|  809  |  809  | 3793  | +1.0519e+18 | 3.81e-03 | 1.04e+19 | 2.12e-04 |
|  810  |  810  | 3797  | +1.0519e+18 | 1.90e-03 | 1.04e+19 | 2.12e-04 |
|  811  |  811  | 3801  | +1.0512e+18 | 1.90e-03 | 1.71e+19 | 2.12e-04 |
|  812  |  812  | 3805  | +1.0514e+18 | 3.81e-03 | 1.04e+19 | 2.12e-04 |
|  813  |  813  | 3809  | +1.0514e+18 | 1.90e-03 | 1.04e+19 | 2.12e-04 |
|  814  |  814  | 3813  | +1.0512e+18 | 1.90e-03 | 1.15e+19 | 2.12e-04 |
|  815  |  815  | 3817  | +1.0527e+18 | 3.79e-03 | 1.04e+19 | 2.12e-04 |
|  816  |  816  | 3821  | +1.0527e+18 | 1.86e-03 | 1.04e+19 | 2.12e-04 |
|  817  |  817  | 3825  | +1.0507e+18 | 1.86e-03 | 1.15e+19 | 2.12e-04 |
|  818  |  818  | 3829  | +1.0509e+18 | 3.71e-03 | 1.03e+19 | 2.12e-04 |
|  819  |  819  | 3833  | +1.0509e+18 | 1.73e-03 | 1.03e+19 | 2.12e-04 |
|  820  |  820  | 3837  | +1.0508e+18 | 1.73e-03 | 1.15e+19 | 2.12e-04 |
|  821  |  821  | 3841  | +1.0522e+18 | 3.46e-03 | 1.54e+19 | 2.12e-04 |
|  822  |  822  | 3844  | +1.0522e+18 | 9.84e-04 | 1.54e+19 | 2.12e-04 |
|  823  |  823  | 3847  | +1.0507e+18 | 1.97e-03 | 1.78e+19 | 2.12e-04 |
|  824  |  824  | 3850  | +1.0515e+18 | 1.97e-03 | 1.06e+19 | 2.12e-04 |
|  825  |  825  | 3854  | +1.0507e+18 | 3.94e-03 | 1.16e+19 | 2.12e-04 |
|  826  |  826  | 3858  | +1.0507e+18 | 1.97e-03 | 1.16e+19 | 2.12e-04 |
|  827  |  827  | 3862  | +1.0508e+18 | 3.94e-03 | 1.06e+19 | 2.12e-04 |
|  828  |  828  | 3866  | +1.0508e+18 | 1.97e-03 | 1.06e+19 | 2.12e-04 |
|  829  |  829  | 3870  | +1.0506e+18 | 1.97e-03 | 1.15e+19 | 2.12e-04 |
|  830  |  830  | 3874  | +1.0520e+18 | 3.94e-03 | 1.05e+19 | 2.12e-04 |
|  831  |  831  | 3878  | +1.0520e+18 | 1.97e-03 | 1.05e+19 | 2.12e-04 |
|  832  |  832  | 3882  | +1.0503e+18 | 1.97e-03 | 1.71e+19 | 2.12e-04 |
|  833  |  833  | 3886  | +1.0510e+18 | 3.94e-03 | 1.04e+19 | 2.12e-04 |
|  834  |  834  | 3890  | +1.0510e+18 | 1.97e-03 | 1.04e+19 | 2.12e-04 |
|  835  |  835  | 3894  | +1.0502e+18 | 1.97e-03 | 1.87e+19 | 2.12e-04 |
|  836  |  836  | 3898  | +1.0504e+18 | 3.94e-03 | 1.04e+19 | 2.12e-04 |
|  837  |  837  | 3901  | +1.0504e+18 | 1.90e-03 | 1.04e+19 | 2.12e-04 |
|  838  |  838  | 3904  | +1.0502e+18 | 1.90e-03 | 1.87e+19 | 2.12e-04 |
|  839  |  839  | 3908  | +1.0503e+18 | 3.80e-03 | 1.04e+19 | 2.12e-04 |
|  840  |  840  | 3911  | +1.0503e+18 | 1.86e-03 | 1.04e+19 | 2.12e-04 |
|  841  |  841  | 3915  | +1.0512e+18 | 1.86e-03 | 1.71e+19 | 2.12e-04 |
|  842  |  842  | 3919  | +1.0513e+18 | 3.73e-03 | 1.55e+19 | 2.12e-04 |
|  843  |  843  | 3922  | +1.0513e+18 | 1.02e-03 | 1.55e+19 | 2.12e-04 |
|  844  |  844  | 3925  | +1.0500e+18 | 2.05e-03 | 1.78e+19 | 2.12e-04 |
|  845  |  845  | 3928  | +1.0503e+18 | 2.05e-03 | 1.06e+19 | 2.12e-04 |
|  846  |  846  | 3932  | +1.0536e+18 | 4.09e-03 | 1.17e+19 | 2.12e-04 |
|  847  |  847  | 3938  | +1.0536e+18 | 2.05e-03 | 1.17e+19 | 2.12e-04 |
|  848  |  848  | 3942  | +1.0528e+18 | 4.09e-03 | 1.06e+19 | 2.12e-04 |
|  849  |  849  | 3946  | +1.0528e+18 | 2.05e-03 | 1.06e+19 | 2.12e-04 |
|  850  |  850  | 3950  | +1.0512e+18 | 4.09e-03 | 1.70e+19 | 2.12e-04 |
|  851  |  851  | 3954  | +1.0512e+18 | 2.05e-03 | 1.70e+19 | 2.12e-04 |
|  852  |  852  | 3958  | +1.0503e+18 | 4.09e-03 | 1.58e+19 | 2.12e-04 |
|  853  |  853  | 3961  | +1.0503e+18 | 1.46e-03 | 1.58e+19 | 2.12e-04 |
|  854  |  854  | 3965  | +1.0500e+18 | 2.91e-03 | 1.75e+19 | 2.12e-04 |
|  855  |  855  | 3968  | +1.0500e+18 | 1.46e-03 | 1.75e+19 | 2.12e-04 |
|  856  |  856  | 3971  | +1.0510e+18 | 2.91e-03 | 1.55e+19 | 2.12e-04 |
|  857  |  857  | 3974  | +1.0510e+18 | 1.26e-03 | 1.55e+19 | 2.12e-04 |
|  858  |  858  | 3977  | +1.0501e+18 | 2.52e-03 | 1.18e+19 | 2.12e-04 |
|  859  |  859  | 3981  | +1.0501e+18 | 1.26e-03 | 1.18e+19 | 2.12e-04 |
|  860  |  860  | 3985  | +1.0503e+18 | 2.52e-03 | 1.52e+19 | 2.12e-04 |
|  861  |  861  | 3988  | +1.0503e+18 | 1.06e-03 | 1.52e+19 | 2.12e-04 |
|  862  |  862  | 3991  | +1.0499e+18 | 2.12e-03 | 1.02e+19 | 2.12e-04 |
|  863  |  863  | 3995  | +1.0499e+18 | 1.06e-03 | 1.02e+19 | 2.12e-04 |
|  864  |  864  | 3998  | +1.0513e+18 | 2.12e-03 | 1.47e+19 | 2.12e-04 |
|  865  |  865  | 4001  | +1.0513e+18 | 8.94e-04 | 1.47e+19 | 2.12e-04 |
|  866  |  866  | 4004  | +1.0504e+18 | 6.26e-03 | 1.94e+19 | 2.12e-04 |
|  867  |  867  | 4007  | +1.0504e+18 | 8.27e-04 | 1.94e+19 | 2.12e-04 |
|  868  |  868  | 4010  | +1.0500e+18 | 5.79e-03 | 9.04e+18 | 2.12e-04 |
|  869  |  869  | 4013  | +1.0500e+18 | 5.79e-04 | 9.04e+18 | 2.12e-04 |
|  870  |  870  | 4015  | +1.0500e+18 | 4.05e-03 | 1.04e+19 | 2.12e-04 |
|  871  |  871  | 4019  | +1.0500e+18 | 2.03e-03 | 1.04e+19 | 2.12e-04 |
|  872  |  872  | 4023  | +1.0501e+18 | 2.03e-03 | 1.58e+19 | 2.12e-04 |
|  873  |  873  | 4026  | +1.0500e+18 | 4.05e-03 | 1.86e+19 | 2.12e-04 |
|  874  |  874  | 4029  | +1.0500e+18 | 2.03e-03 | 1.86e+19 | 2.12e-04 |
|  875  |  875  | 4032  | +1.0502e+18 | 4.05e-03 | 1.58e+19 | 2.12e-04 |
|  876  |  876  | 4035  | +1.0502e+18 | 1.45e-03 | 1.58e+19 | 2.12e-04 |
|  877  |  877  | 4039  | +1.0500e+18 | 2.90e-03 | 1.01e+19 | 2.12e-04 |
|  878  |  878  | 4043  | +1.0500e+18 | 1.45e-03 | 1.01e+19 | 2.12e-04 |
|  879  |  879  | 4047  | +1.0510e+18 | 2.90e-03 | 1.56e+19 | 2.12e-04 |
|  880  |  880  | 4050  | +1.0510e+18 | 1.34e-03 | 1.56e+19 | 2.12e-04 |
|  881  |  881  | 4053  | +1.0497e+18 | 2.68e-03 | 1.01e+19 | 2.12e-04 |
|  882  |  882  | 4057  | +1.0497e+18 | 1.34e-03 | 1.01e+19 | 2.12e-04 |
|  883  |  883  | 4061  | +1.0502e+18 | 2.68e-03 | 1.52e+19 | 2.12e-04 |
|  884  |  884  | 4064  | +1.0502e+18 | 9.62e-04 | 1.52e+19 | 2.12e-04 |
|  885  |  885  | 4066  | +1.0498e+18 | 1.92e-03 | 1.20e+19 | 2.12e-04 |
|  886  |  886  | 4069  | +1.0503e+18 | 1.92e-03 | 1.60e+19 | 2.12e-04 |
|  887  |  887  | 4072  | +1.0502e+18 | 3.85e-03 | 1.73e+19 | 2.12e-04 |
|  888  |  888  | 4075  | +1.0502e+18 | 1.92e-03 | 1.73e+19 | 2.12e-04 |
|  889  |  889  | 4078  | +1.0508e+18 | 3.85e-03 | 9.08e+18 | 2.12e-04 |
|  890  |  890  | 4080  | +1.0508e+18 | 1.78e-03 | 9.08e+18 | 2.12e-04 |
|  891  |  891  | 4083  | +1.0499e+18 | 3.56e-03 | 1.17e+19 | 2.12e-04 |
|  892  |  892  | 4087  | +1.0499e+18 | 1.78e-03 | 1.17e+19 | 2.12e-04 |
|  893  |  893  | 4090  | +1.0502e+18 | 3.56e-03 | 1.05e+19 | 2.12e-04 |
|  894  |  894  | 4093  | +1.0502e+18 | 1.78e-03 | 1.05e+19 | 2.12e-04 |
|  895  |  895  | 4096  | +1.0495e+18 | 1.78e-03 | 1.16e+19 | 2.12e-04 |
|  896  |  896  | 4099  | +1.0499e+18 | 3.56e-03 | 1.04e+19 | 2.12e-04 |
|  897  |  897  | 4102  | +1.0499e+18 | 1.78e-03 | 1.04e+19 | 2.12e-04 |
|  898  |  898  | 4105  | +1.0492e+18 | 1.78e-03 | 1.15e+19 | 2.12e-04 |
|  899  |  899  | 4109  | +1.0495e+18 | 3.56e-03 | 1.54e+19 | 2.12e-04 |
|  900  |  900  | 4111  | +1.0495e+18 | 8.84e-04 | 1.54e+19 | 2.12e-04 |
|  901  |  901  | 4113  | +1.0492e+18 | 1.77e-03 | 1.78e+19 | 2.12e-04 |
|  902  |  902  | 4117  | +1.0497e+18 | 1.77e-03 | 1.56e+19 | 2.12e-04 |
|  903  |  903  | 4120  | +1.0510e+18 | 3.53e-03 | 1.17e+19 | 2.12e-04 |
|  904  |  904  | 4123  | +1.0510e+18 | 1.77e-03 | 1.17e+19 | 2.12e-04 |
|  905  |  905  | 4126  | +1.0499e+18 | 3.53e-03 | 1.56e+19 | 2.12e-04 |
|  906  |  906  | 4128  | +1.0499e+18 | 1.22e-03 | 1.56e+19 | 2.12e-04 |
|  907  |  907  | 4130  | +1.0503e+18 | 2.43e-03 | 1.76e+19 | 2.12e-04 |
|  908  |  908  | 4132  | +1.0503e+18 | 1.22e-03 | 1.76e+19 | 2.12e-04 |
|  909  |  909  | 4134  | +1.0503e+18 | 2.43e-03 | 1.01e+19 | 2.12e-04 |
|  910  |  910  | 4136  | +1.0503e+18 | 1.16e-03 | 1.01e+19 | 2.12e-04 |
|  911  |  911  | 4138  | +1.0504e+18 | 2.32e-03 | 1.74e+19 | 2.12e-04 |
|  912  |  912  | 4140  | +1.0504e+18 | 1.16e-03 | 1.74e+19 | 2.12e-04 |
|  913  |  913  | 4143  | +1.0498e+18 | 2.32e-03 | 9.85e+18 | 2.12e-04 |
|  914  |  914  | 4145  | +1.0498e+18 | 8.50e-04 | 9.85e+18 | 2.12e-04 |
|  915  |  915  | 4147  | +1.0497e+18 | 1.70e-03 | 1.77e+19 | 2.12e-04 |
|  916  |  916  | 4149  | +1.0496e+18 | 1.70e-03 | 1.59e+19 | 2.12e-04 |
|  917  |  917  | 4152  | +1.0504e+18 | 3.40e-03 | 1.72e+19 | 2.12e-04 |
|  918  |  918  | 4154  | +1.0504e+18 | 1.70e-03 | 1.72e+19 | 2.12e-04 |
|  919  |  919  | 4157  | +1.0493e+18 | 3.40e-03 | 1.57e+19 | 2.12e-04 |
|  920  |  920  | 4159  | +1.0493e+18 | 1.21e-03 | 1.57e+19 | 2.12e-04 |
|  921  |  921  | 4161  | +1.0493e+18 | 2.42e-03 | 1.19e+19 | 2.12e-04 |
|  922  |  922  | 4164  | +1.0493e+18 | 1.21e-03 | 1.19e+19 | 2.12e-04 |
|  923  |  923  | 4166  | +1.0502e+18 | 2.42e-03 | 1.52e+19 | 2.12e-04 |
|  924  |  924  | 4168  | +1.0502e+18 | 1.08e-03 | 1.52e+19 | 2.12e-04 |
|  925  |  925  | 4170  | +1.0492e+18 | 2.17e-03 | 1.77e+19 | 2.12e-04 |
|  926  |  926  | 4172  | +1.0492e+18 | 2.17e-03 | 1.62e+19 | 2.12e-04 |
|  927  |  927  | 4174  | +1.0505e+18 | 4.33e-03 | 1.72e+19 | 2.12e-04 |
|  928  |  928  | 4177  | +1.0505e+18 | 2.17e-03 | 1.72e+19 | 2.12e-04 |
|  929  |  929  | 4180  | +1.0499e+18 | 4.33e-03 | 1.90e+19 | 2.12e-04 |
|  930  |  930  | 4183  | +1.0499e+18 | 2.17e-03 | 1.90e+19 | 2.12e-04 |
|  931  |  931  | 4186  | +1.0506e+18 | 4.33e-03 | 1.16e+19 | 2.12e-04 |
|  932  |  932  | 4189  | +1.0506e+18 | 2.17e-03 | 1.16e+19 | 2.12e-04 |
|  933  |  933  | 4194  | +1.0499e+18 | 4.33e-03 | 1.59e+19 | 2.12e-04 |
|  934  |  934  | 4196  | +1.0499e+18 | 2.00e-03 | 1.59e+19 | 2.12e-04 |
|  935  |  935  | 4199  | +1.0501e+18 | 3.99e-03 | 1.16e+19 | 2.12e-04 |
|  936  |  936  | 4204  | +1.0501e+18 | 2.00e-03 | 1.16e+19 | 2.12e-04 |
|  937  |  937  | 4207  | +1.0497e+18 | 3.99e-03 | 1.59e+19 | 2.12e-04 |
|  938  |  938  | 4209  | +1.0497e+18 | 1.63e-03 | 1.59e+19 | 2.12e-04 |
|  939  |  939  | 4211  | +1.0509e+18 | 3.26e-03 | 1.74e+19 | 2.12e-04 |
|  940  |  940  | 4213  | +1.0509e+18 | 1.63e-03 | 1.74e+19 | 2.12e-04 |
|  941  |  941  | 4216  | +1.0497e+18 | 3.26e-03 | 1.56e+19 | 2.12e-04 |
|  942  |  942  | 4218  | +1.0497e+18 | 1.25e-03 | 1.56e+19 | 2.12e-04 |
|  943  |  943  | 4220  | +1.0498e+18 | 2.49e-03 | 1.18e+19 | 2.12e-04 |
|  944  |  944  | 4223  | +1.0498e+18 | 1.25e-03 | 1.18e+19 | 2.12e-04 |
|  945  |  945  | 4226  | +1.0494e+18 | 2.49e-03 | 1.52e+19 | 2.12e-04 |
|  946  |  946  | 4228  | +1.0494e+18 | 1.07e-03 | 1.52e+19 | 2.12e-04 |
|  947  |  947  | 4230  | +1.0491e+18 | 2.13e-03 | 1.77e+19 | 2.12e-04 |
|  948  |  948  | 4232  | +1.0491e+18 | 1.07e-03 | 1.77e+19 | 2.12e-04 |
|  949  |  949  | 4235  | +1.0493e+18 | 2.13e-03 | 9.79e+18 | 2.12e-04 |
|  950  |  950  | 4237  | +1.0493e+18 | 8.37e-04 | 9.79e+18 | 2.12e-04 |
|  951  |  951  | 4239  | +1.0491e+18 | 1.67e-03 | 1.19e+19 | 2.12e-04 |
|  952  |  952  | 4241  | +1.0490e+18 | 1.67e-03 | 1.05e+19 | 2.12e-04 |
|  953  |  953  | 4243  | +1.0503e+18 | 3.35e-03 | 1.73e+19 | 2.12e-04 |
|  954  |  954  | 4246  | +1.0503e+18 | 1.67e-03 | 1.73e+19 | 2.12e-04 |
|  955  |  955  | 4249  | +1.0493e+18 | 3.35e-03 | 1.04e+19 | 2.12e-04 |
|  956  |  956  | 4251  | +1.0493e+18 | 1.67e-03 | 1.04e+19 | 2.12e-04 |
|  957  |  957  | 4254  | +1.0496e+18 | 1.67e-03 | 1.72e+19 | 2.12e-04 |
|  958  |  958  | 4257  | +1.0495e+18 | 3.35e-03 | 1.04e+19 | 2.12e-04 |
|  959  |  959  | 4260  | +1.0495e+18 | 1.67e-03 | 1.04e+19 | 2.12e-04 |
|  960  |  960  | 4263  | +1.0491e+18 | 1.67e-03 | 1.72e+19 | 2.12e-04 |
|  961  |  961  | 4266  | +1.0499e+18 | 3.35e-03 | 1.03e+19 | 2.12e-04 |
|  962  |  962  | 4269  | +1.0499e+18 | 1.66e-03 | 1.03e+19 | 2.12e-04 |
|  963  |  963  | 4272  | +1.0486e+18 | 1.66e-03 | 1.72e+19 | 2.12e-04 |
|  964  |  964  | 4275  | +1.0501e+18 | 3.33e-03 | 7.42e+18 | 2.12e-04 |
|  965  |  965  | 4278  | +1.0501e+18 | 1.50e-03 | 7.42e+18 | 2.12e-04 |
|  966  |  966  | 4281  | +1.0487e+18 | 1.50e-03 | 1.73e+19 | 2.12e-04 |
|  967  |  967  | 4284  | +1.0586e+18 | 3.00e-03 | 1.02e+19 | 2.12e-04 |
|  968  |  968  | 4287  | +1.0586e+18 | 1.45e-03 | 1.02e+19 | 2.12e-04 |
|  969  |  969  | 4290  | +1.0485e+18 | 1.45e-03 | 1.16e+19 | 2.12e-04 |
|  970  |  970  | 4295  | +1.0486e+18 | 2.90e-03 | 9.72e+18 | 2.12e-04 |
|  971  |  971  | 4297  | +1.0486e+18 | 1.11e-03 | 9.72e+18 | 2.12e-04 |
|  972  |  972  | 4299  | +1.0484e+18 | 1.11e-03 | 1.18e+19 | 2.12e-04 |
|  973  |  973  | 4302  | +1.0486e+18 | 2.23e-03 | 1.43e+19 | 2.12e-04 |
|  974  |  974  | 4304  | +1.0486e+18 | 6.84e-04 | 1.43e+19 | 2.12e-04 |
|  975  |  975  | 4306  | +1.0484e+18 | 4.79e-03 | 1.20e+19 | 2.12e-04 |
|  976  |  976  | 4308  | +1.0484e+18 | 1.82e-03 | 1.20e+19 | 2.12e-04 |
|  977  |  977  | 4311  | +1.0493e+18 | 1.82e-03 | 1.74e+19 | 2.12e-04 |
|  978  |  978  | 4314  | +1.0493e+18 | 3.63e-03 | 1.16e+19 | 2.12e-04 |
|  979  |  979  | 4317  | +1.0493e+18 | 1.82e-03 | 1.16e+19 | 2.12e-04 |
|  980  |  980  | 4320  | +1.0487e+18 | 3.63e-03 | 1.57e+19 | 2.12e-04 |
|  981  |  981  | 4323  | +1.0487e+18 | 1.19e-03 | 1.57e+19 | 2.12e-04 |
|  982  |  982  | 4326  | +1.0485e+18 | 2.38e-03 | 1.19e+19 | 2.12e-04 |
|  983  |  983  | 4328  | +1.0485e+18 | 1.19e-03 | 1.19e+19 | 2.12e-04 |
|  984  |  984  | 4330  | +1.0491e+18 | 2.38e-03 | 1.52e+19 | 2.12e-04 |
|  985  |  985  | 4332  | +1.0491e+18 | 1.04e-03 | 1.52e+19 | 2.12e-04 |
|  986  |  986  | 4334  | +1.0483e+18 | 2.08e-03 | 1.18e+19 | 2.12e-04 |
|  987  |  987  | 4336  | +1.0483e+18 | 1.04e-03 | 1.18e+19 | 2.12e-04 |
|  988  |  988  | 4338  | +1.0500e+18 | 2.08e-03 | 1.47e+19 | 2.12e-04 |
|  989  |  989  | 4340  | +1.0500e+18 | 8.25e-04 | 1.47e+19 | 2.12e-04 |
|  990  |  990  | 4342  | +1.0484e+18 | 5.78e-03 | 1.78e+19 | 2.12e-04 |
|  991  |  991  | 4344  | +1.0484e+18 | 7.90e-04 | 1.78e+19 | 2.12e-04 |
|  992  |  992  | 4346  | +1.0484e+18 | 5.53e-03 | 1.33e+19 | 2.12e-04 |
|  993  |  993  | 4348  | +1.0484e+18 | 5.53e-04 | 1.33e+19 | 2.12e-04 |
|  994  |  994  | 4350  | +1.0484e+18 | 3.87e-03 | 1.79e+19 | 2.12e-04 |
|  995  |  995  | 4352  | +1.0484e+18 | 1.94e-03 | 1.79e+19 | 2.12e-04 |
|  996  |  996  | 4355  | +1.0489e+18 | 1.94e-03 | 1.59e+19 | 2.12e-04 |
|  997  |  997  | 4358  | +1.0526e+18 | 1.94e-03 | 1.16e+19 | 2.12e-04 |
|  998  |  998  | 4361  | +1.0486e+18 | 3.87e-03 | 1.58e+19 | 2.12e-04 |
|  999  |  999  | 4363  | +1.0486e+18 | 1.58e-03 | 1.58e+19 | 2.12e-04 |
| 1000  | 1000  | 4366  | +1.0498e+18 | 3.16e-03 | 1.17e+19 | 2.12e-04 |

The maximum number of function evaluations is exceeded.
Number of iterations: 1000, function evaluations: 1000, CG iterations: 4366, optimality: 1.17e+19, constraint violation: 2.12e-04, execution time: 3.1e+03 s.
time 3120.71652507782
res             message: The maximum number of function evaluations is exceeded.
           success: False
            status: 0
               fun: 1.0498306662788959e+18
                 x: [ 1.862e-01  3.284e-01 ...  2.874e-02  3.897e-02]
               nit: 1000
              nfev: 1000
              njev: 1000
              nhev: 0
          cg_niter: 4366
      cg_stop_cond: 2
              grad: [-3.104e+19 -3.150e+19 ... -2.053e+17 -2.391e+16]
   lagrangian_grad: [ 8.776e+17  8.961e+17 ... -1.693e+14 -3.620e+13]
            constr: [array([ 9.967e-01,  8.133e-01,  6.022e-01,  3.779e-01,
                            2.026e-01,  7.697e-01,  8.836e-01,  8.165e-01,
                            2.952e-01,  1.950e-01]), array([ 2.117e-04]), array([ 0.000e+00]), array([ 1.862e-01,  3.284e-01, ...,  2.874e-02,
                            3.897e-02], shape=(48,))]
               jac: [array([[ 1.000e+00,  1.000e+00, ...,  0.000e+00,
                             0.000e+00],
                           [ 0.000e+00,  0.000e+00, ...,  0.000e+00,
                             0.000e+00],
                           ...,
                           [ 0.000e+00,  0.000e+00, ...,  0.000e+00,
                             0.000e+00],
                           [ 0.000e+00,  0.000e+00, ...,  0.000e+00,
                             0.000e+00]], shape=(10, 48)), array([[ 1.268e-05,  1.268e-05, ...,  0.000e+00,
                             0.000e+00]], shape=(1, 48)), array([[ 0.000e+00,  0.000e+00, ...,  0.000e+00,
                             0.000e+00]], shape=(1, 48)), array([[ 1.000e+00,  0.000e+00, ...,  0.000e+00,
                             0.000e+00],
                           [ 0.000e+00,  1.000e+00, ...,  0.000e+00,
                             0.000e+00],
                           ...,
                           [ 0.000e+00,  0.000e+00, ...,  1.000e+00,
                             0.000e+00],
                           [ 0.000e+00,  0.000e+00, ...,  0.000e+00,
                             1.000e+00]], shape=(48, 48))]
       constr_nfev: [0, 1000, 1000, 0]
       constr_njev: [0, 1000, 1000, 0]
       constr_nhev: [0, 0, 0, 0]
                 v: [array([-3.334e+18, -9.610e+15,  8.477e+17, -5.757e+16,
                            2.328e+15, -1.143e+20,  1.707e+17, -2.033e+19,
                           -1.927e+16,  1.199e+16]), array([ 3.631e+24]), array([-7.464e+07]), array([-1.078e+19, -1.030e+19, ...,  2.051e+17,
                            2.388e+16], shape=(48,))]
            method: tr_interior_point
        optimality: 1.1665453399323542e+19
  constr_violation: 0.00021170517954277073
    execution_time: 3117.5700442790985
         tr_radius: 0.0031608764356120503
    constr_penalty: 3.340851789973589e+25
 barrier_parameter: 0.020000000000000004
 barrier_tolerance: 0.020000000000000004
             niter: 1000
End time:       Wed Sep  9 21:16:26 EDT 2026
