Job ID:         17346140
Nodes:          1
CPUs per task:  4
Start time:     Thu Sep 10 18:49:27 EDT 2026
       __       ___      ___   ___                _______  _______ .___  ___. 
      |  |     /   \     \  \ /  /               |   ____||   ____||   \/   | 
      |  |    /  ^  \     \  V  /      ______    |  |__   |  |__   |  \  /  | 
.--.  |  |   /  /_\  \     >   <      |______|   |   __|  |   __|  |  |\/|  | 
|  `--'  |  /  _____  \   /  .  \                |  |     |  |____ |  |  |  | 
 \______/  /__/     \__\ /__/ \__\               |__|     |_______||__|  |__| 
                                                                              

k_attachment is not provided. Based on the coil's stiffness, the auto-generated value is 4.0940e+14 N/m3.
Beam network initialized.
Optimizing:
    dphis_end_cc - per-coil shapes: [(4,), (4,), (4,), (2,), (2,)]
    dphis_start_cc - per-coil shapes: [(4,), (4,), (4,), (2,), (2,)]
    thetas_orientation_cc - per-coil shapes: [(4,), (4,), (4,), (2,), (2,)]
Fixing:
    w1_beam
    w2_beam
    dphis_start_cf
    x_foundation
    thetas_orientation_cf
Total # dofs: 48
solving with float64
solving with float64
# mesh node for all coils: [36400, 36400, 36400, 36400]
# mesh cell for all coils: [21600, 21600, 21600, 21600]
MAXITER = 1000
# free dofs = 48
# linear inequality constraints = 10
BSD_PENALTY_WEIGHT = 10.0
x0 finite True in bounds True
lb/ub finite True True
J0 3.6488658885197024e+17 ||g0|| 1.869810907995594e+20 g0 finite True
Jbsd 0.0 Jbsd*w 0.0
Jbca 0.0
dphis residuals (sum-1) [-0.125 -0.125 -0.125 -0.625 -0.625 -0.125 -0.125 -0.125 -0.625 -0.625]
con2 0.0 auglag rho guess 10.0
nlopt 2.11.0
starting opt.optimize
{"kind": "f", "n": 1, "want_grad": false, "J": 1.0000000000768665, "dx": 0.0, "x_norm": 1.2374368670764582, "x_maxabs": 0.25, "x_finite": true, "t": 1.5653812885284424}
{"kind": "Jbsd", "n": 1, "want_grad": false, "c": 0.0, "c_raw": 0.0, "c_finite": true, "g_finite": true, "dx": 0.0, "t": 1.5771799087524414}
{"kind": "Jbca", "n": 1, "want_grad": false, "c": 0.0, "c_raw": 0.0, "c_finite": true, "g_finite": true, "dx": 0.0, "t": 1.5874028205871582}
{"kind": "f", "n": 2, "want_grad": true, "J": 1.0000000000063198, "dx": 0.0, "x_norm": 1.2374368670764582, "x_maxabs": 0.25, "x_finite": true, "g_norm": 1.8698109079952894e+20, "g_maxabs": 8.60584036550962e+19, "g_finite": true, "t": 3.1331562995910645}
{"kind": "Jbsd", "n": 2, "want_grad": true, "c": 0.0, "c_raw": 0.0, "c_finite": true, "g_finite": true, "dx": 0.0, "t": 3.1466410160064697}
{"kind": "Jbca", "n": 2, "want_grad": true, "c": 0.0, "c_raw": 0.0, "c_finite": true, "g_finite": true, "dx": 0.0, "t": 3.1588222980499268}
{"kind": "f", "n": 3, "want_grad": true, "J": 1.4525786252510302, "dx": 0.8103352980699529, "x_norm": 1.7116339463130608, "x_maxabs": 0.6246337679237522, "x_finite": true, "g_norm": 1.364198013607547e+21, "g_maxabs": 7.775008520058542e+20, "g_finite": true, "t": 4.704851865768433}
{"kind": "Jbsd", "n": 3, "want_grad": true, "c": 0.006600624387855152, "c_raw": 0.00015175666082549612, "c_finite": true, "g_finite": true, "dx": 0.8103352980699529, "t": 4.7205970287323}
{"kind": "Jbca", "n": 3, "want_grad": true, "c": 0.03811392494211067, "c_raw": 0.03811392494211067, "c_finite": true, "g_finite": true, "dx": 0.8103352980699529, "t": 4.735038995742798}
{"kind": "f", "n": 4, "want_grad": true, "J": 0.996785644646096, "dx": 0.054902282200406514, "x_norm": 1.2587783483512194, "x_maxabs": 0.27538239281608573, "x_finite": true, "g_norm": 2.569628313868584e+20, "g_maxabs": 1.5736627303829157e+20, "g_finite": true, "t": 6.278736352920532}
{"kind": "Jbsd", "n": 4, "want_grad": true, "c": 0.0, "c_raw": 0.0, "c_finite": true, "g_finite": true, "dx": 0.054902282200406514, "t": 6.292413949966431}
{"kind": "Jbca", "n": 4, "want_grad": true, "c": 0.017305663008699762, "c_raw": 0.017305663008699762, "c_finite": true, "g_finite": true, "dx": 0.054902282200406514, "t": 6.304173231124878}
{"kind": "f", "n": 5, "want_grad": true, "J": 1.932706547857959, "dx": 0.9797849946004752, "x_norm": 1.8222871184569132, "x_maxabs": 0.6243280403709757, "x_finite": true, "g_norm": 4.150513172600276e+20, "g_maxabs": 1.9370568306797e+20, "g_finite": true, "t": 7.849597692489624}
{"kind": "Jbsd", "n": 5, "want_grad": true, "c": 0.03353766860076419, "c_raw": 0.0007710732045423808, "c_finite": true, "g_finite": true, "dx": 0.9797849946004752, "t": 7.863098621368408}
{"kind": "Jbca", "n": 5, "want_grad": true, "c": 0.03742787597689183, "c_raw": 0.03742787597689183, "c_finite": true, "g_finite": true, "dx": 0.9797849946004752, "t": 7.87490177154541}
{"kind": "f", "n": 6, "want_grad": true, "J": 1.2900992951944066, "dx": 0.6142705078442711, "x_norm": 1.4336128026151127, "x_maxabs": 0.6249282879864079, "x_finite": true, "g_norm": 2.8127094946627853e+20, "g_maxabs": 1.6275605537015674e+20, "g_finite": true, "t": 9.418206930160522}
{"kind": "Jbsd", "n": 6, "want_grad": true, "c": 0.019197627565644002, "c_raw": 0.00044137761580466476, "c_finite": true, "g_finite": true, "dx": 0.6142705078442711, "t": 9.431803226470947}
{"kind": "Jbca", "n": 6, "want_grad": true, "c": 0.017612626592232967, "c_raw": 0.017612626592232967, "c_finite": true, "g_finite": true, "dx": 0.6142705078442711, "t": 9.444841146469116}
{"kind": "f", "n": 7, "want_grad": true, "J": 2.6712469934960916, "dx": 0.21450494743588033, "x_norm": 1.2884935448972268, "x_maxabs": 0.37725772875716945, "x_finite": true, "g_norm": 1.6291807002101146e+21, "g_maxabs": 7.779904298013342e+20, "g_finite": true, "t": 10.990733861923218}
{"kind": "Jbsd", "n": 7, "want_grad": true, "c": 0.04511637925771466, "c_raw": 0.0010372823330600494, "c_finite": true, "g_finite": true, "dx": 0.21450494743588033, "t": 11.003832578659058}
{"kind": "Jbca", "n": 7, "want_grad": true, "c": 0.017416837819296545, "c_raw": 0.017416837819296545, "c_finite": true, "g_finite": true, "dx": 0.21450494743588033, "t": 11.01589298248291}
{"kind": "f", "n": 8, "want_grad": true, "J": 1.500670965105684, "dx": 0.1274326142973052, "x_norm": 1.2711776263973518, "x_maxabs": 0.32069972401098723, "x_finite": true, "g_norm": 2.8891203326963355e+20, "g_maxabs": 1.5758030940417504e+20, "g_finite": true, "t": 12.558984518051147}
{"kind": "Jbsd", "n": 8, "want_grad": true, "c": 0.00026901929876571736, "c_raw": 6.18509220937019e-06, "c_finite": true, "g_finite": true, "dx": 0.1274326142973052, "t": 12.573206424713135}
{"kind": "Jbca", "n": 8, "want_grad": true, "c": 0.017666404757154468, "c_raw": 0.017666404757154468, "c_finite": true, "g_finite": true, "dx": 0.1274326142973052, "t": 12.585800886154175}
{"kind": "f", "n": 9, "want_grad": true, "J": 1.064476831993092, "dx": 0.0759185018877137, "x_norm": 1.2631552416368916, "x_maxabs": 0.2823875790636846, "x_finite": true, "g_norm": 1.742265456045034e+20, "g_maxabs": 8.735453027306255e+19, "g_finite": true, "t": 14.126519918441772}
{"kind": "Jbsd", "n": 9, "want_grad": true, "c": 0.0, "c_raw": 0.0, "c_finite": true, "g_finite": true, "dx": 0.0759185018877137, "t": 14.140156507492065}
{"kind": "Jbca", "n": 9, "want_grad": true, "c": 0.023820999174265636, "c_raw": 0.023820999174265636, "c_finite": true, "g_finite": true, "dx": 0.0759185018877137, "t": 14.152281999588013}
{"kind": "f", "n": 10, "want_grad": true, "J": 0.869476625159493, "dx": 0.05673578877849086, "x_norm": 1.2597659892109958, "x_maxabs": 0.2753652052728573, "x_finite": true, "g_norm": 3.37405157720603e+20, "g_maxabs": 2.3624419964989682e+20, "g_finite": true, "t": 15.696924448013306}
{"kind": "Jbsd", "n": 10, "want_grad": true, "c": 0.0, "c_raw": 0.0, "c_finite": true, "g_finite": true, "dx": 0.05673578877849086, "t": 15.708779096603394}
{"kind": "Jbca", "n": 10, "want_grad": true, "c": 0.017313838974589768, "c_raw": 0.017313838974589768, "c_finite": true, "g_finite": true, "dx": 0.05673578877849086, "t": 15.721070051193237}
{"kind": "f", "n": 11, "want_grad": true, "J": 0.900574446464546, "dx": 0.05496976240091344, "x_norm": 1.2589634587790859, "x_maxabs": 0.27537893949238407, "x_finite": true, "g_norm": 1.9438007431010127e+20, "g_maxabs": 9.96610571356314e+19, "g_finite": true, "t": 17.268108367919922}
{"kind": "Jbsd", "n": 11, "want_grad": true, "c": 0.0, "c_raw": 0.0, "c_finite": true, "g_finite": true, "dx": 0.05496976240091344, "t": 17.282489776611328}
{"kind": "Jbca", "n": 11, "want_grad": true, "c": 0.017307310744868003, "c_raw": 0.017307310744868003, "c_finite": true, "g_finite": true, "dx": 0.05496976240091344, "t": 17.29592776298523}
{"kind": "f", "n": 12, "want_grad": true, "J": 0.7938865902882888, "dx": 0.05490808300497862, "x_norm": 1.258841244688016, "x_maxabs": 0.2753812053409745, "x_finite": true, "g_norm": 3.799338943583182e+19, "g_maxabs": 2.1051560509599384e+19, "g_finite": true, "t": 18.842591762542725}
{"kind": "Jbsd", "n": 12, "want_grad": true, "c": 0.0, "c_raw": 0.0, "c_finite": true, "g_finite": true, "dx": 0.05490808300497862, "t": 18.85813331604004}
{"kind": "Jbca", "n": 12, "want_grad": true, "c": 0.0173062298914262, "c_raw": 0.0173062298914262, "c_finite": true, "g_finite": true, "dx": 0.05490808300497862, "t": 18.87246870994568}
{"kind": "f", "n": 13, "want_grad": true, "J": 0.8693505847555157, "dx": 0.0549022225097901, "x_norm": 1.2587999918741954, "x_maxabs": 0.27538198249598655, "x_finite": true, "g_norm": 1.9703977437676693e+20, "g_maxabs": 1.2939961515998655e+20, "g_finite": true, "t": 20.419156312942505}
{"kind": "Jbsd", "n": 13, "want_grad": true, "c": 0.0, "c_raw": 0.0, "c_finite": true, "g_finite": true, "dx": 0.0549022225097901, "t": 20.43294358253479}
{"kind": "Jbca", "n": 13, "want_grad": true, "c": 0.017305858923101162, "c_raw": 0.017305858923101162, "c_finite": true, "g_finite": true, "dx": 0.0549022225097901, "t": 20.44489049911499}
{"kind": "f", "n": 14, "want_grad": true, "J": 0.9505512089775923, "dx": 0.0549020556218703, "x_norm": 1.2587840176301996, "x_maxabs": 0.27538228516360364, "x_finite": true, "g_norm": 1.5629718345679028e+20, "g_maxabs": 8.073946309168674e+19, "g_finite": true, "t": 21.990614414215088}
{"kind": "Jbsd", "n": 14, "want_grad": true, "c": 0.0, "c_raw": 0.0, "c_finite": true, "g_finite": true, "dx": 0.0549020556218703, "t": 22.005348443984985}
{"kind": "Jbca", "n": 14, "want_grad": true, "c": 0.017305714412682797, "c_raw": 0.017305714412682797, "c_finite": true, "g_finite": true, "dx": 0.0549020556218703, "t": 22.018590688705444}
{"kind": "f", "n": 15, "want_grad": true, "J": 0.9816979036761223, "dx": 0.05490220927625384, "x_norm": 1.2587798126791265, "x_maxabs": 0.27538236499847957, "x_finite": true, "g_norm": 2.1596751033282802e+20, "g_maxabs": 1.1966632037563079e+20, "g_finite": true, "t": 23.564415216445923}
{"kind": "Jbsd", "n": 15, "want_grad": true, "c": 0.0, "c_raw": 0.0, "c_finite": true, "g_finite": true, "dx": 0.05490220927625384, "t": 23.578737497329712}
{"kind": "Jbca", "n": 15, "want_grad": true, "c": 0.01730567629182199, "c_raw": 0.01730567629182199, "c_finite": true, "g_finite": true, "dx": 0.05490220927625384, "t": 23.591285467147827}
{"kind": "f", "n": 16, "want_grad": true, "J": 0.9931238695292818, "dx": 0.054902264821783724, "x_norm": 1.2587786796683726, "x_maxabs": 0.27538238652138225, "x_finite": true, "g_norm": 2.4676632118388133e+20, "g_maxabs": 1.4832872377088685e+20, "g_finite": true, "t": 25.13593101501465}
{"kind": "Jbsd", "n": 16, "want_grad": true, "c": 0.0, "c_raw": 0.0, "c_finite": true, "g_finite": true, "dx": 0.054902264821783724, "t": 25.149709701538086}
{"kind": "Jbca", "n": 16, "want_grad": true, "c": 0.017305666014483814, "c_raw": 0.017305666014483814, "c_finite": true, "g_finite": true, "dx": 0.054902264821783724, "t": 25.161428451538086}
time 25.164929151535034
result_code -1 FAILURE
minf 1.0000000000768665
||xopt-x0|| 0.0
eval counts {'f': 16, 'f_grad': 15, 'Jbsd': 16, 'Jbca': 16, 'dphis': 160}
xopt [0.125 0.25  0.25  0.25  0.125 0.25  0.25  0.25  0.125 0.25  0.25  0.25  0.125 0.25  0.125 0.25  0.125 0.25  0.25  0.25  0.125 0.25  0.25  0.25  0.125 0.25  0.25  0.25  0.125 0.25  0.125 0.25  0.    0.    0.    0.    0.    0.    0.    0.    0.    0.    0.    0.    0.    0.    0.    0.   ]
NLopt returned a failure code; exceptions were disabled so the script continued and wrote fin_* at the last evaluated x (x0 if no step was accepted).
End time:       Thu Sep 10 18:54:20 EDT 2026
