[gl012.hpc.nyu.edu:671414] pmix_mca_base_component_repository_open: unable to open /scratch/lf2869/conda_envs/desc/lib/pmix/pmix_mca_pcompress_zlib.so: File /scratch/lf2869/conda_envs/desc/lib/pmix/pmix_mca_pcompress_zlib.so.sl not found (ignored)
/scratch/lf2869/code/coil-fem/src/coil_fem/simsopt/coil_support_beams.py:293: UserWarning: Unrecognized keys in beam_options: ['comment'].
  warnings.warn(
Traceback (most recent call last):
  File "/scratch/lf2869/project/fem-data/cfqs-cc/./optimize_beams_auglag.py", line 113, in <module>
    Jstress.save_run_vtu("init_run_auglag")
  File "/scratch/lf2869/code/coil-fem/src/coil_fem/simsopt/objectives.py", line 390, in save_run_vtu
    return self.fem.save_run_vtu(
           ^^^^^^^^^^^^^^^^^^^^^^
  File "/scratch/lf2869/code/coil-fem/src/coil_fem/coil_fem.py", line 1706, in save_run_vtu
    result = self.run(
             ^^^^^^^^^
  File "/scratch/lf2869/code/coil-fem/src/coil_fem/coil_fem.py", line 932, in run
    solved = self._solve_all(
             ^^^^^^^^^^^^^^^^
  File "/scratch/lf2869/code/coil-fem/src/coil_fem/coil_fem.py", line 838, in _solve_all
    result = solve_monolithic(
             ^^^^^^^^^^^^^^^^^
  File "/scratch/lf2869/code/coil-fem/src/coil_fem/coupling/drivers.py", line 606, in solve_monolithic
    sol_flat = static.merged_solve(
               ^^^^^^^^^^^^^^^^^^^^
  File "/scratch/lf2869/code/coil-fem/src/coil_fem/coupling/drivers.py", line 412, in merged_solve
    csr_values = assemble_csr_values(V_merged, coo_to_csr, nnz_csr)
                 ^^^^^^^^^^^^^^^^^^^^^^^^^^^^^^^^^^^^^^^^^^^^^^^^^^
jax.errors.UnexpectedTracerError: Encountered an unexpected tracer. A function transformed by JAX had a side effect, allowing for a reference to an intermediate value with type int32[120271104] wrapped in a DynamicJaxprTracer to escape the scope of the transformation.
JAX transformations require that functions explicitly return their outputs, and disallow saving intermediate values to global state.
The function being traced when the value leaked was _weighted_J at /scratch/lf2869/code/coil-fem/src/coil_fem/simsopt/objectives.py:239 traced for jit.
------------------------------
The leaked intermediate value was created on line /scratch/lf2869/code/coil-fem/src/coil_fem/solvers/cudss.py:233:8 (build_csr_pattern). 
------------------------------
When the value was created, the final 5 stack frames (most recent last) excluding JAX-internal frames were:
------------------------------
/scratch/lf2869/code/coil-fem/src/coil_fem/coil_fem.py:1116:17 (CoilFEM.objective)
/scratch/lf2869/code/coil-fem/src/coil_fem/coil_fem.py:840:20 (CoilFEM._solve_all)
/scratch/lf2869/code/coil-fem/src/coil_fem/coil_fem.py:381:15 (CoilFEM.monolithic_static)
/scratch/lf2869/code/coil-fem/src/coil_fem/coil_fem.py:502:57 (CoilFEM.build_monolithic_static)
/scratch/lf2869/code/coil-fem/src/coil_fem/solvers/cudss.py:233:8 (build_csr_pattern)
------------------------------

To catch the leak earlier, try setting the environment variable JAX_CHECK_TRACER_LEAKS or using the `jax.checking_leaks` context manager.
See https://docs.jax.dev/en/latest/errors.html#jax.errors.UnexpectedTracerError
--------------------
For simplicity, JAX has removed its internal frames from the traceback of the following exception. Set JAX_TRACEBACK_FILTERING=off to include these.
