Job ID:         17329098
Nodes:          1
CPUs per task:  4
Start time:     Thu Sep 10 14:57:32 EDT 2026
       __       ___      ___   ___                _______  _______ .___  ___. 
      |  |     /   \     \  \ /  /               |   ____||   ____||   \/   | 
      |  |    /  ^  \     \  V  /      ______    |  |__   |  |__   |  \  /  | 
.--.  |  |   /  /_\  \     >   <      |______|   |   __|  |   __|  |  |\/|  | 
|  `--'  |  /  _____  \   /  .  \                |  |     |  |____ |  |  |  | 
 \______/  /__/     \__\ /__/ \__\               |__|     |_______||__|  |__| 
                                                                              

k_attachment is not provided. Based on the coil's stiffness, the auto-generated value is 4.0940e+14 N/m3.
Beam network initialized.
Optimizing:
    dphis_end_cc - per-coil shapes: [(4,), (4,), (4,), (2,), (2,)]
    dphis_start_cc - per-coil shapes: [(4,), (4,), (4,), (2,), (2,)]
    thetas_orientation_cc - per-coil shapes: [(4,), (4,), (4,), (2,), (2,)]
Fixing:
    w1_beam
    w2_beam
    dphis_start_cf
    x_foundation
    thetas_orientation_cf
Total # dofs: 48
solving with float64
# mesh node for all coils: [36400, 36400, 36400, 36400]
# mesh cell for all coils: [21600, 21600, 21600, 21600]
solving with float64
MAXITER = 1000
# free dofs = 48
# linear inequality constraints = 10
BSD_PENALTY_WEIGHT = 10.0
x0 finite True in bounds True
lb/ub finite True True
J0 3.6488658887116826e+17 ||g0|| 1.869810908056294e+20 g0 finite True
Jbsd 0.0 Jbsd*w 0.0
Jbca 0.0
dphis residuals (sum-1) [-0.125 -0.125 -0.125 -0.625 -0.625 -0.125 -0.125 -0.125 -0.625 -0.625]
con2 0.0 auglag rho guess 10.0
nlopt 2.11.0
starting opt.optimize
{"kind": "f", "n": 1, "want_grad": false, "J": 3.64886588858972e+17, "dx": 0.0, "x_norm": 1.2374368670764582, "x_maxabs": 0.25, "x_finite": true, "t": 1.5742700099945068}
{"kind": "Jbsd", "n": 1, "want_grad": false, "c": 0.0, "c_raw": 0.0, "c_finite": true, "g_finite": true, "dx": 0.0, "t": 1.5929296016693115}
{"kind": "Jbca", "n": 1, "want_grad": false, "c": 0.0, "c_raw": 0.0, "c_finite": true, "g_finite": true, "dx": 0.0, "t": 1.6105363368988037}
{"kind": "f", "n": 2, "want_grad": true, "J": 3.6488658886738214e+17, "dx": 0.0, "x_norm": 1.2374368670764582, "x_maxabs": 0.25, "x_finite": true, "g_norm": 1.8698109080313895e+20, "g_maxabs": 8.605840365654953e+19, "g_finite": true, "t": 3.161020517349243}
{"kind": "Jbsd", "n": 2, "want_grad": true, "c": 0.0, "c_raw": 0.0, "c_finite": true, "g_finite": true, "dx": 0.0, "t": 3.1824162006378174}
{"kind": "Jbca", "n": 2, "want_grad": true, "c": 0.0, "c_raw": 0.0, "c_finite": true, "g_finite": true, "dx": 0.0, "t": 3.205991268157959}
{"kind": "f", "n": 3, "want_grad": true, "J": 5.30026469612379e+17, "dx": 0.8103352980719457, "x_norm": 1.711633946313235, "x_maxabs": 0.6246337679236487, "x_finite": true, "g_norm": 1.3641980347802255e+21, "g_maxabs": 7.775008637951997e+20, "g_finite": true, "t": 4.76595664024353}
{"kind": "Jbsd", "n": 3, "want_grad": true, "c": 0.0015175666081069226, "c_raw": 0.00015175666081069226, "c_finite": true, "g_finite": true, "dx": 0.8103352980719457, "t": 4.803577184677124}
{"kind": "Jbca", "n": 3, "want_grad": true, "c": 0.03811392494229432, "c_raw": 0.03811392494229432, "c_finite": true, "g_finite": true, "dx": 0.8103352980719457, "t": 4.827688455581665}
{"kind": "f", "n": 4, "want_grad": true, "J": 3.6365692486579546e+17, "dx": 0.05487702067981487, "x_norm": 1.258768061309891, "x_maxabs": 0.27537071392375373, "x_finite": true, "g_norm": 2.5724445322008324e+20, "g_maxabs": 1.5760035355425348e+20, "g_finite": true, "t": 6.38216757774353}
{"kind": "Jbsd", "n": 4, "want_grad": true, "c": 0.0, "c_raw": 0.0, "c_finite": true, "g_finite": true, "dx": 0.05487702067981487, "t": 6.404549598693848}
{"kind": "Jbca", "n": 4, "want_grad": true, "c": 0.0173012447180326, "c_raw": 0.0173012447180326, "c_finite": true, "g_finite": true, "dx": 0.05487702067981487, "t": 6.426767110824585}
{"kind": "f", "n": 5, "want_grad": true, "J": 7.845825942264033e+17, "dx": 0.9791622077416163, "x_norm": 1.8219971656472573, "x_maxabs": 0.6243306312228987, "x_finite": true, "g_norm": 4.9817219608872564e+20, "g_maxabs": 2.7635614796920914e+20, "g_finite": true, "t": 7.982409238815308}
{"kind": "Jbsd", "n": 5, "want_grad": true, "c": 0.007757647633872708, "c_raw": 0.0007757647633872708, "c_finite": true, "g_finite": true, "dx": 0.9791622077416163, "t": 8.003778219223022}
{"kind": "Jbca", "n": 5, "want_grad": true, "c": 0.03739427720197652, "c_raw": 0.03739427720197652, "c_finite": true, "g_finite": true, "dx": 0.9791622077416163, "t": 8.025679111480713}
{"kind": "f", "n": 6, "want_grad": true, "J": 4.3512877752597203e+17, "dx": 0.6140355886365988, "x_norm": 1.4336819417219973, "x_maxabs": 0.6249281723582124, "x_finite": true, "g_norm": 7.96704866142182e+20, "g_maxabs": 3.6788799368676875e+20, "g_finite": true, "t": 9.58012843132019}
{"kind": "Jbsd", "n": 6, "want_grad": true, "c": 0.0044132292593503175, "c_raw": 0.0004413229259350318, "c_finite": true, "g_finite": true, "dx": 0.6140355886365988, "t": 9.603401899337769}
{"kind": "Jbca", "n": 6, "want_grad": true, "c": 0.0177127231347804, "c_raw": 0.0177127231347804, "c_finite": true, "g_finite": true, "dx": 0.6140355886365988, "t": 9.626537322998047}
{"kind": "f", "n": 7, "want_grad": true, "J": 9.897640077027479e+17, "dx": 0.21710042995963078, "x_norm": 1.289156260438288, "x_maxabs": 0.3789521421787666, "x_finite": true, "g_norm": 7.548538257141862e+20, "g_maxabs": 3.5662473332629124e+20, "g_finite": true, "t": 11.182523250579834}
{"kind": "Jbsd", "n": 7, "want_grad": true, "c": 0.010705902721125173, "c_raw": 0.0010705902721125174, "c_finite": true, "g_finite": true, "dx": 0.21710042995963078, "t": 11.208521127700806}
{"kind": "Jbca", "n": 7, "want_grad": true, "c": 0.01745998885952672, "c_raw": 0.01745998885952672, "c_finite": true, "g_finite": true, "dx": 0.21710042995963078, "t": 11.233230590820312}
{"kind": "f", "n": 8, "want_grad": true, "J": 2.2437366919560192e+17, "dx": 0.0647727642101325, "x_norm": 1.2614121480904974, "x_maxabs": 0.2753358558871945, "x_finite": true, "g_norm": 2.4815201650147603e+20, "g_maxabs": 1.1141661488790792e+20, "g_finite": true, "t": 12.790409088134766}
{"kind": "Jbsd", "n": 8, "want_grad": true, "c": 0.0, "c_raw": 0.0, "c_finite": true, "g_finite": true, "dx": 0.0647727642101325, "t": 12.817469120025635}
{"kind": "Jbca", "n": 8, "want_grad": true, "c": 0.01758353032281359, "c_raw": 0.01758353032281359, "c_finite": true, "g_finite": true, "dx": 0.0647727642101325, "t": 12.842847108840942}
{"kind": "f", "n": 9, "want_grad": true, "J": 8.978312705136957e+17, "dx": 0.5624364200456698, "x_norm": 1.4947381091604723, "x_maxabs": 0.6249730646880463, "x_finite": true, "g_norm": 1.1113946761447755e+20, "g_maxabs": 6.638955899084236e+19, "g_finite": true, "t": 14.402638912200928}
{"kind": "Jbsd", "n": 9, "want_grad": true, "c": 0.0032946462380897415, "c_raw": 0.00032946462380897416, "c_finite": true, "g_finite": true, "dx": 0.5624364200456698, "t": 14.42531967163086}
{"kind": "Jbca", "n": 9, "want_grad": true, "c": 0.017394037165614388, "c_raw": 0.017394037165614388, "c_finite": true, "g_finite": true, "dx": 0.5624364200456698, "t": 14.446323871612549}
{"kind": "f", "n": 10, "want_grad": true, "J": 3.0488119830893715e+17, "dx": 0.8010795150039909, "x_norm": 1.7489649819094184, "x_maxabs": 0.6250666424974369, "x_finite": true, "g_norm": 2.105231675415421e+19, "g_maxabs": 1.5657903589307711e+19, "g_finite": true, "t": 16.003955125808716}
{"kind": "Jbsd", "n": 10, "want_grad": true, "c": 0.005474793829785799, "c_raw": 0.0005474793829785799, "c_finite": true, "g_finite": true, "dx": 0.8010795150039909, "t": 16.02783703804016}
{"kind": "Jbca", "n": 10, "want_grad": true, "c": 0.018935982811517225, "c_raw": 0.018935982811517225, "c_finite": true, "g_finite": true, "dx": 0.8010795150039909, "t": 16.049657583236694}
{"kind": "f", "n": 11, "want_grad": true, "J": 6.491417403844259e+17, "dx": 0.27804259063084524, "x_norm": 1.3921008054148958, "x_maxabs": 0.3879566250978701, "x_finite": true, "g_norm": 1.4181896067066382e+20, "g_maxabs": 7.1148030463515296e+19, "g_finite": true, "t": 17.6050124168396}
{"kind": "Jbsd", "n": 11, "want_grad": true, "c": 0.0, "c_raw": 0.0, "c_finite": true, "g_finite": true, "dx": 0.27804259063084524, "t": 17.625648260116577}
{"kind": "Jbca", "n": 11, "want_grad": true, "c": 0.030702827132045293, "c_raw": 0.030702827132045293, "c_finite": true, "g_finite": true, "dx": 0.27804259063084524, "t": 17.646414756774902}
{"kind": "f", "n": 12, "want_grad": true, "J": 2.96920182411202e+17, "dx": 0.13181123565084812, "x_norm": 1.309315633144137, "x_maxabs": 0.3182084117596626, "x_finite": true, "g_norm": 2.6593162960737554e+20, "g_maxabs": 1.708917039730524e+20, "g_finite": true, "t": 19.201396465301514}
{"kind": "Jbsd", "n": 12, "want_grad": true, "c": 0.0, "c_raw": 0.0, "c_finite": true, "g_finite": true, "dx": 0.13181123565084812, "t": 19.224748849868774}
{"kind": "Jbca", "n": 12, "want_grad": true, "c": 0.023628065081077305, "c_raw": 0.023628065081077305, "c_finite": true, "g_finite": true, "dx": 0.13181123565084812, "t": 19.24583148956299}
{"kind": "f", "n": 13, "want_grad": true, "J": 1.9457914396803744e+17, "dx": 0.07839028137242537, "x_norm": 1.2765092909313704, "x_maxabs": 0.28684915147141854, "x_finite": true, "g_norm": 2.28920458773847e+20, "g_maxabs": 9.814690438311838e+19, "g_finite": true, "t": 20.79772710800171}
{"kind": "Jbsd", "n": 13, "want_grad": true, "c": 0.0, "c_raw": 0.0, "c_finite": true, "g_finite": true, "dx": 0.07839028137242537, "t": 20.821691751480103}
{"kind": "Jbca", "n": 13, "want_grad": true, "c": 0.017292754611762797, "c_raw": 0.017292754611762797, "c_finite": true, "g_finite": true, "dx": 0.07839028137242537, "t": 20.843779802322388}
{"kind": "f", "n": 14, "want_grad": true, "J": 9.686664581116273e+17, "dx": 0.7645131987512298, "x_norm": 1.7640862349438104, "x_maxabs": 0.6254553457625076, "x_finite": true, "g_norm": 5.128857968471322e+20, "g_maxabs": 2.8637892015549107e+20, "g_finite": true, "t": 22.400893449783325}
{"kind": "Jbsd", "n": 14, "want_grad": true, "c": 0.00938785797430678, "c_raw": 0.000938785797430678, "c_finite": true, "g_finite": true, "dx": 0.7645131987512298, "t": 22.42590594291687}
{"kind": "Jbca", "n": 14, "want_grad": true, "c": 2.8311420996592775e-05, "c_raw": 2.8311420996592775e-05, "c_finite": true, "g_finite": true, "dx": 0.7645131987512298, "t": 22.447256088256836}
{"kind": "f", "n": 15, "want_grad": true, "J": 6.539997868201998e+17, "dx": 0.8847427067651127, "x_norm": 1.8061727480722434, "x_maxabs": 0.624750520868501, "x_finite": true, "g_norm": 2.3953084315739475e+20, "g_maxabs": 1.3404335805057466e+20, "g_finite": true, "t": 24.00313711166382}
{"kind": "Jbsd", "n": 15, "want_grad": true, "c": 0.017695788577185373, "c_raw": 0.0017695788577185372, "c_finite": true, "g_finite": true, "dx": 0.8847427067651127, "t": 24.030295372009277}
{"kind": "Jbca", "n": 15, "want_grad": true, "c": 0.00010214821107297775, "c_raw": 0.00010214821107297775, "c_finite": true, "g_finite": true, "dx": 0.8847427067651127, "t": 24.05009698867798}
{"kind": "f", "n": 16, "want_grad": true, "J": 9.355096109061217e+17, "dx": 0.4115686814452723, "x_norm": 1.4753141686170863, "x_maxabs": 0.4215846712708793, "x_finite": true, "g_norm": 4.129266000898268e+20, "g_maxabs": 2.8894028585984695e+20, "g_finite": true, "t": 25.60161852836609}
{"kind": "Jbsd", "n": 16, "want_grad": true, "c": 0.01845638434315758, "c_raw": 0.0018456384343157582, "c_finite": true, "g_finite": true, "dx": 0.4115686814452723, "t": 25.624953746795654}
{"kind": "Jbca", "n": 16, "want_grad": true, "c": 0.0, "c_raw": 0.0, "c_finite": true, "g_finite": true, "dx": 0.4115686814452723, "t": 25.64692211151123}
{"kind": "f", "n": 17, "want_grad": true, "J": 3.974510408730568e+17, "dx": 0.19561860682187213, "x_norm": 1.3502851868979742, "x_maxabs": 0.3260253725940137, "x_finite": true, "g_norm": 3.0104125290068096e+20, "g_maxabs": 1.410357083228466e+20, "g_finite": true, "t": 27.204359531402588}
{"kind": "Jbsd", "n": 17, "want_grad": true, "c": 0.0005506525021962983, "c_raw": 5.5065250219629835e-05, "c_finite": true, "g_finite": true, "dx": 0.19561860682187213, "t": 27.228610277175903}
{"kind": "Jbca", "n": 17, "want_grad": true, "c": 0.0023949712171437306, "c_raw": 0.0023949712171437306, "c_finite": true, "g_finite": true, "dx": 0.19561860682187213, "t": 27.25211191177368}
{"kind": "f", "n": 18, "want_grad": true, "J": 2.8635450955951568e+17, "dx": 0.1028162372444196, "x_norm": 1.2981794896048322, "x_maxabs": 0.29063855718906206, "x_finite": true, "g_norm": 1.718726436914455e+20, "g_maxabs": 1.2116225525382198e+20, "g_finite": true, "t": 28.806265830993652}
{"kind": "Jbsd", "n": 18, "want_grad": true, "c": 0.0, "c_raw": 0.0, "c_finite": true, "g_finite": true, "dx": 0.1028162372444196, "t": 28.828756093978882}
{"kind": "Jbca", "n": 18, "want_grad": true, "c": 0.0, "c_raw": 0.0, "c_finite": true, "g_finite": true, "dx": 0.1028162372444196, "t": 28.850175857543945}
{"kind": "f", "n": 19, "want_grad": true, "J": 1.7985396786343715e+17, "dx": 0.08274563703912916, "x_norm": 1.2824358238950495, "x_maxabs": 0.28607485633707297, "x_finite": true, "g_norm": 2.5513200720793046e+20, "g_maxabs": 1.286604132254105e+20, "g_finite": true, "t": 30.40462374687195}
{"kind": "Jbsd", "n": 19, "want_grad": true, "c": 0.0, "c_raw": 0.0, "c_finite": true, "g_finite": true, "dx": 0.08274563703912916, "t": 30.427109956741333}
{"kind": "Jbca", "n": 19, "want_grad": true, "c": 0.013684032200519365, "c_raw": 0.013684032200519365, "c_finite": true, "g_finite": true, "dx": 0.08274563703912916, "t": 30.45038080215454}
{"kind": "f", "n": 20, "want_grad": true, "J": 8.313483961429087e+17, "dx": 0.5811623861093742, "x_norm": 1.5140606063333222, "x_maxabs": 0.6249563613400252, "x_finite": true, "g_norm": 4.613810796194222e+20, "g_maxabs": 3.092324708575399e+20, "g_finite": true, "t": 32.00849771499634}
{"kind": "Jbsd", "n": 20, "want_grad": true, "c": 0.013622078858238164, "c_raw": 0.0013622078858238165, "c_finite": true, "g_finite": true, "dx": 0.5811623861093742, "t": 32.03075647354126}
{"kind": "Jbca", "n": 20, "want_grad": true, "c": 0.00856713052909667, "c_raw": 0.00856713052909667, "c_finite": true, "g_finite": true, "dx": 0.5811623861093742, "t": 32.05255198478699}
{"kind": "f", "n": 21, "want_grad": true, "J": 2.0640971961921234e+18, "dx": 0.7223235303930702, "x_norm": 1.495445533999562, "x_maxabs": 0.6247035217202701, "x_finite": true, "g_norm": 9.206625985444015e+20, "g_maxabs": 4.5710057877061553e+20, "g_finite": true, "t": 33.60896825790405}
{"kind": "Jbsd", "n": 21, "want_grad": true, "c": 0.00507960822530018, "c_raw": 0.000507960822530018, "c_finite": true, "g_finite": true, "dx": 0.7223235303930702, "t": 33.63224005699158}
{"kind": "Jbca", "n": 21, "want_grad": true, "c": 0.0013732526167348912, "c_raw": 0.0013732526167348912, "c_finite": true, "g_finite": true, "dx": 0.7223235303930702, "t": 33.65393662452698}
{"kind": "f", "n": 22, "want_grad": true, "J": 4.2862068814555795e+17, "dx": 0.15356463860287436, "x_norm": 1.2932477641733406, "x_maxabs": 0.3295320378916584, "x_finite": true, "g_norm": 7.0860187860961804e+19, "g_maxabs": 3.770947703678802e+19, "g_finite": true, "t": 35.20878458023071}
{"kind": "Jbsd", "n": 22, "want_grad": true, "c": 0.0003607068130818899, "c_raw": 3.607068130818899e-05, "c_finite": true, "g_finite": true, "dx": 0.15356463860287436, "t": 35.236332178115845}
{"kind": "Jbca", "n": 22, "want_grad": true, "c": 0.0, "c_raw": 0.0, "c_finite": true, "g_finite": true, "dx": 0.15356463860287436, "t": 35.258585929870605}
{"kind": "f", "n": 23, "want_grad": true, "J": 2.892823634276664e+17, "dx": 0.10244224690766156, "x_norm": 1.2853750914233193, "x_maxabs": 0.2971254108054025, "x_finite": true, "g_norm": 1.4187687708175453e+20, "g_maxabs": 9.919714854868065e+19, "g_finite": true, "t": 36.81529092788696}
{"kind": "Jbsd", "n": 23, "want_grad": true, "c": 0.0, "c_raw": 0.0, "c_finite": true, "g_finite": true, "dx": 0.10244224690766156, "t": 36.83786725997925}
{"kind": "Jbca", "n": 23, "want_grad": true, "c": 6.441010749385582e-05, "c_raw": 6.441010749385582e-05, "c_finite": true, "g_finite": true, "dx": 0.10244224690766156, "t": 36.85924792289734}
{"kind": "f", "n": 24, "want_grad": true, "J": 2.235740721182532e+17, "dx": 0.08706286847606752, "x_norm": 1.2831248211619142, "x_maxabs": 0.2875365367168237, "x_finite": true, "g_norm": 5.537258857279716e+20, "g_maxabs": 2.7600088300706385e+20, "g_finite": true, "t": 38.415621757507324}
{"kind": "Jbsd", "n": 24, "want_grad": true, "c": 0.0, "c_raw": 0.0, "c_finite": true, "g_finite": true, "dx": 0.08706286847606752, "t": 38.43718504905701}
{"kind": "Jbca", "n": 24, "want_grad": true, "c": 0.006519550509715326, "c_raw": 0.006519550509715326, "c_finite": true, "g_finite": true, "dx": 0.08706286847606752, "t": 38.45914435386658}
{"kind": "f", "n": 25, "want_grad": true, "J": 2.1510714833109306e+17, "dx": 0.08344526075414843, "x_norm": 1.2825518592936251, "x_maxabs": 0.2863310883663394, "x_finite": true, "g_norm": 4.634734836312098e+20, "g_maxabs": 2.5124097092956245e+20, "g_finite": true, "t": 40.01257848739624}
{"kind": "Jbsd", "n": 25, "want_grad": true, "c": 0.0, "c_raw": 0.0, "c_finite": true, "g_finite": true, "dx": 0.08344526075414843, "t": 40.034804582595825}
{"kind": "Jbca", "n": 25, "want_grad": true, "c": 0.012524173209294479, "c_raw": 0.012524173209294479, "c_finite": true, "g_finite": true, "dx": 0.08344526075414843, "t": 40.0559663772583}
{"kind": "f", "n": 26, "want_grad": true, "J": 2.0279606352336672e+17, "dx": 0.08293523222305137, "x_norm": 1.2824674887657035, "x_maxabs": 0.2861452233806859, "x_finite": true, "g_norm": 7.003579054575747e+19, "g_maxabs": 3.805238946843512e+19, "g_finite": true, "t": 41.611679553985596}
{"kind": "Jbsd", "n": 26, "want_grad": true, "c": 0.0, "c_raw": 0.0, "c_finite": true, "g_finite": true, "dx": 0.08293523222305137, "t": 41.63504934310913}
{"kind": "Jbca", "n": 26, "want_grad": true, "c": 0.01337426682182739, "c_raw": 0.01337426682182739, "c_finite": true, "g_finite": true, "dx": 0.08293523222305137, "t": 41.656383752822876}
{"kind": "f", "n": 27, "want_grad": true, "J": 1.7961213389937597e+17, "dx": 0.08278855701732814, "x_norm": 1.2824430071187374, "x_maxabs": 0.2860908489145753, "x_finite": true, "g_norm": 1.9040813318131987e+20, "g_maxabs": 9.183904506610031e+19, "g_finite": true, "t": 43.21319127082825}
{"kind": "Jbsd", "n": 27, "want_grad": true, "c": 0.0, "c_raw": 0.0, "c_finite": true, "g_finite": true, "dx": 0.08278855701732814, "t": 43.23669481277466}
{"kind": "Jbca", "n": 27, "want_grad": true, "c": 0.013614265612194762, "c_raw": 0.013614265612194762, "c_finite": true, "g_finite": true, "dx": 0.08278855701732814, "t": 43.25755047798157}
{"kind": "f", "n": 28, "want_grad": true, "J": 7.994951918090652e+17, "dx": 0.7794268824294689, "x_norm": 1.669616321743112, "x_maxabs": 0.6255086292850212, "x_finite": true, "g_norm": 5.2275200430171514e+20, "g_maxabs": 2.222439118712655e+20, "g_finite": true, "t": 44.81227684020996}
{"kind": "Jbsd", "n": 28, "want_grad": true, "c": 0.009807609708689647, "c_raw": 0.0009807609708689647, "c_finite": true, "g_finite": true, "dx": 0.7794268824294689, "t": 44.83596682548523}
{"kind": "Jbca", "n": 28, "want_grad": true, "c": 0.0, "c_raw": 0.0, "c_finite": true, "g_finite": true, "dx": 0.7794268824294689, "t": 44.857033014297485}
{"kind": "f", "n": 29, "want_grad": true, "J": 7.580719962966487e+17, "dx": 0.7724339129507954, "x_norm": 1.6985165473787338, "x_maxabs": 0.6257072767277736, "x_finite": true, "g_norm": 7.910071491213483e+20, "g_maxabs": 3.567708639525675e+20, "g_finite": true, "t": 46.4083936214447}
{"kind": "Jbsd", "n": 29, "want_grad": true, "c": 0.0037587292495015376, "c_raw": 0.00037587292495015376, "c_finite": true, "g_finite": true, "dx": 0.7724339129507954, "t": 46.43091082572937}
{"kind": "Jbca", "n": 29, "want_grad": true, "c": 0.012248093783102574, "c_raw": 0.012248093783102574, "c_finite": true, "g_finite": true, "dx": 0.7724339129507954, "t": 46.45105957984924}
{"kind": "f", "n": 30, "want_grad": true, "J": 7.755882655294505e+17, "dx": 0.26740439626741336, "x_norm": 1.384867300530948, "x_maxabs": 0.3790604689801457, "x_finite": true, "g_norm": 9.836930234361623e+19, "g_maxabs": 5.910130183959164e+19, "g_finite": true, "t": 48.008883476257324}
{"kind": "Jbsd", "n": 30, "want_grad": true, "c": 0.0010949481289604154, "c_raw": 0.00010949481289604153, "c_finite": true, "g_finite": true, "dx": 0.26740439626741336, "t": 48.03182768821716}
{"kind": "Jbca", "n": 30, "want_grad": true, "c": 0.0051376050277610495, "c_raw": 0.0051376050277610495, "c_finite": true, "g_finite": true, "dx": 0.26740439626741336, "t": 48.053523540496826}
{"kind": "f", "n": 31, "want_grad": true, "J": 3.831627522356661e+17, "dx": 0.1293070633791955, "x_norm": 1.3153414649053492, "x_maxabs": 0.30486334987266817, "x_finite": true, "g_norm": 2.964933502274637e+20, "g_maxabs": 2.089616384364443e+20, "g_finite": true, "t": 49.61014795303345}
{"kind": "Jbsd", "n": 31, "want_grad": true, "c": 0.0, "c_raw": 0.0, "c_finite": true, "g_finite": true, "dx": 0.1293070633791955, "t": 49.6322124004364}
{"kind": "Jbca", "n": 31, "want_grad": true, "c": 0.00573583015401369, "c_raw": 0.00573583015401369, "c_finite": true, "g_finite": true, "dx": 0.1293070633791955, "t": 49.65492534637451}
{"kind": "f", "n": 32, "want_grad": true, "J": 2.921555044551133e+17, "dx": 0.09901406616683103, "x_norm": 1.2980714208471087, "x_maxabs": 0.2896682885105694, "x_finite": true, "g_norm": 9.559619404301623e+19, "g_maxabs": 6.657818931568732e+19, "g_finite": true, "t": 51.21598553657532}
{"kind": "Jbsd", "n": 32, "want_grad": true, "c": 0.0, "c_raw": 0.0, "c_finite": true, "g_finite": true, "dx": 0.09901406616683103, "t": 51.236990451812744}
{"kind": "Jbca", "n": 32, "want_grad": true, "c": 0.017345748572438043, "c_raw": 0.017345748572438043, "c_finite": true, "g_finite": true, "dx": 0.09901406616683103, "t": 51.25886559486389}
{"kind": "f", "n": 33, "want_grad": true, "J": 1.9639627594566906e+17, "dx": 0.08625956738859615, "x_norm": 1.287660358834723, "x_maxabs": 0.28731802501835496, "x_finite": true, "g_norm": 3.316559711400456e+19, "g_maxabs": 1.5603150990490993e+19, "g_finite": true, "t": 52.81814455986023}
{"kind": "Jbsd", "n": 33, "want_grad": true, "c": 0.0, "c_raw": 0.0, "c_finite": true, "g_finite": true, "dx": 0.08625956738859615, "t": 52.8411979675293}
{"kind": "Jbca", "n": 33, "want_grad": true, "c": 0.01638315514229355, "c_raw": 0.01638315514229355, "c_finite": true, "g_finite": true, "dx": 0.08625956738859615, "t": 52.862027406692505}
{"kind": "f", "n": 34, "want_grad": true, "J": 1.8673135327475194e+17, "dx": 0.08368424957341611, "x_norm": 1.2841940334789261, "x_maxabs": 0.28650670453990923, "x_finite": true, "g_norm": 2.8255506327241716e+19, "g_maxabs": 1.1299410221077627e+19, "g_finite": true, "t": 54.41612219810486}
{"kind": "Jbsd", "n": 34, "want_grad": true, "c": 0.0, "c_raw": 0.0, "c_finite": true, "g_finite": true, "dx": 0.08368424957341611, "t": 54.435259103775024}
{"kind": "Jbca", "n": 34, "want_grad": true, "c": 0.014676974561067155, "c_raw": 0.014676974561067155, "c_finite": true, "g_finite": true, "dx": 0.08368424957341611, "t": 54.45608139038086}
{"kind": "f", "n": 35, "want_grad": true, "J": 2.8363240835822998e+17, "dx": 0.08303935935887334, "x_norm": 1.282994209066373, "x_maxabs": 0.2862222037359888, "x_finite": true, "g_norm": 1.4080702925159432e+20, "g_maxabs": 5.840963166368432e+19, "g_finite": true, "t": 56.01046133041382}
{"kind": "Jbsd", "n": 35, "want_grad": true, "c": 0.0, "c_raw": 0.0, "c_finite": true, "g_finite": true, "dx": 0.08303935935887334, "t": 56.03458118438721}
{"kind": "Jbca", "n": 35, "want_grad": true, "c": 0.013961475367736065, "c_raw": 0.013961475367736065, "c_finite": true, "g_finite": true, "dx": 0.08303935935887334, "t": 56.05820655822754}
{"kind": "f", "n": 36, "want_grad": true, "J": 1.7675529065214886e+17, "dx": 0.08282667410611763, "x_norm": 1.282531084481763, "x_maxabs": 0.2861118662554599, "x_finite": true, "g_norm": 1.935217841578278e+20, "g_maxabs": 1.3217564776381127e+20, "g_finite": true, "t": 57.61186671257019}
{"kind": "Jbsd", "n": 36, "want_grad": true, "c": 0.0, "c_raw": 0.0, "c_finite": true, "g_finite": true, "dx": 0.08282667410611763, "t": 57.63613772392273}
{"kind": "Jbca", "n": 36, "want_grad": true, "c": 0.013670484722039522, "c_raw": 0.013670484722039522, "c_finite": true, "g_finite": true, "dx": 0.08282667410611763, "t": 57.65885519981384}
{"kind": "f", "n": 37, "want_grad": true, "J": 4.841680060433449e+17, "dx": 0.5335250566317048, "x_norm": 1.4452916461964855, "x_maxabs": 0.624690448135562, "x_finite": true, "g_norm": 6.450044861457048e+19, "g_maxabs": 2.947422097923218e+19, "g_finite": true, "t": 59.215885400772095}
{"kind": "Jbsd", "n": 37, "want_grad": true, "c": 0.0026714530961944906, "c_raw": 0.00026714530961944905, "c_finite": true, "g_finite": true, "dx": 0.5335250566317048, "t": 59.23956513404846}
{"kind": "Jbca", "n": 37, "want_grad": true, "c": 0.0009234664724371699, "c_raw": 0.0009234664724371699, "c_finite": true, "g_finite": true, "dx": 0.5335250566317048, "t": 59.26484179496765}
{"kind": "f", "n": 38, "want_grad": true, "J": 4.413565363884381e+17, "dx": 0.5407198671750731, "x_norm": 1.4241641653236912, "x_maxabs": 0.6247330517005102, "x_finite": true, "g_norm": 1.2457047095996078e+20, "g_maxabs": 6.14481401714049e+19, "g_finite": true, "t": 60.827656745910645}
{"kind": "Jbsd", "n": 38, "want_grad": true, "c": 0.002656436879510219, "c_raw": 0.00026564368795102186, "c_finite": true, "g_finite": true, "dx": 0.5407198671750731, "t": 60.85175180435181}
{"kind": "Jbca", "n": 38, "want_grad": true, "c": 0.005426491395837691, "c_raw": 0.005426491395837691, "c_finite": true, "g_finite": true, "dx": 0.5407198671750731, "t": 60.87810134887695}
{"kind": "f", "n": 39, "want_grad": true, "J": 9.189764239853121e+17, "dx": 0.2211134667278621, "x_norm": 1.31197196366917, "x_maxabs": 0.40079332741635143, "x_finite": true, "g_norm": 9.085829453472449e+19, "g_maxabs": 4.346786257888608e+19, "g_finite": true, "t": 62.43617057800293}
{"kind": "Jbsd", "n": 39, "want_grad": true, "c": 0.0032690040371902793, "c_raw": 0.0003269004037190279, "c_finite": true, "g_finite": true, "dx": 0.2211134667278621, "t": 62.458600759506226}
{"kind": "Jbca", "n": 39, "want_grad": true, "c": 0.004671798963601364, "c_raw": 0.004671798963601364, "c_finite": true, "g_finite": true, "dx": 0.2211134667278621, "t": 62.48083448410034}
{"kind": "f", "n": 40, "want_grad": true, "J": 3.7129705108216384e+17, "dx": 0.12273073631057768, "x_norm": 1.2906564169039934, "x_maxabs": 0.3244324281817616, "x_finite": true, "g_norm": 4.688794579457304e+20, "g_maxabs": 2.1054556798743636e+20, "g_finite": true, "t": 64.03727507591248}
{"kind": "Jbsd", "n": 40, "want_grad": true, "c": 3.29332903423165e-06, "c_raw": 3.29332903423165e-07, "c_finite": true, "g_finite": true, "dx": 0.12273073631057768, "t": 64.06002449989319}
{"kind": "Jbca", "n": 40, "want_grad": true, "c": 0.0, "c_raw": 0.0, "c_finite": true, "g_finite": true, "dx": 0.12273073631057768, "t": 64.08245325088501}
{"kind": "f", "n": 41, "want_grad": true, "J": 2.93871783865706e+17, "dx": 0.0959121005916693, "x_norm": 1.2854824801127274, "x_maxabs": 0.2981003434519082, "x_finite": true, "g_norm": 3.6499130639130414e+20, "g_maxabs": 2.4707557945477012e+20, "g_finite": true, "t": 65.64045238494873}
{"kind": "Jbsd", "n": 41, "want_grad": true, "c": 0.0, "c_raw": 0.0, "c_finite": true, "g_finite": true, "dx": 0.0959121005916693, "t": 65.66270446777344}
{"kind": "Jbca", "n": 41, "want_grad": true, "c": 0.0, "c_raw": 0.0, "c_finite": true, "g_finite": true, "dx": 0.0959121005916693, "t": 65.68447518348694}
{"kind": "f", "n": 42, "want_grad": true, "J": 2.2907909818977542e+17, "dx": 0.0843935361736298, "x_norm": 1.2829448028617196, "x_maxabs": 0.28576842426678517, "x_finite": true, "g_norm": 1.9374129521418836e+20, "g_maxabs": 1.192569857904277e+20, "g_finite": true, "t": 67.23814940452576}
{"kind": "Jbsd", "n": 42, "want_grad": true, "c": 0.0, "c_raw": 0.0, "c_finite": true, "g_finite": true, "dx": 0.0843935361736298, "t": 67.26036477088928}
{"kind": "Jbca", "n": 42, "want_grad": true, "c": 0.009397538824111982, "c_raw": 0.009397538824111982, "c_finite": true, "g_finite": true, "dx": 0.0843935361736298, "t": 67.2831826210022}
{"kind": "f", "n": 43, "want_grad": true, "J": 2.2317129169999328e+17, "dx": 0.08350470829417252, "x_norm": 1.2827141926027568, "x_maxabs": 0.2859585114160134, "x_finite": true, "g_norm": 8.558528949826906e+19, "g_maxabs": 4.1191074638257455e+19, "g_finite": true, "t": 68.83599638938904}
{"kind": "Jbsd", "n": 43, "want_grad": true, "c": 0.0, "c_raw": 0.0, "c_finite": true, "g_finite": true, "dx": 0.08350470829417252, "t": 68.85841917991638}
{"kind": "Jbca", "n": 43, "want_grad": true, "c": 0.011844483372712532, "c_raw": 0.011844483372712532, "c_finite": true, "g_finite": true, "dx": 0.08350470829417252, "t": 68.87940645217896}
{"kind": "f", "n": 44, "want_grad": true, "J": 1.6031362677580458e+17, "dx": 0.0830137712024707, "x_norm": 1.282582313117159, "x_maxabs": 0.28606873953179646, "x_finite": true, "g_norm": 9.55494111044367e+19, "g_maxabs": 3.3488563408218358e+19, "g_finite": true, "t": 70.43898034095764}
{"kind": "Jbsd", "n": 44, "want_grad": true, "c": 0.0, "c_raw": 0.0, "c_finite": true, "g_finite": true, "dx": 0.0830137712024707, "t": 70.46323847770691}
{"kind": "Jbca", "n": 44, "want_grad": true, "c": 0.013176658611729139, "c_raw": 0.013176658611729139, "c_finite": true, "g_finite": true, "dx": 0.0830137712024707, "t": 70.53425407409668}
{"kind": "f", "n": 45, "want_grad": true, "J": 6.155943932214787e+17, "dx": 1.062998463887978, "x_norm": 2.039459805298935, "x_maxabs": 0.6247433352609957, "x_finite": true, "g_norm": 3.574907582282901e+20, "g_maxabs": 1.9226245746659426e+20, "g_finite": true, "t": 72.10400009155273}
{"kind": "Jbsd", "n": 45, "want_grad": true, "c": 0.0027376814315373866, "c_raw": 0.00027376814315373867, "c_finite": true, "g_finite": true, "dx": 1.062998463887978, "t": 72.12571930885315}
{"kind": "Jbca", "n": 45, "want_grad": true, "c": 0.03083181001706903, "c_raw": 0.03083181001706903, "c_finite": true, "g_finite": true, "dx": 1.062998463887978, "t": 72.15219163894653}
{"kind": "f", "n": 46, "want_grad": true, "J": 8.694942421782958e+17, "dx": 1.0250393249180172, "x_norm": 1.9985060596005624, "x_maxabs": 0.6262165300210212, "x_finite": true, "g_norm": 1.0026393400255712e+20, "g_maxabs": 6.513579435881398e+19, "g_finite": true, "t": 73.71300625801086}
{"kind": "Jbsd", "n": 46, "want_grad": true, "c": 0.012181440715249108, "c_raw": 0.0012181440715249108, "c_finite": true, "g_finite": true, "dx": 1.0250393249180172, "t": 73.73708057403564}
{"kind": "Jbca", "n": 46, "want_grad": true, "c": 0.017447572462030395, "c_raw": 0.017447572462030395, "c_finite": true, "g_finite": true, "dx": 1.0250393249180172, "t": 73.75884628295898}
{"kind": "f", "n": 47, "want_grad": true, "J": 4.7279773511901056e+17, "dx": 0.29919851267588343, "x_norm": 1.4338818465541203, "x_maxabs": 0.37164583133939355, "x_finite": true, "g_norm": 1.7668625636559828e+20, "g_maxabs": 1.0879435590488346e+20, "g_finite": true, "t": 75.31502604484558}
{"kind": "Jbsd", "n": 47, "want_grad": true, "c": 0.0, "c_raw": 0.0, "c_finite": true, "g_finite": true, "dx": 0.29919851267588343, "t": 75.33972263336182}
{"kind": "Jbca", "n": 47, "want_grad": true, "c": 0.0031488221712504755, "c_raw": 0.0031488221712504755, "c_finite": true, "g_finite": true, "dx": 0.29919851267588343, "t": 75.36608695983887}
{"kind": "f", "n": 48, "want_grad": true, "J": 2.793555982107902e+17, "dx": 0.14007690521257865, "x_norm": 1.3265959741368674, "x_maxabs": 0.312679504612011, "x_finite": true, "g_norm": 9.058324950108532e+19, "g_maxabs": 5.406373173961897e+19, "g_finite": true, "t": 76.93130397796631}
{"kind": "Jbsd", "n": 48, "want_grad": true, "c": 0.0, "c_raw": 0.0, "c_finite": true, "g_finite": true, "dx": 0.14007690521257865, "t": 76.95507407188416}
{"kind": "Jbca", "n": 48, "want_grad": true, "c": 0.0003457208266528219, "c_raw": 0.0003457208266528219, "c_finite": true, "g_finite": true, "dx": 0.14007690521257865, "t": 76.98101663589478}
{"kind": "f", "n": 49, "want_grad": true, "J": 2.7211803328317325e+17, "dx": 0.10147843658912968, "x_norm": 1.2987495402810083, "x_maxabs": 0.2960570094223526, "x_finite": true, "g_norm": 3.471887892646077e+20, "g_maxabs": 1.524212328338838e+20, "g_finite": true, "t": 78.54184770584106}
{"kind": "Jbsd", "n": 49, "want_grad": true, "c": 0.0, "c_raw": 0.0, "c_finite": true, "g_finite": true, "dx": 0.10147843658912968, "t": 78.56424951553345}
{"kind": "Jbca", "n": 49, "want_grad": true, "c": 0.007137832988958569, "c_raw": 0.007137832988958569, "c_finite": true, "g_finite": true, "dx": 0.10147843658912968, "t": 78.58738851547241}
{"kind": "f", "n": 50, "want_grad": true, "J": 2.653473446459011e+17, "dx": 0.08606336277930929, "x_norm": 1.2855938806184233, "x_maxabs": 0.2879499894858124, "x_finite": true, "g_norm": 2.3358145834588478e+20, "g_maxabs": 1.238502778260559e+20, "g_finite": true, "t": 80.13955354690552}
{"kind": "Jbsd", "n": 50, "want_grad": true, "c": 0.0, "c_raw": 0.0, "c_finite": true, "g_finite": true, "dx": 0.08606336277930929, "t": 80.17121720314026}
{"kind": "Jbca", "n": 50, "want_grad": true, "c": 0.012078766778805983, "c_raw": 0.012078766778805983, "c_finite": true, "g_finite": true, "dx": 0.08606336277930929, "t": 80.19502377510071}
{"kind": "f", "n": 51, "want_grad": true, "J": 2.2876088112391283e+17, "dx": 0.08356916662670741, "x_norm": 1.2831475722557018, "x_maxabs": 0.286422592350544, "x_finite": true, "g_norm": 7.079834910339294e+19, "g_maxabs": 3.158451996849393e+19, "g_finite": true, "t": 81.75476622581482}
{"kind": "Jbsd", "n": 51, "want_grad": true, "c": 0.0, "c_raw": 0.0, "c_finite": true, "g_finite": true, "dx": 0.08356916662670741, "t": 81.79165935516357}
{"kind": "Jbca", "n": 51, "want_grad": true, "c": 0.012975395495340332, "c_raw": 0.012975395495340332, "c_finite": true, "g_finite": true, "dx": 0.08356916662670741, "t": 81.81793189048767}
{"kind": "f", "n": 52, "want_grad": true, "J": 1.5921906585984944e+17, "dx": 0.08308292866701514, "x_norm": 1.2826531558665841, "x_maxabs": 0.28611310629964765, "x_finite": true, "g_norm": 5.7092241527740524e+20, "g_maxabs": 3.240327813163665e+20, "g_finite": true, "t": 83.37641596794128}
{"kind": "Jbsd", "n": 52, "want_grad": true, "c": 0.0, "c_raw": 0.0, "c_finite": true, "g_finite": true, "dx": 0.08308292866701514, "t": 83.39868354797363}
{"kind": "Jbca", "n": 52, "want_grad": true, "c": 0.013151572152100343, "c_raw": 0.013151572152100343, "c_finite": true, "g_finite": true, "dx": 0.08308292866701514, "t": 83.41799092292786}
{"kind": "f", "n": 53, "want_grad": true, "J": 1.2039124727351685e+18, "dx": 0.834857504443919, "x_norm": 1.3854375041043692, "x_maxabs": 0.6245977980026322, "x_finite": true, "g_norm": 1.1350269072960795e+21, "g_maxabs": 5.592914498341883e+20, "g_finite": true, "t": 84.97206044197083}
{"kind": "Jbsd", "n": 53, "want_grad": true, "c": 0.0033747323417290024, "c_raw": 0.0003374732341729002, "c_finite": true, "g_finite": true, "dx": 0.834857504443919, "t": 84.99296426773071}
{"kind": "Jbca", "n": 53, "want_grad": true, "c": 0.027504500752674618, "c_raw": 0.027504500752674618, "c_finite": true, "g_finite": true, "dx": 0.834857504443919, "t": 85.01282215118408}
{"kind": "f", "n": 54, "want_grad": true, "J": 4.876347335478514e+17, "dx": 0.6463058956185296, "x_norm": 1.5360271687156681, "x_maxabs": 0.6250885676809868, "x_finite": true, "g_norm": 4.9800099242744853e+20, "g_maxabs": 2.766138621542636e+20, "g_finite": true, "t": 86.57049369812012}
{"kind": "Jbsd", "n": 54, "want_grad": true, "c": 0.002845575473327965, "c_raw": 0.0002845575473327965, "c_finite": true, "g_finite": true, "dx": 0.6463058956185296, "t": 86.59073662757874}
{"kind": "Jbca", "n": 54, "want_grad": true, "c": 0.02602357667316045, "c_raw": 0.02602357667316045, "c_finite": true, "g_finite": true, "dx": 0.6463058956185296, "t": 86.61129450798035}
{"kind": "f", "n": 55, "want_grad": true, "J": 9.667059659904948e+17, "dx": 0.23137452864783703, "x_norm": 1.3369688018554193, "x_maxabs": 0.38356242851311567, "x_finite": true, "g_norm": 2.2868789935623425e+20, "g_maxabs": 1.0405637596539729e+20, "g_finite": true, "t": 88.16574621200562}
{"kind": "Jbsd", "n": 55, "want_grad": true, "c": 0.0008823096458126666, "c_raw": 8.823096458126667e-05, "c_finite": true, "g_finite": true, "dx": 0.23137452864783703, "t": 88.18746089935303}
{"kind": "Jbca", "n": 55, "want_grad": true, "c": 0.0, "c_raw": 0.0, "c_finite": true, "g_finite": true, "dx": 0.23137452864783703, "t": 88.20818400382996}
{"kind": "f", "n": 56, "want_grad": true, "J": 2.7663729151911226e+17, "dx": 0.11889503618144949, "x_norm": 1.2979994238377786, "x_maxabs": 0.30997681265103155, "x_finite": true, "g_norm": 1.3461977235640331e+20, "g_maxabs": 5.734916657223041e+19, "g_finite": true, "t": 89.76481819152832}
{"kind": "Jbsd", "n": 56, "want_grad": true, "c": 0.0, "c_raw": 0.0, "c_finite": true, "g_finite": true, "dx": 0.11889503618144949, "t": 89.78679537773132}
{"kind": "Jbca", "n": 56, "want_grad": true, "c": 0.0, "c_raw": 0.0, "c_finite": true, "g_finite": true, "dx": 0.11889503618144949, "t": 89.80879545211792}
{"kind": "f", "n": 57, "want_grad": true, "J": 1.7906210787346554e+17, "dx": 0.09118374585331886, "x_norm": 1.2873399229600955, "x_maxabs": 0.28547520293471196, "x_finite": true, "g_norm": 1.4192756128114477e+20, "g_maxabs": 7.535247080039435e+19, "g_finite": true, "t": 91.36561846733093}
{"kind": "Jbsd", "n": 57, "want_grad": true, "c": 0.0, "c_raw": 0.0, "c_finite": true, "g_finite": true, "dx": 0.09118374585331886, "t": 91.3892548084259}
{"kind": "Jbca", "n": 57, "want_grad": true, "c": 0.014423832923692047, "c_raw": 0.014423832923692047, "c_finite": true, "g_finite": true, "dx": 0.09118374585331886, "t": 91.41229271888733}
{"kind": "f", "n": 58, "want_grad": true, "J": 2.0514627624741987e+17, "dx": 0.08524915628705258, "x_norm": 1.2841724708393596, "x_maxabs": 0.28590102663531825, "x_finite": true, "g_norm": 9.065182008900397e+19, "g_maxabs": 3.4241734281109963e+19, "g_finite": true, "t": 92.96591663360596}
{"kind": "Jbsd", "n": 58, "want_grad": true, "c": 0.0, "c_raw": 0.0, "c_finite": true, "g_finite": true, "dx": 0.08524915628705258, "t": 92.98742175102234}
{"kind": "Jbca", "n": 58, "want_grad": true, "c": 0.017246426656383006, "c_raw": 0.017246426656383006, "c_finite": true, "g_finite": true, "dx": 0.08524915628705258, "t": 93.00760507583618}
{"kind": "f", "n": 59, "want_grad": true, "J": 1.9082800634510506e+17, "dx": 0.0837077654282981, "x_norm": 1.2831301966835948, "x_maxabs": 0.28604593000496775, "x_finite": true, "g_norm": 1.62946960922457e+20, "g_maxabs": 6.606840144699431e+19, "g_finite": true, "t": 94.56224536895752}
{"kind": "Jbsd", "n": 59, "want_grad": true, "c": 0.0, "c_raw": 0.0, "c_finite": true, "g_finite": true, "dx": 0.0837077654282981, "t": 94.58246183395386}
{"kind": "Jbca", "n": 59, "want_grad": true, "c": 0.01433714053375718, "c_raw": 0.01433714053375718, "c_finite": true, "g_finite": true, "dx": 0.0837077654282981, "t": 94.60407519340515}
{"kind": "f", "n": 60, "want_grad": true, "J": 1.6085744768231245e+17, "dx": 0.08327505581989308, "x_norm": 1.2828042245740592, "x_maxabs": 0.2860917734705225, "x_finite": true, "g_norm": 2.038376163820842e+20, "g_maxabs": 1.315865712776425e+20, "g_finite": true, "t": 96.16107606887817}
{"kind": "Jbsd", "n": 60, "want_grad": true, "c": 0.0, "c_raw": 0.0, "c_finite": true, "g_finite": true, "dx": 0.08327505581989308, "t": 96.18334460258484}
{"kind": "Jbca", "n": 60, "want_grad": true, "c": 0.01354921144610284, "c_raw": 0.01354921144610284, "c_finite": true, "g_finite": true, "dx": 0.08327505581989308, "t": 96.20458316802979}
{"kind": "f", "n": 61, "want_grad": true, "J": 1.5851231108470534e+17, "dx": 0.08314727891985842, "x_norm": 1.2827042295320128, "x_maxabs": 0.2861058878260761, "x_finite": true, "g_norm": 6.153658076800405e+19, "g_maxabs": 2.44629496686476e+19, "g_finite": true, "t": 97.76007294654846}
{"kind": "Jbsd", "n": 61, "want_grad": true, "c": 0.0, "c_raw": 0.0, "c_finite": true, "g_finite": true, "dx": 0.08314727891985842, "t": 97.78461146354675}
{"kind": "Jbca", "n": 61, "want_grad": true, "c": 0.013288116292970267, "c_raw": 0.013288116292970267, "c_finite": true, "g_finite": true, "dx": 0.08314727891985842, "t": 97.80509948730469}
{"kind": "f", "n": 62, "want_grad": true, "J": 1.995512545229801e+18, "dx": 0.6056007188223861, "x_norm": 1.2392581323354481, "x_maxabs": 0.3571194987864017, "x_finite": true, "g_norm": 5.697014491835036e+20, "g_maxabs": 2.7248117761536583e+20, "g_finite": true, "t": 99.36098313331604}
{"kind": "Jbsd", "n": 62, "want_grad": true, "c": 0.00545962892407666, "c_raw": 0.000545962892407666, "c_finite": true, "g_finite": true, "dx": 0.6056007188223861, "t": 99.38423585891724}
{"kind": "Jbca", "n": 62, "want_grad": true, "c": 0.008076525660738706, "c_raw": 0.008076525660738706, "c_finite": true, "g_finite": true, "dx": 0.6056007188223861, "t": 99.40775656700134}
{"kind": "f", "n": 63, "want_grad": true, "J": 2.8277278297028813e+18, "dx": 0.6058894642887457, "x_norm": 1.223989217261757, "x_maxabs": 0.3582684947232586, "x_finite": true, "g_norm": 3.528460484239907e+20, "g_maxabs": 3.140462181868162e+20, "g_finite": true, "t": 100.96680974960327}
{"kind": "Jbsd", "n": 63, "want_grad": true, "c": 0.010897315517564066, "c_raw": 0.0010897315517564067, "c_finite": true, "g_finite": true, "dx": 0.6058894642887457, "t": 100.98794555664062}
{"kind": "Jbca", "n": 63, "want_grad": true, "c": 0.0077171671166161885, "c_raw": 0.0077171671166161885, "c_finite": true, "g_finite": true, "dx": 0.6058894642887457, "t": 101.00935244560242}
{"kind": "f", "n": 64, "want_grad": true, "J": 3.681324098173026e+17, "dx": 0.20855203913448275, "x_norm": 1.2264123294788596, "x_maxabs": 0.3046216896691184, "x_finite": true, "g_norm": 1.864903850827474e+20, "g_maxabs": 1.1937770787920308e+20, "g_finite": true, "t": 102.56606769561768}
{"kind": "Jbsd", "n": 64, "want_grad": true, "c": 1.3322355617158452e-06, "c_raw": 1.3322355617158453e-07, "c_finite": true, "g_finite": true, "dx": 0.20855203913448275, "t": 102.58999395370483}
{"kind": "Jbca", "n": 64, "want_grad": true, "c": 0.006192396444134947, "c_raw": 0.006192396444134947, "c_finite": true, "g_finite": true, "dx": 0.20855203913448275, "t": 102.61289024353027}
{"kind": "f", "n": 65, "want_grad": true, "J": 3.591932152101972e+17, "dx": 0.09090190905101836, "x_norm": 1.2602459605817424, "x_maxabs": 0.2880671664574039, "x_finite": true, "g_norm": 5.262626351815742e+19, "g_maxabs": 2.4713927565158384e+19, "g_finite": true, "t": 104.17175483703613}
{"kind": "Jbsd", "n": 65, "want_grad": true, "c": 0.0, "c_raw": 0.0, "c_finite": true, "g_finite": true, "dx": 0.09090190905101836, "t": 104.19380068778992}
{"kind": "Jbca", "n": 65, "want_grad": true, "c": 0.01515114365229251, "c_raw": 0.01515114365229251, "c_finite": true, "g_finite": true, "dx": 0.09090190905101836, "t": 104.21458125114441}
{"kind": "f", "n": 66, "want_grad": true, "J": 1.9927912130390208e+17, "dx": 0.07894712519034454, "x_norm": 1.2759270682902357, "x_maxabs": 0.28226985260489706, "x_finite": true, "g_norm": 2.2819712791786403e+20, "g_maxabs": 9.719867494688516e+19, "g_finite": true, "t": 105.77032923698425}
{"kind": "Jbsd", "n": 66, "want_grad": true, "c": 0.0, "c_raw": 0.0, "c_finite": true, "g_finite": true, "dx": 0.07894712519034454, "t": 105.79402112960815}
{"kind": "Jbca", "n": 66, "want_grad": true, "c": 0.00739775383183559, "c_raw": 0.00739775383183559, "c_finite": true, "g_finite": true, "dx": 0.07894712519034454, "t": 105.81703782081604}
{"kind": "f", "n": 67, "want_grad": true, "J": 2.4003963382344928e+17, "dx": 0.08169895909319182, "x_norm": 1.2810666934908101, "x_maxabs": 0.28498728181235505, "x_finite": true, "g_norm": 3.303979902622162e+20, "g_maxabs": 1.843719093929294e+20, "g_finite": true, "t": 107.37541699409485}
{"kind": "Jbsd", "n": 67, "want_grad": true, "c": 0.0, "c_raw": 0.0, "c_finite": true, "g_finite": true, "dx": 0.08169895909319182, "t": 107.39812755584717}
{"kind": "Jbca", "n": 67, "want_grad": true, "c": 0.011965107876291958, "c_raw": 0.011965107876291958, "c_finite": true, "g_finite": true, "dx": 0.08169895909319182, "t": 107.41800546646118}
{"kind": "f", "n": 68, "want_grad": true, "J": 2.1195683508715853e+17, "dx": 0.08269711125675505, "x_norm": 1.2822244582459037, "x_maxabs": 0.2857793276652928, "x_finite": true, "g_norm": 1.1525220064589649e+20, "g_maxabs": 6.56938213256326e+19, "g_finite": true, "t": 108.97413611412048}
{"kind": "Jbsd", "n": 68, "want_grad": true, "c": 0.0, "c_raw": 0.0, "c_finite": true, "g_finite": true, "dx": 0.08269711125675505, "t": 108.99792981147766}
{"kind": "Jbca", "n": 68, "want_grad": true, "c": 0.01291191530903407, "c_raw": 0.01291191530903407, "c_finite": true, "g_finite": true, "dx": 0.08269711125675505, "t": 109.01925086975098}
{"kind": "f", "n": 69, "want_grad": true, "J": 1.632098120974716e+17, "dx": 0.08309075616988709, "x_norm": 1.2826451867461102, "x_maxabs": 0.28606575177111637, "x_finite": true, "g_norm": 1.1000475986916635e+20, "g_maxabs": 4.132890569198902e+19, "g_finite": true, "t": 110.57598567008972}
{"kind": "Jbsd", "n": 69, "want_grad": true, "c": 0.0, "c_raw": 0.0, "c_finite": true, "g_finite": true, "dx": 0.08309075616988709, "t": 110.59785079956055}
{"kind": "Jbca", "n": 69, "want_grad": true, "c": 0.013242380972909371, "c_raw": 0.013242380972909371, "c_finite": true, "g_finite": true, "dx": 0.08309075616988709, "t": 110.61993718147278}
{"kind": "f", "n": 70, "want_grad": true, "J": 1.5668181588306893e+17, "dx": 0.08313824052043055, "x_norm": 1.2826948100471844, "x_maxabs": 0.2860994856298744, "x_finite": true, "g_norm": 6.9007996138581344e+19, "g_maxabs": 2.771690870474067e+19, "g_finite": true, "t": 112.17536616325378}
{"kind": "Jbsd", "n": 70, "want_grad": true, "c": 0.0, "c_raw": 0.0, "c_finite": true, "g_finite": true, "dx": 0.08313824052043055, "t": 112.19447350502014}
{"kind": "Jbca", "n": 70, "want_grad": true, "c": 0.01328083068556274, "c_raw": 0.01328083068556274, "c_finite": true, "g_finite": true, "dx": 0.08313824052043055, "t": 112.21795344352722}
{"kind": "f", "n": 71, "want_grad": true, "J": 1.9140293666693806e+18, "dx": 0.5968250986410708, "x_norm": 1.2084928726042963, "x_maxabs": 0.3454005769753825, "x_finite": true, "g_norm": 4.5028819346854124e+20, "g_maxabs": 3.425605087699843e+20, "g_finite": true, "t": 113.7711112499237}
{"kind": "Jbsd", "n": 71, "want_grad": true, "c": 0.00776110622609163, "c_raw": 0.000776110622609163, "c_finite": true, "g_finite": true, "dx": 0.5968250986410708, "t": 113.79419255256653}
{"kind": "Jbca", "n": 71, "want_grad": true, "c": 0.013869708039200906, "c_raw": 0.013869708039200906, "c_finite": true, "g_finite": true, "dx": 0.5968250986410708, "t": 113.81766176223755}
{"kind": "f", "n": 72, "want_grad": true, "J": 4.0154450807312186e+17, "dx": 0.26080137947862136, "x_norm": 1.2114443293209274, "x_maxabs": 0.3077172790282249, "x_finite": true, "g_norm": 1.1970378654037241e+20, "g_maxabs": 6.033341185405013e+19, "g_finite": true, "t": 115.37606430053711}
{"kind": "Jbsd", "n": 72, "want_grad": true, "c": 7.479470252293913e-05, "c_raw": 7.479470252293913e-06, "c_finite": true, "g_finite": true, "dx": 0.26080137947862136, "t": 115.39911699295044}
{"kind": "Jbca", "n": 72, "want_grad": true, "c": 0.0, "c_raw": 0.0, "c_finite": true, "g_finite": true, "dx": 0.26080137947862136, "t": 115.42203998565674}
{"kind": "f", "n": 73, "want_grad": true, "J": 5.819455151309892e+17, "dx": 0.10033083214563246, "x_norm": 1.2528961736894835, "x_maxabs": 0.28911028401967215, "x_finite": true, "g_norm": 7.1331674056176845e+19, "g_maxabs": 3.628718258740265e+19, "g_finite": true, "t": 116.98208332061768}
{"kind": "Jbsd", "n": 73, "want_grad": true, "c": 0.0, "c_raw": 0.0, "c_finite": true, "g_finite": true, "dx": 0.10033083214563246, "t": 117.00312638282776}
{"kind": "Jbca", "n": 73, "want_grad": true, "c": 0.01513716232416605, "c_raw": 0.01513716232416605, "c_finite": true, "g_finite": true, "dx": 0.10033083214563246, "t": 117.02550911903381}
{"kind": "f", "n": 74, "want_grad": true, "J": 2.4447419187215376e+17, "dx": 0.0782123335308716, "x_norm": 1.2740470688779169, "x_maxabs": 0.2824397394289992, "x_finite": true, "g_norm": 1.0376846872182353e+20, "g_maxabs": 4.2096545483123065e+19, "g_finite": true, "t": 118.58615636825562}
{"kind": "Jbsd", "n": 74, "want_grad": true, "c": 0.0, "c_raw": 0.0, "c_finite": true, "g_finite": true, "dx": 0.0782123335308716, "t": 118.60744118690491}
{"kind": "Jbca", "n": 74, "want_grad": true, "c": 0.006960207743967774, "c_raw": 0.006960207743967774, "c_finite": true, "g_finite": true, "dx": 0.0782123335308716, "t": 118.62770414352417}
{"kind": "f", "n": 75, "want_grad": true, "J": 2.0611058172753382e+17, "dx": 0.08143350322781659, "x_norm": 1.2807515875162143, "x_maxabs": 0.28480182320472125, "x_finite": true, "g_norm": 3.257815942038296e+20, "g_maxabs": 1.8749113341027287e+20, "g_finite": true, "t": 120.18654251098633}
{"kind": "Jbsd", "n": 75, "want_grad": true, "c": 0.0, "c_raw": 0.0, "c_finite": true, "g_finite": true, "dx": 0.08143350322781659, "t": 120.2088508605957}
{"kind": "Jbca", "n": 75, "want_grad": true, "c": 0.011964077107640412, "c_raw": 0.011964077107640412, "c_finite": true, "g_finite": true, "dx": 0.08143350322781659, "t": 120.22969675064087}
{"kind": "f", "n": 76, "want_grad": true, "J": 2.120630954182759e+17, "dx": 0.08271095951044453, "x_norm": 1.2822390901527991, "x_maxabs": 0.285796373376224, "x_finite": true, "g_norm": 9.152681107255863e+19, "g_maxabs": 6.382618427782765e+19, "g_finite": true, "t": 121.7873649597168}
{"kind": "Jbsd", "n": 76, "want_grad": true, "c": 0.0, "c_raw": 0.0, "c_finite": true, "g_finite": true, "dx": 0.08271095951044453, "t": 121.81055808067322}
{"kind": "Jbca", "n": 76, "want_grad": true, "c": 0.012981914268438696, "c_raw": 0.012981914268438696, "c_finite": true, "g_finite": true, "dx": 0.08271095951044453, "t": 121.83122181892395}
{"kind": "f", "n": 77, "want_grad": true, "J": 1.6518519440031827e+17, "dx": 0.08307295969358618, "x_norm": 1.2826262956119638, "x_maxabs": 0.28605396163718344, "x_finite": true, "g_norm": 1.573790256955937e+20, "g_maxabs": 7.567738507104879e+19, "g_finite": true, "t": 123.3839979171753}
{"kind": "Jbsd", "n": 77, "want_grad": true, "c": 0.0, "c_raw": 0.0, "c_finite": true, "g_finite": true, "dx": 0.08307295969358618, "t": 123.40896534919739}
{"kind": "Jbca", "n": 77, "want_grad": true, "c": 0.013236315410269229, "c_raw": 0.013236315410269229, "c_finite": true, "g_finite": true, "dx": 0.08307295969358618, "t": 123.43109822273254}
{"kind": "f", "n": 78, "want_grad": true, "J": 1.5873340933668765e+17, "dx": 0.08312028232383821, "x_norm": 1.2826760005606286, "x_maxabs": 0.28608698943149014, "x_finite": true, "g_norm": 9.075534711335775e+19, "g_maxabs": 3.188199971727029e+19, "g_finite": true, "t": 124.98928308486938}
{"kind": "Jbsd", "n": 78, "want_grad": true, "c": 0.0, "c_raw": 0.0, "c_finite": true, "g_finite": true, "dx": 0.08312028232383821, "t": 125.01470136642456}
{"kind": "Jbca", "n": 78, "want_grad": true, "c": 0.013268625042358673, "c_raw": 0.013268625042358673, "c_finite": true, "g_finite": true, "dx": 0.08312028232383821, "t": 125.03707146644592}
{"kind": "f", "n": 79, "want_grad": true, "J": 1.5586795621035414e+17, "dx": 0.08313428084176072, "x_norm": 1.2826906651428163, "x_maxabs": 0.2860967320442386, "x_finite": true, "g_norm": 7.164503539343962e+19, "g_maxabs": 2.8846174303816778e+19, "g_finite": true, "t": 126.59651970863342}
{"kind": "Jbsd", "n": 79, "want_grad": true, "c": 0.0, "c_raw": 0.0, "c_finite": true, "g_finite": true, "dx": 0.08313428084176072, "t": 126.62071943283081}
{"kind": "Jbca", "n": 79, "want_grad": true, "c": 0.013278142016405505, "c_raw": 0.013278142016405505, "c_finite": true, "g_finite": true, "dx": 0.08313428084176072, "t": 126.64116287231445}
{"kind": "f", "n": 80, "want_grad": true, "J": 1.4688728341359933e+18, "dx": 0.5944832469175, "x_norm": 1.203188695174205, "x_maxabs": 0.34076212563758135, "x_finite": true, "g_norm": 2.2621542424134416e+21, "g_maxabs": 2.122096446768981e+21, "g_finite": true, "t": 128.20045495033264}
{"kind": "Jbsd", "n": 80, "want_grad": true, "c": 0.006928362665783505, "c_raw": 0.0006928362665783505, "c_finite": true, "g_finite": true, "dx": 0.5944832469175, "t": 128.223286151886}
{"kind": "Jbca", "n": 80, "want_grad": true, "c": 0.016903619927709536, "c_raw": 0.016903619927709536, "c_finite": true, "g_finite": true, "dx": 0.5944832469175, "t": 128.24627470970154}
{"kind": "f", "n": 81, "want_grad": true, "J": 4.030812834406156e+17, "dx": 0.15648488254606102, "x_norm": 1.2320526135020151, "x_maxabs": 0.2958571366361756, "x_finite": true, "g_norm": 3.146278954608656e+20, "g_maxabs": 1.6143145916777156e+20, "g_finite": true, "t": 129.8055398464203}
{"kind": "Jbsd", "n": 81, "want_grad": true, "c": 0.0, "c_raw": 0.0, "c_finite": true, "g_finite": true, "dx": 0.15648488254606102, "t": 129.82778429985046}
{"kind": "Jbca", "n": 81, "want_grad": true, "c": 0.007620983280935443, "c_raw": 0.007620983280935443, "c_finite": true, "g_finite": true, "dx": 0.15648488254606102, "t": 129.84793949127197}
{"kind": "f", "n": 82, "want_grad": true, "J": 4.1037355800222e+17, "dx": 0.08930419237761915, "x_norm": 1.2579621080403744, "x_maxabs": 0.2869706866715612, "x_finite": true, "g_norm": 2.1246705269910475e+19, "g_maxabs": 1.2121754123502617e+19, "g_finite": true, "t": 131.4016296863556}
{"kind": "Jbsd", "n": 82, "want_grad": true, "c": 0.0, "c_raw": 0.0, "c_finite": true, "g_finite": true, "dx": 0.08930419237761915, "t": 131.4248297214508}
{"kind": "Jbca", "n": 82, "want_grad": true, "c": 0.01573620097770804, "c_raw": 0.01573620097770804, "c_finite": true, "g_finite": true, "dx": 0.08930419237761915, "t": 131.44682717323303}
{"kind": "f", "n": 83, "want_grad": true, "J": 1.9765912918468227e+17, "dx": 0.07821552655804832, "x_norm": 1.2747408166666556, "x_maxabs": 0.2821063855265846, "x_finite": true, "g_norm": 1.6547139655633348e+20, "g_maxabs": 7.574835727456227e+19, "g_finite": true, "t": 133.002295255661}
{"kind": "Jbsd", "n": 83, "want_grad": true, "c": 0.0, "c_raw": 0.0, "c_finite": true, "g_finite": true, "dx": 0.07821552655804832, "t": 133.0273241996765}
{"kind": "Jbca", "n": 83, "want_grad": true, "c": 0.007820329445334683, "c_raw": 0.007820329445334683, "c_finite": true, "g_finite": true, "dx": 0.07821552655804832, "t": 133.0478847026825}
{"kind": "f", "n": 84, "want_grad": true, "J": 2.5627138322773344e+17, "dx": 0.08046765759425711, "x_norm": 1.2794658658233677, "x_maxabs": 0.2839496036122197, "x_finite": true, "g_norm": 1.46088914098454e+20, "g_maxabs": 7.412000762438038e+19, "g_finite": true, "t": 134.6041955947876}
{"kind": "Jbsd", "n": 84, "want_grad": true, "c": 0.0, "c_raw": 0.0, "c_finite": true, "g_finite": true, "dx": 0.08046765759425711, "t": 134.6286425590515}
{"kind": "Jbca", "n": 84, "want_grad": true, "c": 0.011173124265337923, "c_raw": 0.011173124265337923, "c_finite": true, "g_finite": true, "dx": 0.08046765759425711, "t": 134.64802289009094}
{"kind": "f", "n": 85, "want_grad": true, "J": 1.8775205198786675e+17, "dx": 0.08254663174677963, "x_norm": 1.2820584586980637, "x_maxabs": 0.2856785949882435, "x_finite": true, "g_norm": 8.136341835672124e+19, "g_maxabs": 5.167306956028707e+19, "g_finite": true, "t": 136.2043514251709}
{"kind": "Jbsd", "n": 85, "want_grad": true, "c": 0.0, "c_raw": 0.0, "c_finite": true, "g_finite": true, "dx": 0.08254663174677963, "t": 136.22849369049072}
{"kind": "Jbca", "n": 85, "want_grad": true, "c": 0.012885355237944924, "c_raw": 0.012885355237944924, "c_finite": true, "g_finite": true, "dx": 0.08254663174677963, "t": 136.2496531009674}
{"kind": "f", "n": 86, "want_grad": true, "J": 1.8140535640650234e+17, "dx": 0.08301746386077295, "x_norm": 1.2825675265326506, "x_maxabs": 0.28601539403454396, "x_finite": true, "g_norm": 3.176223683150502e+19, "g_maxabs": 1.38477409395886e+19, "g_finite": true, "t": 137.806254863739}
{"kind": "Jbsd", "n": 86, "want_grad": true, "c": 0.0, "c_raw": 0.0, "c_finite": true, "g_finite": true, "dx": 0.08301746386077295, "t": 137.83478236198425}
{"kind": "Jbca", "n": 86, "want_grad": true, "c": 0.013202523242040194, "c_raw": 0.013202523242040194, "c_finite": true, "g_finite": true, "dx": 0.08301746386077295, "t": 137.85855174064636}
{"kind": "f", "n": 87, "want_grad": true, "J": 1.585660136343371e+17, "dx": 0.08312077665433708, "x_norm": 1.2826764907421653, "x_maxabs": 0.2860873718604568, "x_finite": true, "g_norm": 9.0596171008041e+19, "g_maxabs": 3.1778565633727267e+19, "g_finite": true, "t": 139.42445373535156}
{"kind": "Jbsd", "n": 87, "want_grad": true, "c": 0.0, "c_raw": 0.0, "c_finite": true, "g_finite": true, "dx": 0.08312077665433708, "t": 139.44694089889526}
{"kind": "Jbca", "n": 87, "want_grad": true, "c": 0.013269460039916293, "c_raw": 0.013269460039916293, "c_finite": true, "g_finite": true, "dx": 0.08312077665433708, "t": 139.46744060516357}
{"kind": "f", "n": 88, "want_grad": true, "J": 1.5615321272799168e+17, "dx": 0.08313232535110614, "x_norm": 1.282688613570359, "x_maxabs": 0.2860953773127344, "x_finite": true, "g_norm": 8.440839731686959e+19, "g_maxabs": 3.040491098926691e+19, "g_finite": true, "t": 141.02652215957642}
{"kind": "Jbsd", "n": 88, "want_grad": true, "c": 0.0, "c_raw": 0.0, "c_finite": true, "g_finite": true, "dx": 0.08313232535110614, "t": 141.04982590675354}
{"kind": "Jbca", "n": 88, "want_grad": true, "c": 0.013276885769060592, "c_raw": 0.013276885769060592, "c_finite": true, "g_finite": true, "dx": 0.08313232535110614, "t": 141.0715208053589}
{"kind": "f", "n": 89, "want_grad": true, "J": 1.5579577732097008e+17, "dx": 0.0831339277373935, "x_norm": 1.2826902947131404, "x_maxabs": 0.2860964874364408, "x_finite": true, "g_norm": 8.31874229861083e+19, "g_maxabs": 2.9987748664834e+19, "g_finite": true, "t": 142.62881350517273}
{"kind": "Jbsd", "n": 89, "want_grad": true, "c": 0.0, "c_raw": 0.0, "c_finite": true, "g_finite": true, "dx": 0.0831339277373935, "t": 142.6501865386963}
{"kind": "Jbca", "n": 89, "want_grad": true, "c": 0.013277915198864853, "c_raw": 0.013277915198864853, "c_finite": true, "g_finite": true, "dx": 0.0831339277373935, "t": 142.66928601264954}
{"kind": "f", "n": 90, "want_grad": false, "J": 1.5579577732058832e+17, "dx": 0.0831339277373935, "x_norm": 1.2826902947131404, "x_maxabs": 0.2860964874364408, "x_finite": true, "t": 144.21271991729736}
{"kind": "Jbsd", "n": 90, "want_grad": false, "c": 0.0, "c_raw": 0.0, "c_finite": true, "g_finite": true, "dx": 0.0831339277373935, "t": 144.23042726516724}
{"kind": "Jbca", "n": 90, "want_grad": false, "c": 0.013277915198864853, "c_raw": 0.013277915198864853, "c_finite": true, "g_finite": true, "dx": 0.0831339277373935, "t": 144.24759984016418}
{"kind": "f", "n": 91, "want_grad": true, "J": 1.5579577731724006e+17, "dx": 0.0831339277373935, "x_norm": 1.2826902947131404, "x_maxabs": 0.2860964874364408, "x_finite": true, "g_norm": 8.318742298366045e+19, "g_maxabs": 2.998774866363233e+19, "g_finite": true, "t": 145.80892419815063}
{"kind": "Jbsd", "n": 91, "want_grad": true, "c": 0.0, "c_raw": 0.0, "c_finite": true, "g_finite": true, "dx": 0.0831339277373935, "t": 145.83539247512817}
{"kind": "Jbca", "n": 91, "want_grad": true, "c": 0.013277915198864853, "c_raw": 0.013277915198864853, "c_finite": true, "g_finite": true, "dx": 0.0831339277373935, "t": 145.86036133766174}
{"kind": "f", "n": 92, "want_grad": true, "J": 9.621509872672591e+17, "dx": 1.0576340821877643, "x_norm": 2.047353555164086, "x_maxabs": 0.6268050471313964, "x_finite": true, "g_norm": 5.7350929856521496e+20, "g_maxabs": 3.50041870928997e+20, "g_finite": true, "t": 147.42717814445496}
{"kind": "Jbsd", "n": 92, "want_grad": true, "c": 0.014544068033743075, "c_raw": 0.0014544068033743075, "c_finite": true, "g_finite": true, "dx": 1.0576340821877643, "t": 147.45468759536743}
{"kind": "Jbca", "n": 92, "want_grad": true, "c": 0.016688794987146132, "c_raw": 0.016688794987146132, "c_finite": true, "g_finite": true, "dx": 1.0576340821877643, "t": 147.48188829421997}
{"kind": "f", "n": 93, "want_grad": true, "J": 4.527401540030975e+17, "dx": 0.2656829225751947, "x_norm": 1.4169481380926021, "x_maxabs": 0.35630253189048056, "x_finite": true, "g_norm": 2.5820215704137233e+20, "g_maxabs": 1.1875908865173016e+20, "g_finite": true, "t": 149.04337763786316}
{"kind": "Jbsd", "n": 93, "want_grad": true, "c": 0.0, "c_raw": 0.0, "c_finite": true, "g_finite": true, "dx": 0.2656829225751947, "t": 149.065744638443}
{"kind": "Jbca", "n": 93, "want_grad": true, "c": 0.00010074158446652808, "c_raw": 0.00010074158446652808, "c_finite": true, "g_finite": true, "dx": 0.2656829225751947, "t": 149.08761286735535}
{"kind": "f", "n": 94, "want_grad": true, "J": 2.4685664349284554e+17, "dx": 0.13209165789651017, "x_norm": 1.3228640635390412, "x_maxabs": 0.3082172588881152, "x_finite": true, "g_norm": 1.0508633561719862e+20, "g_maxabs": 5.479065997353891e+19, "g_finite": true, "t": 150.6441695690155}
{"kind": "Jbsd", "n": 94, "want_grad": true, "c": 0.0, "c_raw": 0.0, "c_finite": true, "g_finite": true, "dx": 0.13209165789651017, "t": 150.66928124427795}
{"kind": "Jbca", "n": 94, "want_grad": true, "c": 0.0033421122310644067, "c_raw": 0.0033421122310644067, "c_finite": true, "g_finite": true, "dx": 0.13209165789651017, "t": 150.69090461730957}
{"kind": "f", "n": 95, "want_grad": true, "J": 2.113502017081682e+17, "dx": 0.09768552633136626, "x_norm": 1.2962493625149232, "x_maxabs": 0.2936950684516736, "x_finite": true, "g_norm": 1.503875532464929e+20, "g_maxabs": 6.15475147845885e+19, "g_finite": true, "t": 152.24691724777222}
{"kind": "Jbsd", "n": 95, "want_grad": true, "c": 0.0, "c_raw": 0.0, "c_finite": true, "g_finite": true, "dx": 0.09768552633136626, "t": 152.2704827785492}
{"kind": "Jbca", "n": 95, "want_grad": true, "c": 0.008438031992028123, "c_raw": 0.008438031992028123, "c_finite": true, "g_finite": true, "dx": 0.09768552633136626, "t": 152.29271745681763}
{"kind": "f", "n": 96, "want_grad": true, "J": 2.215115590751481e+17, "dx": 0.08703938126234075, "x_norm": 1.286640620036294, "x_maxabs": 0.28832531666577715, "x_finite": true, "g_norm": 4.059948389348196e+20, "g_maxabs": 2.0679675991187417e+20, "g_finite": true, "t": 153.84910702705383}
{"kind": "Jbsd", "n": 96, "want_grad": true, "c": 0.0, "c_raw": 0.0, "c_finite": true, "g_finite": true, "dx": 0.08703938126234075, "t": 153.87038731575012}
{"kind": "Jbca", "n": 96, "want_grad": true, "c": 0.011928932320577942, "c_raw": 0.011928932320577942, "c_finite": true, "g_finite": true, "dx": 0.08703938126234075, "t": 153.8926866054535}
{"kind": "f", "n": 97, "want_grad": true, "J": 2.337995984008428e+17, "dx": 0.08511842663578126, "x_norm": 1.2847381444464996, "x_maxabs": 0.287253496497558, "x_finite": true, "g_norm": 1.392117994881634e+20, "g_maxabs": 6.0689684799355355e+19, "g_finite": true, "t": 155.4501621723175}
{"kind": "Jbsd", "n": 97, "want_grad": true, "c": 0.0, "c_raw": 0.0, "c_finite": true, "g_finite": true, "dx": 0.08511842663578126, "t": 155.4728684425354}
{"kind": "Jbca", "n": 97, "want_grad": true, "c": 0.012589752298964448, "c_raw": 0.012589752298964448, "c_finite": true, "g_finite": true, "dx": 0.08511842663578126, "t": 155.49460887908936}
{"kind": "f", "n": 98, "want_grad": true, "J": 1.7260809150583766e+17, "dx": 0.08339484888529299, "x_norm": 1.2829649832204584, "x_maxabs": 0.28625188252226985, "x_finite": true, "g_norm": 7.407216725977947e+19, "g_maxabs": 2.832299119121688e+19, "g_finite": true, "t": 157.05471467971802}
{"kind": "Jbsd", "n": 98, "want_grad": true, "c": 0.0, "c_raw": 0.0, "c_finite": true, "g_finite": true, "dx": 0.08339484888529299, "t": 157.0769603252411}
{"kind": "Jbca", "n": 98, "want_grad": true, "c": 0.013187204196025268, "c_raw": 0.013187204196025268, "c_finite": true, "g_finite": true, "dx": 0.08339484888529299, "t": 157.1029360294342}
{"kind": "f", "n": 99, "want_grad": true, "J": 1.6066311326932928e+17, "dx": 0.08319620349395523, "x_norm": 1.2827560170950694, "x_maxabs": 0.2861336731486353, "x_finite": true, "g_norm": 3.932826789645906e+19, "g_maxabs": 1.435137255630753e+19, "g_finite": true, "t": 158.66127371788025}
{"kind": "Jbsd", "n": 99, "want_grad": true, "c": 0.0, "c_raw": 0.0, "c_finite": true, "g_finite": true, "dx": 0.08319620349395523, "t": 158.68676662445068}
{"kind": "Jbca", "n": 99, "want_grad": true, "c": 0.013256259639515332, "c_raw": 0.013256259639515332, "c_finite": true, "g_finite": true, "dx": 0.08319620349395523, "t": 158.70858931541443}
{"kind": "f", "n": 100, "want_grad": true, "J": 1.569264767759671e+17, "dx": 0.0831451185447027, "x_norm": 1.2827021123687565, "x_maxabs": 0.2861031741262467, "x_finite": true, "g_norm": 6.689122581836697e+19, "g_maxabs": 2.6912946110473437e+19, "g_finite": true, "t": 160.267343044281}
{"kind": "Jbsd", "n": 100, "want_grad": true, "c": 0.0, "c_raw": 0.0, "c_finite": true, "g_finite": true, "dx": 0.0831451185447027, "t": 160.2940320968628}
{"kind": "Jbca", "n": 100, "want_grad": true, "c": 0.013274023524878375, "c_raw": 0.013274023524878375, "c_finite": true, "g_finite": true, "dx": 0.0831451185447027, "t": 160.31801414489746}
{"kind": "f", "n": 101, "want_grad": true, "J": 1.5599336321314714e+17, "dx": 0.08313582057768172, "x_norm": 1.2826922938114418, "x_maxabs": 0.2860976185783696, "x_finite": true, "g_norm": 7.108971820350848e+19, "g_maxabs": 2.8627419781394334e+19, "g_finite": true, "t": 161.87473511695862}
{"kind": "Jbsd", "n": 101, "want_grad": true, "c": 0.0, "c_raw": 0.0, "c_finite": true, "g_finite": true, "dx": 0.08313582057768172, "t": 161.89774656295776}
{"kind": "Jbca", "n": 101, "want_grad": true, "c": 0.013277256944958625, "c_raw": 0.013277256944958625, "c_finite": true, "g_finite": true, "dx": 0.08313582057768172, "t": 161.92071866989136}
{"kind": "f", "n": 102, "want_grad": true, "J": 1.5582876016982646e+17, "dx": 0.08313424551359921, "x_norm": 1.282690630334871, "x_maxabs": 0.28609667734019445, "x_finite": true, "g_norm": 7.17327949859411e+19, "g_maxabs": 2.8886528378219266e+19, "g_finite": true, "t": 163.47831845283508}
{"kind": "Jbsd", "n": 102, "want_grad": true, "c": 0.0, "c_raw": 0.0, "c_finite": true, "g_finite": true, "dx": 0.08313424551359921, "t": 163.5015950202942}
{"kind": "Jbca", "n": 102, "want_grad": true, "c": 0.013277804688859599, "c_raw": 0.013277804688859599, "c_finite": true, "g_finite": true, "dx": 0.08313424551359921, "t": 163.523921251297}
time 163.53291368484497
result_code -1 FAILURE
minf 3.64886588858972e+17
||xopt-x0|| 0.0
eval counts {'f': 102, 'f_grad': 100, 'Jbsd': 102, 'Jbca': 102, 'dphis': 1020}
xopt [0.125 0.25  0.25  0.25  0.125 0.25  0.25  0.25  0.125 0.25  0.25  0.25  0.125 0.25  0.125 0.25  0.125 0.25  0.25  0.25  0.125 0.25  0.25  0.25  0.125 0.25  0.25  0.25  0.125 0.25  0.125 0.25  0.    0.    0.    0.    0.    0.    0.    0.    0.    0.    0.    0.    0.    0.    0.    0.   ]
NLopt returned a failure code; exceptions were disabled so the script continued and wrote fin_* at the last evaluated x (x0 if no step was accepted).
End time:       Thu Sep 10 15:07:52 EDT 2026
