Job ID:         17327532
Nodes:          1
CPUs per task:  4
Start time:     Thu Sep 10 13:58:33 EDT 2026
       __       ___      ___   ___                _______  _______ .___  ___. 
      |  |     /   \     \  \ /  /               |   ____||   ____||   \/   | 
      |  |    /  ^  \     \  V  /      ______    |  |__   |  |__   |  \  /  | 
.--.  |  |   /  /_\  \     >   <      |______|   |   __|  |   __|  |  |\/|  | 
|  `--'  |  /  _____  \   /  .  \                |  |     |  |____ |  |  |  | 
 \______/  /__/     \__\ /__/ \__\               |__|     |_______||__|  |__| 
                                                                              

k_attachment is not provided. Based on the coil's stiffness, the auto-generated value is 4.0940e+14 N/m3.
Beam network initialized.
Optimizing:
    dphis_end_cc - per-coil shapes: [(4,), (4,), (4,), (2,), (2,)]
    dphis_start_cc - per-coil shapes: [(4,), (4,), (4,), (2,), (2,)]
    thetas_orientation_cc - per-coil shapes: [(4,), (4,), (4,), (2,), (2,)]
Fixing:
    w1_beam
    w2_beam
    dphis_start_cf
    x_foundation
    thetas_orientation_cf
Total # dofs: 48
solving with float64
# mesh node for all coils: [36400, 36400, 36400, 36400]
# mesh cell for all coils: [21600, 21600, 21600, 21600]
MAXITER = 1000
# free dofs = 48
# linear inequality constraints = 10
BSD_PENALTY_WEIGHT = 10.0
solving with float64
time 887.5262608528137
result_code -1
minf 3.6488658885786797e+17
xopt [0.125 0.25  0.25  0.25  0.125 0.25  0.25  0.25  0.125 0.25  0.25  0.25  0.125 0.25  0.125 0.25  0.125 0.25  0.25  0.25  0.125 0.25  0.25  0.25  0.125 0.25  0.25  0.25  0.125 0.25  0.125 0.25  0.    0.    0.    0.    0.    0.    0.    0.    0.    0.    0.    0.    0.    0.    0.    0.   ]
End time:       Thu Sep 10 14:18:09 EDT 2026
