Job ID:         17323602
Nodes:          1
CPUs per task:  4
Start time:     Thu Sep 10 11:03:05 EDT 2026
       __       ___      ___   ___                _______  _______ .___  ___. 
      |  |     /   \     \  \ /  /               |   ____||   ____||   \/   | 
      |  |    /  ^  \     \  V  /      ______    |  |__   |  |__   |  \  /  | 
.--.  |  |   /  /_\  \     >   <      |______|   |   __|  |   __|  |  |\/|  | 
|  `--'  |  /  _____  \   /  .  \                |  |     |  |____ |  |  |  | 
 \______/  /__/     \__\ /__/ \__\               |__|     |_______||__|  |__| 
                                                                              

k_attachment is not provided. Based on the coil's stiffness, the auto-generated value is 4.0940e+14 N/m3.
Beam network initialized.
Optimizing:
    dphis_end_cc - per-coil shapes: [(4,), (4,), (4,), (2,), (2,)]
    dphis_start_cc - per-coil shapes: [(4,), (4,), (4,), (2,), (2,)]
    thetas_orientation_cc - per-coil shapes: [(4,), (4,), (4,), (2,), (2,)]
Fixing:
    w1_beam
    w2_beam
    dphis_start_cf
    x_foundation
    thetas_orientation_cf
Total # dofs: 48
solving with float64
# mesh node for all coils: [36400, 36400, 36400, 36400]
# mesh cell for all coils: [21600, 21600, 21600, 21600]
MAXITER = 1000
# free dofs = 48
# linear inequality constraints = 10
solving with float64
| niter |f evals|CG iter|  obj func   |tr radius |   opt    |  c viol  |
|-------|-------|-------|-------------|----------|----------|----------|
|   1   |   1   |   0   | +3.6489e+17 | 1.00e+00 | 1.82e+19 | 3.82e-01 |
|   2   |   2   |   1   | +3.6489e+17 | 5.00e-01 | 1.82e+19 | 3.82e-01 |
|   3   |   3   |   2   | +3.6489e+17 | 2.50e-01 | 1.82e+19 | 3.82e-01 |
|   4   |   4   |   4   | +3.6489e+17 | 1.25e-01 | 1.82e+19 | 3.82e-01 |
|   5   |   5   |   6   | +3.1419e+17 | 1.25e-01 | 2.69e+19 | 1.95e-01 |
|   6   |   6   |   8   | +3.1419e+17 | 3.14e-02 | 2.69e+19 | 1.95e-01 |
|   7   |   7   |  10   | +3.1024e+17 | 3.14e-02 | 3.66e+18 | 6.64e-02 |
|   8   |   8   |  13   | +3.2729e+17 | 2.20e-01 | 3.32e+19 | 3.10e-02 |
|   9   |   9   |  15   | +5.9982e+17 | 1.54e+00 | 5.45e+19 | 2.93e-01 |
|  10   |  10   |  22   | +7.5646e+17 | 1.08e+01 | 7.98e+18 | 5.07e-01 |
|  11   |  11   |  63   | +7.6385e+17 | 2.24e+01 | 3.64e+19 | 9.73e-01 |
|  12   |  12   |  106  | +1.4653e+18 | 2.24e+01 | 3.75e+18 | 7.17e-01 |
|  13   |  13   |  151  | +9.7266e+17 | 2.24e+01 | 9.10e+18 | 7.99e-01 |
|  14   |  14   |  199  | +1.4296e+18 | 2.24e+01 | 1.08e+19 | 6.08e-01 |
|  15   |  15   |  234  | +1.4296e+18 | 2.31e+00 | 1.08e+19 | 6.08e-01 |
|  16   |  16   |  246  | +1.4296e+18 | 1.15e+00 | 1.08e+19 | 6.08e-01 |
|  17   |  17   |  253  | +1.0101e+18 | 2.31e+00 | 4.26e+18 | 4.03e-01 |
|  18   |  18   |  293  | +1.7028e+18 | 2.31e+00 | 1.01e+20 | 3.41e-01 |
|  19   |  19   |  301  | +1.7028e+18 | 1.15e+00 | 1.01e+20 | 3.41e-01 |
|  20   |  20   |  306  | +1.7028e+18 | 5.77e-01 | 1.01e+20 | 3.41e-01 |
|  21   |  21   |  309  | +2.1823e+18 | 5.77e-01 | 2.14e+19 | 2.32e-01 |
|  22   |  22   |  315  | +1.9196e+18 | 5.77e-01 | 4.26e+19 | 2.42e-01 |
|  23   |  23   |  320  | +2.1921e+18 | 1.15e+00 | 8.26e+18 | 1.62e-01 |
|  24   |  24   |  332  | +2.1921e+18 | 3.29e-01 | 8.26e+18 | 1.62e-01 |
|  25   |  25   |  339  | +2.1921e+18 | 1.65e-01 | 8.26e+18 | 1.62e-01 |
|  26   |  26   |  344  | +1.4668e+18 | 3.29e-01 | 5.06e+18 | 1.13e-01 |
|  27   |  27   |  348  | +1.4668e+18 | 1.29e-01 | 5.06e+18 | 1.13e-01 |
|  28   |  28   |  351  | +1.2478e+18 | 9.02e-01 | 5.91e+18 | 8.84e-02 |
|  29   |  29   |  360  | +1.2478e+18 | 1.68e-01 | 5.91e+18 | 8.84e-02 |
|  30   |  30   |  363  | +1.3930e+18 | 1.68e-01 | 3.93e+19 | 8.22e-02 |
|  31   |  31   |  367  | +1.3930e+18 | 8.42e-02 | 3.93e+19 | 8.22e-02 |
|  32   |  32   |  369  | +1.5979e+18 | 8.42e-02 | 6.86e+18 | 7.31e-02 |
|  33   |  33   |  371  | +1.5979e+18 | 1.44e-02 | 6.86e+18 | 7.31e-02 |
|  34   |  34   |  372  | +1.3610e+18 | 1.00e-01 | 7.13e+18 | 6.66e-02 |
|  35   |  35   |  375  | +1.3610e+18 | 1.11e-02 | 7.13e+18 | 6.66e-02 |
|  36   |  36   |  376  | +1.3016e+18 | 7.78e-02 | 9.59e+17 | 6.50e-02 |
|  37   |  37   |  378  | +1.3016e+18 | 1.40e-02 | 9.59e+17 | 6.50e-02 |
|  38   |  38   |  379  | +1.3016e+18 | 6.99e-03 | 9.59e+17 | 6.50e-02 |
|  39   |  39   |  381  | +1.2144e+18 | 1.40e-02 | 5.74e+18 | 6.34e-02 |
|  40   |  40   |  383  | +1.2144e+18 | 6.46e-03 | 5.74e+18 | 6.34e-02 |
|  41   |  41   |  384  | +1.2876e+18 | 1.29e-02 | 3.23e+18 | 6.20e-02 |
|  42   |  42   |  385  | +1.2876e+18 | 6.46e-03 | 3.23e+18 | 6.20e-02 |
|  43   |  43   |  386  | +1.2295e+18 | 1.29e-02 | 1.94e+19 | 6.18e-02 |
|  44   |  44   |  387  | +1.2295e+18 | 6.46e-03 | 1.94e+19 | 6.18e-02 |
|  45   |  45   |  388  | +1.3165e+18 | 6.46e-03 | 1.52e+18 | 6.05e-02 |
|  46   |  46   |  389  | +1.2268e+18 | 6.46e-03 | 3.82e+18 | 5.99e-02 |
|  47   |  47   |  391  | +1.2646e+18 | 1.29e-02 | 1.22e+18 | 5.89e-02 |
|  48   |  48   |  393  | +1.2646e+18 | 6.46e-03 | 1.22e+18 | 5.89e-02 |
|  49   |  49   |  394  | +1.2270e+18 | 6.46e-03 | 1.03e+19 | 5.89e-02 |
|  50   |  50   |  397  | +1.3214e+18 | 6.46e-03 | 2.78e+18 | 5.79e-02 |
|  51   |  51   |  400  | +1.1997e+18 | 6.46e-03 | 9.03e+18 | 5.75e-02 |
|  52   |  52   |  403  | +1.2633e+18 | 1.29e-02 | 2.27e+18 | 5.66e-02 |
|  53   |  53   |  406  | +1.2633e+18 | 6.46e-03 | 2.27e+18 | 5.66e-02 |
|  54   |  54   |  409  | +1.2043e+18 | 6.46e-03 | 1.84e+19 | 5.66e-02 |
|  55   |  55   |  412  | +1.2538e+18 | 1.29e-02 | 1.77e+18 | 5.57e-02 |
|  56   |  56   |  414  | +1.2538e+18 | 5.62e-03 | 1.77e+18 | 5.57e-02 |
|  57   |  57   |  416  | +1.1737e+18 | 5.62e-03 | 2.63e+19 | 5.53e-02 |
|  58   |  58   |  418  | +1.3234e+18 | 3.93e-02 | 3.96e+18 | 5.47e-02 |
|  59   |  59   |  421  | +1.3234e+18 | 1.76e-02 | 3.96e+18 | 5.47e-02 |
|  60   |  60   |  424  | +1.3234e+18 | 7.32e-03 | 3.96e+18 | 5.47e-02 |
|  61   |  61   |  426  | +1.3234e+18 | 3.66e-03 | 3.96e+18 | 5.47e-02 |
|  62   |  62   |  428  | +1.2976e+18 | 7.32e-03 | 1.42e+19 | 5.41e-02 |
|  63   |  63   |  430  | +1.3340e+18 | 1.46e-02 | 1.49e+18 | 5.52e-02 |
|  64   |  64   |  432  | +1.3340e+18 | 4.32e-03 | 1.49e+18 | 5.52e-02 |
|  65   |  65   |  434  | +1.2627e+18 | 8.65e-03 | 1.53e+19 | 5.29e-02 |
|  66   |  66   |  436  | +1.3264e+18 | 8.65e-03 | 1.50e+18 | 5.42e-02 |
|  67   |  67   |  438  | +1.1896e+18 | 8.65e-03 | 1.10e+19 | 5.24e-02 |
|  68   |  68   |  440  | +1.3043e+18 | 8.65e-03 | 4.48e+18 | 5.14e-02 |
|  69   |  69   |  442  | +1.1337e+18 | 8.65e-03 | 7.21e+19 | 5.17e-02 |
|  70   |  70   |  444  | +1.3315e+18 | 8.65e-03 | 6.69e+18 | 5.13e-02 |
|  71   |  71   |  446  | +1.2539e+18 | 8.65e-03 | 2.40e+19 | 5.05e-02 |
|  72   |  72   |  450  | +1.3740e+18 | 8.65e-03 | 1.69e+18 | 5.00e-02 |
|  73   |  73   |  453  | +1.1823e+18 | 8.65e-03 | 8.38e+18 | 4.95e-02 |
|  74   |  74   |  457  | +1.3232e+18 | 8.65e-03 | 1.75e+19 | 4.94e-02 |
|  75   |  75   |  460  | +1.1859e+18 | 8.65e-03 | 7.93e+18 | 4.82e-02 |
|  76   |  76   |  464  | +1.3527e+18 | 8.65e-03 | 1.77e+18 | 4.86e-02 |
|  77   |  77   |  468  | +1.1687e+18 | 8.65e-03 | 1.48e+19 | 4.78e-02 |
|  78   |  78   |  472  | +1.3576e+18 | 8.65e-03 | 4.04e+18 | 4.76e-02 |
|  79   |  79   |  474  | +1.1577e+18 | 8.65e-03 | 1.26e+19 | 4.70e-02 |
|  80   |  80   |  477  | +1.3447e+18 | 8.65e-03 | 2.51e+18 | 4.68e-02 |
|  81   |  81   |  479  | +1.1610e+18 | 8.65e-03 | 1.56e+18 | 4.60e-02 |
|  82   |  82   |  482  | +1.4117e+18 | 8.65e-03 | 4.33e+18 | 4.63e-02 |
|  83   |  83   |  485  | +1.1665e+18 | 8.65e-03 | 3.03e+18 | 4.52e-02 |
|  84   |  84   |  488  | +1.3920e+18 | 8.65e-03 | 3.90e+18 | 4.55e-02 |
|  85   |  85   |  491  | +1.1744e+18 | 8.65e-03 | 1.10e+19 | 4.45e-02 |
|  86   |  86   |  493  | +1.4234e+18 | 8.65e-03 | 3.10e+19 | 4.48e-02 |
|  87   |  87   |  495  | +1.1848e+18 | 8.65e-03 | 2.72e+19 | 4.39e-02 |
|  88   |  88   |  498  | +1.3908e+18 | 8.65e-03 | 8.05e+18 | 4.44e-02 |
|  89   |  89   |  502  | +1.1383e+18 | 8.65e-03 | 5.46e+18 | 4.31e-02 |
|  90   |  90   |  504  | +1.3537e+18 | 8.65e-03 | 1.57e+19 | 4.36e-02 |
|  91   |  91   |  506  | +1.1367e+18 | 8.65e-03 | 1.51e+19 | 4.28e-02 |
|  92   |  92   |  509  | +1.4170e+18 | 8.65e-03 | 3.57e+19 | 4.27e-02 |
|  93   |  93   |  511  | +1.4170e+18 | 4.32e-03 | 3.57e+19 | 4.27e-02 |
|  94   |  94   |  513  | +1.2741e+18 | 8.65e-03 | 2.21e+19 | 4.13e-02 |
|  95   |  95   |  515  | +1.2741e+18 | 9.02e-04 | 2.21e+19 | 4.13e-02 |
|  96   |  96   |  517  | +1.3168e+18 | 1.80e-03 | 1.42e+19 | 4.14e-02 |
|  97   |  97   |  519  | +1.4174e+18 | 3.61e-03 | 2.57e+19 | 4.18e-02 |
|  98   |  98   |  521  | +1.3242e+18 | 7.21e-03 | 3.00e+18 | 4.12e-02 |
|  99   |  99   |  523  | +1.3242e+18 | 2.67e-03 | 3.00e+18 | 4.12e-02 |
|  100  |  100  |  525  | +1.3080e+18 | 5.33e-03 | 3.19e+18 | 4.16e-02 |
|  101  |  101  |  527  | +1.3080e+18 | 2.67e-03 | 3.19e+18 | 4.16e-02 |
|  102  |  102  |  529  | +1.3037e+18 | 5.33e-03 | 9.61e+18 | 4.09e-02 |
|  103  |  103  |  531  | +1.3037e+18 | 2.67e-03 | 9.61e+18 | 4.09e-02 |
|  104  |  104  |  533  | +1.2881e+18 | 5.33e-03 | 3.98e+18 | 4.14e-02 |
|  105  |  105  |  535  | +1.2881e+18 | 2.67e-03 | 3.98e+18 | 4.14e-02 |
|  106  |  106  |  537  | +1.2781e+18 | 5.33e-03 | 2.86e+18 | 4.07e-02 |
|  107  |  107  |  539  | +1.2781e+18 | 2.67e-03 | 2.86e+18 | 4.07e-02 |
|  108  |  108  |  541  | +1.2826e+18 | 5.33e-03 | 3.91e+18 | 4.11e-02 |
|  109  |  109  |  543  | +1.2826e+18 | 2.67e-03 | 3.91e+18 | 4.11e-02 |
|  110  |  110  |  545  | +1.2852e+18 | 5.33e-03 | 1.96e+19 | 4.04e-02 |
|  111  |  111  |  548  | +1.2852e+18 | 2.67e-03 | 1.96e+19 | 4.04e-02 |
|  112  |  112  |  551  | +1.2967e+18 | 5.33e-03 | 1.18e+19 | 4.09e-02 |
|  113  |  113  |  554  | +1.2967e+18 | 2.67e-03 | 1.18e+19 | 4.09e-02 |
|  114  |  114  |  557  | +1.2795e+18 | 5.33e-03 | 2.84e+18 | 4.02e-02 |
|  115  |  115  |  561  | +1.2795e+18 | 2.67e-03 | 2.84e+18 | 4.02e-02 |
|  116  |  116  |  565  | +1.2888e+18 | 2.67e-03 | 3.76e+18 | 4.06e-02 |
|  117  |  117  |  568  | +1.2822e+18 | 2.67e-03 | 1.80e+19 | 4.00e-02 |
|  118  |  118  |  572  | +1.2833e+18 | 5.33e-03 | 3.69e+18 | 4.04e-02 |
|  119  |  119  |  575  | +1.2833e+18 | 2.67e-03 | 3.69e+18 | 4.04e-02 |
|  120  |  120  |  579  | +1.2586e+18 | 2.67e-03 | 2.55e+19 | 3.98e-02 |
|  121  |  121  |  581  | +1.2975e+18 | 5.33e-03 | 9.94e+18 | 4.01e-02 |
|  122  |  122  |  583  | +1.2975e+18 | 2.67e-03 | 9.94e+18 | 4.01e-02 |
|  123  |  123  |  585  | +1.2636e+18 | 5.33e-03 | 2.10e+19 | 3.96e-02 |
|  124  |  124  |  587  | +1.2636e+18 | 2.57e-03 | 2.10e+19 | 3.96e-02 |
|  125  |  125  |  589  | +1.2977e+18 | 5.14e-03 | 8.92e+18 | 3.99e-02 |
|  126  |  126  |  592  | +1.2977e+18 | 2.57e-03 | 8.92e+18 | 3.99e-02 |
|  127  |  127  |  595  | +1.2464e+18 | 5.14e-03 | 3.01e+19 | 3.94e-02 |
|  128  |  128  |  597  | +1.2464e+18 | 2.40e-03 | 3.01e+19 | 3.94e-02 |
|  129  |  129  |  599  | +1.3210e+18 | 4.80e-03 | 2.37e+19 | 3.96e-02 |
|  130  |  130  |  601  | +1.3210e+18 | 2.40e-03 | 2.37e+19 | 3.96e-02 |
|  131  |  131  |  603  | +1.2491e+18 | 4.80e-03 | 2.94e+19 | 3.91e-02 |
|  132  |  132  |  605  | +1.2491e+18 | 2.27e-03 | 2.94e+19 | 3.91e-02 |
|  133  |  133  |  607  | +1.3194e+18 | 4.55e-03 | 2.24e+19 | 3.94e-02 |
|  134  |  134  |  609  | +1.3194e+18 | 2.27e-03 | 2.24e+19 | 3.94e-02 |
|  135  |  135  |  611  | +1.2619e+18 | 4.55e-03 | 2.18e+19 | 3.89e-02 |
|  136  |  136  |  613  | +1.2619e+18 | 2.27e-03 | 2.18e+19 | 3.89e-02 |
|  137  |  137  |  615  | +1.3188e+18 | 4.55e-03 | 2.20e+19 | 3.92e-02 |
|  138  |  138  |  617  | +1.3188e+18 | 2.27e-03 | 2.20e+19 | 3.92e-02 |
|  139  |  139  |  619  | +1.2207e+18 | 4.55e-03 | 2.33e+19 | 3.87e-02 |
|  140  |  140  |  621  | +1.2207e+18 | 2.27e-03 | 2.33e+19 | 3.87e-02 |
|  141  |  141  |  623  | +1.3437e+18 | 4.55e-03 | 3.44e+19 | 3.90e-02 |
|  142  |  142  |  625  | +1.3437e+18 | 2.27e-03 | 3.44e+19 | 3.90e-02 |
|  143  |  143  |  627  | +1.2207e+18 | 1.59e-02 | 3.07e+19 | 3.85e-02 |
|  144  |  144  |  631  | +1.2207e+18 | 5.15e-03 | 3.07e+19 | 3.85e-02 |
|  145  |  145  |  633  | +1.2207e+18 | 2.00e-03 | 3.07e+19 | 3.85e-02 |
|  146  |  146  |  635  | +1.4049e+18 | 3.99e-03 | 1.74e+19 | 3.88e-02 |
|  147  |  147  |  637  | +1.4049e+18 | 2.00e-03 | 1.74e+19 | 3.88e-02 |
|  148  |  148  |  639  | +1.2219e+18 | 3.99e-03 | 2.52e+19 | 3.83e-02 |
|  149  |  149  |  641  | +1.2219e+18 | 2.00e-03 | 2.52e+19 | 3.83e-02 |
|  150  |  150  |  643  | +1.4046e+18 | 3.99e-03 | 1.78e+19 | 3.86e-02 |
|  151  |  151  |  645  | +1.4046e+18 | 2.00e-03 | 1.78e+19 | 3.86e-02 |
|  152  |  152  |  647  | +1.2136e+18 | 3.99e-03 | 1.92e+19 | 3.81e-02 |
|  153  |  153  |  649  | +1.2136e+18 | 2.00e-03 | 1.92e+19 | 3.81e-02 |
|  154  |  154  |  651  | +1.4075e+18 | 2.00e-03 | 1.37e+19 | 3.84e-02 |
|  155  |  155  |  653  | +1.2043e+18 | 3.99e-03 | 1.02e+19 | 3.80e-02 |
|  156  |  156  |  655  | +1.2043e+18 | 2.00e-03 | 1.02e+19 | 3.80e-02 |
|  157  |  157  |  657  | +1.4102e+18 | 2.00e-03 | 8.78e+18 | 3.82e-02 |
|  158  |  158  |  659  | +1.2027e+18 | 3.99e-03 | 1.56e+19 | 3.78e-02 |
|  159  |  159  |  662  | +1.2027e+18 | 2.00e-03 | 1.56e+19 | 3.78e-02 |
|  160  |  160  |  665  | +1.3981e+18 | 2.00e-03 | 2.24e+19 | 3.81e-02 |
|  161  |  161  |  667  | +1.2147e+18 | 1.40e-02 | 2.15e+19 | 3.76e-02 |
|  162  |  162  |  670  | +1.2147e+18 | 3.87e-03 | 2.15e+19 | 3.76e-02 |
|  163  |  163  |  672  | +1.2147e+18 | 1.94e-03 | 2.15e+19 | 3.76e-02 |
|  164  |  164  |  674  | +1.4105e+18 | 3.87e-03 | 9.89e+18 | 3.78e-02 |
|  165  |  165  |  676  | +1.4105e+18 | 1.94e-03 | 9.89e+18 | 3.78e-02 |
|  166  |  166  |  678  | +1.2079e+18 | 3.87e-03 | 1.52e+19 | 3.74e-02 |
|  167  |  167  |  680  | +1.2079e+18 | 1.94e-03 | 1.52e+19 | 3.74e-02 |
|  168  |  168  |  682  | +1.4108e+18 | 1.94e-03 | 7.60e+18 | 3.77e-02 |
|  169  |  169  |  684  | +1.1894e+18 | 3.87e-03 | 1.99e+19 | 3.73e-02 |
|  170  |  170  |  687  | +1.1894e+18 | 1.94e-03 | 1.99e+19 | 3.73e-02 |
|  171  |  171  |  690  | +1.3957e+18 | 1.94e-03 | 1.16e+19 | 3.75e-02 |
|  172  |  172  |  692  | +1.1873e+18 | 3.87e-03 | 7.85e+18 | 3.71e-02 |
|  173  |  173  |  694  | +1.1873e+18 | 1.94e-03 | 7.85e+18 | 3.71e-02 |
|  174  |  174  |  697  | +1.3968e+18 | 1.94e-03 | 6.10e+18 | 3.73e-02 |
|  175  |  175  |  699  | +1.1917e+18 | 3.87e-03 | 1.98e+19 | 3.69e-02 |
|  176  |  176  |  701  | +1.1917e+18 | 1.94e-03 | 1.98e+19 | 3.69e-02 |
|  177  |  177  |  704  | +1.3961e+18 | 1.94e-03 | 5.36e+18 | 3.72e-02 |
|  178  |  178  |  706  | +1.1864e+18 | 3.87e-03 | 1.93e+19 | 3.68e-02 |
|  179  |  179  |  709  | +1.1864e+18 | 1.94e-03 | 1.93e+19 | 3.68e-02 |
|  180  |  180  |  711  | +1.3963e+18 | 1.94e-03 | 5.07e+18 | 3.70e-02 |
|  181  |  181  |  713  | +1.1860e+18 | 3.87e-03 | 1.56e+19 | 3.66e-02 |
|  182  |  182  |  716  | +1.1860e+18 | 1.94e-03 | 1.56e+19 | 3.66e-02 |
|  183  |  183  |  719  | +1.3956e+18 | 1.94e-03 | 9.27e+18 | 3.69e-02 |
|  184  |  184  |  721  | +1.1835e+18 | 3.87e-03 | 7.32e+18 | 3.65e-02 |
|  185  |  185  |  723  | +1.1835e+18 | 1.94e-03 | 7.32e+18 | 3.65e-02 |
|  186  |  186  |  725  | +1.3954e+18 | 1.94e-03 | 3.95e+18 | 3.67e-02 |
|  187  |  187  |  727  | +1.1863e+18 | 3.87e-03 | 1.65e+19 | 3.63e-02 |
|  188  |  188  |  729  | +1.1863e+18 | 1.94e-03 | 1.65e+19 | 3.63e-02 |
|  189  |  189  |  731  | +1.3962e+18 | 1.94e-03 | 4.16e+18 | 3.65e-02 |
|  190  |  190  |  733  | +1.1812e+18 | 3.87e-03 | 1.66e+19 | 3.62e-02 |
|  191  |  191  |  735  | +1.1812e+18 | 1.94e-03 | 1.66e+19 | 3.62e-02 |
|  192  |  192  |  738  | +1.3960e+18 | 1.94e-03 | 7.22e+18 | 3.64e-02 |
|  193  |  193  |  740  | +1.1856e+18 | 3.87e-03 | 7.68e+18 | 3.60e-02 |
|  194  |  194  |  742  | +1.1856e+18 | 1.94e-03 | 7.68e+18 | 3.60e-02 |
|  195  |  195  |  744  | +1.3953e+18 | 1.94e-03 | 3.32e+18 | 3.62e-02 |
|  196  |  196  |  746  | +1.1850e+18 | 3.87e-03 | 3.26e+18 | 3.59e-02 |
|  197  |  197  |  748  | +1.1850e+18 | 1.94e-03 | 3.26e+18 | 3.59e-02 |
|  198  |  198  |  750  | +1.3945e+18 | 1.94e-03 | 5.17e+18 | 3.61e-02 |
|  199  |  199  |  752  | +1.1837e+18 | 3.87e-03 | 1.63e+19 | 3.57e-02 |
|  200  |  200  |  754  | +1.1837e+18 | 1.94e-03 | 1.63e+19 | 3.57e-02 |
|  201  |  201  |  757  | +1.3949e+18 | 1.94e-03 | 3.68e+18 | 3.59e-02 |
|  202  |  202  |  760  | +1.1815e+18 | 3.87e-03 | 1.65e+19 | 3.56e-02 |
|  203  |  203  |  762  | +1.1815e+18 | 1.94e-03 | 1.65e+19 | 3.56e-02 |
|  204  |  204  |  765  | +1.3939e+18 | 1.94e-03 | 6.08e+18 | 3.58e-02 |
|  205  |  205  |  768  | +1.1809e+18 | 3.87e-03 | 1.63e+19 | 3.55e-02 |
|  206  |  206  |  770  | +1.1809e+18 | 1.94e-03 | 1.63e+19 | 3.55e-02 |
|  207  |  207  |  773  | +1.3813e+18 | 1.94e-03 | 2.25e+19 | 3.56e-02 |
|  208  |  208  |  775  | +1.1893e+18 | 1.94e-03 | 1.54e+19 | 3.54e-02 |
|  209  |  209  |  777  | +1.2070e+18 | 3.87e-03 | 1.49e+19 | 3.55e-02 |
|  210  |  210  |  779  | +1.2070e+18 | 1.94e-03 | 1.49e+19 | 3.55e-02 |
|  211  |  211  |  781  | +1.1842e+18 | 1.94e-03 | 1.54e+19 | 3.52e-02 |
|  212  |  212  |  783  | +1.2179e+18 | 3.87e-03 | 2.33e+19 | 3.54e-02 |
|  213  |  213  |  785  | +1.2179e+18 | 1.94e-03 | 2.33e+19 | 3.54e-02 |
|  214  |  214  |  787  | +1.1873e+18 | 1.94e-03 | 1.68e+19 | 3.51e-02 |
|  215  |  215  |  789  | +1.1932e+18 | 3.87e-03 | 3.62e+18 | 3.52e-02 |
|  216  |  216  |  793  | +1.1932e+18 | 1.94e-03 | 3.62e+18 | 3.52e-02 |
|  217  |  217  |  796  | +1.1829e+18 | 3.87e-03 | 1.90e+19 | 3.50e-02 |
|  218  |  218  |  798  | +1.1829e+18 | 1.94e-03 | 1.90e+19 | 3.50e-02 |
|  219  |  219  |  800  | +1.1926e+18 | 3.87e-03 | 3.97e+18 | 3.51e-02 |
|  220  |  220  |  802  | +1.1926e+18 | 1.94e-03 | 3.97e+18 | 3.51e-02 |
|  221  |  221  |  804  | +1.1828e+18 | 3.87e-03 | 1.87e+19 | 3.48e-02 |
|  222  |  222  |  806  | +1.1828e+18 | 1.94e-03 | 1.87e+19 | 3.48e-02 |
|  223  |  223  |  808  | +1.1927e+18 | 3.87e-03 | 3.89e+18 | 3.49e-02 |
|  224  |  224  |  810  | +1.1927e+18 | 1.94e-03 | 3.89e+18 | 3.49e-02 |
|  225  |  225  |  812  | +1.1779e+18 | 3.87e-03 | 2.08e+19 | 3.46e-02 |
|  226  |  226  |  815  | +1.1779e+18 | 1.94e-03 | 2.08e+19 | 3.46e-02 |
|  227  |  227  |  817  | +1.1936e+18 | 3.87e-03 | 3.65e+18 | 3.48e-02 |
|  228  |  228  |  823  | +1.1936e+18 | 1.94e-03 | 3.65e+18 | 3.48e-02 |
|  229  |  229  |  829  | +1.1902e+18 | 1.94e-03 | 1.75e+19 | 3.45e-02 |
|  230  |  230  |  832  | +1.1936e+18 | 3.87e-03 | 3.50e+18 | 3.47e-02 |
|  231  |  231  |  835  | +1.1936e+18 | 1.94e-03 | 3.50e+18 | 3.47e-02 |
|  232  |  232  |  838  | +1.1750e+18 | 3.87e-03 | 1.81e+19 | 3.44e-02 |
|  233  |  233  |  841  | +1.1750e+18 | 1.94e-03 | 1.81e+19 | 3.44e-02 |
|  234  |  234  |  843  | +1.1940e+18 | 3.87e-03 | 2.97e+18 | 3.45e-02 |
|  235  |  235  |  846  | +1.1940e+18 | 1.94e-03 | 2.97e+18 | 3.45e-02 |
|  236  |  236  |  849  | +1.1694e+18 | 3.87e-03 | 1.07e+19 | 3.43e-02 |
|  237  |  237  |  852  | +1.1694e+18 | 1.94e-03 | 1.07e+19 | 3.43e-02 |
|  238  |  238  |  854  | +1.1975e+18 | 1.94e-03 | 2.70e+18 | 3.44e-02 |
|  239  |  239  |  857  | +1.1678e+18 | 3.87e-03 | 1.12e+19 | 3.41e-02 |
|  240  |  240  |  859  | +1.1678e+18 | 1.94e-03 | 1.12e+19 | 3.41e-02 |
|  241  |  241  |  862  | +1.1970e+18 | 3.87e-03 | 3.73e+18 | 3.43e-02 |
|  242  |  242  |  864  | +1.1970e+18 | 1.94e-03 | 3.73e+18 | 3.43e-02 |
|  243  |  243  |  866  | +1.1767e+18 | 3.87e-03 | 1.30e+19 | 3.40e-02 |
|  244  |  244  |  868  | +1.1767e+18 | 1.94e-03 | 1.30e+19 | 3.40e-02 |
|  245  |  245  |  870  | +1.2122e+18 | 3.87e-03 | 2.26e+18 | 3.41e-02 |
|  246  |  246  |  872  | +1.2122e+18 | 1.94e-03 | 2.26e+18 | 3.41e-02 |
|  247  |  247  |  874  | +1.1883e+18 | 3.87e-03 | 1.22e+19 | 3.39e-02 |
|  248  |  248  |  876  | +1.1883e+18 | 1.94e-03 | 1.22e+19 | 3.39e-02 |
|  249  |  249  |  878  | +1.2220e+18 | 3.87e-03 | 1.99e+18 | 3.40e-02 |
|  250  |  250  |  880  | +1.2220e+18 | 1.94e-03 | 1.99e+18 | 3.40e-02 |
|  251  |  251  |  882  | +1.1929e+18 | 3.87e-03 | 1.23e+19 | 3.37e-02 |
|  252  |  252  |  884  | +1.1929e+18 | 1.94e-03 | 1.23e+19 | 3.37e-02 |
|  253  |  253  |  886  | +1.2262e+18 | 1.94e-03 | 1.94e+18 | 3.39e-02 |
|  254  |  254  |  888  | +1.2011e+18 | 3.87e-03 | 1.18e+19 | 3.36e-02 |
|  255  |  255  |  890  | +1.2011e+18 | 1.91e-03 | 1.18e+19 | 3.36e-02 |
|  256  |  256  |  892  | +1.2359e+18 | 3.83e-03 | 1.77e+18 | 3.37e-02 |
|  257  |  257  |  894  | +1.2359e+18 | 1.91e-03 | 1.77e+18 | 3.37e-02 |
|  258  |  258  |  897  | +1.1887e+18 | 3.83e-03 | 1.07e+19 | 3.35e-02 |
|  259  |  259  |  899  | +1.1887e+18 | 1.91e-03 | 1.07e+19 | 3.35e-02 |
|  260  |  260  |  901  | +1.2082e+18 | 3.83e-03 | 3.79e+18 | 3.36e-02 |
|  261  |  261  |  903  | +1.2082e+18 | 1.91e-03 | 3.79e+18 | 3.36e-02 |
|  262  |  262  |  905  | +1.1590e+18 | 3.83e-03 | 9.76e+18 | 3.33e-02 |
|  263  |  263  |  907  | +1.1590e+18 | 1.87e-03 | 9.76e+18 | 3.33e-02 |
|  264  |  264  |  909  | +1.1920e+18 | 3.74e-03 | 1.25e+18 | 3.35e-02 |
|  265  |  265  |  912  | +1.1920e+18 | 1.87e-03 | 1.25e+18 | 3.35e-02 |
|  266  |  266  |  915  | +1.1539e+18 | 3.74e-03 | 9.47e+18 | 3.32e-02 |
|  267  |  267  |  917  | +1.1539e+18 | 1.86e-03 | 9.47e+18 | 3.32e-02 |
|  268  |  268  |  919  | +1.1923e+18 | 1.86e-03 | 9.74e+17 | 3.33e-02 |
|  269  |  269  |  922  | +1.1600e+18 | 3.73e-03 | 3.18e+19 | 3.31e-02 |
|  270  |  270  |  924  | +1.1600e+18 | 1.86e-03 | 3.18e+19 | 3.31e-02 |
|  271  |  271  |  926  | +1.1919e+18 | 1.86e-03 | 4.75e+17 | 3.32e-02 |
|  272  |  272  |  928  | +1.1632e+18 | 3.73e-03 | 2.97e+19 | 3.29e-02 |
|  273  |  273  |  930  | +1.1632e+18 | 1.86e-03 | 2.97e+19 | 3.29e-02 |
|  274  |  274  |  932  | +1.1915e+18 | 1.86e-03 | 4.82e+17 | 3.31e-02 |
|  275  |  275  |  934  | +1.1690e+18 | 3.73e-03 | 2.53e+19 | 3.28e-02 |
|  276  |  276  |  936  | +1.1690e+18 | 1.86e-03 | 2.53e+19 | 3.28e-02 |
|  277  |  277  |  938  | +1.1911e+18 | 1.86e-03 | 4.86e+17 | 3.29e-02 |
|  278  |  278  |  940  | +1.1740e+18 | 3.73e-03 | 2.13e+19 | 3.27e-02 |
|  279  |  279  |  942  | +1.1740e+18 | 1.86e-03 | 2.13e+19 | 3.27e-02 |
|  280  |  280  |  944  | +1.1909e+18 | 3.73e-03 | 5.56e+17 | 3.28e-02 |
|  281  |  281  |  946  | +1.1909e+18 | 1.66e-03 | 5.56e+17 | 3.28e-02 |
|  282  |  282  |  948  | +1.1516e+18 | 3.31e-03 | 1.15e+19 | 3.25e-02 |
|  283  |  283  |  950  | +1.1516e+18 | 1.29e-03 | 1.15e+19 | 3.25e-02 |
|  284  |  284  |  952  | +1.1864e+18 | 2.59e-03 | 5.87e+17 | 3.26e-02 |
|  285  |  285  |  955  | +1.1815e+18 | 2.59e-03 | 1.39e+19 | 3.24e-02 |
|  286  |  286  |  957  | +1.1966e+18 | 5.17e-03 | 3.78e+18 | 3.25e-02 |
|  287  |  287  |  960  | +1.1966e+18 | 2.59e-03 | 3.78e+18 | 3.25e-02 |
|  288  |  288  |  962  | +1.1863e+18 | 2.59e-03 | 2.81e+19 | 3.23e-02 |
|  289  |  289  |  964  | +1.2098e+18 | 5.17e-03 | 1.13e+18 | 3.23e-02 |
|  290  |  290  |  966  | +1.2098e+18 | 2.59e-03 | 1.13e+18 | 3.23e-02 |
|  291  |  291  |  968  | +1.1930e+18 | 2.59e-03 | 2.87e+19 | 3.21e-02 |
|  292  |  292  |  970  | +1.2158e+18 | 5.17e-03 | 5.13e+17 | 3.21e-02 |
|  293  |  293  |  972  | +1.2158e+18 | 1.86e-03 | 5.13e+17 | 3.21e-02 |
|  294  |  294  |  974  | +1.2121e+18 | 3.71e-03 | 8.45e+18 | 3.19e-02 |
|  295  |  295  |  976  | +1.2121e+18 | 1.78e-03 | 8.45e+18 | 3.19e-02 |
|  296  |  296  |  978  | +1.2174e+18 | 1.78e-03 | 5.84e+17 | 3.20e-02 |
|  297  |  297  |  980  | +1.2094e+18 | 3.56e-03 | 9.34e+18 | 3.18e-02 |
|  298  |  298  |  982  | +1.2094e+18 | 1.78e-03 | 9.34e+18 | 3.18e-02 |
|  299  |  299  |  984  | +1.2144e+18 | 3.56e-03 | 5.49e+17 | 3.19e-02 |
|  300  |  300  |  986  | +1.2144e+18 | 1.60e-03 | 5.49e+17 | 3.19e-02 |
|  301  |  301  |  988  | +1.1788e+18 | 3.20e-03 | 3.73e+19 | 3.16e-02 |
|  302  |  302  |  990  | +1.1788e+18 | 1.60e-03 | 3.73e+19 | 3.16e-02 |
|  303  |  303  |  992  | +1.2126e+18 | 1.60e-03 | 8.81e+17 | 3.18e-02 |
|  304  |  304  |  994  | +1.1744e+18 | 3.20e-03 | 1.42e+19 | 3.15e-02 |
|  305  |  305  |  997  | +1.1744e+18 | 1.60e-03 | 1.42e+19 | 3.15e-02 |
|  306  |  306  |  999  | +1.2136e+18 | 3.20e-03 | 2.03e+18 | 3.16e-02 |
|  307  |  307  | 1001  | +1.2136e+18 | 1.60e-03 | 2.03e+18 | 3.16e-02 |
|  308  |  308  | 1004  | +1.1957e+18 | 3.20e-03 | 1.18e+19 | 3.14e-02 |
|  309  |  309  | 1006  | +1.1957e+18 | 1.60e-03 | 1.18e+19 | 3.14e-02 |
|  310  |  310  | 1008  | +1.2324e+18 | 3.20e-03 | 3.03e+18 | 3.15e-02 |
|  311  |  311  | 1010  | +1.2324e+18 | 1.60e-03 | 3.03e+18 | 3.15e-02 |
|  312  |  312  | 1012  | +1.2075e+18 | 3.20e-03 | 1.01e+19 | 3.13e-02 |
|  313  |  313  | 1014  | +1.2075e+18 | 1.60e-03 | 1.01e+19 | 3.13e-02 |
|  314  |  314  | 1016  | +1.2387e+18 | 3.20e-03 | 3.37e+18 | 3.14e-02 |
|  315  |  315  | 1018  | +1.2387e+18 | 1.60e-03 | 3.37e+18 | 3.14e-02 |
|  316  |  316  | 1020  | +1.2163e+18 | 3.20e-03 | 3.59e+19 | 3.12e-02 |
|  317  |  317  | 1022  | +1.2163e+18 | 1.60e-03 | 3.59e+19 | 3.12e-02 |
|  318  |  318  | 1024  | +1.2391e+18 | 1.60e-03 | 1.20e+18 | 3.13e-02 |
|  319  |  319  | 1026  | +1.2185e+18 | 3.20e-03 | 1.66e+19 | 3.11e-02 |
|  320  |  320  | 1029  | +1.2185e+18 | 1.60e-03 | 1.66e+19 | 3.11e-02 |
|  321  |  321  | 1031  | +1.2484e+18 | 3.20e-03 | 7.97e+18 | 3.12e-02 |
|  322  |  322  | 1033  | +1.2484e+18 | 1.57e-03 | 7.97e+18 | 3.12e-02 |
|  323  |  323  | 1035  | +1.2274e+18 | 3.14e-03 | 1.59e+19 | 3.09e-02 |
|  324  |  324  | 1037  | +1.2274e+18 | 1.09e-03 | 1.59e+19 | 3.09e-02 |
|  325  |  325  | 1039  | +1.2472e+18 | 2.18e-03 | 4.34e+18 | 3.10e-02 |
|  326  |  326  | 1041  | +1.2172e+18 | 4.35e-03 | 1.75e+19 | 3.08e-02 |
|  327  |  327  | 1043  | +1.2172e+18 | 1.58e-03 | 1.75e+19 | 3.08e-02 |
|  328  |  328  | 1045  | +1.2378e+18 | 3.15e-03 | 1.71e+18 | 3.09e-02 |
|  329  |  329  | 1048  | +1.2378e+18 | 1.58e-03 | 1.71e+18 | 3.09e-02 |
|  330  |  330  | 1050  | +1.2201e+18 | 3.15e-03 | 1.80e+19 | 3.07e-02 |
|  331  |  331  | 1052  | +1.2201e+18 | 1.58e-03 | 1.80e+19 | 3.07e-02 |
|  332  |  332  | 1054  | +1.2398e+18 | 3.15e-03 | 7.33e+18 | 3.08e-02 |
|  333  |  333  | 1056  | +1.2398e+18 | 1.58e-03 | 7.33e+18 | 3.08e-02 |
|  334  |  334  | 1058  | +1.1913e+18 | 3.15e-03 | 1.81e+19 | 3.05e-02 |
|  335  |  335  | 1060  | +1.1913e+18 | 9.58e-04 | 1.81e+19 | 3.05e-02 |
|  336  |  336  | 1062  | +1.2039e+18 | 1.92e-03 | 2.06e+18 | 3.06e-02 |
|  337  |  337  | 1064  | +1.2011e+18 | 3.83e-03 | 2.56e+18 | 3.04e-02 |
|  338  |  338  | 1066  | +1.2011e+18 | 1.44e-03 | 2.56e+18 | 3.04e-02 |
|  339  |  339  | 1068  | +1.2213e+18 | 2.87e-03 | 2.55e+19 | 3.05e-02 |
|  340  |  340  | 1070  | +1.2213e+18 | 1.44e-03 | 2.55e+19 | 3.05e-02 |
|  341  |  341  | 1072  | +1.2379e+18 | 2.87e-03 | 1.88e+19 | 3.03e-02 |
|  342  |  342  | 1075  | +1.2379e+18 | 1.44e-03 | 1.88e+19 | 3.03e-02 |
|  343  |  343  | 1078  | +1.2060e+18 | 2.87e-03 | 5.48e+17 | 3.04e-02 |
|  344  |  344  | 1085  | +1.2060e+18 | 1.44e-03 | 5.48e+17 | 3.04e-02 |
|  345  |  345  | 1088  | +1.2253e+18 | 2.87e-03 | 4.32e+18 | 3.01e-02 |
|  346  |  346  | 1091  | +1.2253e+18 | 1.44e-03 | 4.32e+18 | 3.01e-02 |
|  347  |  347  | 1093  | +1.2199e+18 | 2.87e-03 | 2.53e+19 | 3.02e-02 |
|  348  |  348  | 1096  | +1.2199e+18 | 1.44e-03 | 2.53e+19 | 3.02e-02 |
|  349  |  349  | 1100  | +1.2216e+18 | 2.87e-03 | 8.76e+18 | 3.00e-02 |
|  350  |  350  | 1103  | +1.2216e+18 | 1.44e-03 | 8.76e+18 | 3.00e-02 |
|  351  |  351  | 1106  | +1.2023e+18 | 2.87e-03 | 5.89e+17 | 3.01e-02 |
|  352  |  352  | 1110  | +1.2023e+18 | 1.44e-03 | 5.89e+17 | 3.01e-02 |
|  353  |  353  | 1116  | +1.2114e+18 | 2.87e-03 | 1.66e+19 | 2.99e-02 |
|  354  |  354  | 1119  | +1.2114e+18 | 1.44e-03 | 1.66e+19 | 2.99e-02 |
|  355  |  355  | 1122  | +1.2011e+18 | 2.87e-03 | 9.39e+17 | 3.00e-02 |
|  356  |  356  | 1125  | +1.2011e+18 | 1.44e-03 | 9.39e+17 | 3.00e-02 |
|  357  |  357  | 1130  | +1.2147e+18 | 2.87e-03 | 1.25e+19 | 2.98e-02 |
|  358  |  358  | 1134  | +1.2147e+18 | 1.44e-03 | 1.25e+19 | 2.98e-02 |
|  359  |  359  | 1137  | +1.1999e+18 | 2.87e-03 | 2.12e+19 | 2.99e-02 |
|  360  |  360  | 1140  | +1.1999e+18 | 1.44e-03 | 2.12e+19 | 2.99e-02 |
|  361  |  361  | 1143  | +1.2185e+18 | 2.87e-03 | 1.51e+19 | 2.97e-02 |
|  362  |  362  | 1146  | +1.2185e+18 | 1.44e-03 | 1.51e+19 | 2.97e-02 |
|  363  |  363  | 1149  | +1.2175e+18 | 1.00e-02 | 4.30e+18 | 2.98e-02 |
|  364  |  364  | 1153  | +1.2175e+18 | 5.02e-03 | 4.30e+18 | 2.98e-02 |
|  365  |  365  | 1157  | +1.2175e+18 | 2.51e-03 | 4.30e+18 | 2.98e-02 |
|  366  |  366  | 1160  | +1.2197e+18 | 2.51e-03 | 1.01e+19 | 2.96e-02 |
|  367  |  367  | 1163  | +1.2385e+18 | 5.02e-03 | 2.05e+18 | 2.97e-02 |
|  368  |  368  | 1167  | +1.2385e+18 | 2.51e-03 | 2.05e+18 | 2.97e-02 |
|  369  |  369  | 1170  | +1.2141e+18 | 2.51e-03 | 1.49e+19 | 2.94e-02 |
|  370  |  370  | 1173  | +1.2267e+18 | 5.02e-03 | 6.65e+17 | 2.95e-02 |
|  371  |  371  | 1176  | +1.2267e+18 | 2.40e-03 | 6.65e+17 | 2.95e-02 |
|  372  |  372  | 1179  | +1.2609e+18 | 2.40e-03 | 2.66e+19 | 2.93e-02 |
|  373  |  373  | 1182  | +1.2368e+18 | 4.80e-03 | 2.10e+18 | 2.94e-02 |
|  374  |  374  | 1185  | +1.2368e+18 | 2.40e-03 | 2.10e+18 | 2.94e-02 |
|  375  |  375  | 1188  | +1.2485e+18 | 2.40e-03 | 1.96e+19 | 2.92e-02 |
|  376  |  376  | 1191  | +1.2328e+18 | 4.80e-03 | 2.43e+18 | 2.93e-02 |
|  377  |  377  | 1194  | +1.2328e+18 | 2.40e-03 | 2.43e+18 | 2.93e-02 |
|  378  |  378  | 1197  | +1.2226e+18 | 2.40e-03 | 1.06e+19 | 2.91e-02 |
|  379  |  379  | 1200  | +1.2330e+18 | 4.80e-03 | 1.87e+18 | 2.92e-02 |
|  380  |  380  | 1203  | +1.2330e+18 | 2.40e-03 | 1.87e+18 | 2.92e-02 |
|  381  |  381  | 1206  | +1.2096e+18 | 2.40e-03 | 1.75e+19 | 2.90e-02 |
|  382  |  382  | 1209  | +1.2304e+18 | 4.80e-03 | 2.36e+18 | 2.90e-02 |
|  383  |  383  | 1213  | +1.2304e+18 | 2.40e-03 | 2.36e+18 | 2.90e-02 |
|  384  |  384  | 1216  | +1.2050e+18 | 2.40e-03 | 1.92e+19 | 2.89e-02 |
|  385  |  385  | 1219  | +1.2275e+18 | 4.80e-03 | 2.66e+18 | 2.89e-02 |
|  386  |  386  | 1222  | +1.2275e+18 | 2.40e-03 | 2.66e+18 | 2.89e-02 |
|  387  |  387  | 1225  | +1.2016e+18 | 2.40e-03 | 1.89e+19 | 2.87e-02 |
|  388  |  388  | 1228  | +1.2320e+18 | 4.80e-03 | 2.05e+18 | 2.88e-02 |
|  389  |  389  | 1232  | +1.2320e+18 | 2.40e-03 | 2.05e+18 | 2.88e-02 |
|  390  |  390  | 1236  | +1.1921e+18 | 2.40e-03 | 2.68e+19 | 2.86e-02 |
|  391  |  391  | 1239  | +1.2212e+18 | 2.40e-03 | 1.36e+18 | 2.87e-02 |
|  392  |  392  | 1242  | +1.1603e+18 | 2.40e-03 | 7.62e+19 | 2.85e-02 |
|  393  |  393  | 1246  | +1.2205e+18 | 2.40e-03 | 1.46e+18 | 2.86e-02 |
|  394  |  394  | 1249  | +1.1692e+18 | 2.40e-03 | 3.13e+19 | 2.83e-02 |
|  395  |  395  | 1252  | +1.2240e+18 | 4.80e-03 | 2.24e+18 | 2.84e-02 |
|  396  |  396  | 1255  | +1.2240e+18 | 2.26e-03 | 2.24e+18 | 2.84e-02 |
|  397  |  397  | 1258  | +1.1609e+18 | 2.26e-03 | 2.90e+19 | 2.82e-02 |
|  398  |  398  | 1261  | +1.2216e+18 | 1.58e-02 | 2.39e+18 | 2.83e-02 |
|  399  |  399  | 1265  | +1.2216e+18 | 7.91e-03 | 2.39e+18 | 2.83e-02 |
|  400  |  400  | 1268  | +1.2216e+18 | 3.76e-03 | 2.39e+18 | 2.83e-02 |
|  401  |  401  | 1271  | +1.2216e+18 | 1.57e-03 | 2.39e+18 | 2.83e-02 |
|  402  |  402  | 1274  | +1.2317e+18 | 3.14e-03 | 5.78e+18 | 2.81e-02 |
|  403  |  403  | 1277  | +1.2317e+18 | 1.03e-03 | 5.78e+18 | 2.81e-02 |
|  404  |  404  | 1280  | +1.2305e+18 | 7.21e-03 | 2.29e+18 | 2.81e-02 |
|  405  |  405  | 1283  | +1.2028e+18 | 1.44e-02 | 8.02e+18 | 2.79e-02 |
|  406  |  406  | 1286  | +1.2028e+18 | 4.54e-03 | 8.02e+18 | 2.79e-02 |
|  407  |  407  | 1289  | +1.2028e+18 | 2.27e-03 | 8.02e+18 | 2.79e-02 |
|  408  |  408  | 1292  | +1.2414e+18 | 4.54e-03 | 2.12e+18 | 2.77e-02 |
|  409  |  409  | 1295  | +1.2414e+18 | 2.27e-03 | 2.12e+18 | 2.77e-02 |
|  410  |  410  | 1298  | +1.2357e+18 | 2.27e-03 | 1.43e+19 | 2.76e-02 |
|  411  |  411  | 1301  | +1.4274e+18 | 2.27e-03 | 1.14e+18 | 2.77e-02 |
|  412  |  412  | 1303  | +1.2324e+18 | 4.54e-03 | 4.97e+18 | 2.74e-02 |
|  413  |  413  | 1306  | +1.2324e+18 | 1.07e-03 | 4.97e+18 | 2.74e-02 |
|  414  |  414  | 1308  | +1.2551e+18 | 2.13e-03 | 2.43e+19 | 2.74e-02 |
|  415  |  415  | 1311  | +1.2277e+18 | 1.49e-02 | 8.03e+17 | 2.75e-02 |
|  416  |  416  | 1318  | +1.2563e+18 | 1.49e-02 | 1.03e+19 | 2.70e-02 |
|  417  |  417  | 1322  | +1.2563e+18 | 7.47e-03 | 1.03e+19 | 2.70e-02 |
|  418  |  418  | 1326  | +1.2563e+18 | 3.74e-03 | 1.03e+19 | 2.70e-02 |
|  419  |  419  | 1329  | +1.2563e+18 | 1.87e-03 | 1.03e+19 | 2.70e-02 |
|  420  |  420  | 1332  | +1.4078e+18 | 1.31e-02 | 1.57e+18 | 2.69e-02 |
|  421  |  421  | 1338  | +1.2957e+18 | 2.61e-02 | 6.24e+19 | 2.65e-02 |
|  422  |  422  | 1342  | +1.2957e+18 | 8.06e-03 | 6.24e+19 | 2.65e-02 |
|  423  |  423  | 1345  | +1.2957e+18 | 2.53e-03 | 6.24e+19 | 2.65e-02 |
|  424  |  424  | 1348  | +1.3006e+18 | 1.77e-02 | 3.30e+18 | 2.63e-02 |
|  425  |  425  | 1351  | +1.2580e+18 | 1.77e-02 | 5.96e+18 | 2.60e-02 |
|  426  |  426  | 1355  | +1.2580e+18 | 7.59e-03 | 5.96e+18 | 2.60e-02 |
|  427  |  427  | 1359  | +1.2580e+18 | 3.79e-03 | 5.96e+18 | 2.60e-02 |
|  428  |  428  | 1362  | +1.2495e+18 | 3.79e-03 | 3.98e+19 | 2.61e-02 |
|  429  |  429  | 1365  | +1.2495e+18 | 1.90e-03 | 3.98e+19 | 2.61e-02 |
|  430  |  430  | 1368  | +1.3630e+18 | 1.33e-02 | 3.14e+19 | 2.55e-02 |
|  431  |  431  | 1372  | +1.2799e+18 | 2.66e-02 | 2.23e+18 | 2.58e-02 |
|  432  |  432  | 1376  | +1.2799e+18 | 1.33e-02 | 2.23e+18 | 2.58e-02 |
|  433  |  433  | 1379  | +1.2799e+18 | 6.64e-03 | 2.23e+18 | 2.58e-02 |
|  434  |  434  | 1382  | +1.2799e+18 | 3.32e-03 | 2.23e+18 | 2.58e-02 |
|  435  |  435  | 1383  | +1.2991e+18 | 6.64e-03 | 1.86e+19 | 2.51e-02 |
|  436  |  436  | 1385  | +1.2991e+18 | 3.32e-03 | 1.86e+19 | 2.51e-02 |
|  437  |  437  | 1387  | +1.2967e+18 | 6.64e-03 | 1.40e+19 | 2.53e-02 |
|  438  |  438  | 1389  | +1.2967e+18 | 3.32e-03 | 1.40e+19 | 2.53e-02 |
|  439  |  439  | 1391  | +1.2951e+18 | 3.32e-03 | 1.83e+19 | 2.49e-02 |
|  440  |  440  | 1393  | +1.3422e+18 | 6.64e-03 | 3.03e+19 | 2.50e-02 |
|  441  |  441  | 1395  | +1.3422e+18 | 3.32e-03 | 3.03e+19 | 2.50e-02 |
|  442  |  442  | 1397  | +1.2873e+18 | 3.32e-03 | 2.09e+19 | 2.47e-02 |
|  443  |  443  | 1399  | +1.3806e+18 | 6.64e-03 | 2.97e+19 | 2.47e-02 |
|  444  |  444  | 1401  | +1.3806e+18 | 3.32e-03 | 2.97e+19 | 2.47e-02 |
|  445  |  445  | 1403  | +1.2840e+18 | 3.32e-03 | 2.61e+19 | 2.46e-02 |
|  446  |  446  | 1405  | +1.3967e+18 | 6.64e-03 | 2.32e+19 | 2.45e-02 |
|  447  |  447  | 1407  | +1.3967e+18 | 3.32e-03 | 2.32e+19 | 2.45e-02 |
|  448  |  448  | 1409  | +1.2860e+18 | 3.32e-03 | 3.16e+19 | 2.44e-02 |
|  449  |  449  | 1411  | +1.4143e+18 | 6.64e-03 | 1.54e+19 | 2.43e-02 |
|  450  |  450  | 1413  | +1.4143e+18 | 3.32e-03 | 1.54e+19 | 2.43e-02 |
|  451  |  451  | 1415  | +1.2876e+18 | 3.32e-03 | 3.58e+19 | 2.42e-02 |
|  452  |  452  | 1417  | +1.4298e+18 | 6.64e-03 | 8.24e+18 | 2.41e-02 |
|  453  |  453  | 1419  | +1.4298e+18 | 3.32e-03 | 8.24e+18 | 2.41e-02 |
|  454  |  454  | 1421  | +1.4298e+18 | 1.66e-03 | 8.24e+18 | 2.41e-02 |
|  455  |  455  | 1423  | +1.2810e+18 | 3.32e-03 | 6.73e+18 | 2.39e-02 |
|  456  |  456  | 1425  | +1.2810e+18 | 8.19e-04 | 6.73e+18 | 2.39e-02 |
|  457  |  457  | 1427  | +1.2850e+18 | 1.64e-03 | 4.46e+18 | 2.39e-02 |
|  458  |  458  | 1429  | +1.2687e+18 | 3.28e-03 | 2.47e+19 | 2.38e-02 |
|  459  |  459  | 1431  | +1.2687e+18 | 1.64e-03 | 2.47e+19 | 2.38e-02 |
|  460  |  460  | 1433  | +1.3759e+18 | 1.64e-03 | 1.80e+19 | 2.39e-02 |
|  461  |  461  | 1435  | +1.2442e+18 | 3.28e-03 | 2.21e+19 | 2.37e-02 |
|  462  |  462  | 1437  | +1.2442e+18 | 1.64e-03 | 2.21e+19 | 2.37e-02 |
|  463  |  463  | 1439  | +1.3515e+18 | 1.64e-03 | 2.84e+19 | 2.38e-02 |
|  464  |  464  | 1441  | +1.2353e+18 | 1.15e-02 | 5.29e+18 | 2.36e-02 |
|  465  |  465  | 1443  | +1.2353e+18 | 5.45e-03 | 5.29e+18 | 2.36e-02 |
|  466  |  466  | 1445  | +1.2353e+18 | 2.43e-03 | 5.29e+18 | 2.36e-02 |
|  467  |  467  | 1447  | +1.2353e+18 | 1.22e-03 | 5.29e+18 | 2.36e-02 |
|  468  |  468  | 1449  | +1.3634e+18 | 2.43e-03 | 2.28e+19 | 2.36e-02 |
|  469  |  469  | 1451  | +1.3634e+18 | 1.22e-03 | 2.28e+19 | 2.36e-02 |
|  470  |  470  | 1453  | +1.2213e+18 | 2.43e-03 | 3.17e+19 | 2.35e-02 |
|  471  |  471  | 1455  | +1.2213e+18 | 1.22e-03 | 3.17e+19 | 2.35e-02 |
|  472  |  472  | 1457  | +1.2418e+18 | 2.43e-03 | 5.13e+19 | 2.35e-02 |
|  473  |  473  | 1459  | +1.2418e+18 | 1.22e-03 | 5.13e+19 | 2.35e-02 |
|  474  |  474  | 1461  | +1.1845e+18 | 1.22e-03 | 1.88e+19 | 2.35e-02 |
|  475  |  475  | 1463  | +1.2236e+18 | 2.43e-03 | 2.18e+19 | 2.35e-02 |
|  476  |  476  | 1465  | +1.2236e+18 | 1.22e-03 | 2.18e+19 | 2.35e-02 |
|  477  |  477  | 1467  | +1.1822e+18 | 2.43e-03 | 1.84e+19 | 2.34e-02 |
|  478  |  478  | 1469  | +1.1822e+18 | 1.22e-03 | 1.84e+19 | 2.34e-02 |
|  479  |  479  | 1471  | +1.1785e+18 | 2.43e-03 | 4.45e+18 | 2.34e-02 |
|  480  |  480  | 1473  | +1.1785e+18 | 1.22e-03 | 4.45e+18 | 2.34e-02 |
|  481  |  481  | 1476  | +1.1833e+18 | 2.43e-03 | 1.79e+19 | 2.33e-02 |
|  482  |  482  | 1478  | +1.1833e+18 | 1.22e-03 | 1.79e+19 | 2.33e-02 |
|  483  |  483  | 1480  | +1.2100e+18 | 2.43e-03 | 2.97e+19 | 2.33e-02 |
|  484  |  484  | 1482  | +1.2100e+18 | 1.22e-03 | 2.97e+19 | 2.33e-02 |
|  485  |  485  | 1484  | +1.1806e+18 | 2.43e-03 | 1.76e+19 | 2.32e-02 |
|  486  |  486  | 1486  | +1.1806e+18 | 1.22e-03 | 1.76e+19 | 2.32e-02 |
|  487  |  487  | 1488  | +1.1807e+18 | 2.43e-03 | 4.28e+18 | 2.32e-02 |
|  488  |  488  | 1490  | +1.1807e+18 | 1.22e-03 | 4.28e+18 | 2.32e-02 |
|  489  |  489  | 1492  | +1.1827e+18 | 2.43e-03 | 1.69e+19 | 2.31e-02 |
|  490  |  490  | 1494  | +1.1827e+18 | 1.22e-03 | 1.69e+19 | 2.31e-02 |
|  491  |  491  | 1496  | +1.1756e+18 | 2.43e-03 | 3.55e+18 | 2.32e-02 |
|  492  |  492  | 1499  | +1.1756e+18 | 1.22e-03 | 3.55e+18 | 2.32e-02 |
|  493  |  493  | 1501  | +1.1707e+18 | 2.43e-03 | 1.76e+19 | 2.30e-02 |
|  494  |  494  | 1503  | +1.1707e+18 | 9.68e-04 | 1.76e+19 | 2.30e-02 |
|  495  |  495  | 1505  | +1.1740e+18 | 1.94e-03 | 3.98e+18 | 2.30e-02 |
|  496  |  496  | 1507  | +1.1678e+18 | 3.87e-03 | 1.70e+19 | 2.30e-02 |
|  497  |  497  | 1511  | +1.1678e+18 | 1.94e-03 | 1.70e+19 | 2.30e-02 |
|  498  |  498  | 1514  | +1.1856e+18 | 3.87e-03 | 9.04e+18 | 2.30e-02 |
|  499  |  499  | 1517  | +1.1856e+18 | 1.94e-03 | 9.04e+18 | 2.30e-02 |
|  500  |  500  | 1520  | +1.1514e+18 | 1.94e-03 | 2.00e+19 | 2.29e-02 |
|  501  |  501  | 1522  | +1.1661e+18 | 3.87e-03 | 3.75e+18 | 2.28e-02 |
|  502  |  502  | 1525  | +1.1661e+18 | 1.94e-03 | 3.75e+18 | 2.28e-02 |
|  503  |  503  | 1529  | +1.1459e+18 | 1.94e-03 | 1.89e+19 | 2.28e-02 |
|  504  |  504  | 1531  | +1.1925e+18 | 3.87e-03 | 7.40e+18 | 2.28e-02 |
|  505  |  505  | 1534  | +1.1925e+18 | 1.94e-03 | 7.40e+18 | 2.28e-02 |
|  506  |  506  | 1537  | +1.1202e+18 | 1.94e-03 | 4.04e+19 | 2.27e-02 |
|  507  |  507  | 1539  | +1.1870e+18 | 3.87e-03 | 1.08e+19 | 2.27e-02 |
|  508  |  508  | 1542  | +1.1870e+18 | 1.94e-03 | 1.08e+19 | 2.27e-02 |
|  509  |  509  | 1544  | +1.1127e+18 | 1.94e-03 | 4.46e+19 | 2.26e-02 |
|  510  |  510  | 1546  | +1.1758e+18 | 1.36e-02 | 3.76e+18 | 2.26e-02 |
|  511  |  511  | 1552  | +1.2226e+18 | 1.36e-02 | 2.77e+19 | 2.23e-02 |
|  512  |  512  | 1554  | +1.2226e+18 | 6.78e-03 | 2.77e+19 | 2.23e-02 |
|  513  |  513  | 1556  | +1.2226e+18 | 3.39e-03 | 2.77e+19 | 2.23e-02 |
|  514  |  514  | 1558  | +1.2226e+18 | 1.69e-03 | 2.77e+19 | 2.23e-02 |
|  515  |  515  | 1560  | +1.2543e+18 | 1.19e-02 | 3.66e+18 | 2.21e-02 |
|  516  |  516  | 1567  | +1.2441e+18 | 2.37e-02 | 1.14e+19 | 2.16e-02 |
|  517  |  517  | 1574  | +1.2336e+18 | 4.74e-02 | 4.43e+18 | 2.16e-02 |
|  518  |  518  | 1585  | +1.2395e+18 | 9.49e-02 | 4.92e+19 | 2.09e-02 |
|  519  |  519  | 1594  | +1.2395e+18 | 3.68e-02 | 4.92e+19 | 2.09e-02 |
|  520  |  520  | 1603  | +1.2395e+18 | 1.84e-02 | 4.92e+19 | 2.09e-02 |
|  521  |  521  | 1605  | +1.2395e+18 | 9.19e-03 | 4.92e+19 | 2.09e-02 |
|  522  |  522  | 1607  | +1.2395e+18 | 4.59e-03 | 4.92e+19 | 2.09e-02 |
|  523  |  523  | 1609  | +1.2395e+18 | 2.30e-03 | 4.92e+19 | 2.09e-02 |
|  524  |  524  | 1611  | +1.3884e+18 | 4.59e-03 | 3.26e+19 | 2.01e-02 |
|  525  |  525  | 1614  | +1.2327e+18 | 9.19e-03 | 2.80e+18 | 2.02e-02 |
|  526  |  526  | 1619  | +1.2327e+18 | 4.59e-03 | 2.80e+18 | 2.02e-02 |
|  527  |  527  | 1621  | +1.2327e+18 | 2.30e-03 | 2.80e+18 | 2.02e-02 |
|  528  |  528  | 1623  | +1.3731e+18 | 4.59e-03 | 3.06e+19 | 2.00e-02 |
|  529  |  529  | 1624  | +1.3731e+18 | 2.30e-03 | 3.06e+19 | 2.00e-02 |
|  530  |  530  | 1625  | +1.2373e+18 | 2.30e-03 | 1.95e+19 | 1.98e-02 |
|  531  |  531  | 1626  | +1.2857e+18 | 1.61e-02 | 8.49e+18 | 2.00e-02 |
|  532  |  532  | 1630  | +1.2641e+18 | 1.61e-02 | 5.84e+18 | 1.95e-02 |
|  533  |  533  | 1632  | +1.2641e+18 | 8.04e-03 | 5.84e+18 | 1.95e-02 |
|  534  |  534  | 1634  | +1.2641e+18 | 4.02e-03 | 5.84e+18 | 1.95e-02 |
|  535  |  535  | 1635  | +1.2641e+18 | 2.01e-03 | 5.84e+18 | 1.95e-02 |
|  536  |  536  | 1637  | +1.2847e+18 | 4.02e-03 | 5.38e+18 | 1.95e-02 |
|  537  |  537  | 1639  | +1.3766e+18 | 4.02e-03 | 1.64e+19 | 1.92e-02 |
|  538  |  538  | 1641  | +1.3766e+18 | 2.01e-03 | 1.64e+19 | 1.92e-02 |
|  539  |  539  | 1643  | +1.2245e+18 | 4.02e-03 | 5.71e+19 | 1.93e-02 |
|  540  |  540  | 1645  | +1.2245e+18 | 2.01e-03 | 5.71e+19 | 1.93e-02 |
|  541  |  541  | 1646  | +1.2245e+18 | 1.01e-03 | 5.71e+19 | 1.93e-02 |
|  542  |  542  | 1647  | +1.2830e+18 | 2.01e-03 | 3.59e+18 | 1.91e-02 |
|  543  |  543  | 1648  | +1.2503e+18 | 4.02e-03 | 2.54e+19 | 1.93e-02 |
|  544  |  544  | 1649  | +1.2503e+18 | 2.01e-03 | 2.54e+19 | 1.93e-02 |
|  545  |  545  | 1650  | +1.3249e+18 | 2.01e-03 | 2.71e+19 | 1.88e-02 |
|  546  |  546  | 1651  | +1.1893e+18 | 4.02e-03 | 5.10e+19 | 1.91e-02 |
|  547  |  547  | 1652  | +1.1893e+18 | 2.01e-03 | 5.10e+19 | 1.91e-02 |
|  548  |  548  | 1653  | +1.3003e+18 | 2.01e-03 | 2.80e+19 | 1.87e-02 |
|  549  |  549  | 1654  | +1.0312e+18 | 2.01e-03 | 2.06e+19 | 1.90e-02 |
|  550  |  550  | 1655  | +1.2276e+18 | 2.01e-03 | 5.05e+19 | 1.85e-02 |
|  551  |  551  | 1657  | +1.1258e+18 | 2.01e-03 | 7.35e+18 | 1.89e-02 |
|  552  |  552  | 1658  | +1.1217e+18 | 4.02e-03 | 3.90e+18 | 1.84e-02 |
|  553  |  553  | 1660  | +1.1217e+18 | 2.01e-03 | 3.90e+18 | 1.84e-02 |
|  554  |  554  | 1662  | +1.1262e+18 | 2.01e-03 | 8.04e+18 | 1.87e-02 |
|  555  |  555  | 1664  | +1.1444e+18 | 2.01e-03 | 2.00e+19 | 1.82e-02 |
|  556  |  556  | 1666  | +1.0629e+18 | 2.01e-03 | 5.91e+19 | 1.85e-02 |
|  557  |  557  | 1668  | +1.1424e+18 | 2.01e-03 | 2.02e+19 | 1.81e-02 |
|  558  |  558  | 1669  | +1.0761e+18 | 2.01e-03 | 4.40e+19 | 1.84e-02 |
|  559  |  559  | 1671  | +1.1763e+18 | 2.01e-03 | 3.11e+19 | 1.80e-02 |
|  560  |  560  | 1672  | +1.0994e+18 | 2.01e-03 | 4.01e+19 | 1.83e-02 |
|  561  |  561  | 1673  | +1.2065e+18 | 2.01e-03 | 3.29e+19 | 1.79e-02 |
|  562  |  562  | 1674  | +1.0928e+18 | 2.01e-03 | 5.42e+19 | 1.82e-02 |
|  563  |  563  | 1675  | +1.2063e+18 | 2.01e-03 | 3.09e+19 | 1.78e-02 |
|  564  |  564  | 1676  | +1.0081e+18 | 2.01e-03 | 7.42e+19 | 1.81e-02 |
|  565  |  565  | 1677  | +1.2033e+18 | 2.01e-03 | 2.39e+19 | 1.77e-02 |
|  566  |  566  | 1678  | +9.9176e+17 | 2.01e-03 | 3.16e+19 | 1.80e-02 |
|  567  |  567  | 1679  | +1.1725e+18 | 2.01e-03 | 3.30e+19 | 1.76e-02 |
|  568  |  568  | 1680  | +1.0140e+18 | 2.01e-03 | 7.41e+19 | 1.78e-02 |
|  569  |  569  | 1681  | +1.1976e+18 | 2.01e-03 | 2.46e+19 | 1.75e-02 |
|  570  |  570  | 1682  | +9.8347e+17 | 2.01e-03 | 3.28e+19 | 1.77e-02 |
|  571  |  571  | 1683  | +1.1653e+18 | 2.01e-03 | 3.21e+19 | 1.74e-02 |
|  572  |  572  | 1684  | +1.0243e+18 | 2.01e-03 | 7.80e+19 | 1.76e-02 |
|  573  |  573  | 1685  | +1.1957e+18 | 2.01e-03 | 2.64e+19 | 1.73e-02 |
|  574  |  574  | 1686  | +9.8360e+17 | 2.01e-03 | 3.36e+19 | 1.75e-02 |
|  575  |  575  | 1687  | +1.1637e+18 | 2.01e-03 | 3.13e+19 | 1.72e-02 |
|  576  |  576  | 1688  | +1.0169e+18 | 2.01e-03 | 6.92e+19 | 1.74e-02 |
|  577  |  577  | 1690  | +1.2125e+18 | 2.01e-03 | 2.55e+19 | 1.71e-02 |
|  578  |  578  | 1691  | +9.9355e+17 | 2.01e-03 | 2.34e+19 | 1.73e-02 |
|  579  |  579  | 1693  | +1.2279e+18 | 2.01e-03 | 1.47e+19 | 1.70e-02 |
|  580  |  580  | 1695  | +1.0032e+18 | 2.01e-03 | 7.95e+19 | 1.72e-02 |
|  581  |  581  | 1696  | +1.2360e+18 | 2.01e-03 | 3.83e+18 | 1.69e-02 |
|  582  |  582  | 1697  | +1.0369e+18 | 2.01e-03 | 2.11e+19 | 1.71e-02 |
|  583  |  583  | 1698  | +1.2435e+18 | 2.01e-03 | 1.54e+19 | 1.68e-02 |
|  584  |  584  | 1699  | +1.0271e+18 | 2.01e-03 | 3.08e+19 | 1.70e-02 |
|  585  |  585  | 1700  | +1.2303e+18 | 2.01e-03 | 2.87e+19 | 1.67e-02 |
|  586  |  586  | 1701  | +1.0378e+18 | 2.01e-03 | 7.91e+19 | 1.70e-02 |
|  587  |  587  | 1702  | +1.2284e+18 | 2.01e-03 | 1.73e+19 | 1.66e-02 |
|  588  |  588  | 1703  | +1.0169e+18 | 2.01e-03 | 2.80e+19 | 1.68e-02 |
|  589  |  589  | 1704  | +1.1938e+18 | 2.01e-03 | 2.97e+19 | 1.65e-02 |
|  590  |  590  | 1707  | +1.1334e+18 | 2.01e-03 | 8.11e+19 | 1.68e-02 |
|  591  |  591  | 1710  | +1.1169e+18 | 2.01e-03 | 4.35e+18 | 1.64e-02 |
|  592  |  592  | 1713  | +1.1142e+18 | 2.01e-03 | 1.35e+19 | 1.67e-02 |
|  593  |  593  | 1716  | +1.1191e+18 | 2.01e-03 | 4.10e+18 | 1.63e-02 |
|  594  |  594  | 1719  | +1.1654e+18 | 2.01e-03 | 9.57e+18 | 1.66e-02 |
|  595  |  595  | 1722  | +1.1180e+18 | 2.01e-03 | 2.92e+19 | 1.62e-02 |
|  596  |  596  | 1725  | +1.1597e+18 | 2.01e-03 | 2.25e+19 | 1.65e-02 |
|  597  |  597  | 1728  | +1.1237e+18 | 2.01e-03 | 4.33e+18 | 1.61e-02 |
|  598  |  598  | 1731  | +1.1333e+18 | 2.01e-03 | 5.94e+18 | 1.65e-02 |
|  599  |  599  | 1734  | +1.1234e+18 | 2.01e-03 | 3.62e+18 | 1.61e-02 |
|  600  |  600  | 1737  | +1.1384e+18 | 2.01e-03 | 7.88e+19 | 1.64e-02 |
|  601  |  601  | 1740  | +1.1222e+18 | 2.01e-03 | 2.46e+18 | 1.60e-02 |
|  602  |  602  | 1743  | +1.1413e+18 | 2.01e-03 | 4.23e+18 | 1.63e-02 |
|  603  |  603  | 1746  | +1.1242e+18 | 2.01e-03 | 2.48e+18 | 1.59e-02 |
|  604  |  604  | 1749  | +1.1415e+18 | 2.01e-03 | 6.08e+18 | 1.62e-02 |
|  605  |  605  | 1752  | +1.1256e+18 | 2.01e-03 | 2.35e+18 | 1.58e-02 |
|  606  |  606  | 1755  | +1.1413e+18 | 2.01e-03 | 7.90e+18 | 1.61e-02 |
|  607  |  607  | 1758  | +1.1265e+18 | 2.01e-03 | 2.28e+18 | 1.57e-02 |
|  608  |  608  | 1761  | +1.1394e+18 | 2.01e-03 | 9.11e+18 | 1.60e-02 |
|  609  |  609  | 1764  | +1.1160e+18 | 2.01e-03 | 2.34e+18 | 1.56e-02 |
|  610  |  610  | 1767  | +1.1291e+18 | 2.01e-03 | 1.00e+19 | 1.59e-02 |
|  611  |  611  | 1769  | +1.1163e+18 | 2.01e-03 | 2.30e+18 | 1.55e-02 |
|  612  |  612  | 1772  | +1.1272e+18 | 2.01e-03 | 1.00e+19 | 1.58e-02 |
|  613  |  613  | 1774  | +1.1152e+18 | 2.01e-03 | 2.22e+18 | 1.54e-02 |
|  614  |  614  | 1777  | +1.1221e+18 | 2.01e-03 | 1.17e+19 | 1.57e-02 |
|  615  |  615  | 1779  | +1.1162e+18 | 2.01e-03 | 1.83e+18 | 1.53e-02 |
|  616  |  616  | 1782  | +1.1141e+18 | 2.01e-03 | 1.48e+19 | 1.56e-02 |
|  617  |  617  | 1784  | +1.1194e+18 | 2.01e-03 | 9.24e+17 | 1.53e-02 |
|  618  |  618  | 1786  | +1.1071e+18 | 2.01e-03 | 1.68e+19 | 1.56e-02 |
|  619  |  619  | 1788  | +1.1187e+18 | 2.01e-03 | 8.15e+17 | 1.52e-02 |
|  620  |  620  | 1790  | +1.1232e+18 | 2.01e-03 | 7.89e+19 | 1.55e-02 |
|  621  |  621  | 1793  | +1.1023e+18 | 2.01e-03 | 1.01e+18 | 1.51e-02 |
|  622  |  622  | 1796  | +1.0945e+18 | 2.01e-03 | 1.30e+19 | 1.54e-02 |
|  623  |  623  | 1799  | +1.1010e+18 | 2.01e-03 | 2.94e+18 | 1.50e-02 |
|  624  |  624  | 1802  | +1.0869e+18 | 2.01e-03 | 1.46e+19 | 1.53e-02 |
|  625  |  625  | 1805  | +1.0976e+18 | 2.01e-03 | 6.47e+18 | 1.49e-02 |
|  626  |  626  | 1808  | +1.0976e+18 | 1.01e-03 | 6.47e+18 | 1.49e-02 |
|  627  |  627  | 1811  | +1.0883e+18 | 2.01e-03 | 1.02e+19 | 1.50e-02 |
|  628  |  628  | 1813  | +1.0597e+18 | 4.02e-03 | 5.75e+19 | 1.49e-02 |
|  629  |  629  | 1815  | +1.0597e+18 | 2.01e-03 | 5.75e+19 | 1.49e-02 |
|  630  |  630  | 1818  | +1.0597e+18 | 1.01e-03 | 5.75e+19 | 1.49e-02 |
|  631  |  631  | 1821  | +1.1308e+18 | 2.01e-03 | 1.25e+18 | 1.49e-02 |
|  632  |  632  | 1823  | +1.0595e+18 | 2.01e-03 | 7.17e+19 | 1.48e-02 |
|  633  |  633  | 1825  | +1.0595e+18 | 1.01e-03 | 7.17e+19 | 1.48e-02 |
|  634  |  634  | 1827  | +1.1228e+18 | 2.01e-03 | 5.03e+18 | 1.49e-02 |
|  635  |  635  | 1829  | +1.0706e+18 | 2.01e-03 | 5.70e+19 | 1.47e-02 |
|  636  |  636  | 1830  | +1.1211e+18 | 2.01e-03 | 1.38e+19 | 1.49e-02 |
|  637  |  637  | 1831  | +1.1030e+18 | 2.01e-03 | 1.42e+19 | 1.46e-02 |
|  638  |  638  | 1832  | +1.1722e+18 | 2.01e-03 | 5.79e+18 | 1.48e-02 |
|  639  |  639  | 1834  | +1.1734e+18 | 2.01e-03 | 1.86e+19 | 1.45e-02 |
|  640  |  640  | 1837  | +1.1668e+18 | 2.01e-03 | 1.29e+19 | 1.47e-02 |
|  641  |  641  | 1839  | +1.1551e+18 | 2.01e-03 | 4.96e+19 | 1.44e-02 |
|  642  |  642  | 1842  | +1.1214e+18 | 2.01e-03 | 3.79e+19 | 1.47e-02 |
|  643  |  643  | 1844  | +1.1179e+18 | 2.01e-03 | 6.06e+18 | 1.43e-02 |
|  644  |  644  | 1846  | +1.1065e+18 | 2.01e-03 | 3.66e+19 | 1.46e-02 |
|  645  |  645  | 1848  | +1.1096e+18 | 2.01e-03 | 5.81e+18 | 1.43e-02 |
|  646  |  646  | 1850  | +1.0931e+18 | 2.01e-03 | 4.02e+19 | 1.45e-02 |
|  647  |  647  | 1852  | +1.1050e+18 | 2.01e-03 | 5.51e+18 | 1.42e-02 |
|  648  |  648  | 1854  | +1.0865e+18 | 2.01e-03 | 4.10e+19 | 1.44e-02 |
|  649  |  649  | 1856  | +1.1024e+18 | 2.01e-03 | 5.42e+18 | 1.41e-02 |
|  650  |  650  | 1858  | +1.0920e+18 | 2.01e-03 | 3.73e+19 | 1.43e-02 |
|  651  |  651  | 1860  | +1.1029e+18 | 2.01e-03 | 5.83e+18 | 1.40e-02 |
|  652  |  652  | 1862  | +1.0717e+18 | 2.01e-03 | 4.38e+19 | 1.43e-02 |
|  653  |  653  | 1864  | +1.1059e+18 | 2.01e-03 | 5.75e+18 | 1.39e-02 |
|  654  |  654  | 1866  | +1.0655e+18 | 2.01e-03 | 4.31e+19 | 1.42e-02 |
|  655  |  655  | 1868  | +1.1085e+18 | 2.01e-03 | 6.10e+18 | 1.39e-02 |
|  656  |  656  | 1870  | +1.0783e+18 | 2.01e-03 | 4.07e+19 | 1.42e-02 |
|  657  |  657  | 1872  | +1.1126e+18 | 2.01e-03 | 6.85e+18 | 1.38e-02 |
|  658  |  658  | 1874  | +1.0901e+18 | 2.01e-03 | 3.92e+19 | 1.41e-02 |
|  659  |  659  | 1876  | +1.1153e+18 | 2.01e-03 | 7.58e+18 | 1.37e-02 |
|  660  |  660  | 1878  | +1.1115e+18 | 2.01e-03 | 3.53e+19 | 1.40e-02 |
|  661  |  661  | 1880  | +1.1136e+18 | 2.01e-03 | 8.43e+18 | 1.36e-02 |
|  662  |  662  | 1882  | +1.1300e+18 | 2.01e-03 | 2.97e+19 | 1.40e-02 |
|  663  |  663  | 1884  | +1.0874e+18 | 2.01e-03 | 8.81e+18 | 1.36e-02 |
|  664  |  664  | 1886  | +1.1434e+18 | 2.01e-03 | 1.32e+19 | 1.38e-02 |
|  665  |  665  | 1888  | +1.1116e+18 | 2.01e-03 | 5.84e+19 | 1.35e-02 |
|  666  |  666  | 1890  | +1.1116e+18 | 1.01e-03 | 5.84e+19 | 1.35e-02 |
|  667  |  667  | 1892  | +1.1456e+18 | 2.01e-03 | 7.19e+18 | 1.36e-02 |
|  668  |  668  | 1894  | +1.1491e+18 | 4.02e-03 | 4.80e+18 | 1.35e-02 |
|  669  |  669  | 1896  | +1.1491e+18 | 2.01e-03 | 4.80e+18 | 1.35e-02 |
|  670  |  670  | 1898  | +1.1211e+18 | 2.01e-03 | 2.92e+19 | 1.37e-02 |
|  671  |  671  | 1899  | +1.1487e+18 | 2.01e-03 | 4.42e+18 | 1.33e-02 |
|  672  |  672  | 1900  | +1.1319e+18 | 2.01e-03 | 2.14e+19 | 1.36e-02 |
|  673  |  673  | 1901  | +1.1505e+18 | 2.01e-03 | 5.77e+18 | 1.32e-02 |
|  674  |  674  | 1902  | +1.1387e+18 | 2.01e-03 | 1.44e+19 | 1.35e-02 |
|  675  |  675  | 1903  | +1.1534e+18 | 2.01e-03 | 5.86e+18 | 1.31e-02 |
|  676  |  676  | 1904  | +1.1528e+18 | 2.01e-03 | 9.79e+18 | 1.34e-02 |
|  677  |  677  | 1905  | +1.1546e+18 | 2.01e-03 | 5.93e+18 | 1.31e-02 |
|  678  |  678  | 1906  | +1.1739e+18 | 2.01e-03 | 6.25e+18 | 1.33e-02 |
|  679  |  679  | 1907  | +1.1654e+18 | 2.01e-03 | 7.69e+18 | 1.30e-02 |
|  680  |  680  | 1908  | +1.1650e+18 | 2.01e-03 | 2.01e+19 | 1.32e-02 |
|  681  |  681  | 1909  | +1.1666e+18 | 4.02e-03 | 2.45e+19 | 1.29e-02 |
|  682  |  682  | 1911  | +1.1666e+18 | 2.01e-03 | 2.45e+19 | 1.29e-02 |
|  683  |  683  | 1913  | +1.1666e+18 | 1.01e-03 | 2.45e+19 | 1.29e-02 |
|  684  |  684  | 1914  | +1.1621e+18 | 2.01e-03 | 1.56e+19 | 1.30e-02 |
|  685  |  685  | 1915  | +1.2113e+18 | 4.02e-03 | 1.11e+19 | 1.28e-02 |
|  686  |  686  | 1917  | +1.1945e+18 | 8.04e-03 | 1.53e+19 | 1.30e-02 |
|  687  |  687  | 1920  | +1.1843e+18 | 1.61e-02 | 1.61e+19 | 1.25e-02 |
|  688  |  688  | 1925  | +1.1699e+18 | 3.22e-02 | 2.89e+19 | 1.27e-02 |
|  689  |  689  | 1929  | +1.1699e+18 | 1.61e-02 | 2.89e+19 | 1.27e-02 |
|  690  |  690  | 1933  | +1.2310e+18 | 1.61e-02 | 1.72e+19 | 1.24e-02 |
|  691  |  691  | 1937  | +1.2720e+18 | 1.61e-02 | 2.69e+19 | 1.26e-02 |
|  692  |  692  | 1942  | +1.1969e+18 | 3.22e-02 | 2.76e+19 | 1.17e-02 |
|  693  |  693  | 1946  | +1.1969e+18 | 1.61e-02 | 2.76e+19 | 1.17e-02 |
|  694  |  694  | 1950  | +1.2517e+18 | 1.61e-02 | 3.39e+19 | 1.22e-02 |
|  695  |  695  | 1954  | +1.2760e+18 | 3.22e-02 | 4.96e+18 | 1.10e-02 |
|  696  |  696  | 1958  | +1.2760e+18 | 1.61e-02 | 4.96e+18 | 1.10e-02 |
|  697  |  697  | 1962  | +1.2872e+18 | 1.61e-02 | 3.61e+19 | 1.19e-02 |
|  698  |  698  | 1966  | +1.3402e+18 | 3.22e-02 | 1.74e+19 | 1.04e-02 |
|  699  |  699  | 1971  | +1.3402e+18 | 1.61e-02 | 1.74e+19 | 1.04e-02 |
|  700  |  700  | 1975  | +1.4182e+18 | 1.61e-02 | 3.79e+19 | 1.14e-02 |
|  701  |  701  | 1979  | +1.3779e+18 | 3.22e-02 | 2.82e+19 | 9.99e-03 |
|  702  |  702  | 1984  | +1.3779e+18 | 1.61e-02 | 2.82e+19 | 9.99e-03 |
|  703  |  703  | 1987  | +1.6302e+18 | 3.22e-02 | 1.50e+19 | 1.08e-02 |
|  704  |  704  | 1991  | +1.6562e+18 | 3.22e-02 | 2.91e+19 | 9.92e-03 |
|  705  |  705  | 1994  | +1.6562e+18 | 1.61e-02 | 2.91e+19 | 9.92e-03 |
|  706  |  706  | 1997  | +1.2724e+18 | 3.22e-02 | 3.81e+19 | 1.06e-02 |
|  707  |  707  | 2003  | +1.2377e+18 | 6.43e-02 | 1.36e+19 | 1.00e-02 |
|  708  |  708  | 2008  | +1.2377e+18 | 3.22e-02 | 1.36e+19 | 1.00e-02 |
|  709  |  709  | 2011  | +1.2377e+18 | 1.61e-02 | 1.36e+19 | 1.00e-02 |
|  710  |  710  | 2014  | +1.2290e+18 | 3.22e-02 | 1.81e+19 | 1.05e-02 |
|  711  |  711  | 2022  | +1.4075e+18 | 6.43e-02 | 3.93e+18 | 9.94e-03 |
|  712  |  712  | 2027  | +1.4075e+18 | 3.22e-02 | 3.93e+18 | 9.94e-03 |
|  713  |  713  | 2031  | +1.2991e+18 | 6.43e-02 | 4.94e+18 | 1.02e-02 |
|  714  |  714  | 2037  | +1.2235e+18 | 1.29e-01 | 3.39e+19 | 9.86e-03 |
|  715  |  715  | 2041  | +1.5074e+18 | 2.57e-01 | 1.81e+19 | 1.03e-02 |
|  716  |  716  | 2050  | +1.5074e+18 | 1.29e-01 | 1.81e+19 | 1.03e-02 |
|  717  |  717  | 2058  | +1.4688e+18 | 2.57e-01 | 2.38e+18 | 9.23e-03 |
|  718  |  718  | 2062  | +1.4688e+18 | 2.57e-02 | 2.38e+18 | 9.23e-03 |
|  719  |  719  | 2065  | +1.4143e+18 | 2.57e-02 | 6.02e+18 | 1.00e-02 |
|  720  |  720  | 2070  | +1.1254e+18 | 5.15e-02 | 7.44e+18 | 9.06e-03 |
|  721  |  721  | 2076  | +1.4749e+18 | 1.03e-01 | 7.27e+18 | 9.30e-03 |
|  722  |  722  | 2082  | +1.2016e+18 | 2.06e-01 | 1.61e+19 | 8.68e-03 |
|  723  |  723  | 2085  | +1.2016e+18 | 2.06e-02 | 1.61e+19 | 8.68e-03 |
|  724  |  724  | 2087  | +1.2016e+18 | 1.03e-02 | 1.61e+19 | 8.68e-03 |
|  725  |  725  | 2089  | +1.4943e+18 | 2.06e-02 | 1.68e+19 | 8.94e-03 |
|  726  |  726  | 2093  | +1.2921e+18 | 4.12e-02 | 9.20e+18 | 7.95e-03 |
|  727  |  727  | 2098  | +1.2921e+18 | 2.06e-02 | 9.20e+18 | 7.95e-03 |
|  728  |  728  | 2102  | +1.1808e+18 | 4.12e-02 | 1.88e+18 | 8.53e-03 |
|  729  |  729  | 2107  | +1.4117e+18 | 8.23e-02 | 1.26e+19 | 7.29e-03 |
|  730  |  730  | 2111  | +1.6235e+18 | 8.23e-02 | 5.36e+18 | 8.24e-03 |
|  731  |  731  | 2115  | +1.6235e+18 | 4.12e-02 | 5.36e+18 | 8.24e-03 |
|  732  |  732  | 2118  | +1.5960e+18 | 8.23e-02 | 7.60e+18 | 6.96e-03 |
|  733  |  733  | 2121  | +1.5960e+18 | 3.31e-02 | 7.60e+18 | 6.96e-03 |
|  734  |  734  | 2124  | +1.5960e+18 | 1.66e-02 | 7.60e+18 | 6.96e-03 |
|  735  |  735  | 2126  | +1.5665e+18 | 3.31e-02 | 1.87e+19 | 7.79e-03 |
|  736  |  736  | 2129  | +1.5838e+18 | 6.62e-02 | 5.09e+18 | 6.82e-03 |
|  737  |  737  | 2131  | +1.5838e+18 | 3.31e-02 | 5.09e+18 | 6.82e-03 |
|  738  |  738  | 2135  | +2.0045e+18 | 3.31e-02 | 1.42e+19 | 7.72e-03 |
|  739  |  739  | 2138  | +3.2510e+18 | 6.62e-02 | 1.07e+19 | 6.48e-03 |
|  740  |  740  | 2145  | +2.9788e+18 | 1.32e-01 | 1.17e+19 | 7.19e-03 |
|  741  |  741  | 2152  | +2.9788e+18 | 2.72e-02 | 1.17e+19 | 7.19e-03 |
|  742  |  742  | 2156  | +1.1921e+18 | 2.72e-02 | 3.71e+18 | 6.46e-03 |
|  743  |  743  | 2163  | +1.1862e+18 | 5.45e-02 | 2.36e+18 | 6.54e-03 |
|  744  |  744  | 2167  | +1.1432e+18 | 1.09e-01 | 1.40e+19 | 6.08e-03 |
|  745  |  745  | 2173  | +1.1432e+18 | 5.45e-02 | 1.40e+19 | 6.08e-03 |
|  746  |  746  | 2177  | +1.2079e+18 | 1.09e-01 | 3.04e+19 | 6.49e-03 |
|  747  |  747  | 2181  | +1.2079e+18 | 3.04e-02 | 3.04e+19 | 6.49e-03 |
|  748  |  748  | 2185  | +1.1661e+18 | 6.09e-02 | 5.55e+18 | 6.11e-03 |
|  749  |  749  | 2189  | +1.1661e+18 | 2.97e-02 | 5.55e+18 | 6.11e-03 |
|  750  |  750  | 2194  | +1.1661e+18 | 1.49e-02 | 5.55e+18 | 6.11e-03 |
|  751  |  751  | 2198  | +1.1402e+18 | 2.97e-02 | 1.19e+18 | 6.42e-03 |
|  752  |  752  | 2200  | +1.2295e+18 | 5.94e-02 | 1.94e+19 | 5.97e-03 |
|  753  |  753  | 2204  | +1.1856e+18 | 1.19e-01 | 2.45e+19 | 6.05e-03 |
|  754  |  754  | 2206  | +1.1337e+18 | 2.38e-01 | 8.14e+18 | 5.83e-03 |
|  755  |  755  | 2211  | +1.1337e+18 | 5.40e-02 | 8.14e+18 | 5.83e-03 |
|  756  |  756  | 2216  | +1.1337e+18 | 2.70e-02 | 8.14e+18 | 5.83e-03 |
|  757  |  757  | 2221  | +1.0150e+18 | 5.40e-02 | 2.23e+19 | 5.54e-03 |
|  758  |  758  | 2226  | +1.0150e+18 | 2.56e-02 | 2.23e+19 | 5.54e-03 |
|  759  |  759  | 2230  | +1.0150e+18 | 1.28e-02 | 2.23e+19 | 5.54e-03 |
|  760  |  760  | 2234  | +1.0570e+18 | 1.28e-02 | 1.83e+19 | 5.91e-03 |
|  761  |  761  | 2238  | +1.0516e+18 | 2.56e-02 | 9.76e+18 | 5.25e-03 |
|  762  |  762  | 2241  | +1.3247e+18 | 5.12e-02 | 2.24e+19 | 5.82e-03 |
|  763  |  763  | 2247  | +1.3247e+18 | 2.56e-02 | 2.24e+19 | 5.82e-03 |
|  764  |  764  | 2252  | +1.0799e+18 | 2.56e-02 | 3.72e+18 | 5.26e-03 |
|  765  |  765  | 2256  | +1.0799e+18 | 1.28e-02 | 3.72e+18 | 5.26e-03 |
|  766  |  766  | 2259  | +1.3225e+18 | 1.28e-02 | 1.47e+19 | 5.90e-03 |
|  767  |  767  | 2263  | +1.2923e+18 | 2.56e-02 | 1.35e+19 | 5.16e-03 |
|  768  |  768  | 2266  | +1.6398e+18 | 5.12e-02 | 6.86e+18 | 5.71e-03 |
|  769  |  769  | 2271  | +1.4569e+18 | 5.12e-02 | 1.49e+19 | 5.18e-03 |
|  770  |  770  | 2276  | +1.4569e+18 | 1.14e-02 | 1.49e+19 | 5.18e-03 |
|  771  |  771  | 2280  | +1.6118e+18 | 1.14e-02 | 6.18e+18 | 5.78e-03 |
|  772  |  772  | 2284  | +1.5783e+18 | 2.27e-02 | 5.86e+19 | 5.08e-03 |
|  773  |  773  | 2287  | +1.3977e+18 | 4.55e-02 | 3.23e+19 | 5.63e-03 |
|  774  |  774  | 2291  | +1.5893e+18 | 9.10e-02 | 2.91e+19 | 5.06e-03 |
|  775  |  775  | 2295  | +1.5893e+18 | 2.10e-02 | 2.91e+19 | 5.06e-03 |
|  776  |  776  | 2298  | +1.3862e+18 | 2.10e-02 | 7.76e+18 | 5.60e-03 |
|  777  |  777  | 2304  | +1.3731e+18 | 4.21e-02 | 7.32e+19 | 4.92e-03 |
|  778  |  778  | 2309  | +1.5032e+18 | 8.42e-02 | 1.89e+19 | 5.41e-03 |
|  779  |  779  | 2313  | +1.5032e+18 | 4.21e-02 | 1.89e+19 | 5.41e-03 |
|  780  |  780  | 2318  | +1.5515e+18 | 4.21e-02 | 1.40e+19 | 4.95e-03 |
|  781  |  781  | 2324  | +1.5515e+18 | 2.10e-02 | 1.40e+19 | 4.95e-03 |
|  782  |  782  | 2329  | +1.4807e+18 | 4.21e-02 | 9.85e+18 | 5.30e-03 |
|  783  |  783  | 2333  | +1.5014e+18 | 8.42e-02 | 5.48e+18 | 4.86e-03 |
|  784  |  784  | 2337  | +1.5014e+18 | 4.21e-02 | 5.48e+18 | 4.86e-03 |
|  785  |  785  | 2344  | +1.8184e+18 | 8.42e-02 | 1.38e+19 | 5.18e-03 |
|  786  |  786  | 2348  | +1.5922e+18 | 1.68e-01 | 1.81e+19 | 4.83e-03 |
|  787  |  787  | 2359  | +2.0675e+18 | 3.37e-01 | 1.40e+19 | 4.82e-03 |
|  788  |  788  | 2361  | +2.0675e+18 | 3.37e-02 | 1.40e+19 | 4.82e-03 |
|  789  |  789  | 2363  | +2.0675e+18 | 8.33e-03 | 1.40e+19 | 4.82e-03 |
|  790  |  790  | 2365  | +2.3000e+18 | 1.67e-02 | 3.64e+18 | 4.66e-03 |
|  791  |  791  | 2368  | +1.7339e+18 | 1.17e-01 | 4.68e+18 | 4.78e-03 |
|  792  |  792  | 2375  | +1.7339e+18 | 5.83e-02 | 4.68e+18 | 4.78e-03 |
|  793  |  793  | 2381  | +1.8259e+18 | 1.17e-01 | 2.95e+19 | 4.64e-03 |
|  794  |  794  | 2385  | +1.8259e+18 | 3.78e-02 | 2.95e+19 | 4.64e-03 |
|  795  |  795  | 2389  | +1.8259e+18 | 1.89e-02 | 2.95e+19 | 4.64e-03 |
|  796  |  796  | 2393  | +1.9366e+18 | 3.78e-02 | 2.06e+19 | 4.52e-03 |
|  797  |  797  | 2397  | +1.4518e+18 | 7.57e-02 | 4.49e+18 | 4.71e-03 |
|  798  |  798  | 2406  | +1.7050e+18 | 1.51e-01 | 9.34e+19 | 4.32e-03 |
|  799  |  799  | 2410  | +1.7050e+18 | 1.51e-02 | 9.34e+19 | 4.32e-03 |
|  800  |  800  | 2413  | +1.5039e+18 | 3.03e-02 | 1.10e+19 | 4.65e-03 |
|  801  |  801  | 2417  | +1.7708e+18 | 6.05e-02 | 8.30e+18 | 4.25e-03 |
|  802  |  802  | 2421  | +1.7708e+18 | 3.03e-02 | 8.30e+18 | 4.25e-03 |
|  803  |  803  | 2425  | +2.2389e+18 | 6.05e-02 | 7.16e+19 | 4.65e-03 |
|  804  |  804  | 2431  | +1.7599e+18 | 1.21e-01 | 1.25e+20 | 4.25e-03 |
|  805  |  805  | 2437  | +1.7599e+18 | 2.13e-02 | 1.25e+20 | 4.25e-03 |
|  806  |  806  | 2442  | +1.7610e+18 | 4.27e-02 | 1.28e+20 | 4.67e-03 |
|  807  |  807  | 2447  | +1.4662e+18 | 8.53e-02 | 4.17e+19 | 4.23e-03 |
|  808  |  808  | 2449  | +1.4662e+18 | 8.53e-03 | 4.17e+19 | 4.23e-03 |
|  809  |  809  | 2452  | +1.7294e+18 | 1.71e-02 | 1.29e+20 | 4.55e-03 |
|  810  |  810  | 2457  | +1.4713e+18 | 3.41e-02 | 5.06e+19 | 4.12e-03 |
|  811  |  811  | 2464  | +1.4736e+18 | 2.39e-01 | 5.25e+18 | 4.43e-03 |
|  812  |  812  | 2476  | +1.8416e+18 | 4.78e-01 | 4.66e+19 | 4.06e-03 |
|  813  |  813  | 2478  | +1.8416e+18 | 4.78e-02 | 4.66e+19 | 4.06e-03 |
|  814  |  814  | 2482  | +1.8416e+18 | 4.78e-03 | 4.66e+19 | 4.06e-03 |
|  815  |  815  | 2486  | +1.5656e+18 | 9.56e-03 | 1.59e+19 | 4.41e-03 |
|  816  |  816  | 2487  | +2.3297e+18 | 1.91e-02 | 3.34e+19 | 4.08e-03 |
|  817  |  817  | 2491  | +1.6087e+18 | 3.82e-02 | 2.26e+19 | 4.36e-03 |
|  818  |  818  | 2494  | +1.6087e+18 | 1.91e-02 | 2.26e+19 | 4.36e-03 |
|  819  |  819  | 2498  | +1.8696e+18 | 3.82e-02 | 7.94e+18 | 4.04e-03 |
|  820  |  820  | 2504  | +1.6442e+18 | 7.64e-02 | 2.13e+19 | 4.25e-03 |
|  821  |  821  | 2507  | +2.1433e+18 | 1.53e-01 | 4.37e+18 | 4.04e-03 |
|  822  |  822  | 2510  | +2.1433e+18 | 7.64e-02 | 4.37e+18 | 4.04e-03 |
|  823  |  823  | 2515  | +1.5080e+18 | 1.53e-01 | 4.93e+18 | 3.70e-03 |
|  824  |  824  | 2519  | +1.5080e+18 | 2.05e-02 | 4.93e+18 | 3.70e-03 |
|  825  |  825  | 2524  | +2.1542e+18 | 4.10e-02 | 1.64e+18 | 3.84e-03 |
|  826  |  826  | 2534  | +2.1542e+18 | 2.05e-02 | 1.64e+18 | 3.84e-03 |
|  827  |  827  | 2540  | +2.3294e+18 | 4.10e-02 | 1.24e+19 | 3.64e-03 |
|  828  |  828  | 2543  | +1.6589e+18 | 4.10e-02 | 2.48e+18 | 3.92e-03 |
|  829  |  829  | 2548  | +1.9178e+18 | 4.10e-02 | 1.37e+19 | 3.65e-03 |
|  830  |  830  | 2552  | +1.9178e+18 | 2.05e-02 | 1.37e+19 | 3.65e-03 |
|  831  |  831  | 2557  | +1.7409e+18 | 4.10e-02 | 8.81e+18 | 3.89e-03 |
|  832  |  832  | 2561  | +1.7409e+18 | 2.05e-02 | 8.81e+18 | 3.89e-03 |
|  833  |  833  | 2564  | +1.8317e+18 | 4.10e-02 | 6.98e+19 | 3.65e-03 |
|  834  |  834  | 2567  | +1.8317e+18 | 1.14e-02 | 6.98e+19 | 3.65e-03 |
|  835  |  835  | 2570  | +1.3878e+18 | 2.28e-02 | 9.64e+19 | 3.89e-03 |
|  836  |  836  | 2573  | +1.3965e+18 | 4.57e-02 | 1.24e+19 | 3.58e-03 |
|  837  |  837  | 2578  | +1.3952e+18 | 3.20e-01 | 3.96e+18 | 3.79e-03 |
|  838  |  838  | 2581  | +1.3952e+18 | 3.20e-02 | 3.96e+18 | 3.79e-03 |
|  839  |  839  | 2584  | +1.7021e+18 | 6.40e-02 | 2.42e+19 | 3.52e-03 |
|  840  |  840  | 2587  | +1.7021e+18 | 1.80e-02 | 2.42e+19 | 3.52e-03 |
|  841  |  841  | 2591  | +1.7021e+18 | 8.99e-03 | 2.42e+19 | 3.52e-03 |
|  842  |  842  | 2594  | +1.4227e+18 | 1.80e-02 | 2.78e+18 | 3.75e-03 |
|  843  |  843  | 2598  | +1.3790e+18 | 3.59e-02 | 2.57e+18 | 3.46e-03 |
|  844  |  844  | 2607  | +1.3790e+18 | 1.80e-02 | 2.57e+18 | 3.46e-03 |
|  845  |  845  | 2613  | +1.4376e+18 | 1.80e-02 | 3.51e+18 | 3.70e-03 |
|  846  |  846  | 2618  | +1.3316e+18 | 3.59e-02 | 2.09e+18 | 3.50e-03 |
|  847  |  847  | 2624  | +1.3316e+18 | 1.08e-02 | 2.09e+18 | 3.50e-03 |
|  848  |  848  | 2629  | +1.3162e+18 | 2.16e-02 | 1.91e+19 | 3.64e-03 |
|  849  |  849  | 2634  | +1.4009e+18 | 4.33e-02 | 1.53e+19 | 3.45e-03 |
|  850  |  850  | 2639  | +1.4009e+18 | 9.83e-03 | 1.53e+19 | 3.45e-03 |
|  851  |  851  | 2642  | +1.5424e+18 | 6.88e-02 | 5.79e+19 | 3.61e-03 |
|  852  |  852  | 2646  | +1.5424e+18 | 3.44e-02 | 5.79e+19 | 3.61e-03 |
|  853  |  853  | 2649  | +1.4451e+18 | 6.88e-02 | 1.12e+19 | 3.41e-03 |
|  854  |  854  | 2652  | +1.3109e+18 | 1.38e-01 | 2.01e+18 | 3.50e-03 |
|  855  |  855  | 2655  | +1.5575e+18 | 2.75e-01 | 6.54e+18 | 3.28e-03 |
|  856  |  856  | 2660  | +1.5575e+18 | 1.38e-01 | 6.54e+18 | 3.28e-03 |
|  857  |  857  | 2669  | +1.6081e+18 | 2.75e-01 | 1.31e+19 | 2.81e-03 |
|  858  |  858  | 2673  | +1.6081e+18 | 2.75e-02 | 1.31e+19 | 2.81e-03 |
|  859  |  859  | 2677  | +1.6081e+18 | 1.38e-02 | 1.31e+19 | 2.81e-03 |
|  860  |  860  | 2680  | +1.4935e+18 | 2.75e-02 | 1.57e+19 | 2.91e-03 |
|  861  |  861  | 2683  | +1.6708e+18 | 1.93e-01 | 8.38e+19 | 2.78e-03 |
|  862  |  862  | 2686  | +1.6708e+18 | 9.64e-02 | 8.38e+19 | 2.78e-03 |
|  863  |  863  | 2689  | +1.2881e+18 | 1.93e-01 | 2.97e+19 | 2.83e-03 |
|  864  |  864  | 2693  | +1.5014e+18 | 1.93e-01 | 9.24e+18 | 2.95e-03 |
|  865  |  865  | 2697  | +1.5014e+18 | 1.93e-02 | 9.24e+18 | 2.95e-03 |
|  866  |  866  | 2701  | +1.4673e+18 | 1.35e-01 | 1.14e+20 | 2.77e-03 |
|  867  |  867  | 2705  | +1.4673e+18 | 1.35e-02 | 1.14e+20 | 2.77e-03 |
|  868  |  868  | 2708  | +1.5629e+18 | 2.70e-02 | 1.03e+19 | 2.78e-03 |
|  869  |  869  | 2712  | +1.6850e+18 | 5.40e-02 | 6.73e+19 | 2.78e-03 |
|  870  |  870  | 2715  | +1.6850e+18 | 2.21e-02 | 6.73e+19 | 2.78e-03 |
|  871  |  871  | 2718  | +1.9835e+18 | 4.42e-02 | 1.61e+19 | 2.76e-03 |
|  872  |  872  | 2721  | +1.9835e+18 | 1.87e-02 | 1.61e+19 | 2.76e-03 |
|  873  |  873  | 2724  | +1.9645e+18 | 3.73e-02 | 1.32e+19 | 2.71e-03 |
|  874  |  874  | 2727  | +1.9645e+18 | 1.41e-02 | 1.32e+19 | 2.71e-03 |
|  875  |  875  | 2730  | +2.1257e+18 | 2.82e-02 | 5.18e+18 | 2.71e-03 |
|  876  |  876  | 2734  | +2.1257e+18 | 1.41e-02 | 5.18e+18 | 2.71e-03 |
|  877  |  877  | 2738  | +2.0645e+18 | 2.82e-02 | 1.46e+19 | 2.66e-03 |
|  878  |  878  | 2742  | +2.0645e+18 | 1.41e-02 | 1.46e+19 | 2.66e-03 |
|  879  |  879  | 2747  | +2.0624e+18 | 2.82e-02 | 8.08e+18 | 2.54e-03 |
|  880  |  880  | 2753  | +2.0624e+18 | 1.27e-02 | 8.08e+18 | 2.54e-03 |
|  881  |  881  | 2757  | +2.0624e+18 | 6.36e-03 | 8.08e+18 | 2.54e-03 |
|  882  |  882  | 2761  | +2.2281e+18 | 1.27e-02 | 3.75e+19 | 2.63e-03 |
|  883  |  883  | 2765  | +2.1711e+18 | 2.54e-02 | 7.68e+18 | 2.50e-03 |
|  884  |  884  | 2772  | +1.9700e+18 | 2.54e-02 | 5.12e+18 | 2.66e-03 |
|  885  |  885  | 2778  | +2.0952e+18 | 5.09e-02 | 2.95e+19 | 2.47e-03 |
|  886  |  886  | 2786  | +2.1389e+18 | 1.02e-01 | 1.37e+19 | 2.50e-03 |
|  887  |  887  | 2795  | +1.9607e+18 | 2.03e-01 | 5.47e+18 | 2.26e-03 |
|  888  |  888  | 2810  | +1.9607e+18 | 8.71e-02 | 5.47e+18 | 2.26e-03 |
|  889  |  889  | 2821  | +1.9423e+18 | 8.71e-02 | 7.54e+18 | 2.38e-03 |
|  890  |  890  | 2827  | +1.9423e+18 | 8.71e-03 | 7.54e+18 | 2.38e-03 |
|  891  |  891  | 2832  | +1.9361e+18 | 1.74e-02 | 7.87e+18 | 2.20e-03 |
|  892  |  892  | 2842  | +1.8993e+18 | 3.48e-02 | 8.68e+18 | 2.28e-03 |
|  893  |  893  | 2853  | +1.9535e+18 | 6.97e-02 | 4.89e+18 | 2.17e-03 |
|  894  |  894  | 2863  | +1.9535e+18 | 3.48e-02 | 4.89e+18 | 2.17e-03 |
|  895  |  895  | 2871  | +1.9535e+18 | 1.74e-02 | 4.89e+18 | 2.17e-03 |
|  896  |  896  | 2879  | +1.9497e+18 | 3.48e-02 | 6.45e+18 | 2.25e-03 |
|  897  |  897  | 2895  | +1.9497e+18 | 1.74e-02 | 6.45e+18 | 2.25e-03 |
|  898  |  898  | 2907  | +1.9134e+18 | 3.48e-02 | 4.25e+18 | 2.17e-03 |
|  899  |  899  | 2914  | +1.9134e+18 | 9.51e-03 | 4.25e+18 | 2.17e-03 |
|  900  |  900  | 2920  | +1.9007e+18 | 9.51e-03 | 2.05e+19 | 2.24e-03 |
|  901  |  901  | 2929  | +1.8713e+18 | 1.90e-02 | 4.53e+18 | 2.19e-03 |
|  902  |  902  | 2941  | +1.8602e+18 | 3.81e-02 | 7.94e+18 | 2.23e-03 |
|  903  |  903  | 2953  | +1.8602e+18 | 1.47e-02 | 7.94e+18 | 2.23e-03 |
|  904  |  904  | 2962  | +1.8253e+18 | 2.94e-02 | 7.31e+18 | 2.17e-03 |
|  905  |  905  | 2973  | +1.8253e+18 | 1.11e-02 | 7.31e+18 | 2.17e-03 |
|  906  |  906  | 2982  | +1.8253e+18 | 5.56e-03 | 7.31e+18 | 2.17e-03 |
|  907  |  907  | 2991  | +1.8302e+18 | 1.11e-02 | 5.77e+18 | 2.22e-03 |
|  908  |  908  | 3000  | +1.8302e+18 | 5.56e-03 | 5.77e+18 | 2.22e-03 |
|  909  |  909  | 3004  | +1.8273e+18 | 1.11e-02 | 7.91e+18 | 2.20e-03 |
|  910  |  910  | 3016  | +1.8330e+18 | 2.22e-02 | 8.72e+18 | 2.22e-03 |
|  911  |  911  | 3023  | +1.8330e+18 | 2.66e-03 | 8.72e+18 | 2.22e-03 |
|  912  |  912  | 3029  | +1.7964e+18 | 2.66e-03 | 2.95e+19 | 2.20e-03 |
|  913  |  913  | 3032  | +1.8316e+18 | 5.32e-03 | 7.32e+18 | 2.23e-03 |
|  914  |  914  | 3037  | +1.8316e+18 | 2.66e-03 | 7.32e+18 | 2.23e-03 |
|  915  |  915  | 3041  | +1.8177e+18 | 5.32e-03 | 1.84e+19 | 2.21e-03 |
|  916  |  916  | 3047  | +1.8051e+18 | 1.06e-02 | 4.25e+18 | 2.22e-03 |
|  917  |  917  | 3059  | +1.8050e+18 | 1.06e-02 | 4.64e+18 | 2.22e-03 |
|  918  |  918  | 3065  | +1.8050e+18 | 1.29e-03 | 4.64e+18 | 2.22e-03 |
|  919  |  919  | 3070  | +1.8025e+18 | 2.58e-03 | 2.61e+18 | 2.23e-03 |
|  920  |  920  | 3077  | +1.8032e+18 | 5.16e-03 | 3.06e+18 | 2.21e-03 |
|  921  |  921  | 3083  | +1.9358e+18 | 1.03e-02 | 1.03e+20 | 2.23e-03 |
|  922  |  922  | 3085  | +1.9358e+18 | 1.03e-03 | 1.03e+20 | 2.23e-03 |
|  923  |  923  | 3086  | +1.9316e+18 | 1.03e-03 | 1.12e+20 | 2.22e-03 |
|  924  |  924  | 3090  | +1.8478e+18 | 7.23e-03 | 8.17e+19 | 2.23e-03 |
|  925  |  925  | 3096  | +2.0688e+18 | 1.45e-02 | 1.62e+19 | 2.22e-03 |
|  926  |  926  | 3102  | +2.0688e+18 | 3.14e-03 | 1.62e+19 | 2.22e-03 |
|  927  |  927  | 3106  | +1.8799e+18 | 3.14e-03 | 1.61e+19 | 2.23e-03 |
|  928  |  928  | 3111  | +1.8927e+18 | 6.28e-03 | 1.52e+19 | 2.22e-03 |
|  929  |  929  | 3115  | +1.8927e+18 | 1.89e-03 | 1.52e+19 | 2.22e-03 |
|  930  |  930  | 3119  | +1.8907e+18 | 1.89e-03 | 1.57e+19 | 2.23e-03 |
|  931  |  931  | 3123  | +1.8907e+18 | 8.83e-04 | 1.57e+19 | 2.23e-03 |
|  932  |  932  | 3127  | +1.8898e+18 | 8.83e-04 | 7.37e+18 | 2.22e-03 |
|  933  |  933  | 3129  | +1.8978e+18 | 1.77e-03 | 1.56e+19 | 2.23e-03 |
|  934  |  934  | 3134  | +1.8874e+18 | 3.53e-03 | 7.85e+18 | 2.22e-03 |
|  935  |  935  | 3138  | +1.8874e+18 | 9.82e-04 | 7.85e+18 | 2.22e-03 |
|  936  |  936  | 3139  | +1.9043e+18 | 9.82e-04 | 2.13e+19 | 2.23e-03 |
|  937  |  937  | 3143  | +1.9043e+18 | 4.91e-04 | 2.13e+19 | 2.23e-03 |
|  938  |  938  | 3147  | +1.8961e+18 | 9.82e-04 | 5.02e+18 | 2.22e-03 |
|  939  |  939  | 3151  | +1.8969e+18 | 1.96e-03 | 3.52e+18 | 2.23e-03 |
|  940  |  940  | 3157  | +1.8987e+18 | 1.37e-02 | 1.51e+19 | 2.22e-03 |
|  941  |  941  | 3164  | +1.9047e+18 | 2.75e-02 | 1.54e+18 | 2.23e-03 |
|  942  |  942  | 3169  | +1.9047e+18 | 2.75e-03 | 1.54e+18 | 2.23e-03 |
|  943  |  943  | 3174  | +1.9047e+18 | 4.17e-04 | 1.54e+18 | 2.23e-03 |
|  944  |  944  | 3178  | +1.9156e+18 | 8.34e-04 | 1.61e+19 | 2.23e-03 |
|  945  |  945  | 3180  | +1.9182e+18 | 5.84e-03 | 1.68e+19 | 2.23e-03 |
|  946  |  946  | 3184  | +1.9182e+18 | 2.87e-03 | 1.68e+19 | 2.23e-03 |
|  947  |  947  | 3188  | +1.9309e+18 | 5.74e-03 | 1.50e+19 | 2.22e-03 |
|  948  |  948  | 3192  | +1.9309e+18 | 7.60e-04 | 1.50e+19 | 2.22e-03 |
|  949  |  949  | 3194  | +1.9309e+18 | 3.80e-04 | 1.50e+19 | 2.22e-03 |
|  950  |  950  | 3195  | +1.9332e+18 | 7.60e-04 | 1.70e+19 | 2.23e-03 |
|  951  |  951  | 3198  | +1.9312e+18 | 1.52e-03 | 1.69e+19 | 2.22e-03 |
|  952  |  952  | 3201  | +2.0148e+18 | 3.04e-03 | 6.05e+19 | 2.23e-03 |
|  953  |  953  | 3204  | +2.0148e+18 | 8.35e-04 | 6.05e+19 | 2.23e-03 |
|  954  |  954  | 3206  | +2.0148e+18 | 4.18e-04 | 6.05e+19 | 2.23e-03 |
|  955  |  955  | 3208  | +1.9313e+18 | 8.35e-04 | 1.59e+19 | 2.22e-03 |
|  956  |  956  | 3210  | +1.9742e+18 | 1.67e-03 | 7.72e+19 | 2.23e-03 |
|  957  |  957  | 3213  | +1.9742e+18 | 8.35e-04 | 7.72e+19 | 2.23e-03 |
|  958  |  958  | 3216  | +1.9162e+18 | 8.35e-04 | 1.65e+19 | 2.22e-03 |
|  959  |  959  | 3218  | +1.9162e+18 | 4.18e-04 | 1.65e+19 | 2.22e-03 |
|  960  |  960  | 3219  | +1.9438e+18 | 8.35e-04 | 1.65e+19 | 2.23e-03 |
|  961  |  961  | 3222  | +1.9438e+18 | 4.18e-04 | 1.65e+19 | 2.23e-03 |
|  962  |  962  | 3225  | +1.9198e+18 | 8.35e-04 | 1.58e+19 | 2.22e-03 |
|  963  |  963  | 3226  | +1.9198e+18 | 4.18e-04 | 1.58e+19 | 2.22e-03 |
|  964  |  964  | 3227  | +1.9468e+18 | 8.35e-04 | 1.58e+19 | 2.23e-03 |
|  965  |  965  | 3230  | +1.9346e+18 | 1.67e-03 | 1.68e+19 | 2.22e-03 |
|  966  |  966  | 3231  | +1.9346e+18 | 3.59e-04 | 1.68e+19 | 2.22e-03 |
|  967  |  967  | 3232  | +1.9687e+18 | 7.17e-04 | 1.88e+19 | 2.23e-03 |
|  968  |  968  | 3234  | +1.9687e+18 | 3.59e-04 | 1.88e+19 | 2.23e-03 |
|  969  |  969  | 3236  | +1.9264e+18 | 7.17e-04 | 8.43e+18 | 2.22e-03 |
|  970  |  970  | 3237  | +1.9264e+18 | 3.59e-04 | 8.43e+18 | 2.22e-03 |
|  971  |  971  | 3238  | +1.9557e+18 | 7.17e-04 | 1.54e+19 | 2.22e-03 |
|  972  |  972  | 3240  | +1.9463e+18 | 1.43e-03 | 4.88e+18 | 2.22e-03 |
|  973  |  973  | 3241  | +1.9463e+18 | 5.31e-04 | 4.88e+18 | 2.22e-03 |
|  974  |  974  | 3243  | +2.0461e+18 | 1.06e-03 | 3.25e+19 | 2.22e-03 |
|  975  |  975  | 3245  | +2.0461e+18 | 3.75e-04 | 3.25e+19 | 2.22e-03 |
|  976  |  976  | 3247  | +1.9391e+18 | 3.75e-04 | 5.50e+18 | 2.22e-03 |
|  977  |  977  | 3249  | +1.9966e+18 | 7.51e-04 | 3.01e+19 | 2.22e-03 |
|  978  |  978  | 3252  | +1.9267e+18 | 1.50e-03 | 5.80e+18 | 2.22e-03 |
|  979  |  979  | 3254  | +1.9267e+18 | 3.49e-04 | 5.80e+18 | 2.22e-03 |
|  980  |  980  | 3256  | +1.9539e+18 | 6.97e-04 | 1.03e+19 | 2.22e-03 |
|  981  |  981  | 3258  | +1.9137e+18 | 1.39e-03 | 1.04e+19 | 2.22e-03 |
|  982  |  982  | 3260  | +1.9137e+18 | 4.51e-04 | 1.04e+19 | 2.22e-03 |
|  983  |  983  | 3262  | +1.9386e+18 | 9.02e-04 | 9.01e+18 | 2.22e-03 |
|  984  |  984  | 3264  | +1.9156e+18 | 1.80e-03 | 1.90e+19 | 2.22e-03 |
|  985  |  985  | 3266  | +1.9156e+18 | 3.16e-04 | 1.90e+19 | 2.22e-03 |
|  986  |  986  | 3268  | +1.9615e+18 | 6.33e-04 | 3.35e+19 | 2.22e-03 |
|  987  |  987  | 3270  | +1.9615e+18 | 3.16e-04 | 3.35e+19 | 2.22e-03 |
|  988  |  988  | 3272  | +1.8914e+18 | 6.33e-04 | 2.46e+19 | 2.22e-03 |
|  989  |  989  | 3273  | +1.8914e+18 | 3.16e-04 | 2.46e+19 | 2.22e-03 |
|  990  |  990  | 3274  | +1.9238e+18 | 6.33e-04 | 2.46e+19 | 2.22e-03 |
|  991  |  991  | 3276  | +1.8783e+18 | 1.27e-03 | 5.99e+18 | 2.22e-03 |
|  992  |  992  | 3277  | +1.8783e+18 | 6.33e-04 | 5.99e+18 | 2.22e-03 |
|  993  |  993  | 3279  | +1.9910e+18 | 6.33e-04 | 3.12e+19 | 2.22e-03 |
|  994  |  994  | 3281  | +1.9910e+18 | 3.16e-04 | 3.12e+19 | 2.22e-03 |
|  995  |  995  | 3283  | +1.8710e+18 | 6.33e-04 | 5.37e+18 | 2.22e-03 |
|  996  |  996  | 3284  | +1.9815e+18 | 6.33e-04 | 3.32e+19 | 2.22e-03 |
|  997  |  997  | 3286  | +1.8652e+18 | 1.27e-03 | 5.16e+18 | 2.22e-03 |
|  998  |  998  | 3287  | +1.8652e+18 | 5.42e-04 | 5.16e+18 | 2.22e-03 |
|  999  |  999  | 3289  | +1.9289e+18 | 1.08e-03 | 3.02e+19 | 2.22e-03 |
| 1000  | 1000  | 3291  | +1.9289e+18 | 4.10e-04 | 3.02e+19 | 2.22e-03 |

The maximum number of function evaluations is exceeded.
Number of iterations: 1000, function evaluations: 1000, CG iterations: 3291, optimality: 3.02e+19, constraint violation: 2.22e-03, execution time: 3.1e+03 s.
time 3278.652426481247
res             message: The maximum number of function evaluations is exceeded.
           success: False
            status: 0
               fun: 1.928914913216497e+18
                 x: [-6.199e-02  8.008e-02 ...  1.841e-01  2.836e-02]
               nit: 1000
              nfev: 1000
              njev: 1000
              nhev: 0
          cg_niter: 3291
      cg_stop_cond: 2
              grad: [-1.844e+20 -1.847e+20 ...  7.707e+16 -3.687e+17]
   lagrangian_grad: [-1.913e+19 -1.130e+18 ...  2.408e+15 -2.959e+14]
            constr: [array([ 2.308e-01,  6.489e-01,  7.953e-01,  2.996e-01,
                            4.463e-01,  8.894e-01,  9.997e-01,  1.000e+00,
                            3.794e-01,  2.677e-01]), array([ 1.329e-03]), array([ 2.218e-03]), array([-6.199e-02,  8.008e-02, ...,  1.841e-01,
                            2.836e-02], shape=(48,))]
               jac: [array([[ 1.000e+00,  1.000e+00, ...,  0.000e+00,
                             0.000e+00],
                           [ 0.000e+00,  0.000e+00, ...,  0.000e+00,
                             0.000e+00],
                           ...,
                           [ 0.000e+00,  0.000e+00, ...,  0.000e+00,
                             0.000e+00],
                           [ 0.000e+00,  0.000e+00, ...,  0.000e+00,
                             0.000e+00]], shape=(10, 48)), array([[ 4.934e-03,  4.934e-03, ...,  0.000e+00,
                             0.000e+00]], shape=(1, 48)), array([[-1.254e-01, -1.254e-01, ...,  0.000e+00,
                             0.000e+00]], shape=(1, 48)), array([[ 1.000e+00,  0.000e+00, ...,  0.000e+00,
                             0.000e+00],
                           [ 0.000e+00,  1.000e+00, ...,  0.000e+00,
                             0.000e+00],
                           ...,
                           [ 0.000e+00,  0.000e+00, ...,  1.000e+00,
                             0.000e+00],
                           [ 0.000e+00,  0.000e+00, ...,  0.000e+00,
                             1.000e+00]], shape=(48, 48))]
       constr_nfev: [0, 1000, 1000, 0]
       constr_njev: [0, 1000, 1000, 0]
       constr_nhev: [0, 0, 0, 0]
                 v: [array([ 2.144e+19,  6.239e+20,  8.686e+18, -1.940e+18,
                            1.180e+17,  2.332e+20,  2.138e+20,  7.121e+19,
                           -2.515e+18,  4.263e+17]), array([-6.510e+23]), array([-2.549e+22]), array([ 1.603e+20,  1.787e+20, ..., -7.466e+16,
                            3.684e+17], shape=(48,))]
            method: tr_interior_point
        optimality: 3.0186937101911196e+19
  constr_violation: 0.0022179697744342344
    execution_time: 3115.098527431488
         tr_radius: 0.0004096806297727473
    constr_penalty: 5.870155513622765e+23
 barrier_parameter: 0.1
 barrier_tolerance: 0.1
             niter: 1000
End time:       Thu Sep 10 12:03:14 EDT 2026
