Job ID:         15262920
Nodes:          1
CPUs per task:  4
Start time:     Tue Aug  4 09:52:02 EDT 2026
PWD:            /scratch/lf2869/project/fem-data/beams-qss
taylor.py:      -rw-r--r--. 1 lf2869 lf2869 13226 Aug  4 09:50 ./taylor.py
sbatch $@:     --force-kt-adjoint
TAYLOR_FLAGS:   
CONDA_PREFIX:   /scratch/lf2869/conda_envs/desc
Running: python -u ./taylor.py --force-kt-adjoint
       __       ___      ___   ___                _______  _______ .___  ___. 
      |  |     /   \     \  \ /  /               |   ____||   ____||   \/   | 
      |  |    /  ^  \     \  V  /      ______    |  |__   |  |__   |  \  /  | 
.--.  |  |   /  /_\  \     >   <      |______|   |   __|  |   __|  |  |\/|  | 
|  `--'  |  /  _____  \   /  .  \                |  |     |  |____ |  |  |  | 
 \______/  /__/     \__\ /__/ \__\               |__|     |_______||__|  |__| 
                                                                              

taylor.py probes:
  force_kt_adjoint = True
  drop_winkler_wa  = False
  simsopt_free     = False
  eps              = [0.01, 0.001, 0.0001, 1e-05, 1e-06, 1e-07]
  seed             = 1
k_attachment is not provided. Based on the coil's stiffness, the auto-generated value is 2.7956e+14 N/m3.
k_clamp is not provided. Based on the coil's stiffness, the auto-generated value is      1.5150e+16 N/m3.
Beam network initialized.
Optimizing:
    phis_end_cc - per-coil shapes: [(4,), (4,), (4,), (4,), (2,), (2,)]
    phis_start_cc - per-coil shapes: [(4,), (4,), (4,), (4,), (2,), (2,)]
    phis - per-coil shapes: (5, 2)
Fixing:
    thetas_orientation_cc
    r_beam
    phis_start_cf
    x_foundation
    thetas_orientation_cf
Total # dofs: 50
# mesh node for all coils: [1152, 3200, 3200, 1152, 3200]
# mesh cell for all coils: [384, 1536, 1536, 384, 1536]
----- Probe 1 diagnostics (adjoint K vs Kᵀ) -----
  force_kt_adjoint flag : True
  adjoint_reuses_K      : False
  solver_KT is None     : False
  coo_to_csr_T is None  : False
# free dofs: (50,)
dof names  : ['CoilSupportBeams1:x0', 'CoilSupportBeams1:x1', 'CoilSupportBeams1:x2', 'CoilSupportBeams1:x3', 'CoilSupportBeams1:x4', 'CoilSupportBeams1:x5', 'CoilSupportBeams1:x6', 'CoilSupportBeams1:x7', 'CoilSupportBeams1:x8', 'CoilSupportBeams1:x9', 'CoilSupportBeams1:x10', 'CoilSupportBeams1:x11', 'CoilSupportBeams1:x12', 'CoilSupportBeams1:x13', 'CoilSupportBeams1:x14', 'CoilSupportBeams1:x15', 'CoilSupportBeams1:x16', 'CoilSupportBeams1:x17', 'CoilSupportBeams1:x18', 'CoilSupportBeams1:x19', 'CoilSupportBeams1:x20', 'CoilSupportBeams1:x21', 'CoilSupportBeams1:x22', 'CoilSupportBeams1:x23', 'CoilSupportBeams1:x24', 'CoilSupportBeams1:x25', 'CoilSupportBeams1:x26', 'CoilSupportBeams1:x27', 'CoilSupportBeams1:x28', 'CoilSupportBeams1:x29', 'CoilSupportBeams1:x30', 'CoilSupportBeams1:x31', 'CoilSupportBeams1:x32', 'CoilSupportBeams1:x33', 'CoilSupportBeams1:x34', 'CoilSupportBeams1:x35', 'CoilSupportBeams1:x36', 'CoilSupportBeams1:x37', 'CoilSupportBeams1:x38', 'CoilSupportBeams1:x39', 'CoilSupportBeams1:x40', 'CoilSupportBeams1:x41', 'CoilSupportBeams1:x42', 'CoilSupportBeams1:x43', 'CoilSupportBeams1:x44', 'CoilSupportBeams1:x45', 'CoilSupportBeams1:x46', 'CoilSupportBeams1:x47', 'CoilSupportBeams1:x48', 'CoilSupportBeams1:x49']

################################################################################
### Taylor test: simsopt CoilFEMObjective.J/dJ
################################################################################

solving with float64
solving with float64
J0  = 3.621655814450111e+16
dJh = -2.9270332756610304e+17
|dJ| = 2.5097772762492634e+17

       eps      centered diff                err          err/eps^2    |err|/|dJh|
   1.0e-02  -1.0505636207e+17   1.8764696550e+17   1.8764696550e+21   6.410824e-01
   1.0e-03  -1.6760201601e+17   1.2510131156e+17   1.2510131156e+23   4.273997e-01
    (err ratio vs previous eps: 0.667, expect ~1e2 if O(eps^2))
   1.0e-04  -2.9326981126e+17  -5.6648369318e+14  -5.6648369318e+22   1.935351e-03
    (err ratio vs previous eps: -0.005, expect ~1e2 if O(eps^2))
   1.0e-05  -2.9611520462e+17  -3.4118770579e+15  -3.4118770579e+25   1.165643e-02
    (err ratio vs previous eps: 6.023, expect ~1e2 if O(eps^2))
   1.0e-06  -2.9615594338e+17  -3.4526158139e+15  -3.4526158139e+27   1.179562e-02
    (err ratio vs previous eps: 1.012, expect ~1e2 if O(eps^2))
   1.0e-07  -2.9615606076e+17  -3.4527331939e+15  -3.4527331939e+29   1.179602e-02
    (err ratio vs previous eps: 1.000, expect ~1e2 if O(eps^2))

summary: dJh/FD = 0.98834151  (1.0 = perfect; baseline residual was ~0.979)

Done.
Exit code:      0
End time:       Tue Aug  4 09:58:47 EDT 2026
