Job ID:         15275557
Start time:     Tue Aug  4 17:28:33 EDT 2026
PWD:            /scratch/lf2869/project/fem-data/beams-qss
testing.py:     -rw-r--r--. 1 lf2869 lf2869 13212 Aug  4 17:24 ./testing.py
sbatch $@:     
TEST_FLAGS:     
CONDA_PREFIX:   /scratch/lf2869/conda_envs/desc
Running: python -u ./testing.py 
       __       ___      ___   ___                _______  _______ .___  ___. 
      |  |     /   \     \  \ /  /               |   ____||   ____||   \/   | 
      |  |    /  ^  \     \  V  /      ______    |  |__   |  |__   |  \  /  | 
.--.  |  |   /  /_\  \     >   <      |______|   |   __|  |   __|  |  |\/|  | 
|  `--'  |  /  _____  \   /  .  \                |  |     |  |____ |  |  |  | 
 \______/  /__/     \__\ /__/ \__\               |__|     |_______||__|  |__| 
                                                                              

testing.py -- RMF frame refactor verification
  phases  = ['frame', 'pytree', 'meshshift', 'smooth']
  n_coils = 5

##############################################################################
### frame: reconstruction, orthonormality, smoothness
##############################################################################

  [PASS] wavy N=32: twist reconstructs the scan frame  --  max|delta| = 9.229e-16
  [PASS] wavy N=32: off-grid frame orthonormal  --  max defect = 2.567e-16
  [PASS] wavy N=32: order-independent
  [PASS] wavy N=32: no kink at a quadpoint knot  --  |AD-bwd| 4.78e-03 -> 4.78e-05 -> 5.64e-07
  [PASS] planar circle N=4: twist reconstructs the scan frame  --  max|delta| = 4.441e-16
  [PASS] planar circle N=4: off-grid frame orthonormal  --  max defect = 2.220e-16
  [PASS] planar circle N=4: order-independent
  [PASS] planar circle N=4: no kink at a quadpoint knot  --  |AD-bwd| 9.52e-04 -> 9.52e-06 -> 7.09e-08

##############################################################################
### pytree: the frame is built exactly once
##############################################################################

  [PASS] construction builds the twist once  --  1 call(s)
  [PASS] pytree round-trip does not rebuild  --  0 extra call(s)
  [PASS] round-trip preserves the twist array
  [PASS] jit over the frame does not rebuild  --  0 extra call(s)
  [PASS] with_dofs rebuilds exactly once per call  --  1 call(s)
  [PASS] centroid frame stores no twist

##############################################################################
### meshshift: re-swept vs interpolated frame (TET10)
##############################################################################

k_attachment is not provided. Based on the coil's stiffness, the auto-generated value is 2.7956e+14 N/m3.
k_clamp is not provided. Based on the coil's stiffness, the auto-generated value is      1.5150e+16 N/m3.
Beam network initialized.
Optimizing:
    phis_end_cc - per-coil shapes: [(4,), (4,), (4,), (4,), (2,), (2,)]
    phis_start_cc - per-coil shapes: [(4,), (4,), (4,), (4,), (2,), (2,)]
    phis - per-coil shapes: (5, 2)
Fixing:
    thetas_orientation_cc
    r_beam
    phis_start_cf
    x_foundation
    thetas_orientation_cf
Total # dofs: 50
  coil 0: M=64 K=128  max angle=1.416e-02 rad  max node shift=1.416e-03 m
  coil 1: M=64 K=128  max angle=1.405e-02 rad  max node shift=1.405e-03 m
  coil 2: M=64 K=128  max angle=1.727e-02 rad  max node shift=1.727e-03 m
  coil 3: M=64 K=128  max angle=1.076e-02 rad  max node shift=1.076e-03 m
  coil 4: M=64 K=128  max angle=3.392e-03 rad  max node shift=3.392e-04 m

  worst angular difference : 1.726624e-02 rad
  worst node displacement  : 1.726602e-03 m
  RMF closure accuracy O(1/M): 1.562500e-02
  [FAIL] mesh shift within the RMF's own O(1/M) accuracy  --  1.727e-02 vs 1.562e-02

##############################################################################
### smooth: acceptance test on the W7-X geometry chain
##############################################################################

k_attachment is not provided. Based on the coil's stiffness, the auto-generated value is 2.7956e+14 N/m3.
k_clamp is not provided. Based on the coil's stiffness, the auto-generated value is      1.5150e+16 N/m3.
Beam network initialized.
Optimizing:
    phis_end_cc - per-coil shapes: [(4,), (4,), (4,), (4,), (2,), (2,)]
    phis_start_cc - per-coil shapes: [(4,), (4,), (4,), (4,), (2,), (2,)]
    phis - per-coil shapes: (5, 2)
Fixing:
    thetas_orientation_cc
    r_beam
    phis_start_cf
    x_foundation
    thetas_orientation_cf
Total # dofs: 50

##############################################################################
### D2: one-sided vs centered FD on the geometry chain
##############################################################################

  At a SMOOTH point:  |AD-fwd| and |AD-bwd| both shrink ~O(eps),
                      |AD-ctr| shrinks ~O(eps^2).
  At a KINK:          AD == fwd to machine precision, while |AD-bwd|
                      is eps-INDEPENDENT and |AD-ctr| = |AD-bwd|/2.

  --- dof 0: phis_start_cc[0][0] ---
      quantity        eps     |AD-fwd|    |AD-bwd|    |AD-ctr|
      x_start       1e-04    4.833e-04   4.838e-04   2.213e-07
                    1e-06    4.836e-06   4.836e-06   2.935e-11
                    1e-08    4.910e-08   4.897e-08   8.956e-10
      x_end         1e-04    0.000e+00   0.000e+00   0.000e+00
                    1e-06    0.000e+00   0.000e+00   0.000e+00
                    1e-08    0.000e+00   0.000e+00   0.000e+00
      gamma3        1e-04    8.542e-04   8.545e-04   6.086e-07
                    1e-06    8.543e-06   8.543e-06   8.782e-11
                    1e-08    8.195e-08   8.594e-08   2.058e-09
      xi_start      1e-04    1.678e-03   1.691e-03   6.595e-06  <- frame-derived
                    1e-06    1.685e-05   1.685e-05   7.547e-10
                    1e-08    1.596e-07   1.654e-07   2.903e-09
      xi_end        1e-04    1.066e-03   1.069e-03   1.432e-06  <- frame-derived
                    1e-06    1.067e-05   1.068e-05   3.179e-10
                    1e-08    5.914e-08   9.012e-08   1.549e-08
      L_eff         1e-04    2.369e-03   2.370e-03   6.012e-07  <- frame-derived
                    1e-06    2.370e-05   2.370e-05   7.389e-11
                    1e-08    2.347e-07   2.365e-07   9.153e-10

  --- dof 1: phis_start_cc[0][1] ---
      quantity        eps     |AD-fwd|    |AD-bwd|    |AD-ctr|
      x_start       1e-04    7.133e-04   7.140e-04   6.413e-07
                    1e-06    7.136e-06   7.136e-06   6.647e-11
                    1e-08    7.330e-08   6.868e-08   2.311e-09
      x_end         1e-04    0.000e+00   0.000e+00   0.000e+00
                    1e-06    0.000e+00   0.000e+00   0.000e+00
                    1e-08    0.000e+00   0.000e+00   0.000e+00
      gamma3        1e-04    9.122e-04   9.130e-04   8.150e-07
                    1e-06    9.126e-06   9.126e-06   7.971e-11
                    1e-08    9.132e-08   9.038e-08   2.183e-09
      xi_start      1e-04    2.585e-02   2.576e-02   4.353e-05  <- frame-derived
                    1e-06    2.580e-04   2.580e-04   3.660e-09
                    1e-08    2.679e-06   2.631e-06   2.399e-08
      xi_end        1e-04    5.103e-04   5.050e-04   2.607e-06  <- frame-derived
                    1e-06    5.077e-06   5.076e-06   3.122e-10
                    1e-08    3.877e-08   3.115e-08   3.808e-09
      L_eff         1e-04    1.638e-03   1.640e-03   7.516e-07  <- frame-derived
                    1e-06    1.639e-05   1.639e-05   9.067e-11
                    1e-08    1.695e-07   1.724e-07   1.450e-09

  --- dof 2: phis_start_cc[0][2] ---
      quantity        eps     |AD-fwd|    |AD-bwd|    |AD-ctr|
      x_start       1e-04    8.467e-04   8.462e-04   2.849e-07
                    1e-06    8.464e-06   8.464e-06   2.642e-11
                    1e-08    8.236e-08   8.622e-08   5.772e-09
      x_end         1e-04    0.000e+00   0.000e+00   0.000e+00
                    1e-06    0.000e+00   0.000e+00   0.000e+00
                    1e-08    0.000e+00   0.000e+00   0.000e+00
      gamma3        1e-04    1.500e-03   1.494e-03   3.484e-06
                    1e-06    1.497e-05   1.497e-05   3.473e-10
                    1e-08    1.478e-07   1.583e-07   5.939e-09
      xi_start      1e-04    1.048e-02   1.046e-02   1.016e-05  <- frame-derived
                    1e-06    1.047e-04   1.047e-04   1.125e-09
                    1e-08    1.066e-06   1.044e-06   1.065e-08
      xi_end        1e-04    7.129e-04   7.175e-04   2.294e-06  <- frame-derived
                    1e-06    7.151e-06   7.152e-06   2.663e-10
                    1e-08    7.085e-08   6.042e-08   5.216e-09
      L_eff         1e-04    2.608e-03   2.618e-03   4.840e-06  <- frame-derived
                    1e-06    2.613e-05   2.613e-05   5.491e-10
                    1e-08    2.524e-07   2.446e-07   3.886e-09

  --- dof 3: phis_start_cc[0][3] ---
      quantity        eps     |AD-fwd|    |AD-bwd|    |AD-ctr|
      x_start       1e-04    3.790e-04   3.796e-04   2.899e-07
                    1e-06    3.793e-06   3.793e-06   3.320e-11
                    1e-08    4.070e-08   3.655e-08   8.686e-09
      x_end         1e-04    0.000e+00   0.000e+00   0.000e+00
                    1e-06    0.000e+00   0.000e+00   0.000e+00
                    1e-08    0.000e+00   0.000e+00   0.000e+00
      gamma3        1e-04    7.615e-04   7.600e-04   9.752e-07
                    1e-06    7.608e-06   7.608e-06   9.713e-11
                    1e-08    6.852e-08   8.541e-08   8.444e-09
      xi_start      1e-04    1.369e-03   1.382e-03   6.444e-06  <- frame-derived
                    1e-06    1.375e-05   1.375e-05   6.002e-10
                    1e-08    1.486e-07   1.341e-07   7.295e-09
      xi_end        1e-04    4.013e-04   4.005e-04   3.796e-07  <- frame-derived
                    1e-06    4.009e-06   4.009e-06   3.135e-11
                    1e-08    3.947e-08   5.091e-08   5.721e-09
      L_eff         1e-04    1.569e-03   1.570e-03   6.707e-07  <- frame-derived
                    1e-06    1.570e-05   1.570e-05   6.057e-11
                    1e-08    1.592e-07   1.474e-07   5.942e-09

  --- dof 4: phis_start_cc[1][0] ---
      quantity        eps     |AD-fwd|    |AD-bwd|    |AD-ctr|
      x_start       1e-04    2.898e-04   2.901e-04   2.404e-07
                    1e-06    2.899e-06   2.900e-06   2.861e-11
                    1e-08    2.287e-08   2.917e-08   3.150e-09
      x_end         1e-04    0.000e+00   0.000e+00   0.000e+00
                    1e-06    0.000e+00   0.000e+00   0.000e+00
                    1e-08    0.000e+00   0.000e+00   0.000e+00
      gamma3        1e-04    5.730e-04   5.732e-04   4.034e-07
                    1e-06    5.731e-06   5.731e-06   4.523e-11
                    1e-08    5.763e-08   5.891e-08   3.049e-09
      xi_start      1e-04    4.639e-03   4.662e-03   1.147e-05  <- frame-derived
                    1e-06    4.650e-05   4.651e-05   7.384e-10
                    1e-08    5.568e-07   4.202e-07   6.826e-08
      xi_end        1e-04    1.193e-03   1.195e-03   8.960e-07  <- frame-derived
                    1e-06    1.194e-05   1.194e-05   2.255e-10
                    1e-08    1.083e-07   1.251e-07   8.393e-09
      L_eff         1e-04    4.072e-03   4.067e-03   2.654e-06  <- frame-derived
                    1e-06    4.069e-05   4.069e-05   3.331e-10
                    1e-08    4.260e-07   4.211e-07   2.451e-09

  --- dof 5: phis_start_cc[1][1] ---
      quantity        eps     |AD-fwd|    |AD-bwd|    |AD-ctr|
      x_start       1e-04    7.886e-04   7.882e-04   3.705e-07
                    1e-06    7.884e-06   7.884e-06   5.045e-11
                    1e-08    8.727e-08   8.659e-08   1.819e-09
      x_end         1e-04    0.000e+00   0.000e+00   0.000e+00
                    1e-06    0.000e+00   0.000e+00   0.000e+00
                    1e-08    0.000e+00   0.000e+00   0.000e+00
      gamma3        1e-04    7.575e-04   7.580e-04   1.206e-06
                    1e-06    7.578e-06   7.578e-06   1.110e-10
                    1e-08    7.537e-08   7.525e-08   1.386e-09
      xi_start      1e-04    1.308e-03   1.297e-03   5.250e-06  <- frame-derived
                    1e-06    1.302e-05   1.302e-05   2.583e-10
                    1e-08    8.451e-08   1.147e-07   1.509e-08
      xi_end        1e-04    1.234e-04   1.259e-04   1.241e-06  <- frame-derived
                    1e-06    1.246e-06   1.247e-06   2.313e-10
                    1e-08    1.420e-08   2.589e-08   5.843e-09
      L_eff         1e-04    2.182e-02   2.183e-02   3.483e-06  <- frame-derived
                    1e-06    2.182e-04   2.182e-04   6.075e-10
                    1e-08    2.310e-06   2.280e-06   1.520e-08

  --- dof 6: phis_start_cc[1][2] ---
      quantity        eps     |AD-fwd|    |AD-bwd|    |AD-ctr|
      x_start       1e-04    2.160e-04   2.160e-04   6.744e-07
                    1e-06    2.160e-06   2.160e-06   2.165e-11
                    1e-08    3.052e-08   1.275e-08   8.883e-09
      x_end         1e-04    0.000e+00   0.000e+00   0.000e+00
                    1e-06    0.000e+00   0.000e+00   0.000e+00
                    1e-08    0.000e+00   0.000e+00   0.000e+00
      gamma3        1e-04    1.494e-03   1.488e-03   3.242e-06
                    1e-06    1.491e-05   1.491e-05   3.122e-10
                    1e-08    1.528e-07   1.474e-07   8.577e-09
      xi_start      1e-04    9.163e-04   9.071e-04   4.610e-06  <- frame-derived
                    1e-06    9.118e-06   9.117e-06   5.588e-10
                    1e-08    7.516e-08   1.715e-07   4.819e-08
      xi_end        1e-04    5.981e-04   5.959e-04   1.062e-06  <- frame-derived
                    1e-06    5.970e-06   5.970e-06   3.854e-12
                    1e-08    6.517e-08   1.583e-08   2.467e-08
      L_eff         1e-04    2.517e-03   2.496e-03   1.071e-05  <- frame-derived
                    1e-06    2.507e-05   2.506e-05   8.666e-10
                    1e-08    2.394e-07   1.673e-07   3.608e-08

  --- dof 7: phis_start_cc[1][3] ---
      quantity        eps     |AD-fwd|    |AD-bwd|    |AD-ctr|
      x_start       1e-04    5.132e-04   5.134e-04   5.928e-07
                    1e-06    5.133e-06   5.133e-06   6.280e-11
                    1e-08    4.771e-08   5.719e-08   4.740e-09
      x_end         1e-04    0.000e+00   0.000e+00   0.000e+00
                    1e-06    0.000e+00   0.000e+00   0.000e+00
                    1e-08    0.000e+00   0.000e+00   0.000e+00
      gamma3        1e-04    8.810e-04   8.794e-04   8.098e-07
                    1e-06    8.802e-06   8.802e-06   8.493e-11
                    1e-08    9.196e-08   9.336e-08   6.228e-09
      xi_start      1e-04    5.304e-03   5.311e-03   3.373e-06  <- frame-derived
                    1e-06    5.307e-05   5.307e-05   3.021e-10
                    1e-08    5.350e-07   5.155e-07   9.753e-09
      xi_end        1e-04    1.144e-03   1.145e-03   6.242e-07  <- frame-derived
                    1e-06    1.145e-05   1.145e-05   3.761e-11
                    1e-08    1.331e-07   1.152e-07   8.998e-09
      L_eff         1e-04    1.170e-03   1.168e-03   1.360e-06  <- frame-derived
                    1e-06    1.169e-05   1.169e-05   1.293e-10
                    1e-08    1.060e-07   1.159e-07   4.925e-09

  --- dof 8: phis_start_cc[2][0] ---
      quantity        eps     |AD-fwd|    |AD-bwd|    |AD-ctr|
      x_start       1e-04    2.231e-04   2.234e-04   1.573e-07
                    1e-06    2.233e-06   2.233e-06   3.131e-11
                    1e-08    2.100e-08   2.716e-08   3.077e-09
      x_end         1e-04    0.000e+00   0.000e+00   0.000e+00
                    1e-06    0.000e+00   0.000e+00   0.000e+00
                    1e-08    0.000e+00   0.000e+00   0.000e+00
      gamma3        1e-04    6.058e-04   6.063e-04   4.593e-07
                    1e-06    6.060e-06   6.060e-06   5.724e-11
                    1e-08    5.940e-08   5.888e-08   1.392e-09
      xi_start      1e-04    1.068e-03   1.048e-03   1.003e-05  <- frame-derived
                    1e-06    1.058e-05   1.057e-05   6.228e-10
                    1e-08    1.442e-07   7.545e-08   3.436e-08
      xi_end        1e-04    4.132e-04   4.128e-04   1.932e-07  <- frame-derived
                    1e-06    4.130e-06   4.130e-06   1.923e-11
                    1e-08    5.306e-08   4.720e-08   2.927e-09
      L_eff         1e-04    2.570e-03   2.572e-03   6.900e-07  <- frame-derived
                    1e-06    2.571e-05   2.571e-05   1.331e-10
                    1e-08    2.276e-07   2.420e-07   7.219e-09

  --- dof 9: phis_start_cc[2][1] ---
      quantity        eps     |AD-fwd|    |AD-bwd|    |AD-ctr|
      x_start       1e-04    4.937e-04   4.933e-04   2.680e-07
                    1e-06    4.935e-06   4.935e-06   2.745e-11
                    1e-08    4.274e-08   4.379e-08   9.135e-10
      x_end         1e-04    0.000e+00   0.000e+00   0.000e+00
                    1e-06    0.000e+00   0.000e+00   0.000e+00
                    1e-08    0.000e+00   0.000e+00   0.000e+00
      gamma3        1e-04    6.858e-04   6.860e-04   7.637e-07
                    1e-06    6.859e-06   6.859e-06   7.057e-11
                    1e-08    7.001e-08   6.874e-08   7.048e-10
      xi_start      1e-04    3.125e-03   3.128e-03   1.382e-06  <- frame-derived
                    1e-06    3.126e-05   3.126e-05   5.495e-10
                    1e-08    2.813e-07   3.035e-07   1.112e-08
      xi_end        1e-04    1.308e-02   1.309e-02   7.421e-06  <- frame-derived
                    1e-06    1.309e-04   1.309e-04   1.464e-09
                    1e-08    1.062e-06   1.180e-06   5.911e-08
      L_eff         1e-04    7.692e-02   7.691e-02   5.671e-06  <- frame-derived
                    1e-06    7.691e-04   7.691e-04   1.569e-09
                    1e-08    7.408e-06   7.193e-06   1.077e-07

  --- dof 10: phis_start_cc[2][2] ---
      quantity        eps     |AD-fwd|    |AD-bwd|    |AD-ctr|
      x_start       1e-04    1.680e-04   1.684e-04   1.884e-07
                    1e-06    1.682e-06   1.682e-06   4.365e-11
                    1e-08    1.188e-08   2.147e-08   5.696e-09
      x_end         1e-04    0.000e+00   0.000e+00   0.000e+00
                    1e-06    0.000e+00   0.000e+00   0.000e+00
                    1e-08    0.000e+00   0.000e+00   0.000e+00
      gamma3        1e-04    1.777e-03   1.774e-03   2.251e-06
                    1e-06    1.776e-05   1.776e-05   2.622e-10
                    1e-08    1.864e-07   1.745e-07   7.269e-09
      xi_start      1e-04    1.503e-03   1.502e-03   6.472e-07  <- frame-derived
                    1e-06    1.503e-05   1.503e-05   3.807e-10
                    1e-08    1.242e-07   8.559e-08   1.932e-08
      xi_end        1e-04    1.295e-03   1.295e-03   2.971e-07  <- frame-derived
                    1e-06    1.295e-05   1.295e-05   2.276e-10
                    1e-08    1.350e-07   1.338e-07   6.009e-10
      L_eff         1e-04    1.384e-03   1.385e-03   1.067e-07  <- frame-derived
                    1e-06    1.384e-05   1.384e-05   2.207e-10
                    1e-08    1.293e-07   1.228e-07   3.258e-09

  --- dof 11: phis_start_cc[2][3] ---
      quantity        eps     |AD-fwd|    |AD-bwd|    |AD-ctr|
      x_start       1e-04    6.110e-04   6.106e-04   4.194e-07
                    1e-06    6.108e-06   6.108e-06   2.952e-11
                    1e-08    5.885e-08   7.262e-08   6.885e-09
      x_end         1e-04    0.000e+00   0.000e+00   0.000e+00
                    1e-06    0.000e+00   0.000e+00   0.000e+00
                    1e-08    0.000e+00   0.000e+00   0.000e+00
      gamma3        1e-04    6.879e-04   6.878e-04   2.857e-07
                    1e-06    6.879e-06   6.879e-06   4.042e-11
                    1e-08    6.960e-08   7.407e-08   4.226e-09
      xi_start      1e-04    2.045e-03   2.047e-03   7.733e-07  <- frame-derived
                    1e-06    2.046e-05   2.046e-05   4.063e-12
                    1e-08    2.088e-07   2.357e-07   1.348e-08
      xi_end        1e-04    1.695e-03   1.691e-03   2.058e-06  <- frame-derived
                    1e-06    1.693e-05   1.693e-05   1.917e-10
                    1e-08    1.777e-07   1.636e-07   7.017e-09
      L_eff         1e-04    4.007e-03   4.002e-03   2.511e-06  <- frame-derived
                    1e-06    4.005e-05   4.005e-05   2.756e-10
                    1e-08    4.095e-07   4.144e-07   2.456e-09

  --- dof 12: phis_start_cc[3][0] ---
      quantity        eps     |AD-fwd|    |AD-bwd|    |AD-ctr|
      x_start       1e-04    2.173e-04   2.177e-04   2.152e-07
                    1e-06    2.175e-06   2.175e-06   6.113e-11
                    1e-08    1.933e-08   2.669e-08   5.993e-09
      x_end         1e-04    0.000e+00   0.000e+00   0.000e+00
                    1e-06    0.000e+00   0.000e+00   0.000e+00
                    1e-08    0.000e+00   0.000e+00   0.000e+00
      gamma3        1e-04    1.051e-03   1.052e-03   1.230e-06
                    1e-06    1.052e-05   1.052e-05   1.440e-10
                    1e-08    1.017e-07   1.084e-07   3.355e-09
      xi_start      1e-04    4.656e-03   4.671e-03   7.963e-06  <- frame-derived
                    1e-06    4.664e-05   4.664e-05   2.118e-10
                    1e-08    6.124e-07   4.361e-07   8.818e-08
      xi_end        1e-04    2.441e-04   2.455e-04   6.671e-07  <- frame-derived
                    1e-06    2.448e-06   2.448e-06   6.919e-11
                    1e-08    1.911e-08   3.163e-08   6.260e-09
      L_eff         1e-04    6.817e-03   6.805e-03   6.137e-06  <- frame-derived
                    1e-06    6.811e-05   6.811e-05   6.793e-10
                    1e-08    7.521e-07   6.425e-07   5.479e-08

  --- dof 13: phis_start_cc[3][1] ---
      quantity        eps     |AD-fwd|    |AD-bwd|    |AD-ctr|
      x_start       1e-04    4.887e-04   4.886e-04   8.273e-08
                    1e-06    4.886e-06   4.886e-06   3.008e-11
                    1e-08    5.503e-08   4.406e-08   5.486e-09
      x_end         1e-04    0.000e+00   0.000e+00   0.000e+00
                    1e-06    0.000e+00   0.000e+00   0.000e+00
                    1e-08    0.000e+00   0.000e+00   0.000e+00
      gamma3        1e-04    5.898e-04   5.898e-04   6.416e-07
                    1e-06    5.898e-06   5.898e-06   7.213e-11
                    1e-08    5.998e-08   5.894e-08   2.664e-09
      xi_start      1e-04    1.809e-03   1.805e-03   1.707e-06  <- frame-derived
                    1e-06    1.807e-05   1.807e-05   2.756e-10
                    1e-08    2.074e-07   1.229e-07   4.226e-08
      xi_end        1e-04    1.568e-03   1.567e-03   1.017e-07  <- frame-derived
                    1e-06    1.567e-05   1.567e-05   6.051e-11
                    1e-08    1.822e-07   7.694e-08   5.263e-08
      L_eff         1e-04    9.307e-03   9.307e-03   2.750e-07  <- frame-derived
                    1e-06    9.307e-05   9.307e-05   3.104e-10
                    1e-08    9.792e-07   8.509e-07   6.418e-08

  --- dof 14: phis_start_cc[3][2] ---
      quantity        eps     |AD-fwd|    |AD-bwd|    |AD-ctr|
      x_start       1e-04    5.985e-04   5.990e-04   4.937e-07
                    1e-06    5.987e-06   5.987e-06   3.891e-11
                    1e-08    6.140e-08   6.740e-08   5.890e-09
      x_end         1e-04    0.000e+00   0.000e+00   0.000e+00
                    1e-06    0.000e+00   0.000e+00   0.000e+00
                    1e-08    0.000e+00   0.000e+00   0.000e+00
      gamma3        1e-04    5.510e-04   5.511e-04   3.095e-07
                    1e-06    5.510e-06   5.511e-06   3.873e-11
                    1e-08    5.776e-08   4.771e-08   7.518e-09
      xi_start      1e-04    3.736e-03   3.722e-03   6.643e-06  <- frame-derived
                    1e-06    3.729e-05   3.729e-05   4.802e-10
                    1e-08    4.442e-07   5.347e-07   4.520e-08
      xi_end        1e-04    1.744e-03   1.740e-03   2.205e-06  <- frame-derived
                    1e-06    1.742e-05   1.742e-05   2.341e-10
                    1e-08    1.798e-07   1.656e-07   7.065e-09
      L_eff         1e-04    9.788e-04   9.788e-04   1.387e-08  <- frame-derived
                    1e-06    9.788e-06   9.788e-06   7.885e-11
                    1e-08    1.021e-07   8.687e-08   7.639e-09

  --- dof 15: phis_start_cc[3][3] ---
      quantity        eps     |AD-fwd|    |AD-bwd|    |AD-ctr|
      x_start       1e-04    9.897e-04   9.892e-04   7.115e-07
                    1e-06    9.894e-06   9.894e-06   8.143e-11
                    1e-08    9.794e-08   8.731e-08   7.637e-09
      x_end         1e-04    0.000e+00   0.000e+00   0.000e+00
                    1e-06    0.000e+00   0.000e+00   0.000e+00
                    1e-08    0.000e+00   0.000e+00   0.000e+00
      gamma3        1e-04    2.560e-03   2.560e-03   5.877e-06
                    1e-06    2.560e-05   2.560e-05   5.789e-10
                    1e-08    2.569e-07   2.571e-07   2.048e-09
      xi_start      1e-04    3.119e-04   3.024e-04   4.772e-06  <- frame-derived
                    1e-06    3.072e-06   3.071e-06   4.746e-10
                    1e-08    3.174e-08   3.868e-08   3.467e-09
      xi_end        1e-04    1.373e-03   1.374e-03   3.293e-07  <- frame-derived
                    1e-06    1.373e-05   1.373e-05   5.875e-11
                    1e-08    1.579e-07   1.506e-07   3.642e-09
      L_eff         1e-04    1.597e-04   1.551e-04   2.311e-06  <- frame-derived
                    1e-06    1.574e-06   1.574e-06   2.438e-10
                    1e-08    1.622e-08   2.375e-08   3.765e-09

  --- dof 16: phis_start_cc[4][0] ---
      quantity        eps     |AD-fwd|    |AD-bwd|    |AD-ctr|
      x_start       1e-04    3.105e-04   3.109e-04   1.987e-07
                    1e-06    3.107e-06   3.107e-06   5.631e-11
                    1e-08    3.047e-08   2.887e-08   1.217e-09
      x_end         1e-04    0.000e+00   0.000e+00   0.000e+00
                    1e-06    0.000e+00   0.000e+00   0.000e+00
                    1e-08    0.000e+00   0.000e+00   0.000e+00
      gamma3        1e-04    9.563e-04   9.553e-04   7.844e-07
                    1e-06    9.558e-06   9.558e-06   1.361e-10
                    1e-08    9.598e-08   9.640e-08   1.292e-09
      xi_start      1e-04    1.604e-02   1.601e-02   1.096e-05  <- frame-derived
                    1e-06    1.603e-04   1.603e-04   3.017e-09
                    1e-08    2.075e-06   1.689e-06   1.930e-07
      xi_end        1e-04    1.863e-03   1.856e-03   3.589e-06  <- frame-derived
                    1e-06    1.859e-05   1.859e-05   3.441e-10
                    1e-08    1.886e-07   1.857e-07   1.425e-09
      L_eff         1e-04    8.137e-04   8.072e-04   3.235e-06  <- frame-derived
                    1e-06    8.105e-06   8.104e-06   3.268e-10
                    1e-08    8.386e-08   8.156e-08   1.154e-09

  --- dof 17: phis_start_cc[4][1] ---
      quantity        eps     |AD-fwd|    |AD-bwd|    |AD-ctr|
      x_start       1e-04    6.805e-04   6.810e-04   2.941e-07
                    1e-06    6.807e-06   6.807e-06   4.543e-11
                    1e-08    7.268e-08   7.083e-08   3.225e-09
      x_end         1e-04    0.000e+00   0.000e+00   0.000e+00
                    1e-06    0.000e+00   0.000e+00   0.000e+00
                    1e-08    0.000e+00   0.000e+00   0.000e+00
      gamma3        1e-04    5.106e-04   5.105e-04   2.232e-07
                    1e-06    5.105e-06   5.105e-06   2.838e-11
                    1e-08    4.809e-08   4.746e-08   1.962e-09
      xi_start      1e-04    1.535e-04   1.525e-04   4.832e-07  <- frame-derived
                    1e-06    1.530e-06   1.530e-06   1.234e-10
                    1e-08    2.292e-08   8.943e-10   1.191e-08
      xi_end        1e-04    7.334e-04   7.334e-04   1.196e-08  <- frame-derived
                    1e-06    7.334e-06   7.334e-06   1.580e-11
                    1e-08    6.622e-08   6.856e-08   1.171e-09
      L_eff         1e-04    5.474e-05   5.904e-05   2.152e-06  <- frame-derived
                    1e-06    5.693e-07   5.697e-07   1.844e-10
                    1e-08    6.538e-08   1.247e-07   2.964e-08

  --- dof 18: phis_start_cc[5][0] ---
      quantity        eps     |AD-fwd|    |AD-bwd|    |AD-ctr|
      x_start       1e-04    4.833e-04   4.838e-04   2.213e-07
                    1e-06    4.836e-06   4.836e-06   2.935e-11
                    1e-08    4.910e-08   4.897e-08   8.956e-10
      x_end         1e-04    0.000e+00   0.000e+00   0.000e+00
                    1e-06    0.000e+00   0.000e+00   0.000e+00
                    1e-08    0.000e+00   0.000e+00   0.000e+00
      gamma3        1e-04    6.877e-04   6.871e-04   2.793e-07
                    1e-06    6.874e-06   6.874e-06   3.430e-11
                    1e-08    6.755e-08   6.971e-08   2.119e-09
      xi_start      1e-04    8.843e-04   8.779e-04   3.205e-06  <- frame-derived
                    1e-06    8.812e-06   8.811e-06   4.429e-10
                    1e-08    1.097e-07   9.621e-08   6.741e-09
      xi_end        1e-04    2.598e-03   2.599e-03   3.309e-07  <- frame-derived
                    1e-06    2.598e-05   2.598e-05   6.547e-11
                    1e-08    2.437e-07   3.015e-07   2.890e-08
      L_eff         1e-04    6.204e-05   6.028e-05   8.815e-07  <- frame-derived
                    1e-06    6.117e-07   6.115e-07   1.049e-10
                    1e-08    1.267e-08   6.993e-09   2.838e-09

  --- dof 19: phis_start_cc[5][1] ---
      quantity        eps     |AD-fwd|    |AD-bwd|    |AD-ctr|
      x_start       1e-04    7.133e-04   7.140e-04   6.413e-07
                    1e-06    7.136e-06   7.136e-06   6.647e-11
                    1e-08    7.330e-08   6.868e-08   2.311e-09
      x_end         1e-04    0.000e+00   0.000e+00   0.000e+00
                    1e-06    0.000e+00   0.000e+00   0.000e+00
                    1e-08    0.000e+00   0.000e+00   0.000e+00
      gamma3        1e-04    1.024e-03   1.024e-03   2.497e-06
                    1e-06    1.024e-05   1.024e-05   2.582e-10
                    1e-08    1.023e-07   1.027e-07   1.334e-09
      xi_start      1e-04    1.066e-02   1.068e-02   7.627e-06  <- frame-derived
                    1e-06    1.067e-04   1.067e-04   6.487e-10
                    1e-08    1.107e-06   1.046e-06   3.074e-08
      xi_end        1e-04    8.944e-04   8.946e-04   9.628e-08  <- frame-derived
                    1e-06    8.945e-06   8.945e-06   2.186e-11
                    1e-08    8.516e-08   9.836e-08   6.598e-09
      L_eff         1e-04    4.290e-04   4.282e-04   4.032e-07  <- frame-derived
                    1e-06    4.286e-06   4.286e-06   4.078e-11
                    1e-08    4.520e-08   3.774e-08   3.729e-09

  --- dof 20: phis_end_cc[0][0] ---
      quantity        eps     |AD-fwd|    |AD-bwd|    |AD-ctr|
      x_start       1e-04    0.000e+00   0.000e+00   0.000e+00
                    1e-06    0.000e+00   0.000e+00   0.000e+00
                    1e-08    0.000e+00   0.000e+00   0.000e+00
      x_end         1e-04    2.898e-04   2.901e-04   2.404e-07
                    1e-06    2.899e-06   2.900e-06   2.861e-11
                    1e-08    2.287e-08   2.917e-08   3.150e-09
      gamma3        1e-04    5.277e-04   5.276e-04   6.068e-07
                    1e-06    5.276e-06   5.276e-06   6.469e-11
                    1e-08    5.173e-08   5.337e-08   2.705e-09
      xi_start      1e-04    2.050e-05   1.830e-05   1.098e-06  <- frame-derived
                    1e-06    1.942e-07   1.940e-07   1.107e-10
                    1e-08    1.193e-08   1.615e-08   2.108e-09
      xi_end        1e-04    1.102e-02   1.105e-02   1.487e-05  <- frame-derived
                    1e-06    1.103e-04   1.104e-04   1.538e-09
                    1e-08    1.417e-06   1.575e-06   7.932e-08
      L_eff         1e-04    6.899e-03   6.903e-03   2.014e-06  <- frame-derived
                    1e-06    6.901e-05   6.901e-05   1.850e-10
                    1e-08    6.448e-07   6.404e-07   2.209e-09

  --- dof 21: phis_end_cc[0][1] ---
      quantity        eps     |AD-fwd|    |AD-bwd|    |AD-ctr|
      x_start       1e-04    0.000e+00   0.000e+00   0.000e+00
                    1e-06    0.000e+00   0.000e+00   0.000e+00
                    1e-08    0.000e+00   0.000e+00   0.000e+00
      x_end         1e-04    7.886e-04   7.882e-04   3.705e-07
                    1e-06    7.884e-06   7.884e-06   5.045e-11
                    1e-08    8.727e-08   8.659e-08   1.819e-09
      gamma3        1e-04    1.064e-03   1.066e-03   1.107e-06
                    1e-06    1.065e-05   1.065e-05   9.153e-11
                    1e-08    1.102e-07   1.103e-07   1.565e-09
      xi_start      1e-04    6.214e-05   5.919e-05   1.478e-06  <- frame-derived
                    1e-06    6.067e-07   6.065e-07   8.876e-11
                    1e-08    8.412e-09   3.188e-09   2.612e-09
      xi_end        1e-04    7.274e-04   7.289e-04   7.656e-07  <- frame-derived
                    1e-06    7.281e-06   7.282e-06   2.733e-10
                    1e-08    1.000e-07   9.013e-08   4.957e-09
      L_eff         1e-04    4.411e-04   4.423e-04   6.368e-07  <- frame-derived
                    1e-06    4.417e-06   4.417e-06   1.199e-10
                    1e-08    2.826e-08   1.932e-08   4.471e-09

  --- dof 22: phis_end_cc[0][2] ---
      quantity        eps     |AD-fwd|    |AD-bwd|    |AD-ctr|
      x_start       1e-04    0.000e+00   0.000e+00   0.000e+00
                    1e-06    0.000e+00   0.000e+00   0.000e+00
                    1e-08    0.000e+00   0.000e+00   0.000e+00
      x_end         1e-04    2.160e-04   2.160e-04   6.744e-07
                    1e-06    2.160e-06   2.160e-06   2.165e-11
                    1e-08    3.052e-08   1.275e-08   8.883e-09
      gamma3        1e-04    1.335e-03   1.335e-03   2.557e-06
                    1e-06    1.335e-05   1.335e-05   2.563e-10
                    1e-08    1.282e-07   1.365e-07   7.961e-09
      xi_start      1e-04    1.183e-03   1.185e-03   1.029e-06  <- frame-derived
                    1e-06    1.184e-05   1.184e-05   1.025e-10
                    1e-08    1.100e-07   1.162e-07   3.128e-09
      xi_end        1e-04    2.966e-03   2.954e-03   5.985e-06  <- frame-derived
                    1e-06    2.960e-05   2.960e-05   9.682e-10
                    1e-08    2.188e-07   3.441e-07   6.266e-08
      L_eff         1e-04    1.600e-03   1.597e-03   1.139e-06  <- frame-derived
                    1e-06    1.598e-05   1.598e-05   1.305e-10
                    1e-08    1.621e-07   1.650e-07   1.473e-09

  --- dof 23: phis_end_cc[0][3] ---
      quantity        eps     |AD-fwd|    |AD-bwd|    |AD-ctr|
      x_start       1e-04    0.000e+00   0.000e+00   0.000e+00
                    1e-06    0.000e+00   0.000e+00   0.000e+00
                    1e-08    0.000e+00   0.000e+00   0.000e+00
      x_end         1e-04    5.132e-04   5.134e-04   5.928e-07
                    1e-06    5.133e-06   5.133e-06   6.280e-11
                    1e-08    4.771e-08   5.719e-08   4.740e-09
      gamma3        1e-04    7.760e-04   7.768e-04   1.320e-06
                    1e-06    7.764e-06   7.764e-06   1.383e-10
                    1e-08    7.617e-08   7.855e-08   5.320e-09
      xi_start      1e-04    6.521e-04   6.512e-04   4.156e-07  <- frame-derived
                    1e-06    6.517e-06   6.516e-06   4.903e-11
                    1e-08    6.161e-08   7.411e-08   6.248e-09
      xi_end        1e-04    1.414e-03   1.453e-03   1.954e-05  <- frame-derived
                    1e-06    1.433e-05   1.434e-05   2.015e-09
                    1e-08    1.235e-07   1.718e-07   2.416e-08
      L_eff         1e-04    2.038e-03   2.040e-03   1.021e-06  <- frame-derived
                    1e-06    2.039e-05   2.039e-05   1.294e-10
                    1e-08    2.088e-07   1.961e-07   6.379e-09

  --- dof 24: phis_end_cc[1][0] ---
      quantity        eps     |AD-fwd|    |AD-bwd|    |AD-ctr|
      x_start       1e-04    0.000e+00   0.000e+00   0.000e+00
                    1e-06    0.000e+00   0.000e+00   0.000e+00
                    1e-08    0.000e+00   0.000e+00   0.000e+00
      x_end         1e-04    2.231e-04   2.234e-04   1.573e-07
                    1e-06    2.233e-06   2.233e-06   3.131e-11
                    1e-08    2.100e-08   2.716e-08   3.077e-09
      gamma3        1e-04    5.618e-04   5.617e-04   3.624e-07
                    1e-06    5.618e-06   5.618e-06   4.003e-11
                    1e-08    5.807e-08   5.773e-08   1.231e-09
      xi_start      1e-04    6.671e-04   6.684e-04   6.342e-07  <- frame-derived
                    1e-06    6.678e-06   6.678e-06   7.242e-11
                    1e-08    4.853e-08   7.772e-08   1.459e-08
      xi_end        1e-04    1.377e-03   1.391e-03   6.893e-06  <- frame-derived
                    1e-06    1.384e-05   1.384e-05   7.237e-10
                    1e-08    8.359e-08   6.564e-08   8.976e-09
      L_eff         1e-04    1.869e-03   1.868e-03   8.486e-07  <- frame-derived
                    1e-06    1.869e-05   1.869e-05   1.042e-10
                    1e-08    2.051e-07   1.695e-07   1.783e-08

  --- dof 25: phis_end_cc[1][1] ---
      quantity        eps     |AD-fwd|    |AD-bwd|    |AD-ctr|
      x_start       1e-04    0.000e+00   0.000e+00   0.000e+00
                    1e-06    0.000e+00   0.000e+00   0.000e+00
                    1e-08    0.000e+00   0.000e+00   0.000e+00
      x_end         1e-04    4.937e-04   4.933e-04   2.680e-07
                    1e-06    4.935e-06   4.935e-06   2.745e-11
                    1e-08    4.274e-08   4.379e-08   9.135e-10
      gamma3        1e-04    6.596e-04   6.583e-04   8.143e-07
                    1e-06    6.589e-06   6.589e-06   6.945e-11
                    1e-08    6.166e-08   6.268e-08   9.031e-10
      xi_start      1e-04    9.759e-04   9.754e-04   2.634e-07  <- frame-derived
                    1e-06    9.757e-06   9.756e-06   6.642e-11
                    1e-08    1.056e-07   1.015e-07   2.056e-09
      xi_end        1e-04    8.353e-03   8.356e-03   1.061e-06  <- frame-derived
                    1e-06    8.355e-05   8.355e-05   4.478e-10
                    1e-08    1.062e-06   8.720e-07   9.524e-08
      L_eff         1e-04    2.035e-03   2.035e-03   4.842e-08  <- frame-derived
                    1e-06    2.035e-05   2.035e-05   7.242e-11
                    1e-08    2.075e-07   2.152e-07   3.839e-09

  --- dof 26: phis_end_cc[1][2] ---
      quantity        eps     |AD-fwd|    |AD-bwd|    |AD-ctr|
      x_start       1e-04    0.000e+00   0.000e+00   0.000e+00
                    1e-06    0.000e+00   0.000e+00   0.000e+00
                    1e-08    0.000e+00   0.000e+00   0.000e+00
      x_end         1e-04    1.680e-04   1.684e-04   1.884e-07
                    1e-06    1.682e-06   1.682e-06   4.365e-11
                    1e-08    1.188e-08   2.147e-08   5.696e-09
      gamma3        1e-04    1.540e-03   1.547e-03   3.564e-06
                    1e-06    1.543e-05   1.543e-05   3.304e-10
                    1e-08    1.512e-07   1.566e-07   7.167e-09
      xi_start      1e-04    8.279e-05   8.418e-05   6.954e-07  <- frame-derived
                    1e-06    8.351e-07   8.350e-07   2.593e-11
                    1e-08    3.601e-08   3.054e-08   2.736e-09
      xi_end        1e-04    9.581e-04   9.669e-04   4.415e-06  <- frame-derived
                    1e-06    9.624e-06   9.626e-06   8.088e-10
                    1e-08    7.096e-08   4.926e-08   1.085e-08
      L_eff         1e-04    1.124e-03   1.126e-03   1.065e-06  <- frame-derived
                    1e-06    1.125e-05   1.125e-05   2.388e-11
                    1e-08    1.326e-07   1.274e-07   2.599e-09

  --- dof 27: phis_end_cc[1][3] ---
      quantity        eps     |AD-fwd|    |AD-bwd|    |AD-ctr|
      x_start       1e-04    0.000e+00   0.000e+00   0.000e+00
                    1e-06    0.000e+00   0.000e+00   0.000e+00
                    1e-08    0.000e+00   0.000e+00   0.000e+00
      x_end         1e-04    6.110e-04   6.106e-04   4.194e-07
                    1e-06    6.108e-06   6.108e-06   2.952e-11
                    1e-08    5.885e-08   7.262e-08   6.885e-09
      gamma3        1e-04    8.226e-04   8.220e-04   2.379e-06
                    1e-06    8.223e-06   8.223e-06   2.275e-10
                    1e-08    8.141e-08   8.367e-08   6.450e-09
      xi_start      1e-04    9.091e-04   9.068e-04   1.155e-06  <- frame-derived
                    1e-06    9.080e-06   9.080e-06   8.929e-11
                    1e-08    9.111e-08   1.038e-07   6.367e-09
      xi_end        1e-04    3.242e-02   3.245e-02   1.517e-05  <- frame-derived
                    1e-06    3.243e-04   3.243e-04   1.787e-09
                    1e-08    3.433e-06   3.310e-06   6.181e-08
      L_eff         1e-04    9.703e-03   9.702e-03   4.300e-07  <- frame-derived
                    1e-06    9.702e-05   9.702e-05   3.895e-11
                    1e-08    9.496e-07   9.873e-07   1.888e-08

  --- dof 28: phis_end_cc[2][0] ---
      quantity        eps     |AD-fwd|    |AD-bwd|    |AD-ctr|
      x_start       1e-04    0.000e+00   0.000e+00   0.000e+00
                    1e-06    0.000e+00   0.000e+00   0.000e+00
                    1e-08    0.000e+00   0.000e+00   0.000e+00
      x_end         1e-04    2.173e-04   2.177e-04   2.152e-07
                    1e-06    2.175e-06   2.175e-06   6.113e-11
                    1e-08    1.933e-08   2.669e-08   5.993e-09
      gamma3        1e-04    5.205e-04   5.215e-04   4.679e-07
                    1e-06    5.210e-06   5.210e-06   7.084e-11
                    1e-08    5.074e-08   5.535e-08   3.328e-09
      xi_start      1e-04    2.601e-04   2.591e-04   5.117e-07  <- frame-derived
                    1e-06    2.596e-06   2.596e-06   6.308e-11
                    1e-08    4.150e-08   2.023e-08   1.064e-08
      xi_end        1e-04    7.920e-04   7.772e-04   7.379e-06  <- frame-derived
                    1e-06    7.847e-06   7.845e-06   6.757e-10
                    1e-08    2.555e-08   1.696e-07   7.200e-08
      L_eff         1e-04    1.497e-03   1.499e-03   6.942e-07  <- frame-derived
                    1e-06    1.498e-05   1.498e-05   1.027e-10
                    1e-08    1.317e-07   1.655e-07   1.691e-08

  --- dof 29: phis_end_cc[2][1] ---
      quantity        eps     |AD-fwd|    |AD-bwd|    |AD-ctr|
      x_start       1e-04    0.000e+00   0.000e+00   0.000e+00
                    1e-06    0.000e+00   0.000e+00   0.000e+00
                    1e-08    0.000e+00   0.000e+00   0.000e+00
      x_end         1e-04    4.887e-04   4.886e-04   8.273e-08
                    1e-06    4.886e-06   4.886e-06   3.008e-11
                    1e-08    5.503e-08   4.406e-08   5.486e-09
      gamma3        1e-04    7.838e-04   7.832e-04   8.515e-07
                    1e-06    7.835e-06   7.835e-06   8.598e-11
                    1e-08    8.166e-08   7.557e-08   3.043e-09
      xi_start      1e-04    7.756e-03   7.753e-03   1.835e-06  <- frame-derived
                    1e-06    7.754e-05   7.754e-05   1.109e-10
                    1e-08    7.153e-07   7.855e-07   3.510e-08
      xi_end        1e-04    1.608e-03   1.604e-03   2.141e-06  <- frame-derived
                    1e-06    1.606e-05   1.606e-05   1.097e-11
                    1e-08    1.622e-07   1.711e-07   4.454e-09
      L_eff         1e-04    2.816e-02   2.817e-02   5.723e-06  <- frame-derived
                    1e-06    2.816e-04   2.816e-04   1.002e-09
                    1e-08    2.587e-06   2.959e-06   1.862e-07

  --- dof 30: phis_end_cc[2][2] ---
      quantity        eps     |AD-fwd|    |AD-bwd|    |AD-ctr|
      x_start       1e-04    0.000e+00   0.000e+00   0.000e+00
                    1e-06    0.000e+00   0.000e+00   0.000e+00
                    1e-08    0.000e+00   0.000e+00   0.000e+00
      x_end         1e-04    5.985e-04   5.990e-04   4.937e-07
                    1e-06    5.987e-06   5.987e-06   3.891e-11
                    1e-08    6.140e-08   6.740e-08   5.890e-09
      gamma3        1e-04    1.820e-03   1.817e-03   5.453e-06
                    1e-06    1.818e-05   1.818e-05   5.646e-10
                    1e-08    1.799e-07   1.910e-07   6.742e-09
      xi_start      1e-04    3.163e-03   3.159e-03   2.252e-06  <- frame-derived
                    1e-06    3.161e-05   3.161e-05   4.183e-10
                    1e-08    3.305e-07   3.621e-07   1.579e-08
      xi_end        1e-04    4.835e-03   4.840e-03   2.516e-06  <- frame-derived
                    1e-06    4.837e-05   4.837e-05   4.271e-10
                    1e-08    4.823e-07   4.860e-07   1.829e-09
      L_eff         1e-04    4.799e-03   4.818e-03   9.666e-06  <- frame-derived
                    1e-06    4.808e-05   4.808e-05   4.104e-10
                    1e-08    5.101e-07   5.387e-07   1.431e-08

  --- dof 31: phis_end_cc[2][3] ---
      quantity        eps     |AD-fwd|    |AD-bwd|    |AD-ctr|
      x_start       1e-04    0.000e+00   0.000e+00   0.000e+00
                    1e-06    0.000e+00   0.000e+00   0.000e+00
                    1e-08    0.000e+00   0.000e+00   0.000e+00
      x_end         1e-04    9.897e-04   9.892e-04   7.115e-07
                    1e-06    9.894e-06   9.894e-06   8.143e-11
                    1e-08    9.794e-08   8.731e-08   7.637e-09
      gamma3        1e-04    1.885e-03   1.882e-03   1.287e-06
                    1e-06    1.884e-05   1.884e-05   1.198e-10
                    1e-08    1.865e-07   1.682e-07   9.185e-09
      xi_start      1e-04    4.026e-04   4.040e-04   6.885e-07  <- frame-derived
                    1e-06    4.033e-06   4.033e-06   7.169e-11
                    1e-08    3.796e-08   2.226e-08   7.850e-09
      xi_end        1e-04    4.323e-04   4.230e-04   4.655e-06  <- frame-derived
                    1e-06    4.277e-06   4.276e-06   4.627e-10
                    1e-08    4.326e-08   5.416e-08   5.449e-09
      L_eff         1e-04    1.115e-04   1.078e-04   1.821e-06  <- frame-derived
                    1e-06    1.097e-06   1.096e-06   1.810e-10
                    1e-08    8.449e-09   8.449e-09   8.449e-09

  --- dof 32: phis_end_cc[3][0] ---
      quantity        eps     |AD-fwd|    |AD-bwd|    |AD-ctr|
      x_start       1e-04    0.000e+00   0.000e+00   0.000e+00
                    1e-06    0.000e+00   0.000e+00   0.000e+00
                    1e-08    0.000e+00   0.000e+00   0.000e+00
      x_end         1e-04    3.105e-04   3.109e-04   1.987e-07
                    1e-06    3.107e-06   3.107e-06   5.631e-11
                    1e-08    3.047e-08   2.887e-08   1.217e-09
      gamma3        1e-04    1.426e-03   1.426e-03   1.654e-06
                    1e-06    1.426e-05   1.426e-05   2.031e-10
                    1e-08    1.406e-07   1.403e-07   1.030e-09
      xi_start      1e-04    4.799e-05   4.924e-05   6.252e-07  <- frame-derived
                    1e-06    4.860e-07   4.862e-07   9.010e-11
                    1e-08    4.884e-09   4.217e-10   2.231e-09
      xi_end        1e-04    2.507e-03   2.513e-03   2.930e-06  <- frame-derived
                    1e-06    2.510e-05   2.510e-05   6.419e-10
                    1e-08    2.014e-07   2.724e-07   3.547e-08
      L_eff         1e-04    1.170e-03   1.172e-03   9.312e-07  <- frame-derived
                    1e-06    1.171e-05   1.171e-05   9.104e-11
                    1e-08    1.202e-07   1.142e-07   2.967e-09

  --- dof 33: phis_end_cc[3][1] ---
      quantity        eps     |AD-fwd|    |AD-bwd|    |AD-ctr|
      x_start       1e-04    0.000e+00   0.000e+00   0.000e+00
                    1e-06    0.000e+00   0.000e+00   0.000e+00
                    1e-08    0.000e+00   0.000e+00   0.000e+00
      x_end         1e-04    6.805e-04   6.810e-04   2.941e-07
                    1e-06    6.807e-06   6.807e-06   4.543e-11
                    1e-08    7.268e-08   7.083e-08   3.225e-09
      gamma3        1e-04    7.287e-04   7.269e-04   1.095e-06
                    1e-06    7.278e-06   7.278e-06   1.107e-10
                    1e-08    7.368e-08   7.796e-08   2.141e-09
      xi_start      1e-04    1.764e-03   1.762e-03   9.068e-07  <- frame-derived
                    1e-06    1.763e-05   1.763e-05   4.451e-11
                    1e-08    1.825e-07   2.012e-07   9.370e-09
      xi_end        1e-04    4.037e-02   4.045e-02   3.883e-05  <- frame-derived
                    1e-06    4.041e-04   4.041e-04   5.218e-09
                    1e-08    4.211e-06   4.360e-06   7.486e-08
      L_eff         1e-04    8.779e-03   8.779e-03   9.584e-09  <- frame-derived
                    1e-06    8.779e-05   8.779e-05   1.024e-12
                    1e-08    8.954e-07   9.359e-07   2.023e-08

  --- dof 34: phis_end_cc[3][2] ---
      quantity        eps     |AD-fwd|    |AD-bwd|    |AD-ctr|
      x_start       1e-04    0.000e+00   0.000e+00   0.000e+00
                    1e-06    0.000e+00   0.000e+00   0.000e+00
                    1e-08    0.000e+00   0.000e+00   0.000e+00
      x_end         1e-04    2.772e-04   2.780e-04   4.720e-07
                    1e-06    2.776e-06   2.776e-06   5.011e-11
                    1e-08    2.886e-08   3.217e-08   6.338e-09
      gamma3        1e-04    8.021e-04   8.011e-04   1.048e-06
                    1e-06    8.016e-06   8.016e-06   9.355e-11
                    1e-08    8.680e-08   7.390e-08   8.570e-09
      xi_start      1e-04    1.165e-03   1.164e-03   4.447e-07  <- frame-derived
                    1e-06    1.165e-05   1.165e-05   3.110e-11
                    1e-08    1.226e-07   1.132e-07   4.693e-09
      xi_end        1e-04    6.464e-03   6.484e-03   1.026e-05  <- frame-derived
                    1e-06    6.474e-05   6.474e-05   1.176e-09
                    1e-08    6.680e-07   6.091e-07   2.943e-08
      L_eff         1e-04    7.085e-04   7.089e-04   2.375e-07  <- frame-derived
                    1e-06    7.087e-06   7.087e-06   3.385e-11
                    1e-08    6.857e-08   7.161e-08   1.523e-09

  --- dof 35: phis_end_cc[3][3] ---
      quantity        eps     |AD-fwd|    |AD-bwd|    |AD-ctr|
      x_start       1e-04    0.000e+00   0.000e+00   0.000e+00
                    1e-06    0.000e+00   0.000e+00   0.000e+00
                    1e-08    0.000e+00   0.000e+00   0.000e+00
      x_end         1e-04    9.350e-04   9.348e-04   4.221e-07
                    1e-06    9.349e-06   9.349e-06   7.867e-11
                    1e-08    8.553e-08   9.347e-08   4.809e-09
      gamma3        1e-04    1.225e-03   1.227e-03   1.006e-06
                    1e-06    1.226e-05   1.226e-05   9.141e-11
                    1e-08    1.264e-07   1.267e-07   6.393e-09
      xi_start      1e-04    1.524e-03   1.527e-03   1.644e-06  <- frame-derived
                    1e-06    1.525e-05   1.525e-05   1.549e-10
                    1e-08    1.426e-07   1.588e-07   8.120e-09
      xi_end        1e-04    2.762e-03   2.765e-03   1.491e-06  <- frame-derived
                    1e-06    2.764e-05   2.764e-05   1.439e-10
                    1e-08    2.565e-07   2.654e-07   4.414e-09
      L_eff         1e-04    1.044e-02   1.045e-02   6.052e-06  <- frame-derived
                    1e-06    1.044e-04   1.044e-04   8.405e-10
                    1e-08    9.423e-07   1.014e-06   3.584e-08

  --- dof 36: phis_end_cc[4][0] ---
      quantity        eps     |AD-fwd|    |AD-bwd|    |AD-ctr|
      x_start       1e-04    0.000e+00   0.000e+00   0.000e+00
                    1e-06    0.000e+00   0.000e+00   0.000e+00
                    1e-08    0.000e+00   0.000e+00   0.000e+00
      x_end         1e-04    9.922e-04   9.931e-04   4.554e-07
                    1e-06    9.927e-06   9.927e-06   5.082e-11
                    1e-08    1.022e-07   1.000e-07   1.178e-08
      gamma3        1e-04    1.506e-03   1.504e-03   2.013e-06
                    1e-06    1.505e-05   1.505e-05   1.970e-10
                    1e-08    1.260e-07   1.474e-07   1.072e-08
      xi_start      1e-04    5.489e-04   5.474e-04   7.451e-07  <- frame-derived
                    1e-06    5.482e-06   5.482e-06   7.850e-11
                    1e-08    4.926e-08   5.370e-08   2.222e-09
      xi_end        1e-04    3.735e-03   3.718e-03   8.573e-06  <- frame-derived
                    1e-06    3.726e-05   3.726e-05   8.675e-10
                    1e-08    3.820e-07   3.625e-07   9.773e-09
      L_eff         1e-04    6.804e-02   6.743e-02   3.081e-04  <- frame-derived
                    1e-06    6.774e-04   6.773e-04   3.099e-08
                    1e-08    6.920e-06   6.561e-06   1.794e-07

  --- dof 37: phis_end_cc[4][1] ---
      quantity        eps     |AD-fwd|    |AD-bwd|    |AD-ctr|
      x_start       1e-04    0.000e+00   0.000e+00   0.000e+00
                    1e-06    0.000e+00   0.000e+00   0.000e+00
                    1e-08    0.000e+00   0.000e+00   0.000e+00
      x_end         1e-04    3.078e-04   3.087e-04   6.559e-07
                    1e-06    3.082e-06   3.082e-06   8.800e-11
                    1e-08    3.204e-08   3.571e-08   6.971e-09
      gamma3        1e-04    7.240e-04   7.249e-04   4.903e-07
                    1e-06    7.245e-06   7.245e-06   4.270e-11
                    1e-08    6.894e-08   7.757e-08   8.778e-09
      xi_start      1e-04    7.443e-04   7.420e-04   1.157e-06  <- frame-derived
                    1e-06    7.432e-06   7.431e-06   1.294e-10
                    1e-08    7.169e-08   6.357e-08   4.058e-09
      xi_end        1e-04    9.219e-03   9.208e-03   5.360e-06  <- frame-derived
                    1e-06    9.213e-05   9.213e-05   3.415e-10
                    1e-08    9.804e-07   9.870e-07   3.283e-09
      L_eff         1e-04    8.631e-04   8.651e-04   9.641e-07  <- frame-derived
                    1e-06    8.641e-06   8.641e-06   1.177e-10
                    1e-08    9.363e-08   9.642e-08   1.393e-09

  --- dof 38: phis_end_cc[5][0] ---
      quantity        eps     |AD-fwd|    |AD-bwd|    |AD-ctr|
      x_start       1e-04    0.000e+00   0.000e+00   0.000e+00
                    1e-06    0.000e+00   0.000e+00   0.000e+00
                    1e-08    0.000e+00   0.000e+00   0.000e+00
      x_end         1e-04    3.790e-04   3.796e-04   2.899e-07
                    1e-06    3.793e-06   3.793e-06   3.320e-11
                    1e-08    4.070e-08   3.655e-08   8.686e-09
      gamma3        1e-04    4.603e-04   4.600e-04   2.154e-07
                    1e-06    4.602e-06   4.602e-06   3.444e-11
                    1e-08    4.665e-08   4.527e-08   8.081e-09
      xi_start      1e-04    2.046e-03   2.049e-03   1.828e-06  <- frame-derived
                    1e-06    2.048e-05   2.048e-05   2.234e-10
                    1e-08    2.031e-07   2.283e-07   1.260e-08
      xi_end        1e-04    1.869e-03   1.865e-03   2.445e-06  <- frame-derived
                    1e-06    1.867e-05   1.867e-05   5.452e-11
                    1e-08    1.361e-07   1.859e-07   2.490e-08
      L_eff         1e-04    6.282e-04   6.242e-04   1.971e-06  <- frame-derived
                    1e-06    6.262e-06   6.262e-06   1.449e-10
                    1e-08    5.674e-08   7.064e-08   6.946e-09

  --- dof 39: phis_end_cc[5][1] ---
      quantity        eps     |AD-fwd|    |AD-bwd|    |AD-ctr|
      x_start       1e-04    0.000e+00   0.000e+00   0.000e+00
                    1e-06    0.000e+00   0.000e+00   0.000e+00
                    1e-08    0.000e+00   0.000e+00   0.000e+00
      x_end         1e-04    8.467e-04   8.462e-04   2.849e-07
                    1e-06    8.464e-06   8.464e-06   2.642e-11
                    1e-08    8.236e-08   8.622e-08   5.772e-09
      gamma3        1e-04    1.329e-03   1.331e-03   1.348e-06
                    1e-06    1.330e-05   1.330e-05   1.521e-10
                    1e-08    1.415e-07   1.442e-07   5.886e-09
      xi_start      1e-04    2.177e-03   2.184e-03   3.417e-06  <- frame-derived
                    1e-06    2.180e-05   2.180e-05   3.487e-10
                    1e-08    2.153e-07   2.251e-07   4.933e-09
      xi_end        1e-04    2.591e-03   2.592e-03   4.894e-07  <- frame-derived
                    1e-06    2.592e-05   2.592e-05   1.707e-10
                    1e-08    2.761e-07   2.510e-07   1.257e-08
      L_eff         1e-04    5.308e-03   5.319e-03   5.430e-06  <- frame-derived
                    1e-06    5.313e-05   5.314e-05   5.815e-10
                    1e-08    5.218e-07   5.272e-07   2.670e-09

=== D2 VERDICT ===
  quantities with an eps-independent one-sided error: none
  dofs affected: 0 / 40
  worst: dof 9 (phis_start_cc[2][1]) on L_eff, rel=7.193e-06
  PASS -- geometry chain is smooth: every one-sided error scales
  O(eps) and every centered error O(eps^2).  AD equals the true
  derivative of the coded model.
  [PASS] no eps-independent one-sided error in the geometry chain  --  worst |AD-bwd| = 7.193e-06

==============================================================================
=== SUMMARY: 15 passed, 1 failed ===
==============================================================================
  [FAIL] mesh shift within the RMF's own O(1/M) accuracy  --  1.727e-02 vs 1.562e-02
Exit code:      1
End time:       Tue Aug  4 17:30:35 EDT 2026
