[gl004.hpc.nyu.edu:1007302] pmix_mca_base_component_repository_open: unable to open /scratch/lf2869/conda_envs/desc/lib/pmix/pmix_mca_pcompress_zlib.so: File /scratch/lf2869/conda_envs/desc/lib/pmix/pmix_mca_pcompress_zlib.so.sl not found (ignored)
2026-08-04 10:01:02.878529: E external/xla/xla/service/slow_operation_alarm.cc:73] 
********************************
[Compiling module jit__weighted_J] Very slow compile? If you want to file a bug, run with envvar XLA_FLAGS=--xla_dump_to=/tmp/foo and attach the results.
********************************
2026-08-04 10:01:49.739042: E external/xla/xla/service/slow_operation_alarm.cc:140] The operation took 2m46.860682659s

********************************
[Compiling module jit__weighted_J] Very slow compile? If you want to file a bug, run with envvar XLA_FLAGS=--xla_dump_to=/tmp/foo and attach the results.
********************************
Traceback (most recent call last):
  File "/scratch/lf2869/project/fem-data/beams-qss/./taylor.py", line 385, in <module>
    main()
  File "/scratch/lf2869/project/fem-data/beams-qss/./taylor.py", line 359, in main
    dJh_j, fd_j, dJ_j = run_taylor(
                        ^^^^^^^^^^^
  File "/scratch/lf2869/project/fem-data/beams-qss/./taylor.py", line 220, in run_taylor
    J0, dJ0 = J_and_dJ(dofs)
              ^^^^^^^^^^^^^^
  File "/scratch/lf2869/project/fem-data/beams-qss/./taylor.py", line 296, in fun
    return float(J_jit(x)), np.asarray(grad_J(x), dtype=float)
                 ^^^^^^^^
  File "/scratch/lf2869/project/fem-data/beams-qss/./taylor.py", line 285, in J_free
    x_full = jnp.asarray(x_full0).at[jnp.asarray(free)].set(x_free)
             ^^^^^^^^^^^^^^^^^^^^^^^^^^^^^^^^^^^^^^^^^^^^^^^^^^^^^^
  File "/scratch/lf2869/conda_envs/desc/lib/python3.12/site-packages/jax/_src/numpy/array_methods.py", line 814, in set
    return scatter._scatter_update(self.array, self.index, values, lax.scatter,
           ^^^^^^^^^^^^^^^^^^^^^^^^^^^^^^^^^^^^^^^^^^^^^^^^^^^^^^^^^^^^^^^^^^^^
  File "/scratch/lf2869/conda_envs/desc/lib/python3.12/site-packages/jax/_src/ops/scatter.py", line 82, in _scatter_update
    treedef, static_idx, dynamic_idx = indexing.split_index_for_jit(idx, x.shape)
                                       ^^^^^^^^^^^^^^^^^^^^^^^^^^^^^^^^^^^^^^^^^^
  File "/scratch/lf2869/conda_envs/desc/lib/python3.12/site-packages/jax/_src/numpy/indexing.py", line 738, in split_index_for_jit
    idx = _expand_bool_indices(idx, shape)
          ^^^^^^^^^^^^^^^^^^^^^^^^^^^^^^^^
  File "/scratch/lf2869/conda_envs/desc/lib/python3.12/site-packages/jax/_src/numpy/indexing.py", line 1059, in _expand_bool_indices
    raise errors.NonConcreteBooleanIndexError(abstract_i)
jax.errors.NonConcreteBooleanIndexError: Array boolean indices must be concrete; got bool[90]

See https://docs.jax.dev/en/latest/errors.html#jax.errors.NonConcreteBooleanIndexError
--------------------
For simplicity, JAX has removed its internal frames from the traceback of the following exception. Set JAX_TRACEBACK_FILTERING=off to include these.
