Job ID:         15271788
Nodes:          1
CPUs per task:  4
Start time:     Tue Aug  4 15:48:34 EDT 2026
PWD:            /scratch/lf2869/project/fem-data/beams-qss
taylor.py:      -rw-r--r--. 1 lf2869 lf2869 82878 Aug  4 15:47 ./taylor.py
sbatch $@:     --diagnostics-deep ablation --vjp-ablation none
TAYLOR_FLAGS:   
CONDA_PREFIX:   /scratch/lf2869/conda_envs/desc
Running: python -u ./taylor.py --diagnostics-deep ablation --vjp-ablation none
       __       ___      ___   ___                _______  _______ .___  ___. 
      |  |     /   \     \  \ /  /               |   ____||   ____||   \/   | 
      |  |    /  ^  \     \  V  /      ______    |  |__   |  |__   |  \  /  | 
.--.  |  |   /  /_\  \     >   <      |______|   |   __|  |   __|  |  |\/|  | 
|  `--'  |  /  _____  \   /  .  \                |  |     |  |____ |  |  |  | 
 \______/  /__/     \__\ /__/ \__\               |__|     |_______||__|  |__| 
                                                                              

taylor.py probes:
  force_kt_adjoint = False
  drop_winkler_wa  = False
  simsopt_free     = False
  compare_wa_slice = False
  vjp_ablation     = none
  diagnostics      = False
  diagnostics_deep = ablation
  n_coils          = 5
  normalize_h      = False
  eps              = [0.01, 0.001, 0.0001, 1e-05, 1e-06, 1e-07]
  seed             = 1

===== diagnostics-deep phase=ablation =====

----- coil-fem fingerprint -----
  coil_fem.__file__              : /scratch/lf2869/code/coil-fem/src/coil_fem/__init__.py
  coil_fem.coupling.drivers file : /scratch/lf2869/code/coil-fem/src/coil_fem/coupling/drivers.py
  k_live_in_drivers              : True
  COIL_FEM_VJP_ABLATION          : ''
k_attachment is not provided. Based on the coil's stiffness, the auto-generated value is 2.7956e+14 N/m3.
k_clamp is not provided. Based on the coil's stiffness, the auto-generated value is      1.5150e+16 N/m3.
Beam network initialized.
Optimizing:
    phis_end_cc - per-coil shapes: [(4,), (4,), (4,), (4,), (2,), (2,)]
    phis_start_cc - per-coil shapes: [(4,), (4,), (4,), (4,), (2,), (2,)]
    phis - per-coil shapes: (5, 2)
Fixing:
    thetas_orientation_cc
    r_beam
    phis_start_cf
    x_foundation
    thetas_orientation_cf
Total # dofs: 50

################################################################################
### Taylor test: DEEP ablation=none
################################################################################

solving with float64
solving with float64
J0  = 3.6216558144438984e+16
dJh = -2.927033275644475e+17
|dJ| = 2.5097772762306067e+17

       eps      centered diff                err          err/eps^2    |err|/|dJh|
   1.0e-02  -1.0505636207e+17   1.8764696549e+17   1.8764696549e+21   6.410824e-01
   1.0e-03  -1.6760201604e+17   1.2510131152e+17   1.2510131152e+23   4.273997e-01
    (err ratio vs previous eps: 0.667, expect ~1e2 if O(eps^2); ~1 if systematic bias)
   1.0e-04  -2.9326981159e+17  -5.6648402399e+14  -5.6648402399e+22   1.935352e-03
    (err ratio vs previous eps: -0.005, expect ~1e2 if O(eps^2); ~1 if systematic bias)
   1.0e-05  -2.9611520163e+17  -3.4118740616e+15  -3.4118740616e+25   1.165642e-02
    (err ratio vs previous eps: 6.023, expect ~1e2 if O(eps^2); ~1 if systematic bias)
   1.0e-06  -2.9615588273e+17  -3.4525551636e+15  -3.4525551636e+27   1.179541e-02
    (err ratio vs previous eps: 1.012, expect ~1e2 if O(eps^2); ~1 if systematic bias)
   1.0e-07  -2.9615659284e+17  -3.4532652756e+15  -3.4532652756e+29   1.179783e-02
    (err ratio vs previous eps: 1.000, expect ~1e2 if O(eps^2); ~1 if systematic bias)

summary (plateau/last eps=1.0e-07): dJh/FD = 0.98833973  (1.0 = perfect; W7-X residual was ~0.988)
best-eps summary: eps=1.0e-04  FD=-2.9326981159e+17  dJh/FD=0.99806839

Wrote ablation artifact: logs/deep_ablation_none_n5_s1.json

=== DEEP DIAG PHASE ablation SUMMARY ===
ablation: none
dJh: -2.9270332756444749e+17
FD_plateau: -2.9615659284000000e+17
dJh_over_FD: 0.98833973
Next: run freeze_k and freeze_sdofs_geom (same seed/n-coils), then --diagnostics-deep ablation-sum

Done.
Exit code:      0
End time:       Tue Aug  4 15:55:21 EDT 2026
