Job ID:         15270715
Nodes:          1
CPUs per task:  4
Start time:     Tue Aug  4 15:17:55 EDT 2026
PWD:            /scratch/lf2869/project/fem-data/beams-qss
taylor.py:      -rw-r--r--. 1 lf2869 lf2869 61320 Aug  4 15:09 ./taylor.py
sbatch $@:     --diagnostics-deep surgical --vjp-ablation freeze_wa_in_coupling
TAYLOR_FLAGS:   
CONDA_PREFIX:   /scratch/lf2869/conda_envs/desc
Running: python -u ./taylor.py --diagnostics-deep surgical --vjp-ablation freeze_wa_in_coupling
       __       ___      ___   ___                _______  _______ .___  ___. 
      |  |     /   \     \  \ /  /               |   ____||   ____||   \/   | 
      |  |    /  ^  \     \  V  /      ______    |  |__   |  |__   |  \  /  | 
.--.  |  |   /  /_\  \     >   <      |______|   |   __|  |   __|  |  |\/|  | 
|  `--'  |  /  _____  \   /  .  \                |  |     |  |____ |  |  |  | 
 \______/  /__/     \__\ /__/ \__\               |__|     |_______||__|  |__| 
                                                                              

taylor.py probes:
  force_kt_adjoint = False
  drop_winkler_wa  = False
  simsopt_free     = False
  compare_wa_slice = False
  vjp_ablation     = freeze_wa_in_coupling
  diagnostics      = False
  diagnostics_deep = surgical
  n_coils          = 5
  normalize_h      = False
  eps              = [0.01, 0.001, 0.0001, 1e-05, 1e-06, 1e-07]
  seed             = 1
Set COIL_FEM_VJP_ABLATION=freeze_wa_in_coupling (read at make_merged_solve / CoilFEM construction).

===== diagnostics-deep phase=surgical =====

----- coil-fem fingerprint -----
  coil_fem.__file__              : /scratch/lf2869/code/coil-fem/src/coil_fem/__init__.py
  coil_fem.coupling.drivers file : /scratch/lf2869/code/coil-fem/src/coil_fem/coupling/drivers.py
  k_live_in_drivers              : True
  COIL_FEM_VJP_ABLATION          : 'freeze_wa_in_coupling'
k_attachment is not provided. Based on the coil's stiffness, the auto-generated value is 2.7956e+14 N/m3.
k_clamp is not provided. Based on the coil's stiffness, the auto-generated value is      1.5150e+16 N/m3.
Beam network initialized.
Optimizing:
    phis_end_cc - per-coil shapes: [(4,), (4,), (4,), (4,), (2,), (2,)]
    phis_start_cc - per-coil shapes: [(4,), (4,), (4,), (4,), (2,), (2,)]
    phis - per-coil shapes: (5, 2)
Fixing:
    thetas_orientation_cc
    r_beam
    phis_start_cf
    x_foundation
    thetas_orientation_cf
Total # dofs: 50
[make_merged_solve] VJP ablation active: freeze_wa_in_coupling (env COIL_FEM_VJP_ABLATION)

################################################################################
### Taylor test: DEEP surgical ablation=freeze_wa_in_coupling
################################################################################

solving with float64
solving with float64
J0  = 3.621655814445053e+16
dJh = 9.608252986512491e+21
|dJ| = 2.00163510663192e+22

       eps      centered diff                err          err/eps^2    |err|/|dJh|
   1.0e-02  -1.0505636207e+17  -9.6083580429e+21  -9.6083580429e+25   1.000011e+00
   1.0e-03  -1.6760201607e+17  -9.6084205885e+21  -9.6084205885e+27   1.000017e+00
    (err ratio vs previous eps: 1.000, expect ~1e2 if O(eps^2); ~1 if systematic bias)
   1.0e-04  -2.9326981120e+17  -9.6085462563e+21  -9.6085462563e+29   1.000031e+00
    (err ratio vs previous eps: 1.000, expect ~1e2 if O(eps^2); ~1 if systematic bias)
   1.0e-05  -2.9611520227e+17  -9.6085491017e+21  -9.6085491017e+31   1.000031e+00
    (err ratio vs previous eps: 1.000, expect ~1e2 if O(eps^2); ~1 if systematic bias)
   1.0e-06  -2.9615591286e+17  -9.6085491424e+21  -9.6085491424e+33   1.000031e+00
    (err ratio vs previous eps: 1.000, expect ~1e2 if O(eps^2); ~1 if systematic bias)
   1.0e-07  -2.9615613856e+17  -9.6085491427e+21  -9.6085491427e+35   1.000031e+00
    (err ratio vs previous eps: 1.000, expect ~1e2 if O(eps^2); ~1 if systematic bias)

summary (plateau/last eps=1.0e-07): dJh/FD = -32443.20051318  (1.0 = perfect; W7-X residual was ~0.988)
best-eps summary: eps=1.0e-02  FD=-1.0505636207e+17  dJh/FD=-91458.07828518

Wrote surgical artifact: logs/deep_ablation_freeze_wa_in_coupling_n5_s1.json

=== DEEP DIAG PHASE surgical SUMMARY ===
ablation: freeze_wa_in_coupling
dJh_over_FD: -32443.20051318
J0: 3.6216558144450528e+16

Done.
Exit code:      0
End time:       Tue Aug  4 15:24:27 EDT 2026
