Job ID:         15270709
Nodes:          1
CPUs per task:  4
Start time:     Tue Aug  4 15:12:28 EDT 2026
PWD:            /scratch/lf2869/project/fem-data/beams-qss
taylor.py:      -rw-r--r--. 1 lf2869 lf2869 61320 Aug  4 15:09 ./taylor.py
sbatch $@:     --diagnostics-deep residual
TAYLOR_FLAGS:   
CONDA_PREFIX:   /scratch/lf2869/conda_envs/desc
Running: python -u ./taylor.py --diagnostics-deep residual
       __       ___      ___   ___                _______  _______ .___  ___. 
      |  |     /   \     \  \ /  /               |   ____||   ____||   \/   | 
      |  |    /  ^  \     \  V  /      ______    |  |__   |  |__   |  \  /  | 
.--.  |  |   /  /_\  \     >   <      |______|   |   __|  |   __|  |  |\/|  | 
|  `--'  |  /  _____  \   /  .  \                |  |     |  |____ |  |  |  | 
 \______/  /__/     \__\ /__/ \__\               |__|     |_______||__|  |__| 
                                                                              

taylor.py probes:
  force_kt_adjoint = False
  drop_winkler_wa  = False
  simsopt_free     = False
  compare_wa_slice = False
  vjp_ablation     = none
  diagnostics      = False
  diagnostics_deep = residual
  n_coils          = 5
  normalize_h      = False
  eps              = [0.01, 0.001, 0.0001, 1e-05, 1e-06, 1e-07]
  seed             = 1

===== diagnostics-deep phase=residual =====

----- coil-fem fingerprint -----
  coil_fem.__file__              : /scratch/lf2869/code/coil-fem/src/coil_fem/__init__.py
  coil_fem.coupling.drivers file : /scratch/lf2869/code/coil-fem/src/coil_fem/coupling/drivers.py
  k_live_in_drivers              : True
  COIL_FEM_VJP_ABLATION          : ''
k_attachment is not provided. Based on the coil's stiffness, the auto-generated value is 2.7956e+14 N/m3.
k_clamp is not provided. Based on the coil's stiffness, the auto-generated value is      1.5150e+16 N/m3.
Beam network initialized.
Optimizing:
    phis_end_cc - per-coil shapes: [(4,), (4,), (4,), (4,), (2,), (2,)]
    phis_start_cc - per-coil shapes: [(4,), (4,), (4,), (4,), (2,), (2,)]
    phis - per-coil shapes: (5, 2)
Fixing:
    thetas_orientation_cc
    r_beam
    phis_start_cf
    x_foundation
    thetas_orientation_cf
Total # dofs: 50
solving with float64

################################################################################
### DEEP residual FD vs VJP at frozen u*
################################################################################

  ||sol||=6.038288e-01
  ||g_u||=1.220513e+19
  ||λ||=2.045036e+11
  ||R(u*;φ0)||=2.768603e-05
  R_coil live k (rand v)        d_an=3.7907006622e+12  FD(1e-07)=3.7907009105e+12  an/FD=0.99999993
  R_coil frozen k (rand v)      d_an=0.0000000000e+00  FD(1e-07)=0.0000000000e+00  an/FD=nan
  R_coupling (rand v)           d_an=-2.3306780830e+12  FD(1e-07)=-2.3306206612e+12  an/FD=1.00002464
  R_full (rand v)               d_an=-1.0957174873e+12  FD(1e-07)=-1.0956772180e+12  an/FD=1.00003675
  R_full (λ cotangent)          d_an=2.9270332758e+17  FD(1e-07)=2.9615657706e+17  an/FD=0.98833978
  R_coil live k (λ_c)           d_an=-9.6083370100e+21  FD(1e-07)=-9.6083373300e+21  an/FD=0.99999997
  R_coupling (λ)                d_an=9.6086297133e+21  FD(1e-07)=9.6086334865e+21  an/FD=0.99999961

=== DEEP DIAG PHASE residual SUMMARY ===
fingerprint: drivers=/scratch/lf2869/code/coil-fem/src/coil_fem/coupling/drivers.py
k_live_in_drivers: True
n_coils: 5
eps_fd: 1.0e-07
  R_coil_live_k_rand: an/FD=0.99999993
  R_coil_frozen_k_rand: an/FD=nan
  R_coupling_rand: an/FD=1.00002464
  R_full_rand: an/FD=1.00003675
  R_full_lambda: an/FD=0.98833978
  R_coil_live_lambda: an/FD=0.99999997
  R_coupling_lambda: an/FD=0.99999961
  hint: residual blocks healthy → look at IFT composition (phases ablation/ift)

Done.
Exit code:      0
End time:       Tue Aug  4 15:16:36 EDT 2026
