Job ID:         15270708
Nodes:          1
CPUs per task:  4
Start time:     Tue Aug  4 15:09:58 EDT 2026
PWD:            /scratch/lf2869/project/fem-data/beams-qss
taylor.py:      -rw-r--r--. 1 lf2869 lf2869 61320 Aug  4 15:09 ./taylor.py
sbatch $@:     --diagnostics-deep groups
TAYLOR_FLAGS:   
CONDA_PREFIX:   /scratch/lf2869/conda_envs/desc
Running: python -u ./taylor.py --diagnostics-deep groups
       __       ___      ___   ___                _______  _______ .___  ___. 
      |  |     /   \     \  \ /  /               |   ____||   ____||   \/   | 
      |  |    /  ^  \     \  V  /      ______    |  |__   |  |__   |  \  /  | 
.--.  |  |   /  /_\  \     >   <      |______|   |   __|  |   __|  |  |\/|  | 
|  `--'  |  /  _____  \   /  .  \                |  |     |  |____ |  |  |  | 
 \______/  /__/     \__\ /__/ \__\               |__|     |_______||__|  |__| 
                                                                              

taylor.py probes:
  force_kt_adjoint = False
  drop_winkler_wa  = False
  simsopt_free     = False
  compare_wa_slice = False
  vjp_ablation     = none
  diagnostics      = False
  diagnostics_deep = groups
  n_coils          = 5
  normalize_h      = False
  eps              = [0.01, 0.001, 0.0001, 1e-05, 1e-06, 1e-07]
  seed             = 1

===== diagnostics-deep phase=groups =====

----- coil-fem fingerprint -----
  coil_fem.__file__              : /scratch/lf2869/code/coil-fem/src/coil_fem/__init__.py
  coil_fem.coupling.drivers file : /scratch/lf2869/code/coil-fem/src/coil_fem/coupling/drivers.py
  k_live_in_drivers              : True
  COIL_FEM_VJP_ABLATION          : ''
k_attachment is not provided. Based on the coil's stiffness, the auto-generated value is 2.7956e+14 N/m3.
k_clamp is not provided. Based on the coil's stiffness, the auto-generated value is      1.5150e+16 N/m3.
Beam network initialized.
Optimizing:
    phis_end_cc - per-coil shapes: [(4,), (4,), (4,), (4,), (2,), (2,)]
    phis_start_cc - per-coil shapes: [(4,), (4,), (4,), (4,), (2,), (2,)]
    phis - per-coil shapes: (5, 2)
Fixing:
    thetas_orientation_cc
    r_beam
    phis_start_cf
    x_foundation
    thetas_orientation_cf
Total # dofs: 50
----- Probe 1 diagnostics (adjoint K vs Kᵀ) -----
  force_kt_adjoint flag : False
  adjoint_reuses_K      : True
  solver_KT is None     : True
  coo_to_csr_T is None  : True

################################################################################
### Taylor test: DEEP groups: full model
################################################################################

solving with float64
solving with float64
J0  = 3.621655814444822e+16
dJh = -2.927033275712891e+17
|dJ| = 2.509777276235517e+17

       eps      centered diff                err          err/eps^2    |err|/|dJh|
   1.0e-02  -1.0505636207e+17   1.8764696550e+17   1.8764696550e+21   6.410824e-01
   1.0e-03  -1.6760201606e+17   1.2510131151e+17   1.2510131151e+23   4.273997e-01
    (err ratio vs previous eps: 0.667, expect ~1e2 if O(eps^2); ~1 if systematic bias)
   1.0e-04  -2.9326981149e+17  -5.6648392343e+14  -5.6648392343e+22   1.935352e-03
    (err ratio vs previous eps: -0.005, expect ~1e2 if O(eps^2); ~1 if systematic bias)
   1.0e-05  -2.9611520737e+17  -3.4118798019e+15  -3.4118798019e+25   1.165644e-02
    (err ratio vs previous eps: 6.023, expect ~1e2 if O(eps^2); ~1 if systematic bias)
   1.0e-06  -2.9615596615e+17  -3.4526385807e+15  -3.4526385807e+27   1.179569e-02
    (err ratio vs previous eps: 1.012, expect ~1e2 if O(eps^2); ~1 if systematic bias)
   1.0e-07  -2.9615683660e+17  -3.4535090287e+15  -3.4535090287e+29   1.179867e-02
    (err ratio vs previous eps: 1.000, expect ~1e2 if O(eps^2); ~1 if systematic bias)

summary (plateau/last eps=1.0e-07): dJh/FD = 0.98833892  (1.0 = perfect; W7-X residual was ~0.988)
best-eps summary: eps=1.0e-04  FD=-2.9326981149e+17  dJh/FD=0.99806839

################################################################################
### DOF-group directional probes
################################################################################


################################################################################
### Taylor test: DOF-group phis_start_cc
################################################################################

J0  = 3.621655814446182e+16
dJh = 2.181054289604641e+16
|dJ| = 2.5097772762321552e+17

       eps      centered diff                err          err/eps^2    |err|/|dJh|
   1.0e-02  -4.2150384572e+15  -2.6025581353e+16  -2.6025581353e+20   1.193257e+00
   1.0e-03  -7.6189298422e+15  -2.9429472738e+16  -2.9429472738e+22   1.349323e+00
    (err ratio vs previous eps: 1.131, expect ~1e2 if O(eps^2); ~1 if systematic bias)
   1.0e-04   2.3316318059e+16   1.5057751629e+15   1.5057751629e+23   6.903887e-02
    (err ratio vs previous eps: -0.051, expect ~1e2 if O(eps^2); ~1 if systematic bias)
   1.0e-05   2.0379843407e+16  -1.4306994892e+15  -1.4306994892e+25   6.559669e-02
    (err ratio vs previous eps: -0.950, expect ~1e2 if O(eps^2); ~1 if systematic bias)
   1.0e-06   2.0340421036e+16  -1.4701218600e+15  -1.4701218600e+27   6.740418e-02
    (err ratio vs previous eps: 1.028, expect ~1e2 if O(eps^2); ~1 if systematic bias)
   1.0e-07   2.0339828520e+16  -1.4707143760e+15  -1.4707143760e+29   6.743135e-02
    (err ratio vs previous eps: 1.000, expect ~1e2 if O(eps^2); ~1 if systematic bias)

summary (plateau/last eps=1.0e-07): dJh/FD = 1.07230712  (1.0 = perfect; W7-X residual was ~0.988)
best-eps summary: eps=1.0e-05  FD=2.0379843407e+16  dJh/FD=1.07020169
  phis_start_cc     n_free= 20  dJh=2.181054e+16  FD(plateau/eps=1e-07)=2.033983e+16  dJh/FD=1.07230712  dJh/dJh_full=-0.074514

################################################################################
### Taylor test: DOF-group phis_end_cc
################################################################################

J0  = 3.621655814448215e+16
dJh = -1.284420515410915e+17
|dJ| = 2.509777276245565e+17

       eps      centered diff                err          err/eps^2    |err|/|dJh|
   1.0e-02  -1.0655195237e+17   2.1890099169e+16   2.1890099169e+20   1.704278e-01
   1.0e-03  -6.7719600676e+16   6.0722450865e+16   6.0722450865e+22   4.727615e-01
    (err ratio vs previous eps: 2.774, expect ~1e2 if O(eps^2); ~1 if systematic bias)
   1.0e-04  -1.2853683671e+17  -9.4785167268e+13  -9.4785167268e+21   7.379606e-04
    (err ratio vs previous eps: -0.002, expect ~1e2 if O(eps^2); ~1 if systematic bias)
   1.0e-05  -1.3040753738e+17  -1.9654858413e+15  -1.9654858413e+25   1.530251e-02
    (err ratio vs previous eps: 20.736, expect ~1e2 if O(eps^2); ~1 if systematic bias)
   1.0e-06  -1.3042437646e+17  -1.9823249189e+15  -1.9823249189e+27   1.543361e-02
    (err ratio vs previous eps: 1.009, expect ~1e2 if O(eps^2); ~1 if systematic bias)
   1.0e-07  -1.3042444036e+17  -1.9823888189e+15  -1.9823888189e+29   1.543411e-02
    (err ratio vs previous eps: 1.000, expect ~1e2 if O(eps^2); ~1 if systematic bias)

summary (plateau/last eps=1.0e-07): dJh/FD = 0.98480048  (1.0 = perfect; W7-X residual was ~0.988)
best-eps summary: eps=1.0e-04  FD=-1.2853683671e+17  dJh/FD=0.99926258
  phis_end_cc       n_free= 20  dJh=-1.284421e+17  FD(plateau/eps=1e-07)=-1.304244e+17  dJh/FD=0.98480048  dJh/dJh_full=0.438813

################################################################################
### Taylor test: DOF-group phis
################################################################################

J0  = 3.621655814441997e+16
dJh = -1.860718189110881e+17
|dJ| = 2.5097772762646896e+17

       eps      centered diff                err          err/eps^2    |err|/|dJh|
   1.0e-02  -9.3994605226e+15   1.7667235839e+17   1.7667235839e+21   9.494848e-01
   1.0e-03  -7.7938311211e+16   1.0813350770e+17   1.0813350770e+23   5.811386e-01
    (err ratio vs previous eps: 0.612, expect ~1e2 if O(eps^2); ~1 if systematic bias)
   1.0e-04  -1.8713625480e+17  -1.0644358876e+15  -1.0644358876e+23   5.720565e-03
    (err ratio vs previous eps: -0.010, expect ~1e2 if O(eps^2); ~1 if systematic bias)
   1.0e-05  -1.8608198458e+17  -1.0165666512e+13  -1.0165666512e+23   5.463303e-05
    (err ratio vs previous eps: 0.010, expect ~1e2 if O(eps^2); ~1 if systematic bias)
   1.0e-06  -1.8607188783e+17  -6.8920911904e+10  -6.8920911904e+22   3.703995e-07
    (err ratio vs previous eps: 0.007, expect ~1e2 if O(eps^2); ~1 if systematic bias)
   1.0e-07  -1.8607221536e+17  -3.9644891190e+11  -3.9644891190e+25   2.130623e-06
    (err ratio vs previous eps: 5.752, expect ~1e2 if O(eps^2); ~1 if systematic bias)

summary (plateau/last eps=1.0e-07): dJh/FD = 0.99999787  (1.0 = perfect; W7-X residual was ~0.988)
best-eps summary: eps=1.0e-06  FD=-1.8607188783e+17  dJh/FD=0.99999963
  phis              n_free= 10  dJh=-1.860718e+17  FD(plateau/eps=1e-07)=-1.860722e+17  dJh/FD=0.99999787  dJh/dJh_full=0.635701
  other             n_free=0  (skip)

=== DEEP DIAG PHASE groups SUMMARY ===
fingerprint: drivers=/scratch/lf2869/code/coil-fem/src/coil_fem/coupling/drivers.py
k_live_in_drivers: True
n_coils: 5
baseline_dJh_over_FD: 0.98833892
group_ratios: phis_start_cc=1.07230712 phis_end_cc=0.98480048 phis=0.99999787 other=nan

Done.
Exit code:      0
End time:       Tue Aug  4 15:16:57 EDT 2026
