Job ID:         15270711
Nodes:          1
CPUs per task:  4
Start time:     Tue Aug  4 15:15:28 EDT 2026
PWD:            /scratch/lf2869/project/fem-data/beams-qss
taylor.py:      -rw-r--r--. 1 lf2869 lf2869 61320 Aug  4 15:09 ./taylor.py
sbatch $@:     --diagnostics-deep ablation --vjp-ablation freeze_k
TAYLOR_FLAGS:   
CONDA_PREFIX:   /scratch/lf2869/conda_envs/desc
Running: python -u ./taylor.py --diagnostics-deep ablation --vjp-ablation freeze_k
       __       ___      ___   ___                _______  _______ .___  ___. 
      |  |     /   \     \  \ /  /               |   ____||   ____||   \/   | 
      |  |    /  ^  \     \  V  /      ______    |  |__   |  |__   |  \  /  | 
.--.  |  |   /  /_\  \     >   <      |______|   |   __|  |   __|  |  |\/|  | 
|  `--'  |  /  _____  \   /  .  \                |  |     |  |____ |  |  |  | 
 \______/  /__/     \__\ /__/ \__\               |__|     |_______||__|  |__| 
                                                                              

taylor.py probes:
  force_kt_adjoint = False
  drop_winkler_wa  = False
  simsopt_free     = False
  compare_wa_slice = False
  vjp_ablation     = freeze_k
  diagnostics      = False
  diagnostics_deep = ablation
  n_coils          = 5
  normalize_h      = False
  eps              = [0.01, 0.001, 0.0001, 1e-05, 1e-06, 1e-07]
  seed             = 1
Set COIL_FEM_VJP_ABLATION=freeze_k (read at make_merged_solve / CoilFEM construction).

===== diagnostics-deep phase=ablation =====

----- coil-fem fingerprint -----
  coil_fem.__file__              : /scratch/lf2869/code/coil-fem/src/coil_fem/__init__.py
  coil_fem.coupling.drivers file : /scratch/lf2869/code/coil-fem/src/coil_fem/coupling/drivers.py
  k_live_in_drivers              : True
  COIL_FEM_VJP_ABLATION          : 'freeze_k'
k_attachment is not provided. Based on the coil's stiffness, the auto-generated value is 2.7956e+14 N/m3.
k_clamp is not provided. Based on the coil's stiffness, the auto-generated value is      1.5150e+16 N/m3.
Beam network initialized.
Optimizing:
    phis_end_cc - per-coil shapes: [(4,), (4,), (4,), (4,), (2,), (2,)]
    phis_start_cc - per-coil shapes: [(4,), (4,), (4,), (4,), (2,), (2,)]
    phis - per-coil shapes: (5, 2)
Fixing:
    thetas_orientation_cc
    r_beam
    phis_start_cf
    x_foundation
    thetas_orientation_cf
Total # dofs: 50
[make_merged_solve] VJP ablation active: freeze_k (env COIL_FEM_VJP_ABLATION)

################################################################################
### Taylor test: DEEP ablation=freeze_k
################################################################################

solving with float64
solving with float64
J0  = 3.621655814445714e+16
dJh = -9.608629713306514e+21
|dJ| = 2.0016316709386485e+22

       eps      centered diff                err          err/eps^2    |err|/|dJh|
   1.0e-02  -1.0505636207e+17   9.6085246569e+21   9.6085246569e+25   9.999891e-01
   1.0e-03  -1.6760201605e+17   9.6084621113e+21   9.6084621113e+27   9.999826e-01
    (err ratio vs previous eps: 1.000, expect ~1e2 if O(eps^2); ~1 if systematic bias)
   1.0e-04  -2.9326981140e+17   9.6083364435e+21   9.6083364435e+29   9.999695e-01
    (err ratio vs previous eps: 1.000, expect ~1e2 if O(eps^2); ~1 if systematic bias)
   1.0e-05  -2.9611520378e+17   9.6083335981e+21   9.6083335981e+31   9.999692e-01
    (err ratio vs previous eps: 1.000, expect ~1e2 if O(eps^2); ~1 if systematic bias)
   1.0e-06  -2.9615595351e+17   9.6083335574e+21   9.6083335574e+33   9.999692e-01
    (err ratio vs previous eps: 1.000, expect ~1e2 if O(eps^2); ~1 if systematic bias)
   1.0e-07  -2.9615636836e+17   9.6083335569e+21   9.6083335569e+35   9.999692e-01
    (err ratio vs previous eps: 1.000, expect ~1e2 if O(eps^2); ~1 if systematic bias)

summary (plateau/last eps=1.0e-07): dJh/FD = 32444.44739283  (1.0 = perfect; W7-X residual was ~0.988)
best-eps summary: eps=1.0e-07  FD=-2.9615636836e+17  dJh/FD=32444.44739283

Wrote ablation artifact: logs/deep_ablation_freeze_k_n5_s1.json

=== DEEP DIAG PHASE ablation SUMMARY ===
ablation: freeze_k
dJh: -9.6086297133065144e+21
FD_plateau: -2.9615636836000000e+17
dJh_over_FD: 32444.44739283
Next: run freeze_k and freeze_sdofs_geom (same seed/n-coils), then --diagnostics-deep ablation-sum

Done.
Exit code:      0
End time:       Tue Aug  4 15:22:07 EDT 2026
