Job ID:         15267563
Nodes:          1
CPUs per task:  4
Start time:     Tue Aug  4 13:08:09 EDT 2026
PWD:            /scratch/lf2869/project/fem-data/beams-qss
taylor.py:      -rw-r--r--. 1 lf2869 lf2869 19270 Aug  4 12:05 ./taylor.py
sbatch $@:     --vjp-ablation freeze_k
TAYLOR_FLAGS:   
CONDA_PREFIX:   /scratch/lf2869/conda_envs/desc
Running: python -u ./taylor.py --vjp-ablation freeze_k
       __       ___      ___   ___                _______  _______ .___  ___. 
      |  |     /   \     \  \ /  /               |   ____||   ____||   \/   | 
      |  |    /  ^  \     \  V  /      ______    |  |__   |  |__   |  \  /  | 
.--.  |  |   /  /_\  \     >   <      |______|   |   __|  |   __|  |  |\/|  | 
|  `--'  |  /  _____  \   /  .  \                |  |     |  |____ |  |  |  | 
 \______/  /__/     \__\ /__/ \__\               |__|     |_______||__|  |__| 
                                                                              

taylor.py probes:
  force_kt_adjoint = False
  drop_winkler_wa  = False
  simsopt_free     = False
  compare_wa_slice = False
  vjp_ablation     = freeze_k
  n_coils          = 5
  eps              = [0.01, 0.001, 0.0001, 1e-05, 1e-06, 1e-07]
  seed             = 1
Set COIL_FEM_VJP_ABLATION=freeze_k (read at make_merged_solve / CoilFEM construction).
k_attachment is not provided. Based on the coil's stiffness, the auto-generated value is 2.7956e+14 N/m3.
k_clamp is not provided. Based on the coil's stiffness, the auto-generated value is      1.5150e+16 N/m3.
Beam network initialized.
Optimizing:
    phis_end_cc - per-coil shapes: [(4,), (4,), (4,), (4,), (2,), (2,)]
    phis_start_cc - per-coil shapes: [(4,), (4,), (4,), (4,), (2,), (2,)]
    phis - per-coil shapes: (5, 2)
Fixing:
    thetas_orientation_cc
    r_beam
    phis_start_cf
    x_foundation
    thetas_orientation_cf
Total # dofs: 50
[make_merged_solve] VJP ablation active: freeze_k (env COIL_FEM_VJP_ABLATION)
# mesh node for all coils: [1152, 3200, 3200, 1152, 3200]
# mesh cell for all coils: [384, 1536, 1536, 384, 1536]
----- Probe 1 diagnostics (adjoint K vs Kᵀ) -----
  force_kt_adjoint flag : False
  adjoint_reuses_K      : True
  solver_KT is None     : True
  coo_to_csr_T is None  : True
# free dofs: (50,)
dof names  : ['CoilSupportBeams1:x0', 'CoilSupportBeams1:x1', 'CoilSupportBeams1:x2', 'CoilSupportBeams1:x3', 'CoilSupportBeams1:x4', 'CoilSupportBeams1:x5', 'CoilSupportBeams1:x6', 'CoilSupportBeams1:x7', 'CoilSupportBeams1:x8', 'CoilSupportBeams1:x9', 'CoilSupportBeams1:x10', 'CoilSupportBeams1:x11', 'CoilSupportBeams1:x12', 'CoilSupportBeams1:x13', 'CoilSupportBeams1:x14', 'CoilSupportBeams1:x15', 'CoilSupportBeams1:x16', 'CoilSupportBeams1:x17', 'CoilSupportBeams1:x18', 'CoilSupportBeams1:x19', 'CoilSupportBeams1:x20', 'CoilSupportBeams1:x21', 'CoilSupportBeams1:x22', 'CoilSupportBeams1:x23', 'CoilSupportBeams1:x24', 'CoilSupportBeams1:x25', 'CoilSupportBeams1:x26', 'CoilSupportBeams1:x27', 'CoilSupportBeams1:x28', 'CoilSupportBeams1:x29', 'CoilSupportBeams1:x30', 'CoilSupportBeams1:x31', 'CoilSupportBeams1:x32', 'CoilSupportBeams1:x33', 'CoilSupportBeams1:x34', 'CoilSupportBeams1:x35', 'CoilSupportBeams1:x36', 'CoilSupportBeams1:x37', 'CoilSupportBeams1:x38', 'CoilSupportBeams1:x39', 'CoilSupportBeams1:x40', 'CoilSupportBeams1:x41', 'CoilSupportBeams1:x42', 'CoilSupportBeams1:x43', 'CoilSupportBeams1:x44', 'CoilSupportBeams1:x45', 'CoilSupportBeams1:x46', 'CoilSupportBeams1:x47', 'CoilSupportBeams1:x48', 'CoilSupportBeams1:x49']

################################################################################
### Taylor test: simsopt CoilFEMObjective.J/dJ
################################################################################

solving with float64
solving with float64
J0  = 3.621655814444713e+16
dJh = -9.608629713337045e+21
|dJ| = 2.0016316709410942e+22

       eps      centered diff                err          err/eps^2    |err|/|dJh|
   1.0e-02  -1.0505636207e+17   9.6085246570e+21   9.6085246570e+25   9.999891e-01
   1.0e-03  -1.6760201604e+17   9.6084621113e+21   9.6084621113e+27   9.999826e-01
    (err ratio vs previous eps: 1.000, expect ~1e2 if O(eps^2))
   1.0e-04  -2.9326981177e+17   9.6083364435e+21   9.6083364435e+29   9.999695e-01
    (err ratio vs previous eps: 1.000, expect ~1e2 if O(eps^2))
   1.0e-05  -2.9611520414e+17   9.6083335981e+21   9.6083335981e+31   9.999692e-01
    (err ratio vs previous eps: 1.000, expect ~1e2 if O(eps^2))
   1.0e-06  -2.9615599232e+17   9.6083335573e+21   9.6083335573e+33   9.999692e-01
    (err ratio vs previous eps: 1.000, expect ~1e2 if O(eps^2))
   1.0e-07  -2.9615596208e+17   9.6083335574e+21   9.6083335574e+35   9.999692e-01
    (err ratio vs previous eps: 1.000, expect ~1e2 if O(eps^2))

summary: dJh/FD = 32444.49190167  (1.0 = perfect; baseline residual was ~0.979)
best-eps summary: eps=1.0e-06  FD=-2.9615599232e+17  dJh/FD=32444.48858838

Done.
Exit code:      0
End time:       Tue Aug  4 13:19:24 EDT 2026
