mkdir: cannot create directory ‘dolfinx’: File exists
[cs612.hpc.nyu.edu:2195671] pmix_mca_base_component_repository_open: unable to open /scratch/lf2869/conda_envs/desc/lib/pmix/pmix_mca_pcompress_zlib.so: File /scratch/lf2869/conda_envs/desc/lib/pmix/pmix_mca_pcompress_zlib.so.sl not found (ignored)
ERROR:2026-08-13 14:40:58,938:jax._src.xla_bridge:444: Jax plugin configuration error: Exception when calling jax_plugins.xla_cuda12.initialize()
Traceback (most recent call last):
  File "/scratch/lf2869/conda_envs/desc/lib/python3.12/site-packages/jax/_src/xla_bridge.py", line 442, in discover_pjrt_plugins
    plugin_module.initialize()
  File "/scratch/lf2869/conda_envs/desc/lib/python3.12/site-packages/jax_plugins/xla_cuda12/__init__.py", line 324, in initialize
    _check_cuda_versions(raise_on_first_error=True)
  File "/scratch/lf2869/conda_envs/desc/lib/python3.12/site-packages/jax_plugins/xla_cuda12/__init__.py", line 281, in _check_cuda_versions
    local_device_count = cuda_versions.cuda_device_count()
                         ^^^^^^^^^^^^^^^^^^^^^^^^^^^^^^^^^
RuntimeError: jaxlib/cuda/versions_helpers.cc:113: operation cuInit(0) failed: Unknown CUDA error 303; cuGetErrorName failed. This probably means that JAX was unable to load the CUDA libraries.
Warning : Difference - BOPAlgo_AlertBadPositioning BOPAlgo_AlertBadPositioning BOPAlgo_AlertBadPositioning BOPAlgo_AlertBadPositioning BOPAlgo_AlertBadPositioning BOPAlgo_AlertBadPositioning BOPAlgo_AlertBadPositioning BOPAlgo_AlertBadPositioning BOPAlgo_AlertBadPositioning BOPAlgo_AlertBadPositioning BOPAlgo_AlertBadPositioning BOPAlgo_AlertBadPositioning BOPAlgo_AlertBadPositioning BOPAlgo_AlertBadPositioning BOPAlgo_AlertBadPositioning BOPAlgo_AlertBadPositioning BOPAlgo_AlertBadPositioning BOPAlgo_AlertBadPositioning BOPAlgo_AlertBadPositioning BOPAlgo_AlertBadPositioning BOPAlgo_AlertBadPositioning BOPAlgo_AlertBadPositioning BOPAlgo_AlertBadPositioning BOPAlgo_AlertBadPositioning BOPAlgo_AlertBadPositioning BOPAlgo_AlertBadPositioning BOPAlgo_AlertBadPositioning BOPAlgo_AlertBadPositioning BOPAlgo_AlertBadPositioning BOPAlgo_AlertBadPositioning BOPAlgo_AlertBadPositioning BOPAlgo_AlertBadPositioning 
Warning : Difference - BOPAlgo_AlertBadPositioning BOPAlgo_AlertBadPositioning BOPAlgo_AlertBadPositioning BOPAlgo_AlertBadPositioning BOPAlgo_AlertBadPositioning BOPAlgo_AlertBadPositioning BOPAlgo_AlertBadPositioning BOPAlgo_AlertBadPositioning BOPAlgo_AlertBadPositioning BOPAlgo_AlertBadPositioning BOPAlgo_AlertBadPositioning BOPAlgo_AlertBadPositioning BOPAlgo_AlertBadPositioning BOPAlgo_AlertBadPositioning BOPAlgo_AlertBadPositioning BOPAlgo_AlertBadPositioning BOPAlgo_AlertBadPositioning BOPAlgo_AlertBadPositioning BOPAlgo_AlertBadPositioning BOPAlgo_AlertBadPositioning BOPAlgo_AlertBadPositioning BOPAlgo_AlertBadPositioning BOPAlgo_AlertBadPositioning BOPAlgo_AlertBadPositioning BOPAlgo_AlertBadPositioning BOPAlgo_AlertBadPositioning BOPAlgo_AlertBadPositioning BOPAlgo_AlertBadPositioning BOPAlgo_AlertBadPositioning BOPAlgo_AlertBadPositioning BOPAlgo_AlertBadPositioning BOPAlgo_AlertBadPositioning 
Warning : Difference - BOPAlgo_AlertBadPositioning BOPAlgo_AlertBadPositioning BOPAlgo_AlertBadPositioning BOPAlgo_AlertBadPositioning BOPAlgo_AlertBadPositioning BOPAlgo_AlertBadPositioning BOPAlgo_AlertBadPositioning BOPAlgo_AlertBadPositioning BOPAlgo_AlertBadPositioning BOPAlgo_AlertBadPositioning BOPAlgo_AlertBadPositioning BOPAlgo_AlertBadPositioning BOPAlgo_AlertBadPositioning BOPAlgo_AlertBadPositioning BOPAlgo_AlertBadPositioning BOPAlgo_AlertBadPositioning BOPAlgo_AlertBadPositioning BOPAlgo_AlertBadPositioning BOPAlgo_AlertBadPositioning BOPAlgo_AlertBadPositioning BOPAlgo_AlertBadPositioning BOPAlgo_AlertBadPositioning BOPAlgo_AlertBadPositioning BOPAlgo_AlertBadPositioning BOPAlgo_AlertBadPositioning BOPAlgo_AlertBadPositioning BOPAlgo_AlertBadPositioning BOPAlgo_AlertBadPositioning BOPAlgo_AlertBadPositioning BOPAlgo_AlertBadPositioning BOPAlgo_AlertBadPositioning BOPAlgo_AlertBadPositioning 
Warning : Difference - BOPAlgo_AlertBadPositioning BOPAlgo_AlertBadPositioning BOPAlgo_AlertBadPositioning BOPAlgo_AlertBadPositioning BOPAlgo_AlertBadPositioning BOPAlgo_AlertBadPositioning BOPAlgo_AlertBadPositioning BOPAlgo_AlertBadPositioning BOPAlgo_AlertBadPositioning BOPAlgo_AlertBadPositioning BOPAlgo_AlertBadPositioning BOPAlgo_AlertBadPositioning BOPAlgo_AlertBadPositioning BOPAlgo_AlertBadPositioning BOPAlgo_AlertBadPositioning BOPAlgo_AlertBadPositioning BOPAlgo_AlertBadPositioning BOPAlgo_AlertBadPositioning BOPAlgo_AlertBadPositioning BOPAlgo_AlertBadPositioning BOPAlgo_AlertBadPositioning BOPAlgo_AlertBadPositioning BOPAlgo_AlertBadPositioning BOPAlgo_AlertBadPositioning BOPAlgo_AlertBadPositioning BOPAlgo_AlertBadPositioning BOPAlgo_AlertBadPositioning BOPAlgo_AlertBadPositioning BOPAlgo_AlertBadPositioning BOPAlgo_AlertBadPositioning BOPAlgo_AlertBadPositioning BOPAlgo_AlertBadPositioning 
Warning : Difference - BOPAlgo_AlertBadPositioning BOPAlgo_AlertBadPositioning BOPAlgo_AlertBadPositioning BOPAlgo_AlertBadPositioning BOPAlgo_AlertBadPositioning BOPAlgo_AlertBadPositioning BOPAlgo_AlertBadPositioning BOPAlgo_AlertBadPositioning BOPAlgo_AlertBadPositioning BOPAlgo_AlertBadPositioning BOPAlgo_AlertBadPositioning BOPAlgo_AlertBadPositioning BOPAlgo_AlertBadPositioning BOPAlgo_AlertBadPositioning BOPAlgo_AlertBadPositioning BOPAlgo_AlertBadPositioning BOPAlgo_AlertBadPositioning BOPAlgo_AlertBadPositioning BOPAlgo_AlertBadPositioning BOPAlgo_AlertBadPositioning BOPAlgo_AlertBadPositioning BOPAlgo_AlertBadPositioning BOPAlgo_AlertBadPositioning BOPAlgo_AlertBadPositioning BOPAlgo_AlertBadPositioning BOPAlgo_AlertBadPositioning BOPAlgo_AlertBadPositioning BOPAlgo_AlertBadPositioning BOPAlgo_AlertBadPositioning BOPAlgo_AlertBadPositioning BOPAlgo_AlertBadPositioning BOPAlgo_AlertBadPositioning 
Warning : Difference - BOPAlgo_AlertBadPositioning BOPAlgo_AlertBadPositioning BOPAlgo_AlertBadPositioning BOPAlgo_AlertBadPositioning BOPAlgo_AlertBadPositioning BOPAlgo_AlertBadPositioning BOPAlgo_AlertBadPositioning BOPAlgo_AlertBadPositioning BOPAlgo_AlertBadPositioning BOPAlgo_AlertBadPositioning BOPAlgo_AlertBadPositioning BOPAlgo_AlertBadPositioning BOPAlgo_AlertBadPositioning BOPAlgo_AlertBadPositioning BOPAlgo_AlertBadPositioning BOPAlgo_AlertBadPositioning BOPAlgo_AlertBadPositioning BOPAlgo_AlertBadPositioning BOPAlgo_AlertBadPositioning BOPAlgo_AlertBadPositioning BOPAlgo_AlertBadPositioning BOPAlgo_AlertBadPositioning BOPAlgo_AlertBadPositioning BOPAlgo_AlertBadPositioning BOPAlgo_AlertBadPositioning BOPAlgo_AlertBadPositioning BOPAlgo_AlertBadPositioning BOPAlgo_AlertBadPositioning BOPAlgo_AlertBadPositioning BOPAlgo_AlertBadPositioning BOPAlgo_AlertBadPositioning BOPAlgo_AlertBadPositioning 
Warning : Difference - BOPAlgo_AlertBadPositioning BOPAlgo_AlertBadPositioning BOPAlgo_AlertBadPositioning BOPAlgo_AlertBadPositioning BOPAlgo_AlertBadPositioning BOPAlgo_AlertBadPositioning BOPAlgo_AlertBadPositioning BOPAlgo_AlertBadPositioning BOPAlgo_AlertBadPositioning BOPAlgo_AlertBadPositioning BOPAlgo_AlertBadPositioning BOPAlgo_AlertBadPositioning BOPAlgo_AlertBadPositioning BOPAlgo_AlertBadPositioning BOPAlgo_AlertBadPositioning BOPAlgo_AlertBadPositioning BOPAlgo_AlertSolidBuilderUnusedFaces 
Warning : Difference - BOPAlgo_AlertBadPositioning BOPAlgo_AlertBadPositioning BOPAlgo_AlertBadPositioning BOPAlgo_AlertBadPositioning BOPAlgo_AlertBadPositioning BOPAlgo_AlertBadPositioning BOPAlgo_AlertBadPositioning BOPAlgo_AlertBadPositioning BOPAlgo_AlertBadPositioning BOPAlgo_AlertBadPositioning BOPAlgo_AlertBadPositioning BOPAlgo_AlertBadPositioning BOPAlgo_AlertBadPositioning BOPAlgo_AlertBadPositioning BOPAlgo_AlertBadPositioning BOPAlgo_AlertBadPositioning BOPAlgo_AlertBadPositioning BOPAlgo_AlertBadPositioning BOPAlgo_AlertBadPositioning BOPAlgo_AlertBadPositioning BOPAlgo_AlertBadPositioning BOPAlgo_AlertBadPositioning BOPAlgo_AlertBadPositioning BOPAlgo_AlertBadPositioning BOPAlgo_AlertBadPositioning BOPAlgo_AlertBadPositioning BOPAlgo_AlertBadPositioning BOPAlgo_AlertBadPositioning BOPAlgo_AlertBadPositioning BOPAlgo_AlertBadPositioning BOPAlgo_AlertBadPositioning BOPAlgo_AlertBadPositioning 
Warning : Difference - BOPAlgo_AlertBadPositioning BOPAlgo_AlertBadPositioning BOPAlgo_AlertBadPositioning BOPAlgo_AlertBadPositioning BOPAlgo_AlertBadPositioning BOPAlgo_AlertBadPositioning BOPAlgo_AlertBadPositioning BOPAlgo_AlertBadPositioning BOPAlgo_AlertBadPositioning BOPAlgo_AlertBadPositioning BOPAlgo_AlertBadPositioning BOPAlgo_AlertBadPositioning BOPAlgo_AlertBadPositioning BOPAlgo_AlertBadPositioning BOPAlgo_AlertBadPositioning BOPAlgo_AlertBadPositioning BOPAlgo_AlertBadPositioning BOPAlgo_AlertBadPositioning BOPAlgo_AlertBadPositioning BOPAlgo_AlertBadPositioning BOPAlgo_AlertBadPositioning BOPAlgo_AlertBadPositioning BOPAlgo_AlertBadPositioning BOPAlgo_AlertBadPositioning BOPAlgo_AlertBadPositioning BOPAlgo_AlertBadPositioning BOPAlgo_AlertBadPositioning BOPAlgo_AlertBadPositioning BOPAlgo_AlertBadPositioning BOPAlgo_AlertBadPositioning BOPAlgo_AlertBadPositioning BOPAlgo_AlertBadPositioning 
Warning : Union - BOPAlgo_AlertNotSplittableEdge BOPAlgo_AlertNotSplittableEdge 
Warning : Union - BOPAlgo_AlertNotSplittableEdge BOPAlgo_AlertNotSplittableEdge BOPAlgo_AlertNotSplittableEdge BOPAlgo_AlertNotSplittableEdge BOPAlgo_AlertNotSplittableEdge BOPAlgo_AlertNotSplittableEdge BOPAlgo_AlertNotSplittableEdge BOPAlgo_AlertNotSplittableEdge BOPAlgo_AlertNotSplittableEdge BOPAlgo_AlertNotSplittableEdge BOPAlgo_AlertNotSplittableEdge BOPAlgo_AlertNotSplittableEdge BOPAlgo_AlertNotSplittableEdge BOPAlgo_AlertNotSplittableEdge BOPAlgo_AlertNotSplittableEdge BOPAlgo_AlertNotSplittableEdge 
Warning : 2 elements remain invalid in surface 9
Warning : 2 elements remain invalid in surface 169
Warning : 2 elements remain invalid in surface 765
Warning : 2 elements remain invalid in surface 894
Warning : 2 elements remain invalid in surface 915
Warning : 2 elements remain invalid in surface 1050
Warning : 2 elements remain invalid in surface 1669
Warning : 2 elements remain invalid in surface 1798
Warning : 2 elements remain invalid in surface 1819
Warning : 2 elements remain invalid in surface 1954
Error   : Invalid boundary mesh (overlapping facets) on surface 2352 surface 2353
Traceback (most recent call last):
  File "/scratch/lf2869/project/fem-data/beams-qss/./run_export.py", line 12, in <module>
    to_full_body(Jstress, path=f'./{name}_dolfinx/full_body_fields.vtu', mesh_scale=0.6)
  File "/scratch/lf2869/code/coil-fem/src/coil_fem/io/gmsh.py", line 362, in to_full_body
    gmsh.model.mesh.generate(3)
  File "/scratch/lf2869/conda_envs/desc/lib/python3.12/site-packages/gmsh.py", line 2189, in generate
    raise Exception(logger.getLastError())
Exception: Invalid boundary mesh (overlapping facets) on surface 2352 surface 2353
