Job ID:         15267562
Nodes:          1
CPUs per task:  4
Start time:     Tue Aug  4 13:05:26 EDT 2026
PWD:            /scratch/lf2869/project/fem-data/beams-qss
taylor.py:      -rw-r--r--. 1 lf2869 lf2869 19270 Aug  4 12:05 ./taylor.py
sbatch $@:     --simsopt-free
TAYLOR_FLAGS:   
CONDA_PREFIX:   /scratch/lf2869/conda_envs/desc
Running: python -u ./taylor.py --simsopt-free
       __       ___      ___   ___                _______  _______ .___  ___. 
      |  |     /   \     \  \ /  /               |   ____||   ____||   \/   | 
      |  |    /  ^  \     \  V  /      ______    |  |__   |  |__   |  \  /  | 
.--.  |  |   /  /_\  \     >   <      |______|   |   __|  |   __|  |  |\/|  | 
|  `--'  |  /  _____  \   /  .  \                |  |     |  |____ |  |  |  | 
 \______/  /__/     \__\ /__/ \__\               |__|     |_______||__|  |__| 
                                                                              

taylor.py probes:
  force_kt_adjoint = False
  drop_winkler_wa  = False
  simsopt_free     = True
  compare_wa_slice = False
  vjp_ablation     = none
  n_coils          = 5
  eps              = [0.01, 0.001, 0.0001, 1e-05, 1e-06, 1e-07]
  seed             = 1
k_attachment is not provided. Based on the coil's stiffness, the auto-generated value is 2.7956e+14 N/m3.
k_clamp is not provided. Based on the coil's stiffness, the auto-generated value is      1.5150e+16 N/m3.
Beam network initialized.
Optimizing:
    phis_end_cc - per-coil shapes: [(4,), (4,), (4,), (4,), (2,), (2,)]
    phis_start_cc - per-coil shapes: [(4,), (4,), (4,), (4,), (2,), (2,)]
    phis - per-coil shapes: (5, 2)
Fixing:
    thetas_orientation_cc
    r_beam
    phis_start_cf
    x_foundation
    thetas_orientation_cf
Total # dofs: 50
# mesh node for all coils: [1152, 3200, 3200, 1152, 3200]
# mesh cell for all coils: [384, 1536, 1536, 384, 1536]
----- Probe 1 diagnostics (adjoint K vs Kᵀ) -----
  force_kt_adjoint flag : False
  adjoint_reuses_K      : True
  solver_KT is None     : True
  coo_to_csr_T is None  : True
# free dofs: (50,)
dof names  : ['CoilSupportBeams1:x0', 'CoilSupportBeams1:x1', 'CoilSupportBeams1:x2', 'CoilSupportBeams1:x3', 'CoilSupportBeams1:x4', 'CoilSupportBeams1:x5', 'CoilSupportBeams1:x6', 'CoilSupportBeams1:x7', 'CoilSupportBeams1:x8', 'CoilSupportBeams1:x9', 'CoilSupportBeams1:x10', 'CoilSupportBeams1:x11', 'CoilSupportBeams1:x12', 'CoilSupportBeams1:x13', 'CoilSupportBeams1:x14', 'CoilSupportBeams1:x15', 'CoilSupportBeams1:x16', 'CoilSupportBeams1:x17', 'CoilSupportBeams1:x18', 'CoilSupportBeams1:x19', 'CoilSupportBeams1:x20', 'CoilSupportBeams1:x21', 'CoilSupportBeams1:x22', 'CoilSupportBeams1:x23', 'CoilSupportBeams1:x24', 'CoilSupportBeams1:x25', 'CoilSupportBeams1:x26', 'CoilSupportBeams1:x27', 'CoilSupportBeams1:x28', 'CoilSupportBeams1:x29', 'CoilSupportBeams1:x30', 'CoilSupportBeams1:x31', 'CoilSupportBeams1:x32', 'CoilSupportBeams1:x33', 'CoilSupportBeams1:x34', 'CoilSupportBeams1:x35', 'CoilSupportBeams1:x36', 'CoilSupportBeams1:x37', 'CoilSupportBeams1:x38', 'CoilSupportBeams1:x39', 'CoilSupportBeams1:x40', 'CoilSupportBeams1:x41', 'CoilSupportBeams1:x42', 'CoilSupportBeams1:x43', 'CoilSupportBeams1:x44', 'CoilSupportBeams1:x45', 'CoilSupportBeams1:x46', 'CoilSupportBeams1:x47', 'CoilSupportBeams1:x48', 'CoilSupportBeams1:x49']

################################################################################
### Taylor test: simsopt CoilFEMObjective.J/dJ
################################################################################

solving with float64
solving with float64
J0  = 3.6216558144445576e+16
dJh = -2.9270332755628026e+17
|dJ| = 2.5097772762161293e+17

       eps      centered diff                err          err/eps^2    |err|/|dJh|
   1.0e-02  -1.0505636207e+17   1.8764696548e+17   1.8764696548e+21   6.410824e-01
   1.0e-03  -1.6760201609e+17   1.2510131147e+17   1.2510131147e+23   4.273997e-01
    (err ratio vs previous eps: 0.667, expect ~1e2 if O(eps^2))
   1.0e-04  -2.9326981106e+17  -5.6648350828e+14  -5.6648350828e+22   1.935350e-03
    (err ratio vs previous eps: -0.005, expect ~1e2 if O(eps^2))
   1.0e-05  -2.9611520055e+17  -3.4118729921e+15  -3.4118729921e+25   1.165642e-02
    (err ratio vs previous eps: 6.023, expect ~1e2 if O(eps^2))
   1.0e-06  -2.9615590968e+17  -3.4525821237e+15  -3.4525821237e+27   1.179550e-02
    (err ratio vs previous eps: 1.012, expect ~1e2 if O(eps^2))
   1.0e-07  -2.9615678136e+17  -3.4534538037e+15  -3.4534538037e+29   1.179848e-02
    (err ratio vs previous eps: 1.000, expect ~1e2 if O(eps^2))

summary: dJh/FD = 0.98833910  (1.0 = perfect; baseline residual was ~0.979)
best-eps summary: eps=1.0e-04  FD=-2.9326981106e+17  dJh/FD=0.99806839

################################################################################
### Taylor test: simsopt-free jax.grad(fem.objective)
################################################################################

J0  = 3.621655814449099e+16
dJh = -2.9270332756783354e+17
|dJ| = 2.5097772762452064e+17

       eps      centered diff                err          err/eps^2    |err|/|dJh|
   1.0e-02  -1.0505636207e+17   1.8764696550e+17   1.8764696550e+21   6.410824e-01
   1.0e-03  -1.6760201601e+17   1.2510131156e+17   1.2510131156e+23   4.273997e-01
    (err ratio vs previous eps: 0.667, expect ~1e2 if O(eps^2))
   1.0e-04  -2.9326981191e+17  -5.6648433813e+14  -5.6648433813e+22   1.935353e-03
    (err ratio vs previous eps: -0.005, expect ~1e2 if O(eps^2))
   1.0e-05  -2.9611519864e+17  -3.4118710742e+15  -3.4118710742e+25   1.165641e-02
    (err ratio vs previous eps: 6.023, expect ~1e2 if O(eps^2))
   1.0e-06  -2.9615588920e+17  -3.4525616362e+15  -3.4525616362e+27   1.179543e-02
    (err ratio vs previous eps: 1.012, expect ~1e2 if O(eps^2))
   1.0e-07  -2.9615631388e+17  -3.4529863122e+15  -3.4529863122e+29   1.179688e-02
    (err ratio vs previous eps: 1.000, expect ~1e2 if O(eps^2))

summary: dJh/FD = 0.98834066  (1.0 = perfect; baseline residual was ~0.979)
best-eps summary: eps=1.0e-04  FD=-2.9326981191e+17  dJh/FD=0.99806839

----- Grad compare: simsopt dJ vs jax.grad fem.objective -----
  ||a||=2.509777e+17  ||b||=2.509777e+17
  ||a-b||/scale = 5.962543e-11
  max|a-b| = 1.295024e+07  cos = 1.00000000

FD compare: simsopt_FD=-2.9326981106e+17  jax_FD=-2.9326981191e+17  rel_diff=2.869030e-09
Interpretation:
  - simsopt dJ ≈ jax.grad but both ≠ FD  → FEM VJP (issues 1–2)
  - simsopt dJ ≠ jax.grad               → simsopt flatten/Derivative
  - jax.grad ≈ FD, simsopt ≠ FD         → simsopt path only

Done.
Exit code:      0
End time:       Tue Aug  4 13:17:43 EDT 2026
