Job ID:         17499031
Nodes:          1
CPUs per task:  4
Start time:     Sat Sep 12 17:11:19 EDT 2026
       __       ___      ___   ___                _______  _______ .___  ___. 
      |  |     /   \     \  \ /  /               |   ____||   ____||   \/   | 
      |  |    /  ^  \     \  V  /      ______    |  |__   |  |__   |  \  /  | 
.--.  |  |   /  /_\  \     >   <      |______|   |   __|  |   __|  |  |\/|  | 
|  `--'  |  /  _____  \   /  .  \                |  |     |  |____ |  |  |  | 
 \______/  /__/     \__\ /__/ \__\               |__|     |_______||__|  |__| 
                                                                              

k_attachment is not provided. Based on the coil's stiffness, the auto-generated value is 4.0940e+14 N/m3.
Beam network initialized.
Optimizing:
    dphis_end_cc - per-coil shapes: [(4,), (4,), (4,), (2,), (2,)]
    dphis_start_cc - per-coil shapes: [(4,), (4,), (4,), (2,), (2,)]
    thetas_orientation_cc - per-coil shapes: [(4,), (4,), (4,), (2,), (2,)]
    phis_start_cs - per-coil shapes: (3,)
    phis_end_cs - per-coil shapes: (3,)
    thetas_orientation_cs - per-coil shapes: (3,)
Fixing:
    w1_beam
    w2_beam
    dphis_start_cf
    x_foundation
    thetas_orientation_cf
Total # dofs: 57
solving with float64
# mesh node for all coils: [36400, 36400, 36400, 36400]
# mesh cell for all coils: [21600, 21600, 21600, 21600]
MAXITER = 1000
# free dofs = 57
# linear inequality constraints = 10
solving with float64
| niter |f evals|CG iter|  obj func   |tr radius |   opt    |  c viol  |
|-------|-------|-------|-------------|----------|----------|----------|
|   1   |   1   |   0   | +1.1875e+14 | 1.00e+00 | 3.75e+14 | 2.10e-04 |
|   2   |   2   |   1   | +1.1875e+14 | 5.00e-01 | 3.75e+14 | 2.10e-04 |
|   3   |   3   |   2   | +1.1875e+14 | 2.50e-01 | 3.75e+14 | 2.10e-04 |
|   4   |   4   |   3   | +1.1875e+14 | 1.25e-01 | 3.75e+14 | 2.10e-04 |
|   5   |   5   |   4   | +1.1875e+14 | 6.25e-02 | 3.75e+14 | 2.10e-04 |
|   6   |   6   |   5   | +1.1875e+14 | 3.12e-02 | 3.75e+14 | 2.10e-04 |
|   7   |   7   |   6   | +1.1875e+14 | 1.56e-02 | 3.75e+14 | 2.10e-04 |
|   8   |   8   |   7   | +1.1875e+14 | 7.81e-03 | 3.75e+14 | 2.10e-04 |
|   9   |   9   |   8   | +1.1852e+14 | 7.81e-03 | 1.25e+14 | 1.88e-04 |
|  10   |  10   |  10   | +1.1730e+14 | 5.47e-02 | 2.70e+14 | 1.67e-04 |
|  11   |  11   |  13   | +1.1421e+14 | 1.09e-01 | 1.73e+14 | 3.92e-05 |
|  12   |  12   |  16   | +1.1020e+14 | 1.09e-01 | 1.16e+14 | 0.00e+00 |
|  13   |  13   |  19   | +1.0655e+14 | 2.19e-01 | 1.38e+14 | 0.00e+00 |
|  14   |  14   |  23   | +9.4331e+13 | 1.53e+00 | 1.16e+14 | 7.60e-03 |
|  15   |  15   |  30   | +1.5449e+14 | 1.07e+01 | 1.23e+14 | 9.77e-04 |
|  16   |  16   |  59   | +7.6844e+13 | 3.18e+01 | 6.03e+13 | 1.32e-04 |
|  17   |  17   |  96   | +8.7422e+13 | 3.18e+01 | 2.01e+13 | 2.86e-02 |
|  18   |  18   |  142  | +7.8367e+13 | 3.18e+01 | 1.25e+13 | 6.74e-03 |
|  19   |  19   |  199  | +7.3436e+13 | 3.18e+01 | 1.34e+13 | 2.66e-07 |
|  20   |  20   |  256  | +7.1331e+13 | 3.18e+01 | 1.01e+13 | 1.08e-02 |
|  21   |  21   |  313  | +7.0075e+13 | 3.18e+01 | 6.06e+12 | 2.67e-03 |
|  22   |  22   |  370  | +6.9177e+13 | 3.18e+01 | 1.55e+13 | 1.23e-05 |
|  23   |  23   |  427  | +6.8802e+13 | 3.18e+01 | 6.88e+12 | 3.96e-05 |
|  24   |  24   |  484  | +6.6819e+13 | 3.18e+01 | 7.75e+12 | 1.89e-04 |
|  25   |  25   |  541  | +6.5847e+13 | 3.18e+01 | 1.75e+13 | 3.25e-03 |
|  26   |  26   |  598  | +6.5847e+13 | 3.18e+00 | 1.75e+13 | 3.25e-03 |
|  27   |  27   |  655  | +6.5856e+13 | 3.18e+00 | 1.39e+13 | 1.42e-03 |
|  28   |  28   |  712  | +6.4232e+13 | 3.50e+00 | 9.73e+12 | 8.03e-04 |
|  29   |  29   |  769  | +6.2576e+13 | 4.01e+00 | 5.82e+12 | 5.01e-04 |
|  30   |  30   |  826  | +6.2576e+13 | 4.10e-01 | 5.82e+12 | 5.01e-04 |
|  31   |  31   |  856  | +6.2256e+13 | 4.10e-01 | 1.52e+13 | 4.07e-04 |
|  32   |  32   |  874  | +6.1118e+13 | 4.10e-01 | 6.03e+12 | 1.71e-04 |
|  33   |  33   |  896  | +5.9580e+13 | 8.20e-01 | 7.93e+12 | 1.47e-04 |
|  34   |  34   |  953  | +5.8328e+13 | 3.72e+00 | 1.01e+13 | 8.40e-05 |
|  35   |  35   | 1010  | +5.8328e+13 | 1.04e+00 | 1.01e+13 | 8.40e-05 |
|  36   |  36   | 1067  | +5.4548e+13 | 5.55e+00 | 8.53e+12 | 4.69e-05 |
|  37   |  37   | 1124  | +5.4057e+13 | 5.55e+00 | 1.40e+13 | 1.19e-04 |
|  38   |  38   | 1181  | +5.3417e+13 | 5.55e+00 | 7.10e+12 | 6.36e-05 |
|  39   |  39   | 1238  | +5.3016e+13 | 5.55e+00 | 5.23e+12 | 4.31e-05 |
|  40   |  40   | 1295  | +5.3016e+13 | 5.55e-01 | 5.23e+12 | 4.31e-05 |
|  41   |  41   | 1323  | +5.3016e+13 | 2.77e-01 | 5.23e+12 | 4.31e-05 |
|  42   |  42   | 1338  | +5.3016e+13 | 1.39e-01 | 5.23e+12 | 4.31e-05 |
|  43   |  43   | 1344  | +5.3016e+13 | 6.93e-02 | 5.23e+12 | 4.31e-05 |
|  44   |  44   | 1348  | +5.2635e+13 | 1.39e-01 | 5.15e+12 | 4.05e-05 |
|  45   |  45   | 1356  | +5.2362e+13 | 2.77e-01 | 7.99e+12 | 3.50e-05 |
|  46   |  46   | 1365  | +5.2244e+13 | 2.77e-01 | 9.75e+12 | 2.14e-05 |
|  47   |  47   | 1402  | +5.1836e+13 | 5.55e-01 | 5.31e+12 | 1.51e-05 |
|  48   |  48   | 1445  | +5.1836e+13 | 2.77e-01 | 5.31e+12 | 1.51e-05 |
|  49   |  49   | 1476  | +5.1663e+13 | 2.77e-01 | 3.73e+12 | 1.06e-05 |
|  50   |  50   | 1507  | +5.1146e+13 | 5.55e-01 | 1.56e+13 | 5.50e-06 |
|  51   |  51   | 1564  | +5.1146e+13 | 2.77e-01 | 1.56e+13 | 5.50e-06 |
|  52   |  52   | 1572  | +5.1146e+13 | 1.39e-01 | 1.56e+13 | 5.50e-06 |
|  53   |  53   | 1578  | +5.1146e+13 | 6.93e-02 | 1.56e+13 | 5.50e-06 |
|  54   |  54   | 1583  | +5.1146e+13 | 3.47e-02 | 1.56e+13 | 5.50e-06 |
|  55   |  55   | 1586  | +5.1017e+13 | 3.47e-02 | 3.98e+12 | 1.20e-05 |
|  56   |  56   | 1590  | +5.1017e+13 | 1.73e-02 | 3.98e+12 | 1.20e-05 |
|  57   |  57   | 1593  | +5.0857e+13 | 1.21e-01 | 7.28e+12 | 3.49e-05 |
|  58   |  58   | 1608  | +5.0800e+13 | 1.21e-01 | 2.40e+12 | 3.12e-05 |
|  59   |  59   | 1617  | +5.0341e+13 | 8.49e-01 | 2.24e+13 | 2.78e-05 |
|  60   |  60   | 1674  | +5.0341e+13 | 3.41e-01 | 2.24e+13 | 2.78e-05 |
|  61   |  61   | 1693  | +5.0341e+13 | 1.70e-01 | 2.24e+13 | 2.78e-05 |
|  62   |  62   | 1704  | +5.0341e+13 | 8.52e-02 | 2.24e+13 | 2.78e-05 |
|  63   |  63   | 1710  | +5.0132e+13 | 8.52e-02 | 3.64e+12 | 2.78e-05 |
|  64   |  64   | 1718  | +4.9744e+13 | 5.96e-01 | 4.21e+12 | 2.54e-05 |
|  65   |  65   | 1775  | +4.9744e+13 | 1.35e-01 | 4.21e+12 | 2.54e-05 |
|  66   |  66   | 1795  | +4.9744e+13 | 6.73e-02 | 4.21e+12 | 2.54e-05 |
|  67   |  67   | 1802  | +4.9744e+13 | 3.36e-02 | 4.21e+12 | 2.54e-05 |
|  68   |  68   | 1807  | +4.9744e+13 | 1.68e-02 | 4.21e+12 | 2.54e-05 |
|  69   |  69   | 1810  | +4.9744e+13 | 8.41e-03 | 4.21e+12 | 2.54e-05 |
|  70   |  70   | 1812  | +4.9744e+13 | 3.92e-03 | 4.21e+12 | 2.54e-05 |
|  71   |  71   | 1814  | +4.9744e+13 | 9.53e-04 | 4.21e+12 | 2.54e-05 |
|  72   |  72   | 1815  | +4.9725e+13 | 6.67e-03 | 4.86e+12 | 2.54e-05 |
|  73   |  73   | 1818  | +4.9725e+13 | 3.33e-03 | 4.86e+12 | 2.54e-05 |
|  74   |  74   | 1820  | +4.9725e+13 | 6.09e-04 | 4.86e+12 | 2.54e-05 |
|  75   |  75   | 1821  | +4.9712e+13 | 4.26e-03 | 3.31e+12 | 2.54e-05 |
|  76   |  76   | 1823  | +4.9712e+13 | 8.48e-04 | 3.31e+12 | 2.54e-05 |
|  77   |  77   | 1824  | +4.9697e+13 | 5.94e-03 | 3.20e+12 | 2.54e-05 |
|  78   |  78   | 1826  | +4.9697e+13 | 1.94e-03 | 3.20e+12 | 2.54e-05 |
|  79   |  79   | 1827  | +4.9697e+13 | 2.23e-04 | 3.20e+12 | 2.54e-05 |
|  80   |  80   | 1828  | +4.9694e+13 | 1.56e-03 | 3.32e+12 | 2.53e-05 |
|  81   |  81   | 1829  | +4.9674e+13 | 3.12e-03 | 4.04e+12 | 2.54e-05 |
|  82   |  82   | 1831  | +4.9674e+13 | 6.28e-04 | 4.04e+12 | 2.54e-05 |
|  83   |  83   | 1832  | +4.9674e+13 | 6.28e-05 | 4.04e+12 | 2.54e-05 |
|  84   |  84   | 1833  | +4.9673e+13 | 1.26e-04 | 3.97e+12 | 2.53e-05 |
|  85   |  85   | 1834  | +4.9671e+13 | 8.80e-04 | 2.99e+12 | 2.53e-05 |
|  86   |  86   | 1836  | +4.9671e+13 | 8.80e-05 | 2.99e+12 | 2.53e-05 |
|  87   |  87   | 1837  | +4.9670e+13 | 6.16e-04 | 3.73e+12 | 2.53e-05 |
|  88   |  88   | 1838  | +4.9670e+13 | 6.16e-05 | 3.73e+12 | 2.53e-05 |
|  89   |  89   | 1839  | +4.9669e+13 | 4.31e-04 | 3.64e+12 | 2.53e-05 |
|  90   |  90   | 1840  | +4.9669e+13 | 4.31e-05 | 3.64e+12 | 2.53e-05 |
|  91   |  91   | 1841  | +4.9668e+13 | 3.02e-04 | 3.42e+12 | 2.53e-05 |
|  92   |  92   | 1842  | +4.9668e+13 | 3.02e-05 | 3.42e+12 | 2.53e-05 |
|  93   |  93   | 1843  | +4.9667e+13 | 2.11e-04 | 3.58e+12 | 2.53e-05 |
|  94   |  94   | 1844  | +4.9663e+13 | 1.48e-03 | 4.90e+12 | 2.53e-05 |
|  95   |  95   | 1845  | +4.9663e+13 | 1.94e-04 | 4.90e+12 | 2.53e-05 |
|  96   |  96   | 1846  | +4.9663e+13 | 1.94e-05 | 4.90e+12 | 2.53e-05 |
|  97   |  97   | 1847  | +4.9663e+13 | 1.35e-04 | 5.04e+12 | 2.53e-05 |
|  98   |  98   | 1848  | +4.9663e+13 | 1.35e-05 | 5.04e+12 | 2.53e-05 |
|  99   |  99   | 1849  | +4.9663e+13 | 9.48e-05 | 5.15e+12 | 2.53e-05 |
|  100  |  100  | 1850  | +4.9663e+13 | 9.48e-06 | 5.15e+12 | 2.53e-05 |
|  101  |  101  | 1850  | +4.9663e+13 | 1.00e+00 | 5.15e+12 | 2.53e-05 |
|  102  |  102  | 1907  | +4.9663e+13 | 4.46e-01 | 5.15e+12 | 2.53e-05 |
|  103  |  103  | 1924  | +4.9663e+13 | 1.18e-01 | 5.15e+12 | 2.53e-05 |
|  104  |  104  | 1936  | +4.9663e+13 | 5.90e-02 | 5.15e+12 | 2.53e-05 |
|  105  |  105  | 1947  | +4.9550e+13 | 1.18e-01 | 3.34e+13 | 2.55e-05 |
|  106  |  106  | 1954  | +4.9550e+13 | 5.90e-02 | 3.34e+13 | 2.55e-05 |
|  107  |  107  | 1957  | +4.9550e+13 | 2.95e-02 | 3.34e+13 | 2.55e-05 |
|  108  |  108  | 1959  | +4.9550e+13 | 1.47e-02 | 3.34e+13 | 2.55e-05 |
|  109  |  109  | 1960  | +4.9550e+13 | 7.37e-03 | 3.34e+13 | 2.55e-05 |
|  110  |  110  | 1961  | +4.9550e+13 | 3.69e-03 | 3.34e+13 | 2.55e-05 |
|  111  |  111  | 1962  | +4.9550e+13 | 1.84e-03 | 3.34e+13 | 2.55e-05 |
|  112  |  112  | 1963  | +4.9522e+13 | 1.84e-03 | 4.31e+12 | 2.55e-05 |
|  113  |  113  | 1964  | +4.9478e+13 | 1.29e-02 | 4.53e+12 | 2.57e-05 |
|  114  |  114  | 1966  | +4.9478e+13 | 6.45e-03 | 4.53e+12 | 2.57e-05 |
|  115  |  115  | 1968  | +4.9478e+13 | 3.22e-03 | 4.53e+12 | 2.57e-05 |
|  116  |  116  | 1969  | +4.9456e+13 | 6.45e-03 | 7.01e+12 | 2.66e-05 |
|  117  |  117  | 1972  | +4.9456e+13 | 3.22e-03 | 7.01e+12 | 2.66e-05 |
|  118  |  118  | 1974  | +4.9391e+13 | 2.26e-02 | 7.88e+12 | 2.76e-05 |
|  119  |  119  | 1977  | +4.9391e+13 | 1.13e-02 | 7.88e+12 | 2.76e-05 |
|  120  |  120  | 1980  | +4.9326e+13 | 2.26e-02 | 8.13e+12 | 2.76e-05 |
|  121  |  121  | 1985  | +4.9307e+13 | 2.26e-02 | 4.05e+12 | 2.75e-05 |
|  122  |  122  | 1991  | +4.9307e+13 | 1.13e-02 | 4.05e+12 | 2.75e-05 |
|  123  |  123  | 1995  | +4.9307e+13 | 4.08e-03 | 4.05e+12 | 2.75e-05 |
|  124  |  124  | 1999  | +4.9250e+13 | 2.86e-02 | 4.84e+12 | 2.74e-05 |
|  125  |  125  | 2004  | +4.9242e+13 | 2.86e-02 | 4.11e+12 | 2.66e-05 |
|  126  |  126  | 2011  | +4.9235e+13 | 2.86e-02 | 8.34e+12 | 2.59e-05 |
|  127  |  127  | 2017  | +4.9235e+13 | 1.43e-02 | 8.34e+12 | 2.59e-05 |
|  128  |  128  | 2020  | +4.9124e+13 | 2.86e-02 | 6.88e+12 | 2.54e-05 |
|  129  |  129  | 2025  | +4.9124e+13 | 1.14e-02 | 6.88e+12 | 2.54e-05 |
|  130  |  130  | 2029  | +4.9106e+13 | 1.14e-02 | 2.27e+12 | 2.52e-05 |
|  131  |  131  | 2034  | +4.9072e+13 | 2.28e-02 | 6.57e+12 | 2.49e-05 |
|  132  |  132  | 2041  | +4.8956e+13 | 4.55e-02 | 2.93e+12 | 2.43e-05 |
|  133  |  133  | 2050  | +4.8956e+13 | 1.36e-02 | 2.93e+12 | 2.43e-05 |
|  134  |  134  | 2055  | +4.8956e+13 | 3.29e-03 | 2.93e+12 | 2.43e-05 |
|  135  |  135  | 2058  | +4.8944e+13 | 6.59e-03 | 2.05e+12 | 2.42e-05 |
|  136  |  136  | 2062  | +4.8790e+13 | 4.61e-02 | 2.42e+13 | 2.41e-05 |
|  137  |  137  | 2070  | +4.8790e+13 | 2.31e-02 | 2.42e+13 | 2.41e-05 |
|  138  |  138  | 2076  | +4.8790e+13 | 1.15e-02 | 2.42e+13 | 2.41e-05 |
|  139  |  139  | 2081  | +4.8790e+13 | 5.76e-03 | 2.42e+13 | 2.41e-05 |
|  140  |  140  | 2086  | +4.8790e+13 | 2.88e-03 | 2.42e+13 | 2.41e-05 |
|  141  |  141  | 2090  | +4.8790e+13 | 1.44e-03 | 2.42e+13 | 2.41e-05 |
|  142  |  142  | 2092  | +4.8691e+13 | 1.01e-02 | 5.66e+12 | 2.41e-05 |
|  143  |  143  | 2098  | +4.8691e+13 | 2.12e-03 | 5.66e+12 | 2.41e-05 |
|  144  |  144  | 2102  | +4.8691e+13 | 2.30e-04 | 5.66e+12 | 2.41e-05 |
|  145  |  145  | 2103  | +4.8685e+13 | 1.61e-03 | 5.17e+12 | 2.41e-05 |
|  146  |  146  | 2106  | +4.8657e+13 | 1.12e-02 | 4.22e+12 | 2.40e-05 |
|  147  |  147  | 2110  | +4.8657e+13 | 2.17e-03 | 4.22e+12 | 2.40e-05 |
|  148  |  148  | 2113  | +4.8657e+13 | 2.17e-04 | 4.22e+12 | 2.40e-05 |
|  149  |  149  | 2115  | +4.8653e+13 | 1.52e-03 | 4.00e+12 | 2.40e-05 |
|  150  |  150  | 2118  | +4.8653e+13 | 1.52e-04 | 4.00e+12 | 2.40e-05 |
|  151  |  151  | 2120  | +4.8651e+13 | 1.06e-03 | 3.79e+12 | 2.40e-05 |
|  152  |  152  | 2122  | +4.8651e+13 | 1.06e-04 | 3.79e+12 | 2.40e-05 |
|  153  |  153  | 2124  | +4.8649e+13 | 7.43e-04 | 3.62e+12 | 2.40e-05 |
|  154  |  154  | 2126  | +4.8649e+13 | 7.43e-05 | 3.62e+12 | 2.40e-05 |
|  155  |  155  | 2128  | +4.8648e+13 | 5.20e-04 | 3.49e+12 | 2.40e-05 |
|  156  |  156  | 2130  | +4.8648e+13 | 5.20e-05 | 3.49e+12 | 2.40e-05 |
|  157  |  157  | 2131  | +4.8648e+13 | 3.64e-04 | 3.39e+12 | 2.40e-05 |
|  158  |  158  | 2133  | +4.8648e+13 | 3.64e-05 | 3.39e+12 | 2.40e-05 |
|  159  |  159  | 2134  | +4.8647e+13 | 2.55e-04 | 3.31e+12 | 2.40e-05 |
|  160  |  160  | 2136  | +4.8647e+13 | 2.55e-05 | 3.31e+12 | 2.40e-05 |
|  161  |  161  | 2137  | +4.8647e+13 | 1.78e-04 | 3.27e+12 | 2.40e-05 |
|  162  |  162  | 2138  | +4.8645e+13 | 1.25e-03 | 2.94e+12 | 2.39e-05 |
|  163  |  163  | 2139  | +4.8645e+13 | 1.25e-04 | 2.94e+12 | 2.39e-05 |
|  164  |  164  | 2140  | +4.8643e+13 | 8.74e-04 | 2.74e+12 | 2.39e-05 |
|  165  |  165  | 2141  | +4.8643e+13 | 8.74e-05 | 2.74e+12 | 2.39e-05 |
|  166  |  166  | 2142  | +4.8643e+13 | 8.74e-06 | 2.74e+12 | 2.39e-05 |
|  167  |  167  | 2142  | +4.8643e+13 | 1.00e+00 | 2.74e+12 | 2.39e-05 |
|  168  |  168  | 2199  | +4.8643e+13 | 1.00e-01 | 2.74e+12 | 2.39e-05 |
|  169  |  169  | 2211  | +4.8643e+13 | 3.31e-02 | 2.74e+12 | 2.39e-05 |
|  170  |  170  | 2216  | +4.8643e+13 | 8.73e-03 | 2.74e+12 | 2.39e-05 |
|  171  |  171  | 2221  | +4.8643e+13 | 8.73e-04 | 2.74e+12 | 2.39e-05 |
|  172  |  172  | 2224  | +4.8641e+13 | 1.75e-03 | 2.19e+12 | 2.39e-05 |
|  173  |  173  | 2228  | +4.8641e+13 | 1.75e-04 | 2.19e+12 | 2.39e-05 |
|  174  |  174  | 2230  | +4.8640e+13 | 1.22e-03 | 2.22e+12 | 2.39e-05 |
|  175  |  175  | 2234  | +4.8640e+13 | 6.11e-04 | 2.22e+12 | 2.39e-05 |
|  176  |  176  | 2236  | +4.8636e+13 | 4.28e-03 | 2.46e+12 | 2.39e-05 |
|  177  |  177  | 2241  | +4.8636e+13 | 4.28e-04 | 2.46e+12 | 2.39e-05 |
|  178  |  178  | 2243  | +4.8632e+13 | 2.99e-03 | 3.06e+12 | 2.39e-05 |
|  179  |  179  | 2248  | +4.8632e+13 | 2.99e-04 | 3.06e+12 | 2.39e-05 |
|  180  |  180  | 2250  | +4.8632e+13 | 2.99e-05 | 3.06e+12 | 2.39e-05 |
|  181  |  181  | 2252  | +4.8632e+13 | 2.99e-06 | 3.06e+12 | 2.39e-05 |
|  182  |  182  | 2252  | +4.8632e+13 | 1.00e+00 | 3.06e+12 | 2.39e-05 |
|  183  |  183  | 2309  | +4.8632e+13 | 1.00e-01 | 3.06e+12 | 2.39e-05 |
|  184  |  184  | 2345  | +4.8632e+13 | 1.40e-02 | 3.06e+12 | 2.39e-05 |
|  185  |  185  | 2355  | +4.8632e+13 | 1.40e-03 | 3.06e+12 | 2.39e-05 |
|  186  |  186  | 2358  | +4.8632e+13 | 1.40e-04 | 3.06e+12 | 2.39e-05 |
|  187  |  187  | 2360  | +4.8632e+13 | 1.40e-05 | 3.06e+12 | 2.39e-05 |
|  188  |  188  | 2361  | +4.8632e+13 | 1.40e-06 | 3.06e+12 | 2.39e-05 |
|  189  |  189  | 2361  | +4.8632e+13 | 1.00e+00 | 3.06e+12 | 2.39e-05 |
|  190  |  190  | 2418  | +4.8632e+13 | 1.00e-01 | 3.06e+12 | 2.39e-05 |
|  191  |  191  | 2434  | +4.8618e+13 | 1.00e-01 | 1.18e+13 | 2.17e-05 |
|  192  |  192  | 2446  | +4.8618e+13 | 5.00e-02 | 1.18e+13 | 2.17e-05 |
|  193  |  193  | 2457  | +4.8618e+13 | 2.50e-02 | 1.18e+13 | 2.17e-05 |
|  194  |  194  | 2464  | +4.8618e+13 | 1.25e-02 | 1.18e+13 | 2.17e-05 |
|  195  |  195  | 2471  | +4.8618e+13 | 5.44e-03 | 1.18e+13 | 2.17e-05 |
|  196  |  196  | 2476  | +4.8618e+13 | 1.86e-03 | 1.18e+13 | 2.17e-05 |
|  197  |  197  | 2480  | +4.8582e+13 | 1.30e-02 | 4.49e+12 | 2.18e-05 |
|  198  |  198  | 2485  | +4.8582e+13 | 2.50e-03 | 4.49e+12 | 2.18e-05 |
|  199  |  199  | 2488  | +4.8582e+13 | 3.47e-04 | 4.49e+12 | 2.18e-05 |
|  200  |  200  | 2490  | +4.8577e+13 | 6.93e-04 | 4.12e+12 | 2.17e-05 |
|  201  |  201  | 2492  | +4.8577e+13 | 6.93e-05 | 4.12e+12 | 2.17e-05 |
|  202  |  202  | 2494  | +4.8575e+13 | 4.85e-04 | 4.05e+12 | 2.18e-05 |
|  203  |  203  | 2496  | +4.8575e+13 | 4.85e-05 | 4.05e+12 | 2.18e-05 |
|  204  |  204  | 2498  | +4.8573e+13 | 3.40e-04 | 4.01e+12 | 2.17e-05 |
|  205  |  205  | 2500  | +4.8573e+13 | 3.40e-05 | 4.01e+12 | 2.17e-05 |
|  206  |  206  | 2501  | +4.8573e+13 | 2.38e-04 | 3.98e+12 | 2.17e-05 |
|  207  |  207  | 2503  | +4.8573e+13 | 2.38e-05 | 3.98e+12 | 2.17e-05 |
|  208  |  208  | 2505  | +4.8572e+13 | 1.66e-04 | 3.95e+12 | 2.17e-05 |
|  209  |  209  | 2507  | +4.8572e+13 | 1.66e-05 | 3.95e+12 | 2.17e-05 |
|  210  |  210  | 2508  | +4.8572e+13 | 1.16e-04 | 3.96e+12 | 2.17e-05 |
|  211  |  211  | 2510  | +4.8572e+13 | 1.16e-05 | 3.96e+12 | 2.17e-05 |
|  212  |  212  | 2511  | +4.8572e+13 | 1.16e-06 | 3.96e+12 | 2.17e-05 |
|  213  |  213  | 2511  | +4.8572e+13 | 1.00e+00 | 3.96e+12 | 2.17e-05 |
|  214  |  214  | 2523  | +4.8572e+13 | 1.34e-01 | 3.96e+12 | 2.17e-05 |
|  215  |  215  | 2537  | +4.8572e+13 | 6.70e-02 | 3.96e+12 | 2.17e-05 |
|  216  |  216  | 2540  | +4.8572e+13 | 3.35e-02 | 3.96e+12 | 2.17e-05 |
|  217  |  217  | 2543  | +4.8572e+13 | 1.42e-02 | 3.96e+12 | 2.17e-05 |
|  218  |  218  | 2545  | +4.8572e+13 | 4.64e-03 | 3.96e+12 | 2.17e-05 |
|  219  |  219  | 2547  | +4.8572e+13 | 1.43e-03 | 3.96e+12 | 2.17e-05 |
|  220  |  220  | 2549  | +4.8572e+13 | 1.80e-04 | 3.96e+12 | 2.17e-05 |
|  221  |  221  | 2551  | +4.8572e+13 | 1.80e-05 | 3.96e+12 | 2.17e-05 |
|  222  |  222  | 2552  | +4.8572e+13 | 1.80e-06 | 3.96e+12 | 2.17e-05 |
|  223  |  223  | 2552  | +4.8572e+13 | 1.00e+00 | 3.96e+12 | 2.17e-05 |
|  224  |  224  | 2609  | +4.8572e+13 | 1.80e-01 | 3.96e+12 | 2.17e-05 |
|  225  |  225  | 2630  | +4.8572e+13 | 9.02e-02 | 3.96e+12 | 2.17e-05 |
|  226  |  226  | 2635  | +4.8572e+13 | 4.51e-02 | 3.96e+12 | 2.17e-05 |
|  227  |  227  | 2639  | +4.8572e+13 | 2.22e-02 | 3.96e+12 | 2.17e-05 |
|  228  |  228  | 2642  | +4.8572e+13 | 7.26e-03 | 3.96e+12 | 2.17e-05 |
|  229  |  229  | 2644  | +4.8572e+13 | 2.66e-03 | 3.96e+12 | 2.17e-05 |
|  230  |  230  | 2646  | +4.8572e+13 | 5.51e-04 | 3.96e+12 | 2.17e-05 |
|  231  |  231  | 2648  | +4.8572e+13 | 5.51e-05 | 3.96e+12 | 2.17e-05 |
|  232  |  232  | 2650  | +4.8572e+13 | 5.51e-06 | 3.96e+12 | 2.17e-05 |

Constraint violation exceeds 'gtol'
Number of iterations: 232, function evaluations: 232, CG iterations: 2650, optimality: 3.96e+12, constraint violation: 2.17e-05, execution time: 7.5e+02 s.
time 941.7130346298218
res             message: Constraint violation exceeds 'gtol'
           success: False
            status: 4
               fun: 48571673100417.67
                 x: [ 5.277e-02  3.213e-01 ...  2.508e-02  1.457e-02]
               nit: 232
              nfev: 232
              njev: 232
              nhev: 0
          cg_niter: 2650
      cg_stop_cond: 2
              grad: [ 9.937e+13  9.605e+13 ...  3.517e+12  2.736e+10]
   lagrangian_grad: [ 2.277e+12  1.383e+12 ...  2.209e+09  5.807e+06]
            constr: [array([ 8.208e-01,  9.748e-01,  7.005e-01,  2.746e-01,
                            4.497e-01,  8.516e-01,  8.488e-01,  7.772e-01,
                            3.927e-01,  4.435e-01]), array([ 0.000e+00]), array([ 2.174e-05]), array([ 5.277e-02,  3.213e-01, ...,  2.508e-02,
                            1.457e-02], shape=(57,))]
               jac: [array([[ 1.000e+00,  1.000e+00, ...,  0.000e+00,
                             0.000e+00],
                           [ 0.000e+00,  0.000e+00, ...,  0.000e+00,
                             0.000e+00],
                           ...,
                           [ 0.000e+00,  0.000e+00, ...,  0.000e+00,
                             0.000e+00],
                           [ 0.000e+00,  0.000e+00, ...,  0.000e+00,
                             0.000e+00]], shape=(10, 57)), array([[ 0.000e+00,  0.000e+00, ...,  0.000e+00,
                             0.000e+00]], shape=(1, 57)), array([[ 0.000e+00,  0.000e+00, ...,  0.000e+00,
                             0.000e+00]], shape=(1, 57)), array([[ 1.000e+00,  0.000e+00, ...,  0.000e+00,
                             0.000e+00],
                           [ 0.000e+00,  1.000e+00, ...,  0.000e+00,
                             0.000e+00],
                           ...,
                           [ 0.000e+00,  0.000e+00, ...,  1.000e+00,
                             0.000e+00],
                           [ 0.000e+00,  0.000e+00, ...,  0.000e+00,
                             1.000e+00]], shape=(57, 57))]
       constr_nfev: [0, 232, 232, 0]
       constr_njev: [0, 232, 232, 0]
       constr_nhev: [0, 0, 0, 0]
                 v: [array([-7.826e+13, -2.982e+13,  3.073e+13, -6.429e+10,
                           -9.011e+11, -4.647e+12,  3.464e+13,  3.053e+13,
                            1.368e+12, -7.439e+12]), array([-7.630e+03]), array([ 1.860e+15]), array([-1.884e+13, -1.641e+13, ..., -3.515e+12,
                           -2.736e+10], shape=(57,))]
            method: tr_interior_point
        optimality: 3956009106490.8125
  constr_violation: 2.173663564102443e-05
    execution_time: 748.7511768341064
         tr_radius: 5.5101856897138585e-06
    constr_penalty: 1.0
 barrier_parameter: 6.400000000000003e-06
 barrier_tolerance: 6.400000000000003e-06
             niter: 232
End time:       Sat Sep 12 17:29:47 EDT 2026
