Job ID:         17499483
Nodes:          1
CPUs per task:  4
Start time:     Sat Sep 12 17:38:20 EDT 2026
       __       ___      ___   ___                _______  _______ .___  ___. 
      |  |     /   \     \  \ /  /               |   ____||   ____||   \/   | 
      |  |    /  ^  \     \  V  /      ______    |  |__   |  |__   |  \  /  | 
.--.  |  |   /  /_\  \     >   <      |______|   |   __|  |   __|  |  |\/|  | 
|  `--'  |  /  _____  \   /  .  \                |  |     |  |____ |  |  |  | 
 \______/  /__/     \__\ /__/ \__\               |__|     |_______||__|  |__| 
                                                                              

k_attachment is not provided. Based on the coil's stiffness, the auto-generated value is 4.0940e+14 N/m3.
Beam network initialized.
Optimizing:
    dphis_end_cc - per-coil shapes: [(4,), (4,), (5,), (2,), (2,)]
    dphis_start_cc - per-coil shapes: [(4,), (4,), (5,), (2,), (2,)]
    thetas_orientation_cc - per-coil shapes: [(4,), (4,), (5,), (2,), (2,)]
    phis_start_cs - per-coil shapes: (3,)
    phis_end_cs - per-coil shapes: (3,)
    thetas_orientation_cs - per-coil shapes: (3,)
Fixing:
    w1_beam
    w2_beam
    dphis_start_cf
    x_foundation
    thetas_orientation_cf
Total # dofs: 60
solving with float64
# mesh node for all coils: [36400, 36400, 36400, 36400]
# mesh cell for all coils: [21600, 21600, 21600, 21600]
MAXITER = 1000
# free dofs = 60
# linear inequality constraints = 10
solving with float64
| niter |f evals|CG iter|  obj func   |tr radius |   opt    |  c viol  |
|-------|-------|-------|-------------|----------|----------|----------|
|   1   |   1   |   0   | +1.3840e+14 | 1.00e+00 | 6.00e+14 | 2.10e-04 |
|   2   |   2   |   1   | +1.3840e+14 | 5.00e-01 | 6.00e+14 | 2.10e-04 |
|   3   |   3   |   2   | +1.3840e+14 | 2.50e-01 | 6.00e+14 | 2.10e-04 |
|   4   |   4   |   3   | +1.3840e+14 | 1.25e-01 | 6.00e+14 | 2.10e-04 |
|   5   |   5   |   4   | +1.3840e+14 | 6.25e-02 | 6.00e+14 | 2.10e-04 |
|   6   |   6   |   5   | +1.3840e+14 | 3.12e-02 | 6.00e+14 | 2.10e-04 |
|   7   |   7   |   6   | +1.3840e+14 | 1.56e-02 | 6.00e+14 | 2.10e-04 |
|   8   |   8   |   7   | +1.3840e+14 | 7.81e-03 | 6.00e+14 | 2.10e-04 |
|   9   |   9   |   8   | +1.3827e+14 | 7.81e-03 | 1.82e+14 | 1.78e-04 |
|  10   |  10   |   9   | +1.3735e+14 | 5.47e-02 | 8.25e+14 | 1.50e-04 |
|  11   |  11   |  12   | +1.3735e+14 | 2.17e-02 | 8.25e+14 | 1.50e-04 |
|  12   |  12   |  14   | +1.3735e+14 | 1.09e-02 | 8.25e+14 | 1.50e-04 |
|  13   |  13   |  17   | +1.3735e+14 | 5.43e-03 | 8.25e+14 | 1.50e-04 |
|  14   |  14   |  19   | +1.3735e+14 | 2.71e-03 | 8.25e+14 | 1.50e-04 |
|  15   |  15   |  20   | +1.3735e+14 | 1.36e-03 | 8.25e+14 | 1.50e-04 |
|  16   |  16   |  21   | +1.3718e+14 | 1.36e-03 | 9.26e+13 | 1.48e-04 |
|  17   |  17   |  22   | +1.3698e+14 | 9.49e-03 | 1.19e+14 | 1.46e-04 |
|  18   |  18   |  25   | +1.3698e+14 | 4.75e-03 | 1.19e+14 | 1.46e-04 |
|  19   |  19   |  27   | +1.3698e+14 | 2.37e-03 | 1.19e+14 | 1.46e-04 |
|  20   |  20   |  28   | +1.3698e+14 | 1.19e-03 | 1.19e+14 | 1.46e-04 |
|  21   |  21   |  29   | +1.3684e+14 | 2.37e-03 | 2.20e+14 | 1.44e-04 |
|  22   |  22   |  31   | +1.3658e+14 | 4.75e-03 | 2.99e+14 | 1.40e-04 |
|  23   |  23   |  33   | +1.3658e+14 | 1.38e-03 | 2.99e+14 | 1.40e-04 |
|  24   |  24   |  35   | +1.3658e+14 | 3.03e-04 | 2.99e+14 | 1.40e-04 |
|  25   |  25   |  36   | +1.3658e+14 | 1.23e-04 | 2.99e+14 | 1.40e-04 |
|  26   |  26   |  37   | +1.3656e+14 | 8.63e-04 | 2.59e+14 | 1.40e-04 |
|  27   |  27   |  38   | +1.3656e+14 | 3.59e-04 | 2.59e+14 | 1.40e-04 |
|  28   |  28   |  39   | +1.3656e+14 | 8.05e-05 | 2.59e+14 | 1.40e-04 |
|  29   |  29   |  40   | +1.3654e+14 | 5.64e-04 | 2.38e+14 | 1.40e-04 |
|  30   |  30   |  41   | +1.3654e+14 | 1.47e-04 | 2.38e+14 | 1.40e-04 |
|  31   |  31   |  42   | +1.3654e+14 | 2.61e-05 | 2.38e+14 | 1.40e-04 |
|  32   |  32   |  43   | +1.3654e+14 | 1.83e-04 | 2.33e+14 | 1.40e-04 |
|  33   |  33   |  44   | +1.3654e+14 | 3.91e-05 | 2.33e+14 | 1.40e-04 |
|  34   |  34   |  45   | +1.3654e+14 | 3.91e-06 | 2.33e+14 | 1.40e-04 |
|  35   |  35   |  45   | +1.3654e+14 | 1.00e+00 | 2.33e+14 | 1.40e-04 |
|  36   |  36   |  50   | +1.3839e+14 | 7.00e+00 | 9.62e+13 | 1.34e-02 |
|  37   |  37   |  97   | +4.4949e+14 | 3.28e+01 | 1.04e+14 | 2.82e-01 |
|  38   |  38   |  155  | +2.2197e+14 | 3.28e+01 | 9.85e+13 | 2.20e-01 |
|  39   |  39   |  214  | +2.3555e+14 | 6.56e+01 | 1.20e+14 | 1.12e-02 |
|  40   |  40   |  274  | +2.0122e+14 | 6.56e+01 | 1.11e+14 | 2.34e-02 |
|  41   |  41   |  334  | +1.4434e+14 | 6.56e+01 | 3.35e+13 | 2.13e-02 |
|  42   |  42   |  394  | +2.0089e+14 | 6.56e+01 | 4.79e+13 | 7.80e-06 |
|  43   |  43   |  454  | +2.3128e+14 | 6.56e+01 | 7.05e+13 | 1.25e-02 |
|  44   |  44   |  514  | +2.0555e+14 | 6.56e+01 | 2.62e+13 | 3.07e-03 |
|  45   |  45   |  574  | +1.7998e+14 | 6.56e+01 | 3.10e+13 | 3.15e-03 |
|  46   |  46   |  634  | +1.7998e+14 | 6.56e+00 | 3.10e+13 | 3.15e-03 |
|  47   |  47   |  694  | +1.7998e+14 | 1.15e+00 | 3.10e+13 | 3.15e-03 |
|  48   |  48   |  702  | +1.7998e+14 | 5.77e-01 | 3.10e+13 | 3.15e-03 |
|  49   |  49   |  708  | +1.5230e+14 | 1.15e+00 | 7.19e+13 | 1.19e-02 |
|  50   |  50   |  748  | +1.0968e+14 | 2.31e+00 | 4.56e+13 | 1.34e-02 |
|  51   |  51   |  787  | +1.0968e+14 | 1.15e+00 | 4.56e+13 | 1.34e-02 |
|  52   |  52   |  803  | +1.0744e+14 | 2.31e+00 | 1.43e+14 | 6.83e-03 |
|  53   |  53   |  863  | +1.0744e+14 | 1.15e+00 | 1.43e+14 | 6.83e-03 |
|  54   |  54   |  885  | +8.1719e+13 | 1.15e+00 | 1.56e+13 | 1.93e-02 |
|  55   |  55   |  917  | +8.2205e+13 | 2.31e+00 | 3.06e+13 | 7.44e-03 |
|  56   |  56   |  977  | +8.0308e+13 | 2.31e+00 | 9.54e+12 | 4.26e-03 |
|  57   |  57   | 1037  | +7.7079e+13 | 4.21e+00 | 7.39e+13 | 1.99e-03 |
|  58   |  58   | 1072  | +7.7079e+13 | 8.69e-01 | 7.39e+13 | 1.99e-03 |
|  59   |  59   | 1094  | +6.9221e+13 | 8.69e-01 | 1.44e+13 | 5.32e-03 |
|  60   |  60   | 1104  | +7.1335e+13 | 6.08e+00 | 2.86e+13 | 1.55e-03 |
|  61   |  61   | 1164  | +7.1335e+13 | 6.08e-01 | 2.86e+13 | 1.55e-03 |
|  62   |  62   | 1192  | +7.1335e+13 | 3.04e-01 | 2.86e+13 | 1.55e-03 |
|  63   |  63   | 1206  | +7.1335e+13 | 1.52e-01 | 2.86e+13 | 1.55e-03 |
|  64   |  64   | 1213  | +6.6742e+13 | 3.04e-01 | 2.03e+13 | 2.52e-03 |
|  65   |  65   | 1232  | +6.3615e+13 | 6.08e-01 | 1.55e+13 | 2.26e-03 |
|  66   |  66   | 1292  | +5.9999e+13 | 1.21e+00 | 1.33e+13 | 2.92e-03 |
|  67   |  67   | 1328  | +5.9999e+13 | 6.04e-01 | 1.33e+13 | 2.92e-03 |
|  68   |  68   | 1345  | +5.8483e+13 | 1.21e+00 | 3.51e+13 | 1.28e-03 |
|  69   |  69   | 1369  | +5.8483e+13 | 2.97e-01 | 3.51e+13 | 1.28e-03 |
|  70   |  70   | 1379  | +5.2982e+13 | 2.97e-01 | 1.94e+13 | 2.77e-03 |
|  71   |  71   | 1401  | +5.1418e+13 | 2.08e+00 | 9.12e+12 | 1.67e-03 |
|  72   |  72   | 1461  | +5.1224e+13 | 2.08e+00 | 2.64e+13 | 1.37e-03 |
|  73   |  73   | 1521  | +5.1224e+13 | 4.90e-01 | 2.64e+13 | 1.37e-03 |
|  74   |  74   | 1544  | +4.8154e+13 | 3.43e+00 | 7.75e+12 | 1.01e-03 |
|  75   |  75   | 1604  | +4.7792e+13 | 3.43e+00 | 4.66e+13 | 4.25e-04 |
|  76   |  77   | 1664  | +4.7792e+13 | 3.43e-01 | 4.66e+13 | 4.25e-04 |
|  77   |  79   | 1724  | +4.7792e+13 | 1.71e-01 | 4.66e+13 | 4.25e-04 |
|  78   |  80   | 1739  | +4.7792e+13 | 8.57e-02 | 4.66e+13 | 4.25e-04 |
|  79   |  81   | 1749  | +4.7792e+13 | 4.29e-02 | 4.66e+13 | 4.25e-04 |
|  80   |  82   | 1755  | +4.7792e+13 | 2.14e-02 | 4.66e+13 | 4.25e-04 |
|  81   |  83   | 1758  | +4.7792e+13 | 1.07e-02 | 4.66e+13 | 4.25e-04 |
|  82   |  84   | 1760  | +4.7792e+13 | 4.69e-03 | 4.66e+13 | 4.25e-04 |
|  83   |  85   | 1762  | +4.7792e+13 | 1.73e-03 | 4.66e+13 | 4.25e-04 |
|  84   |  86   | 1765  | +4.7876e+13 | 1.73e-03 | 2.05e+13 | 3.74e-04 |
|  85   |  87   | 1767  | +4.7876e+13 | 8.65e-04 | 2.05e+13 | 3.74e-04 |
|  86   |  88   | 1769  | +4.7859e+13 | 6.06e-03 | 8.70e+12 | 3.66e-04 |
|  87   |  89   | 1772  | +4.7939e+13 | 1.21e-02 | 3.83e+13 | 2.92e-04 |
|  88   |  90   | 1774  | +4.8769e+13 | 8.48e-02 | 1.42e+14 | 2.61e-04 |
|  89   |  91   | 1779  | +4.9419e+13 | 1.70e-01 | 1.47e+13 | 1.92e-04 |
|  90   |  92   | 1788  | +4.9419e+13 | 8.41e-02 | 1.47e+13 | 1.92e-04 |
|  91   |  93   | 1795  | +4.7668e+13 | 5.88e-01 | 8.84e+12 | 1.65e-04 |
|  92   |  94   | 1809  | +4.7668e+13 | 9.44e-02 | 8.84e+12 | 1.65e-04 |
|  93   |  95   | 1815  | +4.7050e+13 | 1.89e-01 | 1.32e+13 | 1.49e-04 |
|  94   |  96   | 1822  | +4.7050e+13 | 3.54e-02 | 1.32e+13 | 1.49e-04 |
|  95   |  97   | 1825  | +4.7050e+13 | 1.77e-02 | 1.32e+13 | 1.49e-04 |
|  96   |  98   | 1828  | +4.7050e+13 | 8.84e-03 | 1.32e+13 | 1.49e-04 |
|  97   |  99   | 1831  | +4.6908e+13 | 1.77e-02 | 1.30e+13 | 1.51e-04 |
|  98   |  100  | 1834  | +4.6908e+13 | 8.84e-03 | 1.30e+13 | 1.51e-04 |
|  99   |  101  | 1836  | +4.6918e+13 | 8.84e-03 | 6.11e+12 | 1.49e-04 |
|  100  |  102  | 1838  | +4.6894e+13 | 8.84e-03 | 1.13e+13 | 1.50e-04 |
|  101  |  103  | 1841  | +4.6966e+13 | 8.84e-03 | 2.11e+13 | 1.48e-04 |
|  102  |  104  | 1844  | +4.6540e+13 | 6.19e-02 | 7.66e+12 | 1.48e-04 |
|  103  |  105  | 1848  | +4.6835e+13 | 6.19e-02 | 9.00e+12 | 1.39e-04 |
|  104  |  106  | 1850  | +4.7343e+13 | 4.33e-01 | 1.40e+13 | 1.07e-04 |
|  105  |  107  | 1875  | +4.7343e+13 | 4.33e-02 | 1.40e+13 | 1.07e-04 |
|  106  |  108  | 1881  | +4.6302e+13 | 3.03e-01 | 1.16e+13 | 9.95e-05 |
|  107  |  109  | 1919  | +4.6602e+13 | 3.03e-01 | 5.44e+13 | 9.00e-05 |
|  108  |  110  | 1932  | +4.9247e+13 | 6.06e-01 | 1.53e+13 | 6.20e-05 |
|  109  |  111  | 1982  | +4.9247e+13 | 6.06e-02 | 1.53e+13 | 6.20e-05 |
|  110  |  112  | 1985  | +4.9247e+13 | 6.06e-03 | 1.53e+13 | 6.20e-05 |
|  111  |  113  | 1987  | +4.9247e+13 | 3.03e-03 | 1.53e+13 | 6.20e-05 |
|  112  |  114  | 1988  | +4.9008e+13 | 6.06e-03 | 1.28e+13 | 6.26e-05 |
|  113  |  115  | 1990  | +4.9008e+13 | 3.03e-03 | 1.28e+13 | 6.26e-05 |
|  114  |  116  | 1991  | +4.9008e+13 | 1.52e-03 | 1.28e+13 | 6.26e-05 |
|  115  |  117  | 1992  | +4.8917e+13 | 3.03e-03 | 6.97e+12 | 6.22e-05 |
|  116  |  118  | 1993  | +4.8810e+13 | 6.06e-03 | 7.53e+12 | 6.24e-05 |
|  117  |  119  | 1994  | +4.8492e+13 | 4.25e-02 | 2.13e+13 | 6.15e-05 |
|  118  |  120  | 1996  | +4.6896e+13 | 2.97e-01 | 1.45e+13 | 5.84e-05 |
|  119  |  121  | 2004  | +4.6896e+13 | 2.97e-02 | 1.45e+13 | 5.84e-05 |
|  120  |  122  | 2007  | +4.7448e+13 | 5.94e-02 | 1.51e+13 | 4.26e-05 |
|  121  |  123  | 2011  | +4.7448e+13 | 1.59e-02 | 1.51e+13 | 4.26e-05 |
|  122  |  124  | 2012  | +4.7448e+13 | 2.28e-03 | 1.51e+13 | 4.26e-05 |
|  123  |  125  | 2013  | +4.7448e+13 | 1.14e-03 | 1.51e+13 | 4.26e-05 |
|  124  |  126  | 2014  | +4.7380e+13 | 1.14e-03 | 1.28e+13 | 4.30e-05 |
|  125  |  127  | 2015  | +4.7330e+13 | 1.14e-03 | 1.03e+13 | 4.29e-05 |
|  126  |  128  | 2016  | +4.7260e+13 | 7.97e-03 | 1.65e+13 | 4.30e-05 |
|  127  |  129  | 2018  | +4.7009e+13 | 1.59e-02 | 9.10e+12 | 4.29e-05 |
|  128  |  130  | 2020  | +4.6511e+13 | 1.12e-01 | 1.54e+13 | 4.21e-05 |
|  129  |  131  | 2026  | +4.6511e+13 | 1.12e-02 | 1.54e+13 | 4.21e-05 |
|  130  |  132  | 2027  | +4.6144e+13 | 7.81e-02 | 1.28e+13 | 4.11e-05 |
|  131  |  133  | 2033  | +4.2794e+13 | 7.81e-02 | 1.62e+13 | 5.02e-05 |
|  132  |  134  | 2038  | +4.2119e+13 | 1.56e-01 | 9.94e+12 | 4.43e-05 |
|  133  |  136  | 2068  | +4.2119e+13 | 1.56e-02 | 9.94e+12 | 4.43e-05 |
|  134  |  137  | 2071  | +4.2652e+13 | 3.13e-02 | 2.24e+14 | 4.86e-07 |
|  135  |  138  | 2073  | +4.2652e+13 | 1.56e-02 | 2.24e+14 | 4.86e-07 |
|  136  |  139  | 2074  | +4.2652e+13 | 7.81e-03 | 2.24e+14 | 4.86e-07 |
|  137  |  140  | 2075  | +4.2652e+13 | 3.91e-03 | 2.24e+14 | 4.86e-07 |
|  138  |  141  | 2076  | +4.2226e+13 | 7.81e-03 | 2.32e+13 | 3.86e-07 |
|  139  |  142  | 2077  | +4.2226e+13 | 2.26e-03 | 2.32e+13 | 3.86e-07 |
|  140  |  143  | 2078  | +4.2226e+13 | 1.13e-03 | 2.32e+13 | 3.86e-07 |
|  141  |  144  | 2079  | +4.2208e+13 | 1.13e-03 | 1.36e+13 | 4.00e-07 |
|  142  |  145  | 2080  | +4.2177e+13 | 2.26e-03 | 6.56e+12 | 3.79e-07 |
|  143  |  146  | 2081  | +4.2177e+13 | 1.13e-03 | 6.56e+12 | 3.79e-07 |
|  144  |  147  | 2082  | +4.2177e+13 | 5.65e-04 | 6.56e+12 | 3.79e-07 |
|  145  |  148  | 2083  | +4.2177e+13 | 1.58e-04 | 6.56e+12 | 3.79e-07 |
|  146  |  149  | 2084  | +4.2171e+13 | 1.11e-03 | 6.57e+12 | 3.75e-07 |
|  147  |  150  | 2085  | +4.2171e+13 | 5.53e-04 | 6.57e+12 | 3.75e-07 |
|  148  |  151  | 2086  | +4.2171e+13 | 1.52e-04 | 6.57e+12 | 3.75e-07 |
|  149  |  152  | 2087  | +4.2171e+13 | 1.52e-05 | 6.57e+12 | 3.75e-07 |
|  150  |  153  | 2088  | +4.2171e+13 | 1.06e-04 | 6.56e+12 | 3.74e-07 |
|  151  |  154  | 2089  | +4.2171e+13 | 1.06e-05 | 6.56e+12 | 3.74e-07 |
|  152  |  155  | 2090  | +4.2171e+13 | 7.44e-05 | 6.55e+12 | 3.74e-07 |
|  153  |  156  | 2091  | +4.2171e+13 | 7.44e-06 | 6.55e+12 | 3.74e-07 |
|  154  |  157  | 2091  | +4.2171e+13 | 1.00e+00 | 6.55e+12 | 3.74e-07 |
|  155  |  158  | 2117  | +4.2171e+13 | 5.00e-01 | 6.55e+12 | 3.74e-07 |
|  156  |  159  | 2130  | +4.2171e+13 | 1.94e-01 | 6.55e+12 | 3.74e-07 |
|  157  |  160  | 2136  | +4.2171e+13 | 8.71e-02 | 6.55e+12 | 3.74e-07 |
|  158  |  161  | 2145  | +4.2171e+13 | 2.83e-02 | 6.55e+12 | 3.74e-07 |
|  159  |  162  | 2149  | +4.2171e+13 | 1.24e-02 | 6.55e+12 | 3.74e-07 |
|  160  |  163  | 2151  | +4.2171e+13 | 4.03e-03 | 6.55e+12 | 3.74e-07 |
|  161  |  164  | 2153  | +4.2118e+13 | 8.05e-03 | 1.32e+13 | 2.63e-07 |
|  162  |  165  | 2157  | +4.2118e+13 | 2.67e-03 | 1.32e+13 | 2.63e-07 |
|  163  |  166  | 2159  | +4.2023e+13 | 1.87e-02 | 1.32e+13 | 1.92e-07 |
|  164  |  167  | 2164  | +4.2023e+13 | 6.84e-03 | 1.32e+13 | 1.92e-07 |
|  165  |  168  | 2168  | +4.1923e+13 | 1.37e-02 | 1.06e+13 | 4.84e-08 |
|  166  |  169  | 2173  | +4.1923e+13 | 5.90e-03 | 1.06e+13 | 4.84e-08 |
|  167  |  170  | 2177  | +4.1923e+13 | 1.30e-03 | 1.06e+13 | 4.84e-08 |
|  168  |  171  | 2179  | +4.1898e+13 | 2.60e-03 | 5.17e+12 | 2.17e-08 |
|  169  |  172  | 2182  | +4.1822e+13 | 1.82e-02 | 1.03e+13 | 1.29e-09 |
|  170  |  173  | 2187  | +4.1772e+13 | 1.28e-01 | 1.88e+13 | 1.20e-06 |
|  171  |  174  | 2192  | +4.1772e+13 | 1.28e-02 | 1.88e+13 | 1.20e-06 |
|  172  |  175  | 2197  | +4.1772e+13 | 1.85e-03 | 1.88e+13 | 1.20e-06 |
|  173  |  176  | 2201  | +4.1671e+13 | 1.30e-02 | 2.19e+13 | 1.00e-06 |
|  174  |  177  | 2206  | +4.1671e+13 | 6.49e-03 | 2.19e+13 | 1.00e-06 |
|  175  |  178  | 2211  | +4.1614e+13 | 6.49e-03 | 9.90e+12 | 8.18e-07 |
|  176  |  179  | 2216  | +4.1614e+13 | 6.49e-04 | 9.90e+12 | 8.18e-07 |
|  177  |  180  | 2220  | +4.1592e+13 | 4.54e-03 | 8.53e+12 | 7.22e-07 |
|  178  |  181  | 2224  | +4.1592e+13 | 7.11e-04 | 8.53e+12 | 7.22e-07 |
|  179  |  182  | 2227  | +4.1576e+13 | 4.98e-03 | 8.64e+12 | 7.03e-07 |
|  180  |  183  | 2231  | +4.1576e+13 | 4.98e-04 | 8.64e+12 | 7.03e-07 |
|  181  |  184  | 2234  | +4.1565e+13 | 3.48e-03 | 9.30e+12 | 6.87e-07 |
|  182  |  185  | 2237  | +4.1543e+13 | 6.97e-03 | 1.82e+13 | 5.92e-07 |
|  183  |  186  | 2242  | +4.1543e+13 | 3.48e-03 | 1.82e+13 | 5.92e-07 |
|  184  |  187  | 2247  | +4.1543e+13 | 3.48e-04 | 1.82e+13 | 5.92e-07 |
|  185  |  188  | 2250  | +4.1536e+13 | 2.44e-03 | 1.00e+13 | 4.86e-07 |
|  186  |  189  | 2254  | +4.1563e+13 | 1.71e-02 | 4.44e+12 | 1.78e-07 |
|  187  |  190  | 2260  | +4.1563e+13 | 4.28e-03 | 4.44e+12 | 1.78e-07 |
|  188  |  191  | 2265  | +4.1563e+13 | 5.64e-04 | 4.44e+12 | 1.78e-07 |
|  189  |  192  | 2267  | +4.1546e+13 | 3.95e-03 | 4.03e+12 | 1.63e-07 |
|  190  |  193  | 2271  | +4.1490e+13 | 2.76e-02 | 4.67e+12 | 7.19e-08 |
|  191  |  194  | 2277  | +4.1490e+13 | 3.45e-03 | 4.67e+12 | 7.19e-08 |
|  192  |  195  | 2281  | +4.1490e+13 | 3.45e-04 | 4.67e+12 | 7.19e-08 |
|  193  |  196  | 2284  | +4.1490e+13 | 3.45e-05 | 4.67e+12 | 7.19e-08 |
|  194  |  197  | 2286  | +4.1489e+13 | 2.41e-04 | 7.30e+12 | 7.13e-08 |
|  195  |  198  | 2289  | +4.1488e+13 | 4.83e-04 | 4.20e+12 | 6.47e-08 |
|  196  |  199  | 2291  | +4.1488e+13 | 4.83e-05 | 4.20e+12 | 6.47e-08 |
|  197  |  200  | 2293  | +4.1488e+13 | 4.83e-06 | 4.20e+12 | 6.47e-08 |
|  198  |  201  | 2293  | +4.1488e+13 | 1.00e+00 | 4.20e+12 | 6.47e-08 |
|  199  |  202  | 2340  | +4.1488e+13 | 2.06e-01 | 4.20e+12 | 6.47e-08 |
|  200  |  203  | 2354  | +4.1488e+13 | 1.03e-01 | 4.20e+12 | 6.47e-08 |
|  201  |  204  | 2366  | +4.1488e+13 | 5.15e-02 | 4.20e+12 | 6.47e-08 |
|  202  |  205  | 2377  | +4.1488e+13 | 2.18e-02 | 4.20e+12 | 6.47e-08 |
|  203  |  206  | 2384  | +4.1488e+13 | 7.62e-03 | 4.20e+12 | 6.47e-08 |
|  204  |  207  | 2388  | +4.1488e+13 | 8.87e-04 | 4.20e+12 | 6.47e-08 |
|  205  |  208  | 2390  | +4.1488e+13 | 8.87e-05 | 4.20e+12 | 6.47e-08 |
|  206  |  209  | 2392  | +4.1488e+13 | 8.87e-06 | 4.20e+12 | 6.47e-08 |
|  207  |  210  | 2392  | +4.1488e+13 | 1.00e+00 | 4.20e+12 | 6.47e-08 |
|  208  |  211  | 2430  | +4.1488e+13 | 2.46e-01 | 4.20e+12 | 6.47e-08 |
|  209  |  212  | 2447  | +4.1488e+13 | 1.23e-01 | 4.20e+12 | 6.47e-08 |
|  210  |  213  | 2461  | +4.1488e+13 | 6.10e-02 | 4.20e+12 | 6.47e-08 |
|  211  |  214  | 2472  | +4.1488e+13 | 2.40e-02 | 4.20e+12 | 6.47e-08 |
|  212  |  215  | 2482  | +4.1488e+13 | 7.25e-03 | 4.20e+12 | 6.47e-08 |
|  213  |  216  | 2488  | +4.1488e+13 | 7.70e-04 | 4.20e+12 | 6.47e-08 |
|  214  |  217  | 2490  | +4.1488e+13 | 7.70e-05 | 4.20e+12 | 6.47e-08 |
|  215  |  218  | 2491  | +4.1488e+13 | 7.70e-06 | 4.20e+12 | 6.47e-08 |
|  216  |  219  | 2491  | +4.1488e+13 | 1.00e+00 | 4.20e+12 | 6.47e-08 |
|  217  |  220  | 2536  | +4.1488e+13 | 1.71e-01 | 4.20e+12 | 6.47e-08 |
|  218  |  221  | 2555  | +4.1488e+13 | 8.56e-02 | 4.20e+12 | 6.47e-08 |
|  219  |  222  | 2569  | +4.1488e+13 | 4.28e-02 | 4.20e+12 | 6.47e-08 |
|  220  |  223  | 2581  | +4.1488e+13 | 1.33e-02 | 4.20e+12 | 6.47e-08 |
|  221  |  224  | 2589  | +4.1488e+13 | 1.79e-03 | 4.20e+12 | 6.47e-08 |
|  222  |  225  | 2592  | +4.1488e+13 | 1.79e-04 | 4.20e+12 | 6.47e-08 |
|  223  |  226  | 2593  | +4.1488e+13 | 1.79e-05 | 4.20e+12 | 6.47e-08 |
|  224  |  227  | 2594  | +4.1488e+13 | 1.25e-04 | 3.99e+12 | 6.44e-08 |
|  225  |  228  | 2595  | +4.1488e+13 | 1.25e-05 | 3.99e+12 | 6.44e-08 |
|  226  |  229  | 2596  | +4.1488e+13 | 8.78e-05 | 3.85e+12 | 6.39e-08 |
|  227  |  230  | 2597  | +4.1488e+13 | 8.78e-06 | 3.85e+12 | 6.39e-08 |
|  228  |  231  | 2597  | +4.1488e+13 | 1.00e+00 | 3.85e+12 | 6.39e-08 |
|  229  |  232  | 2629  | +4.1488e+13 | 3.42e-01 | 3.85e+12 | 6.39e-08 |
|  230  |  233  | 2653  | +4.1488e+13 | 1.71e-01 | 3.85e+12 | 6.39e-08 |
|  231  |  234  | 2669  | +4.1488e+13 | 8.56e-02 | 3.85e+12 | 6.39e-08 |
|  232  |  235  | 2683  | +4.1488e+13 | 3.99e-02 | 3.85e+12 | 6.39e-08 |
|  233  |  236  | 2694  | +4.1488e+13 | 1.16e-02 | 3.85e+12 | 6.39e-08 |
|  234  |  237  | 2702  | +4.1488e+13 | 1.58e-03 | 3.85e+12 | 6.39e-08 |
|  235  |  238  | 2705  | +4.1488e+13 | 1.58e-04 | 3.85e+12 | 6.39e-08 |
|  236  |  239  | 2706  | +4.1488e+13 | 1.58e-05 | 3.85e+12 | 6.39e-08 |
|  237  |  240  | 2707  | +4.1487e+13 | 1.11e-04 | 3.67e+12 | 6.35e-08 |
|  238  |  241  | 2708  | +4.1487e+13 | 1.11e-05 | 3.67e+12 | 6.35e-08 |
|  239  |  242  | 2709  | +4.1487e+13 | 7.76e-05 | 3.55e+12 | 6.32e-08 |
|  240  |  243  | 2710  | +4.1487e+13 | 7.76e-06 | 3.55e+12 | 6.32e-08 |

`xtol` termination condition is satisfied.
Number of iterations: 240, function evaluations: 243, CG iterations: 2710, optimality: 3.55e+12, constraint violation: 6.32e-08, execution time: 8e+02 s.
time 1023.4607055187225
res             message: `xtol` termination condition is satisfied.
           success: True
            status: 2
               fun: 41486983648258.516
                 x: [ 6.192e-02  3.343e-01 ...  1.051e-01  7.044e-02]
               nit: 240
              nfev: 243
              njev: 243
              nhev: 0
          cg_niter: 2710
      cg_stop_cond: 2
              grad: [ 2.063e+13  4.673e+13 ... -1.451e+12  3.211e+12]
   lagrangian_grad: [-5.497e+11  1.716e+12 ... -1.563e+10  1.576e+10]
            constr: [array([ 5.241e-01,  6.270e-01,  8.566e-01,  2.571e-01,
                            3.632e-01,  6.805e-01,  7.689e-01,  8.689e-01,
                            3.047e-01,  4.375e-01]), array([ 0.000e+00]), array([ 6.320e-08]), array([ 6.192e-02,  3.343e-01, ...,  1.051e-01,
                            7.044e-02], shape=(60,))]
               jac: [array([[ 1.000e+00,  1.000e+00, ...,  0.000e+00,
                             0.000e+00],
                           [ 0.000e+00,  0.000e+00, ...,  0.000e+00,
                             0.000e+00],
                           ...,
                           [ 0.000e+00,  0.000e+00, ...,  0.000e+00,
                             0.000e+00],
                           [ 0.000e+00,  0.000e+00, ...,  0.000e+00,
                             0.000e+00]], shape=(10, 60)), array([[ 0.000e+00,  0.000e+00, ...,  0.000e+00,
                             0.000e+00]], shape=(1, 60)), array([[-3.635e-03, -3.635e-03, ...,  0.000e+00,
                             0.000e+00]], shape=(1, 60)), array([[ 1.000e+00,  0.000e+00, ...,  0.000e+00,
                             0.000e+00],
                           [ 0.000e+00,  1.000e+00, ...,  0.000e+00,
                             0.000e+00],
                           ...,
                           [ 0.000e+00,  0.000e+00, ...,  1.000e+00,
                             0.000e+00],
                           [ 0.000e+00,  0.000e+00, ...,  0.000e+00,
                             1.000e+00]], shape=(60, 60))]
       constr_nfev: [0, 243, 243, 0]
       constr_njev: [0, 243, 243, 0]
       constr_nhev: [0, 0, 0, 0]
                 v: [array([-5.968e+12, -2.184e+13, -2.494e+13,  5.482e+12,
                            4.304e+12, -2.070e+13,  6.144e+13,  2.542e+13,
                            8.888e+10, -5.743e+12]), array([-7.896e+05]), array([ 5.451e+15]), array([ 4.605e+12, -1.923e+13, ...,  1.436e+12,
                           -3.195e+12], shape=(60,))]
            method: tr_interior_point
        optimality: 3552218058558.9766
  constr_violation: 6.319805489166794e-08
    execution_time: 800.6193227767944
         tr_radius: 7.76446519386407e-06
    constr_penalty: 1.0
 barrier_parameter: 6.400000000000003e-06
 barrier_tolerance: 6.400000000000003e-06
             niter: 240
End time:       Sat Sep 12 17:58:31 EDT 2026
