ERROR:2026-07-01 18:31:04,952:jax._src.xla_bridge:444: Jax plugin configuration error: Exception when calling jax_plugins.xla_cuda12.initialize()
Traceback (most recent call last):
  File "/scratch/lf2869/conda_envs/desc/lib/python3.12/site-packages/jax/_src/xla_bridge.py", line 442, in discover_pjrt_plugins
    plugin_module.initialize()
  File "/scratch/lf2869/conda_envs/desc/lib/python3.12/site-packages/jax_plugins/xla_cuda12/__init__.py", line 324, in initialize
    _check_cuda_versions(raise_on_first_error=True)
  File "/scratch/lf2869/conda_envs/desc/lib/python3.12/site-packages/jax_plugins/xla_cuda12/__init__.py", line 281, in _check_cuda_versions
    local_device_count = cuda_versions.cuda_device_count()
                         ^^^^^^^^^^^^^^^^^^^^^^^^^^^^^^^^^
RuntimeError: jaxlib/cuda/versions_helpers.cc:113: operation cuInit(0) failed: Unknown CUDA error 303; cuGetErrorName failed. This probably means that JAX was unable to load the CUDA libraries.
[cs619.hpc.nyu.edu:431756] pmix_mca_base_component_repository_open: unable to open /scratch/lf2869/conda_envs/desc/lib/pmix/pmix_mca_pcompress_zlib.so: File /scratch/lf2869/conda_envs/desc/lib/pmix/pmix_mca_pcompress_zlib.so.sl not found (ignored)
[07-01 18:31:26][INFO] jax_fem: pyamgx not installed. AMGX solver disabled.
[07-01 18:31:28][DEBUG] jax_fem: Computing shape function values, gradients, etc.
[07-01 18:31:28][DEBUG] jax_fem: ele_type = TET10, quad_points.shape = (num_quads, dim) = (4, 3)
[07-01 18:31:28][DEBUG] jax_fem: face_quad_points.shape = (num_faces, num_face_quads, dim) = (4, 3, 3)
[07-01 18:31:28][DEBUG] jax_fem: Done pre-computations, took 0.0757906436920166 [s]
[07-01 18:31:28][INFO] jax_fem: Solving a problem with 14400 cells, 24300x3 = 72900 dofs.
[07-01 18:31:28][INFO] jax_fem: Element type is TET10, using 4 quad points per element.
[07-01 18:31:29][DEBUG] jax_fem: face_quad_points.shape = (num_faces, num_face_quads, dim) = (4, 3, 3)
[07-01 18:31:29][DEBUG] jax_fem: face_quad_points.shape = (num_faces, num_face_quads, dim) = (4, 6, 3)
