Job ID:         12178291
Task:           1 / 8
Nodes:          1
CPUs per task:  4
Start time:     Wed Jul  1 15:39:52 EDT 2026
Wed Jul  1 15:40:01 2026       
+-----------------------------------------------------------------------------------------+
| NVIDIA-SMI 580.82.07              Driver Version: 580.82.07      CUDA Version: 13.0     |
+-----------------------------------------+------------------------+----------------------+
| GPU  Name                 Persistence-M | Bus-Id          Disp.A | Volatile Uncorr. ECC |
| Fan  Temp   Perf          Pwr:Usage/Cap |           Memory-Usage | GPU-Util  Compute M. |
|                                         |                        |               MIG M. |
|=========================================+========================+======================|
|   0  NVIDIA L40S                    On  |   00000000:47:00.0 Off |                    0 |
| N/A   35C    P8             33W /  350W |       0MiB /  46068MiB |      0%      Default |
|                                         |                        |                  N/A |
+-----------------------------------------+------------------------+----------------------+

+-----------------------------------------------------------------------------------------+
| Processes:                                                                              |
|  GPU   GI   CI              PID   Type   Process name                        GPU Memory |
|        ID   ID                                                               Usage      |
|=========================================================================================|
|  No running processes found                                                             |
+-----------------------------------------------------------------------------------------+
JAX devices: [CudaDevice(id=0)]
       __       ___      ___   ___                _______  _______ .___  ___. 
      |  |     /   \     \  \ /  /               |   ____||   ____||   \/   | 
      |  |    /  ^  \     \  V  /      ______    |  |__   |  |__   |  \  /  | 
.--.  |  |   /  /_\  \     >   <      |______|   |   __|  |   __|  |  |\/|  | 
|  `--'  |  /  _____  \   /  .  \                |  |     |  |____ |  |  |  | 
 \______/  /__/     \__\ /__/ \__\               |__|     |_______||__|  |__| 
                                                                              

solving with float64
[n=125] Compile + run: 27.906s  |  Run only: 0.466s
JAX version: 0.6.2
JAX devices: [CudaDevice(id=0)]
============================================================
Building per-base-coil FEM quadrature data ...
Expanding to all symmetry images ...
  n_base=1, nfp=1, stellsym=False → n_total=1

============================================================
Run A: volumetric Biot-Savart + dolfinx elasticity
============================================================
Computing B_self and B_ext via volumetric Biot-Savart ...
  [vol-BS] coil 0: B_self (6750 target cells × 4 quad pts)...
  [vol-BS] coil 0: B_ext ...
  Thermal eigenstrain active: itc=0.0029, eps_th[0,0]=-2.9000e-03

[Run A] base coil 0 ...
  [dolfinx] construction time: 0.189s
  [dolfinx] solve time:        0.895s
  [dolfinx] total time:        1.084s
  → wrote w7x_coil_0_dolfinx/n_125/runA_volumetric_BS/coil_00_run_dolfinx.vtu

  → wrote w7x_coil_0_dolfinx/n_125/runA_volumetric_BS/dolfinx_run.npz

============================================================
Run B
============================================================
  coil_fem.run() finished.
  Thermal eigenstrain active: itc=0.0029, eps_th[0,0]=-2.9000e-03

[Run B] base coil 0 ...
  [dolfinx] construction time: 0.034s
  [dolfinx] solve time:        0.768s
  [dolfinx] total time:        0.802s
  → wrote w7x_coil_0_dolfinx/n_125/runB_coilfem_B/coil_00_run_dolfinx.vtu

  → wrote w7x_coil_0_dolfinx/n_125/runB_coilfem_B/dolfinx_run.npz

============================================================
Comparing results ...

[compare] wrote w7x_coil_0_dolfinx/n_125/comparison_summary.csv

 coil  A/CF_vm_max%  B/CF_vm_max%  A/B_vm_max%
    0            9.02%          0.00%         9.02%

Done.  Output directory: w7x_coil_0_dolfinx/n_125
End time:       Wed Jul  1 15:42:22 EDT 2026
