Job ID:         12173223
Task:           5 / 8
Nodes:          1
CPUs per task:  4
Start time:     Wed Jul  1 13:16:21 EDT 2026
Wed Jul  1 13:16:32 2026       
+-----------------------------------------------------------------------------------------+
| NVIDIA-SMI 580.82.07              Driver Version: 580.82.07      CUDA Version: 13.0     |
+-----------------------------------------+------------------------+----------------------+
| GPU  Name                 Persistence-M | Bus-Id          Disp.A | Volatile Uncorr. ECC |
| Fan  Temp   Perf          Pwr:Usage/Cap |           Memory-Usage | GPU-Util  Compute M. |
|                                         |                        |               MIG M. |
|=========================================+========================+======================|
|   0  NVIDIA L40S                    On  |   00000000:C2:00.0 Off |                    0 |
| N/A   33C    P8             34W /  350W |       0MiB /  46068MiB |      0%      Default |
|                                         |                        |                  N/A |
+-----------------------------------------+------------------------+----------------------+

+-----------------------------------------------------------------------------------------+
| Processes:                                                                              |
|  GPU   GI   CI              PID   Type   Process name                        GPU Memory |
|        ID   ID                                                               Usage      |
|=========================================================================================|
|  No running processes found                                                             |
+-----------------------------------------------------------------------------------------+
JAX devices: [CudaDevice(id=0)]
       __       ___      ___   ___                _______  _______ .___  ___. 
      |  |     /   \     \  \ /  /               |   ____||   ____||   \/   | 
      |  |    /  ^  \     \  V  /      ______    |  |__   |  |__   |  \  /  | 
.--.  |  |   /  /_\  \     >   <      |______|   |   __|  |   __|  |  |\/|  | 
|  `--'  |  /  _____  \   /  .  \                |  |     |  |____ |  |  |  | 
 \______/  /__/     \__\ /__/ \__\               |__|     |_______||__|  |__| 
                                                                              

solving with float64
[n=225] Compile + run: 33.144s  |  Run only: 0.884s
JAX version: 0.6.2
JAX devices: [CudaDevice(id=0)]
============================================================
Building per-base-coil FEM quadrature data ...
Expanding to all symmetry images ...
  n_base=1, nfp=1, stellsym=False → n_total=1

============================================================
Run A: volumetric Biot-Savart + dolfinx elasticity
============================================================
Computing B_self and B_ext via volumetric Biot-Savart ...
  [vol-BS] coil 0: B_self (48600 target cells × 4 quad pts)...
  [vol-BS] coil 0: B_ext ...
  Thermal eigenstrain active: itc=0.0029, eps_th[0,0]=-2.9000e-03

[Run A] base coil 0 ...
  [dolfinx] construction time: 0.331s
  [dolfinx] solve time:        20.539s
  [dolfinx] total time:        20.870s
  → wrote w7x_coil_0_dolfinx/n_225/runA_volumetric_BS/coil_00_run_dolfinx.vtu

  → wrote w7x_coil_0_dolfinx/n_225/runA_volumetric_BS/dolfinx_run.npz

============================================================
Run B
============================================================
  coil_fem.run() finished.
  Thermal eigenstrain active: itc=0.0029, eps_th[0,0]=-2.9000e-03

[Run B] base coil 0 ...
  [dolfinx] construction time: 0.200s
  [dolfinx] solve time:        20.518s
  [dolfinx] total time:        20.717s
  → wrote w7x_coil_0_dolfinx/n_225/runB_coilfem_B/coil_00_run_dolfinx.vtu

  → wrote w7x_coil_0_dolfinx/n_225/runB_coilfem_B/dolfinx_run.npz

============================================================
Comparing results ...

[compare] wrote w7x_coil_0_dolfinx/n_225/comparison_summary.csv

 coil  A/CF_vm_max%  B/CF_vm_max%  A/B_vm_max%
    0           43.88%         46.95%         8.51%

Done.  Output directory: w7x_coil_0_dolfinx/n_225
End time:       Wed Jul  1 14:11:44 EDT 2026
