Job ID:         16032995
Nodes:          1
CPUs per task:  4
Start time:     Wed Aug 19 14:42:51 EDT 2026
       __       ___      ___   ___                _______  _______ .___  ___. 
      |  |     /   \     \  \ /  /               |   ____||   ____||   \/   | 
      |  |    /  ^  \     \  V  /      ______    |  |__   |  |__   |  \  /  | 
.--.  |  |   /  /_\  \     >   <      |______|   |   __|  |   __|  |  |\/|  | 
|  `--'  |  /  _____  \   /  .  \                |  |     |  |____ |  |  |  | 
 \______/  /__/     \__\ /__/ \__\               |__|     |_______||__|  |__| 
                                                                              

k_attachment is not provided. Based on the coil's stiffness, the auto-generated value is 2.7956e+14 N/m3.
Beam network initialized.
Optimizing:
    dphis_end_cc - per-coil shapes: [(6,), (6,), (6,), (6,), (3,), (3,)]
    dphis_start_cc - per-coil shapes: [(6,), (6,), (6,), (6,), (3,), (3,)]
Fixing:
    thetas_orientation_cc
    r_beam
    dphis_start_cf
    x_foundation
    thetas_orientation_cf
Total # dofs: 60
solving with float64
# mesh node for all coils: [4800, 4800, 4800, 4800, 4800]
# mesh cell for all coils: [2304, 2304, 2304, 2304, 2304]
MAXITER = 1000
# free dofs = 419
# linear inequality constraints = 12
solving with float64
| niter |f evals|CG iter|  obj func   |tr radius |   opt    |  c viol  |
|-------|-------|-------|-------------|----------|----------|----------|
|   1   |   1   |   0   | +9.2784e+16 | 1.00e+00 | 9.65e+16 | 1.49e-02 |
|   2   |   2   |   1   | +9.2784e+16 | 5.00e-01 | 9.65e+16 | 1.49e-02 |
|   3   |   3   |  410  | +6.0954e+16 | 3.32e+00 | 7.56e+16 | 6.48e-01 |
|   4   |   4   |  423  | +6.0954e+16 | 3.32e-01 | 7.56e+16 | 6.48e-01 |
|   5   |   5   |  435  | +6.0890e+16 | 2.32e+00 | 5.26e+16 | 7.17e-01 |
|   6   |   6   |  450  | +4.8333e+17 | 1.62e+01 | 1.29e+18 | 1.46e+00 |
|   7   |   7   |  507  | +4.0009e+17 | 2.59e+01 | 9.93e+17 | 5.04e-01 |
|   8   |   8   |  556  | +3.1294e+17 | 2.59e+01 | 2.78e+17 | 1.54e-01 |
|   9   |   9   |  620  | +2.5749e+17 | 2.59e+01 | 2.77e+17 | 7.71e-02 |
|  10   |  10   |  718  | +2.0474e+17 | 2.59e+01 | 2.40e+17 | 3.58e-02 |
|  11   |  11   | 1127  | +2.0474e+17 | 2.59e+00 | 2.40e+17 | 3.58e-02 |
|  12   |  12   | 1536  | +2.0474e+17 | 2.59e-01 | 2.40e+17 | 3.58e-02 |
|  13   |  13   | 1585  | +1.4786e+17 | 1.83e+00 | 1.91e+17 | 1.82e-02 |
|  14   |  14   | 1708  | +1.9590e+17 | 1.28e+01 | 1.98e+18 | 4.16e-02 |
|  15   |  15   | 2117  | +1.8366e+17 | 1.28e+01 | 1.98e+17 | 1.78e-02 |
|  16   |  16   | 2526  | +1.9095e+17 | 1.28e+01 | 2.20e+17 | 1.94e-02 |
|  17   |  17   | 2935  | +1.7656e+17 | 1.28e+01 | 2.13e+17 | 1.13e-02 |
|  18   |  18   | 3344  | +1.8489e+17 | 1.28e+01 | 2.06e+17 | 6.52e-03 |
|  19   |  19   | 3753  | +1.8489e+17 | 1.28e+00 | 2.06e+17 | 6.52e-03 |
|  20   |  20   | 4162  | +1.8489e+17 | 1.28e-01 | 2.06e+17 | 6.52e-03 |
|  21   |  21   | 4571  | +1.8618e+17 | 7.98e-01 | 1.90e+17 | 4.90e-03 |
|  22   |  22   | 4761  | +1.8618e+17 | 7.98e-02 | 1.90e+17 | 4.90e-03 |
|  23   |  23   | 4927  | +1.8216e+17 | 5.57e-01 | 2.43e+17 | 4.00e-03 |
|  24   |  24   | 5336  | +1.8216e+17 | 5.57e-02 | 2.43e+17 | 4.00e-03 |
|  25   |  25   | 5470  | +1.8294e+17 | 3.90e-01 | 2.11e+17 | 4.06e-03 |
|  26   |  26   | 5879  | +1.8470e+17 | 2.58e+00 | 2.30e+17 | 3.82e-03 |
|  27   |  27   | 6288  | +1.8470e+17 | 2.58e-01 | 2.30e+17 | 3.82e-03 |
|  28   |  28   | 6317  | +1.8470e+17 | 2.58e-02 | 2.30e+17 | 3.82e-03 |
|  29   |  29   | 6331  | +1.8370e+17 | 1.80e-01 | 2.27e+17 | 3.33e-03 |
|  30   |  30   | 6740  | +1.8370e+17 | 1.80e-02 | 2.27e+17 | 3.33e-03 |
|  31   |  31   | 6752  | +1.8259e+17 | 3.61e-02 | 2.92e+17 | 3.02e-03 |
|  32   |  32   | 6779  | +1.8259e+17 | 3.61e-03 | 2.92e+17 | 3.02e-03 |
|  33   |  33   | 6784  | +1.8385e+17 | 2.58e-02 | 2.19e+17 | 2.86e-03 |
|  34   |  34   | 7193  | +1.8341e+17 | 1.57e-01 | 2.11e+17 | 2.69e-03 |
|  35   |  35   | 7250  | +1.8341e+17 | 1.57e-02 | 2.11e+17 | 2.69e-03 |
|  36   |  36   | 7273  | +1.8341e+17 | 1.57e-03 | 2.11e+17 | 2.69e-03 |
|  37   |  37   | 7276  | +1.8311e+17 | 1.10e-02 | 2.67e+17 | 2.55e-03 |
|  38   |  38   | 7685  | +1.8318e+17 | 7.18e-02 | 2.61e+17 | 2.42e-03 |
|  39   |  39   | 7722  | +1.8318e+17 | 7.18e-03 | 2.61e+17 | 2.42e-03 |
|  40   |  40   | 7747  | +1.8318e+17 | 7.18e-04 | 2.61e+17 | 2.42e-03 |
|  41   |  41   | 7750  | +1.8316e+17 | 4.97e-03 | 2.91e+17 | 2.33e-03 |
|  42   |  42   | 7790  | +1.8317e+17 | 3.48e-02 | 2.79e+17 | 2.14e-03 |
|  43   |  43   | 8199  | +1.8321e+17 | 2.05e-01 | 2.46e+17 | 2.09e-03 |
|  44   |  44   | 8608  | +1.8321e+17 | 2.05e-02 | 2.46e+17 | 2.09e-03 |
|  45   |  45   | 9017  | +1.8345e+17 | 1.28e-01 | 2.18e+17 | 2.00e-03 |
|  46   |  46   | 9426  | +1.8345e+17 | 1.28e-02 | 2.18e+17 | 2.00e-03 |
|  47   |  47   | 9835  | +1.8321e+17 | 8.35e-02 | 2.25e+17 | 1.91e-03 |
|  48   |  48   | 10244 | +1.8346e+17 | 5.02e-01 | 2.50e+17 | 1.78e-03 |
|  49   |  49   | 10653 | +1.8346e+17 | 5.02e-02 | 2.50e+17 | 1.78e-03 |
|  50   |  50   | 11062 | +1.8346e+17 | 5.02e-03 | 2.50e+17 | 1.78e-03 |
|  51   |  51   | 11471 | +1.8335e+17 | 3.20e-02 | 2.50e+17 | 1.74e-03 |
|  52   |  52   | 11532 | +1.8335e+17 | 3.20e-03 | 2.50e+17 | 1.74e-03 |
|  53   |  53   | 11543 | +1.8335e+17 | 3.20e-04 | 2.50e+17 | 1.74e-03 |
|  54   |  54   | 11547 | +1.8341e+17 | 2.28e-03 | 2.49e+17 | 1.70e-03 |
|  55   |  55   | 11554 | +1.8312e+17 | 1.56e-02 | 2.26e+17 | 1.58e-03 |
|  56   |  56   | 11692 | +1.8312e+17 | 1.56e-03 | 2.26e+17 | 1.58e-03 |
|  57   |  57   | 11699 | +1.8331e+17 | 1.10e-02 | 2.39e+17 | 1.52e-03 |
|  58   |  58   | 12108 | +1.8331e+17 | 7.19e-02 | 2.19e+17 | 1.48e-03 |
|  59   |  59   | 12517 | +1.8331e+17 | 7.19e-03 | 2.19e+17 | 1.48e-03 |
|  60   |  60   | 12926 | +1.8331e+17 | 7.19e-04 | 2.19e+17 | 1.48e-03 |
|  61   |  61   | 12930 | +1.8318e+17 | 5.03e-03 | 2.23e+17 | 1.43e-03 |
|  62   |  62   | 13339 | +1.8339e+17 | 3.17e-02 | 2.11e+17 | 1.38e-03 |
|  63   |  63   | 13748 | +1.8316e+17 | 1.96e-01 | 2.05e+17 | 1.34e-03 |
|  64   |  64   | 14157 | +1.8316e+17 | 1.96e-02 | 2.05e+17 | 1.34e-03 |
|  65   |  65   | 14566 | +1.8316e+17 | 1.96e-03 | 2.05e+17 | 1.34e-03 |
|  66   |  66   | 14585 | +1.8316e+17 | 1.96e-04 | 2.05e+17 | 1.34e-03 |
|  67   |  67   | 14590 | +1.8321e+17 | 1.38e-03 | 2.05e+17 | 1.32e-03 |
|  68   |  68   | 14595 | +1.8295e+17 | 9.56e-03 | 1.96e+17 | 1.16e-03 |
|  69   |  69   | 14797 | +1.8322e+17 | 6.70e-02 | 2.01e+17 | 1.15e-03 |
|  70   |  70   | 15206 | +1.8322e+17 | 6.70e-03 | 2.01e+17 | 1.15e-03 |
|  71   |  71   | 15615 | +1.8287e+17 | 4.55e-02 | 1.95e+17 | 1.11e-03 |
|  72   |  72   | 15758 | +1.8287e+17 | 4.55e-03 | 1.95e+17 | 1.11e-03 |
|  73   |  73   | 15819 | +1.8287e+17 | 4.55e-04 | 1.95e+17 | 1.11e-03 |
|  74   |  74   | 15823 | +1.8309e+17 | 3.27e-03 | 1.96e+17 | 1.12e-03 |
|  75   |  75   | 15882 | +1.8309e+17 | 3.27e-04 | 1.96e+17 | 1.12e-03 |
|  76   |  76   | 15886 | +1.8295e+17 | 2.28e-03 | 1.99e+17 | 1.09e-03 |
|  77   |  77   | 16099 | +1.8295e+17 | 2.28e-04 | 1.99e+17 | 1.09e-03 |
|  78   |  78   | 16104 | +1.8299e+17 | 1.61e-03 | 1.91e+17 | 1.08e-03 |
|  79   |  79   | 16297 | +1.8284e+17 | 1.13e-02 | 2.05e+17 | 1.02e-03 |
|  80   |  80   | 16706 | +1.8295e+17 | 6.92e-02 | 2.04e+17 | 1.02e-03 |
|  81   |  81   | 17115 | +1.8295e+17 | 6.92e-03 | 2.04e+17 | 1.02e-03 |
|  82   |  82   | 17524 | +1.8295e+17 | 6.92e-04 | 2.04e+17 | 1.02e-03 |
|  83   |  83   | 17530 | +1.8275e+17 | 4.85e-03 | 2.15e+17 | 9.89e-04 |
|  84   |  84   | 17939 | +1.8290e+17 | 2.89e-02 | 2.17e+17 | 9.81e-04 |
|  85   |  85   | 18348 | +1.8297e+17 | 1.78e-01 | 2.14e+17 | 9.57e-04 |
|  86   |  86   | 18757 | +1.8297e+17 | 1.78e-02 | 2.14e+17 | 9.57e-04 |
|  87   |  87   | 19166 | +1.8251e+17 | 1.09e-01 | 2.21e+17 | 9.32e-04 |
|  88   |  88   | 19575 | +1.8251e+17 | 1.09e-02 | 2.21e+17 | 9.32e-04 |
|  89   |  89   | 19864 | +1.8251e+17 | 1.09e-03 | 2.21e+17 | 9.32e-04 |
|  90   |  90   | 19871 | +1.8278e+17 | 7.60e-03 | 2.21e+17 | 9.35e-04 |
|  91   |  91   | 19946 | +1.8265e+17 | 5.32e-02 | 2.19e+17 | 9.07e-04 |
|  92   |  92   | 20355 | +1.8265e+17 | 5.32e-03 | 2.19e+17 | 9.07e-04 |
|  93   |  93   | 20764 | +1.8263e+17 | 3.50e-02 | 2.22e+17 | 9.16e-04 |
|  94   |  94   | 21173 | +1.8263e+17 | 3.50e-03 | 2.22e+17 | 9.16e-04 |
|  95   |  95   | 21291 | +1.8262e+17 | 2.45e-02 | 2.20e+17 | 9.06e-04 |
|  96   |  96   | 21700 | +1.8262e+17 | 2.45e-03 | 2.20e+17 | 9.06e-04 |
|  97   |  97   | 21906 | +1.8259e+17 | 1.72e-02 | 2.19e+17 | 8.85e-04 |
|  98   |  98   | 21947 | +1.8259e+17 | 1.72e-03 | 2.19e+17 | 8.85e-04 |
|  99   |  99   | 21967 | +1.8258e+17 | 1.20e-02 | 2.15e+17 | 8.65e-04 |
|  100  |  100  | 22376 | +1.8258e+17 | 1.20e-03 | 2.15e+17 | 8.65e-04 |
|  101  |  101  | 22388 | +1.8260e+17 | 8.44e-03 | 2.18e+17 | 8.74e-04 |
|  102  |  102  | 22797 | +1.8265e+17 | 5.19e-02 | 2.09e+17 | 8.54e-04 |
|  103  |  103  | 23206 | +1.8265e+17 | 5.19e-03 | 2.09e+17 | 8.54e-04 |
|  104  |  104  | 23439 | +1.8242e+17 | 3.63e-02 | 2.08e+17 | 8.44e-04 |
|  105  |  105  | 23848 | +1.8261e+17 | 2.13e-01 | 2.15e+17 | 8.27e-04 |
|  106  |  106  | 24257 | +1.8261e+17 | 2.13e-02 | 2.15e+17 | 8.27e-04 |
|  107  |  107  | 24666 | +1.8259e+17 | 1.26e-01 | 2.34e+17 | 8.22e-04 |
|  108  |  108  | 25028 | +1.8259e+17 | 1.26e-02 | 2.34e+17 | 8.22e-04 |
|  109  |  109  | 25396 | +1.8259e+17 | 8.80e-02 | 2.37e+17 | 8.17e-04 |
|  110  |  110  | 25805 | +1.8259e+17 | 8.80e-03 | 2.37e+17 | 8.17e-04 |
|  111  |  111  | 26214 | +1.8259e+17 | 8.80e-04 | 2.37e+17 | 8.17e-04 |
|  112  |  112  | 26221 | +1.8262e+17 | 6.14e-03 | 2.38e+17 | 8.18e-04 |
|  113  |  113  | 26630 | +1.8254e+17 | 3.67e-02 | 2.40e+17 | 8.16e-04 |
|  114  |  114  | 26727 | +1.8254e+17 | 3.67e-03 | 2.40e+17 | 8.16e-04 |
|  115  |  115  | 26781 | +1.8259e+17 | 2.57e-02 | 2.37e+17 | 8.14e-04 |
|  116  |  116  | 27190 | +1.8259e+17 | 2.57e-03 | 2.37e+17 | 8.14e-04 |
|  117  |  117  | 27246 | +1.8259e+17 | 2.57e-04 | 2.37e+17 | 8.14e-04 |
|  118  |  118  | 27254 | +1.8252e+17 | 1.77e-03 | 2.40e+17 | 8.15e-04 |
|  119  |  119  | 27289 | +1.8252e+17 | 1.77e-04 | 2.40e+17 | 8.15e-04 |
|  120  |  120  | 27294 | +1.8254e+17 | 1.25e-03 | 2.39e+17 | 8.15e-04 |
|  121  |  121  | 27302 | +1.8249e+17 | 8.73e-03 | 2.36e+17 | 8.15e-04 |
|  122  |  122  | 27711 | +1.8244e+17 | 5.10e-02 | 2.19e+17 | 8.09e-04 |
|  123  |  123  | 27780 | +1.8244e+17 | 5.10e-03 | 2.19e+17 | 8.09e-04 |
|  124  |  124  | 27820 | +1.8244e+17 | 5.10e-04 | 2.19e+17 | 8.09e-04 |
|  125  |  125  | 27825 | +1.8244e+17 | 3.57e-03 | 2.22e+17 | 8.09e-04 |
|  126  |  126  | 28234 | +1.8232e+17 | 2.24e-02 | 2.14e+17 | 8.08e-04 |
|  127  |  127  | 28643 | +1.8232e+17 | 2.24e-03 | 2.14e+17 | 8.08e-04 |
|  128  |  128  | 28805 | +1.8240e+17 | 1.57e-02 | 2.17e+17 | 8.06e-04 |
|  129  |  129  | 29214 | +1.8240e+17 | 1.57e-03 | 2.17e+17 | 8.06e-04 |
|  130  |  130  | 29269 | +1.8234e+17 | 1.10e-02 | 2.14e+17 | 8.06e-04 |
|  131  |  131  | 29678 | +1.8234e+17 | 1.10e-03 | 2.14e+17 | 8.06e-04 |
|  132  |  132  | 29690 | +1.8232e+17 | 7.70e-03 | 2.13e+17 | 8.06e-04 |
|  133  |  133  | 30099 | +1.8232e+17 | 7.70e-04 | 2.13e+17 | 8.06e-04 |
|  134  |  134  | 30121 | +1.8232e+17 | 5.37e-03 | 2.14e+17 | 8.08e-04 |
|  135  |  135  | 30530 | +1.8232e+17 | 5.37e-04 | 2.14e+17 | 8.08e-04 |
|  136  |  136  | 30535 | +1.8223e+17 | 3.76e-03 | 2.13e+17 | 8.07e-04 |
|  137  |  137  | 30663 | +1.8235e+17 | 2.63e-02 | 2.17e+17 | 8.03e-04 |
|  138  |  138  | 30963 | +1.8236e+17 | 1.84e-01 | 2.19e+17 | 7.92e-04 |
|  139  |  139  | 31025 | +1.8236e+17 | 1.84e-02 | 2.19e+17 | 7.92e-04 |
|  140  |  140  | 31073 | +1.8236e+17 | 1.84e-03 | 2.19e+17 | 7.92e-04 |
|  141  |  141  | 31144 | +1.8236e+17 | 1.84e-04 | 2.19e+17 | 7.92e-04 |
|  142  |  142  | 31149 | +1.8241e+17 | 1.33e-03 | 2.21e+17 | 7.93e-04 |
|  143  |  143  | 31205 | +1.8241e+17 | 1.33e-04 | 2.21e+17 | 7.93e-04 |
|  144  |  144  | 31210 | +1.8238e+17 | 9.15e-04 | 2.19e+17 | 7.92e-04 |
|  145  |  145  | 31218 | +1.8248e+17 | 6.38e-03 | 2.22e+17 | 7.92e-04 |
|  146  |  146  | 31326 | +1.8248e+17 | 6.38e-04 | 2.22e+17 | 7.92e-04 |
|  147  |  147  | 31332 | +1.8233e+17 | 4.48e-03 | 2.18e+17 | 7.94e-04 |
|  148  |  148  | 31741 | +1.8233e+17 | 4.48e-04 | 2.18e+17 | 7.94e-04 |
|  149  |  149  | 31745 | +1.8233e+17 | 3.14e-03 | 2.20e+17 | 7.93e-04 |
|  150  |  150  | 31988 | +1.8233e+17 | 3.14e-04 | 2.20e+17 | 7.93e-04 |
|  151  |  151  | 31993 | +1.8232e+17 | 2.20e-03 | 2.17e+17 | 7.93e-04 |
|  152  |  152  | 32402 | +1.8234e+17 | 1.42e-02 | 2.17e+17 | 7.92e-04 |
|  153  |  153  | 32811 | +1.8234e+17 | 1.42e-03 | 2.17e+17 | 7.92e-04 |
|  154  |  154  | 32825 | +1.8231e+17 | 9.94e-03 | 2.18e+17 | 7.93e-04 |
|  155  |  155  | 33082 | +1.8231e+17 | 9.94e-04 | 2.18e+17 | 7.93e-04 |
|  156  |  156  | 33108 | +1.8231e+17 | 9.94e-05 | 2.18e+17 | 7.93e-04 |
|  157  |  157  | 33112 | +1.8229e+17 | 7.06e-04 | 2.18e+17 | 7.93e-04 |
|  158  |  158  | 33116 | +1.8222e+17 | 4.96e-03 | 2.18e+17 | 7.92e-04 |
|  159  |  159  | 33525 | +1.8235e+17 | 3.21e-02 | 2.19e+17 | 7.89e-04 |
|  160  |  160  | 33934 | +1.8236e+17 | 2.09e-01 | 2.23e+17 | 7.75e-04 |
|  161  |  161  | 34343 | +1.8236e+17 | 2.09e-02 | 2.23e+17 | 7.75e-04 |
|  162  |  162  | 34752 | +1.8236e+17 | 2.09e-03 | 2.23e+17 | 7.75e-04 |
|  163  |  163  | 35161 | +1.8244e+17 | 1.38e-02 | 2.23e+17 | 7.73e-04 |
|  164  |  164  | 35570 | +1.8244e+17 | 1.38e-03 | 2.23e+17 | 7.73e-04 |
|  165  |  165  | 35590 | +1.8244e+17 | 1.38e-04 | 2.23e+17 | 7.73e-04 |
|  166  |  166  | 35594 | +1.8238e+17 | 9.77e-04 | 2.22e+17 | 7.73e-04 |
|  167  |  167  | 35642 | +1.8239e+17 | 6.84e-03 | 2.22e+17 | 7.71e-04 |
|  168  |  168  | 35682 | +1.8239e+17 | 6.84e-04 | 2.22e+17 | 7.71e-04 |
|  169  |  169  | 35701 | +1.8236e+17 | 4.79e-03 | 2.23e+17 | 7.71e-04 |
|  170  |  170  | 36075 | +1.8236e+17 | 4.79e-04 | 2.23e+17 | 7.71e-04 |
|  171  |  171  | 36079 | +1.8236e+17 | 3.35e-03 | 2.21e+17 | 7.71e-04 |
|  172  |  172  | 36111 | +1.8236e+17 | 3.35e-04 | 2.21e+17 | 7.71e-04 |
|  173  |  173  | 36120 | +1.8236e+17 | 2.36e-03 | 2.23e+17 | 7.71e-04 |
|  174  |  174  | 36478 | +1.8236e+17 | 2.36e-04 | 2.23e+17 | 7.71e-04 |
|  175  |  175  | 36497 | +1.8235e+17 | 1.61e-03 | 2.21e+17 | 7.70e-04 |
|  176  |  176  | 36906 | +1.8236e+17 | 1.05e-02 | 2.23e+17 | 7.69e-04 |
|  177  |  177  | 37315 | +1.8236e+17 | 1.05e-03 | 2.23e+17 | 7.69e-04 |
|  178  |  178  | 37326 | +1.8232e+17 | 7.38e-03 | 2.21e+17 | 7.68e-04 |
|  179  |  179  | 37735 | +1.8228e+17 | 4.33e-02 | 2.20e+17 | 7.64e-04 |
|  180  |  180  | 38144 | +1.8228e+17 | 4.33e-03 | 2.20e+17 | 7.64e-04 |
|  181  |  181  | 38553 | +1.8228e+17 | 4.33e-04 | 2.20e+17 | 7.64e-04 |
|  182  |  182  | 38568 | +1.8233e+17 | 3.04e-03 | 2.19e+17 | 7.64e-04 |
|  183  |  183  | 38694 | +1.8233e+17 | 3.04e-04 | 2.19e+17 | 7.64e-04 |
|  184  |  184  | 38705 | +1.8230e+17 | 2.12e-03 | 2.20e+17 | 7.64e-04 |
|  185  |  185  | 38763 | +1.8230e+17 | 2.12e-04 | 2.20e+17 | 7.64e-04 |
|  186  |  186  | 38769 | +1.8231e+17 | 1.48e-03 | 2.20e+17 | 7.63e-04 |
|  187  |  187  | 38802 | +1.8231e+17 | 1.48e-04 | 2.20e+17 | 7.63e-04 |
|  188  |  188  | 38806 | +1.8229e+17 | 1.03e-03 | 2.20e+17 | 7.63e-04 |
|  189  |  189  | 39215 | +1.8229e+17 | 1.03e-04 | 2.20e+17 | 7.63e-04 |
|  190  |  190  | 39241 | +1.8229e+17 | 7.33e-04 | 2.19e+17 | 7.63e-04 |
|  191  |  191  | 39255 | +1.8229e+17 | 5.13e-03 | 2.20e+17 | 7.61e-04 |
|  192  |  192  | 39664 | +1.8230e+17 | 3.02e-02 | 2.18e+17 | 7.58e-04 |
|  193  |  193  | 39856 | +1.8230e+17 | 3.02e-03 | 2.18e+17 | 7.58e-04 |
|  194  |  194  | 40206 | +1.8230e+17 | 3.02e-04 | 2.18e+17 | 7.58e-04 |
|  195  |  195  | 40212 | +1.8225e+17 | 2.15e-03 | 2.19e+17 | 7.58e-04 |
|  196  |  196  | 40621 | +1.8225e+17 | 2.15e-04 | 2.19e+17 | 7.58e-04 |
|  197  |  197  | 40629 | +1.8227e+17 | 1.49e-03 | 2.18e+17 | 7.58e-04 |
|  198  |  198  | 41038 | +1.8226e+17 | 9.20e-03 | 2.19e+17 | 7.56e-04 |
|  199  |  199  | 41447 | +1.8226e+17 | 9.20e-04 | 2.19e+17 | 7.56e-04 |
|  200  |  200  | 41856 | +1.8225e+17 | 5.90e-03 | 2.17e+17 | 7.55e-04 |
|  201  |  201  | 42265 | +1.8225e+17 | 3.48e-02 | 2.17e+17 | 7.50e-04 |
|  202  |  202  | 42326 | +1.8225e+17 | 3.48e-03 | 2.17e+17 | 7.50e-04 |
|  203  |  203  | 42361 | +1.8225e+17 | 3.48e-04 | 2.17e+17 | 7.50e-04 |
|  204  |  204  | 42365 | +1.8225e+17 | 2.43e-03 | 2.16e+17 | 7.49e-04 |
|  205  |  205  | 42774 | +1.8224e+17 | 1.64e-02 | 2.18e+17 | 7.47e-04 |
|  206  |  206  | 43183 | +1.8224e+17 | 1.64e-03 | 2.18e+17 | 7.47e-04 |
|  207  |  207  | 43592 | +1.8224e+17 | 1.64e-04 | 2.18e+17 | 7.47e-04 |
|  208  |  208  | 43600 | +1.8224e+17 | 1.19e-03 | 2.16e+17 | 7.47e-04 |
|  209  |  209  | 44009 | +1.8224e+17 | 7.61e-03 | 2.18e+17 | 7.46e-04 |
|  210  |  210  | 44312 | +1.8222e+17 | 5.33e-02 | 2.16e+17 | 7.43e-04 |
|  211  |  211  | 44721 | +1.8222e+17 | 5.33e-03 | 2.16e+17 | 7.43e-04 |
|  212  |  212  | 45130 | +1.8222e+17 | 5.33e-04 | 2.16e+17 | 7.43e-04 |
|  213  |  213  | 45142 | +1.8224e+17 | 3.74e-03 | 2.16e+17 | 7.42e-04 |
|  214  |  214  | 45442 | +1.8220e+17 | 2.62e-02 | 2.19e+17 | 7.38e-04 |
|  215  |  215  | 45851 | +1.8220e+17 | 2.62e-03 | 2.19e+17 | 7.38e-04 |
|  216  |  216  | 46260 | +1.8224e+17 | 1.65e-02 | 2.17e+17 | 7.37e-04 |
|  217  |  217  | 46669 | +1.8224e+17 | 1.65e-03 | 2.17e+17 | 7.37e-04 |
|  218  |  218  | 46778 | +1.8219e+17 | 1.16e-02 | 2.21e+17 | 7.37e-04 |
|  219  |  219  | 47187 | +1.8226e+17 | 6.89e-02 | 2.19e+17 | 7.31e-04 |
|  220  |  220  | 47596 | +1.8226e+17 | 6.89e-03 | 2.19e+17 | 7.31e-04 |
|  221  |  221  | 48005 | +1.8226e+17 | 6.89e-04 | 2.19e+17 | 7.31e-04 |
|  222  |  222  | 48036 | +1.8217e+17 | 4.82e-03 | 2.22e+17 | 7.31e-04 |
|  223  |  223  | 48153 | +1.8217e+17 | 4.82e-04 | 2.22e+17 | 7.31e-04 |
|  224  |  224  | 48158 | +1.8219e+17 | 3.37e-03 | 2.22e+17 | 7.30e-04 |
|  225  |  225  | 48221 | +1.8218e+17 | 2.36e-02 | 2.23e+17 | 7.27e-04 |
|  226  |  226  | 48630 | +1.8218e+17 | 2.36e-03 | 2.23e+17 | 7.27e-04 |
|  227  |  227  | 49039 | +1.8217e+17 | 1.49e-02 | 2.23e+17 | 7.25e-04 |
|  228  |  228  | 49448 | +1.8217e+17 | 1.49e-03 | 2.23e+17 | 7.25e-04 |
|  229  |  229  | 49857 | +1.8220e+17 | 9.00e-03 | 2.25e+17 | 7.24e-04 |
|  230  |  230  | 50266 | +1.8212e+17 | 5.34e-02 | 2.24e+17 | 7.18e-04 |
|  231  |  231  | 50363 | +1.8212e+17 | 5.34e-03 | 2.24e+17 | 7.18e-04 |
|  232  |  232  | 50464 | +1.8212e+17 | 5.34e-04 | 2.24e+17 | 7.18e-04 |
|  233  |  233  | 50476 | +1.8217e+17 | 3.74e-03 | 2.25e+17 | 7.19e-04 |
|  234  |  234  | 50885 | +1.8216e+17 | 2.22e-02 | 2.22e+17 | 7.13e-04 |
|  235  |  235  | 51294 | +1.8216e+17 | 2.22e-03 | 2.22e+17 | 7.13e-04 |
|  236  |  236  | 51703 | +1.8215e+17 | 1.36e-02 | 2.23e+17 | 7.13e-04 |
|  237  |  237  | 52112 | +1.8215e+17 | 1.36e-03 | 2.23e+17 | 7.13e-04 |
|  238  |  238  | 52137 | +1.8217e+17 | 9.51e-03 | 2.20e+17 | 7.12e-04 |
|  239  |  239  | 52546 | +1.8217e+17 | 9.51e-04 | 2.20e+17 | 7.12e-04 |
|  240  |  240  | 52574 | +1.8217e+17 | 9.51e-05 | 2.20e+17 | 7.12e-04 |
|  241  |  241  | 52579 | +1.8218e+17 | 6.91e-04 | 2.22e+17 | 7.11e-04 |
|  242  |  242  | 52607 | +1.8218e+17 | 4.83e-03 | 2.20e+17 | 7.10e-04 |
|  243  |  243  | 52684 | +1.8218e+17 | 4.83e-04 | 2.20e+17 | 7.10e-04 |
|  244  |  244  | 52706 | +1.8219e+17 | 3.39e-03 | 2.20e+17 | 7.09e-04 |
|  245  |  245  | 53115 | +1.8216e+17 | 1.98e-02 | 2.19e+17 | 7.07e-04 |
|  246  |  246  | 53184 | +1.8216e+17 | 1.98e-03 | 2.19e+17 | 7.07e-04 |
|  247  |  247  | 53239 | +1.8216e+17 | 1.98e-04 | 2.19e+17 | 7.07e-04 |
|  248  |  248  | 53244 | +1.8217e+17 | 1.39e-03 | 2.17e+17 | 7.07e-04 |
|  249  |  249  | 53455 | +1.8217e+17 | 1.39e-04 | 2.17e+17 | 7.07e-04 |
|  250  |  250  | 53460 | +1.8216e+17 | 9.70e-04 | 2.19e+17 | 7.06e-04 |
|  251  |  251  | 53483 | +1.8218e+17 | 6.78e-03 | 2.17e+17 | 7.05e-04 |
|  252  |  252  | 53892 | +1.8220e+17 | 4.06e-02 | 2.22e+17 | 7.01e-04 |
|  253  |  253  | 54301 | +1.8220e+17 | 4.06e-03 | 2.22e+17 | 7.01e-04 |
|  254  |  254  | 54710 | +1.8220e+17 | 4.06e-04 | 2.22e+17 | 7.01e-04 |
|  255  |  255  | 54716 | +1.8216e+17 | 2.88e-03 | 2.13e+17 | 7.01e-04 |
|  256  |  256  | 54778 | +1.8216e+17 | 2.88e-04 | 2.13e+17 | 7.01e-04 |
|  257  |  257  | 54785 | +1.8216e+17 | 2.02e-03 | 2.19e+17 | 7.00e-04 |
|  258  |  258  | 55194 | +1.8215e+17 | 1.22e-02 | 2.12e+17 | 6.99e-04 |
|  259  |  259  | 55603 | +1.8215e+17 | 1.22e-03 | 2.12e+17 | 6.99e-04 |
|  260  |  260  | 56012 | +1.8214e+17 | 7.93e-03 | 2.15e+17 | 6.98e-04 |
|  261  |  261  | 56421 | +1.8214e+17 | 7.93e-04 | 2.15e+17 | 6.98e-04 |
|  262  |  262  | 56688 | +1.8213e+17 | 5.56e-03 | 2.18e+17 | 6.97e-04 |
|  263  |  263  | 57097 | +1.8213e+17 | 5.56e-04 | 2.18e+17 | 6.97e-04 |
|  264  |  264  | 57153 | +1.8214e+17 | 3.89e-03 | 2.17e+17 | 6.96e-04 |
|  265  |  265  | 57562 | +1.8214e+17 | 3.89e-04 | 2.17e+17 | 6.96e-04 |
|  266  |  266  | 57582 | +1.8213e+17 | 2.73e-03 | 2.18e+17 | 6.95e-04 |
|  267  |  267  | 57625 | +1.8213e+17 | 2.73e-04 | 2.18e+17 | 6.95e-04 |
|  268  |  268  | 57643 | +1.8213e+17 | 1.91e-03 | 2.19e+17 | 6.94e-04 |
|  269  |  269  | 58052 | +1.8213e+17 | 1.15e-02 | 2.20e+17 | 6.92e-04 |
|  270  |  270  | 58461 | +1.8213e+17 | 1.15e-03 | 2.20e+17 | 6.92e-04 |
|  271  |  271  | 58870 | +1.8212e+17 | 7.61e-03 | 2.22e+17 | 6.92e-04 |
|  272  |  272  | 59279 | +1.8210e+17 | 4.54e-02 | 2.19e+17 | 6.87e-04 |
|  273  |  273  | 59688 | +1.8210e+17 | 4.54e-03 | 2.19e+17 | 6.87e-04 |
|  274  |  274  | 60097 | +1.8213e+17 | 2.68e-02 | 2.28e+17 | 6.84e-04 |
|  275  |  275  | 60475 | +1.8200e+17 | 1.88e-01 | 2.16e+17 | 6.72e-04 |
|  276  |  276  | 60884 | +1.8200e+17 | 1.88e-02 | 2.16e+17 | 6.72e-04 |
|  277  |  277  | 61293 | +1.8200e+17 | 1.88e-03 | 2.16e+17 | 6.72e-04 |
|  278  |  278  | 61312 | +1.8200e+17 | 1.88e-04 | 2.16e+17 | 6.72e-04 |
|  279  |  279  | 61316 | +1.8212e+17 | 1.34e-03 | 2.22e+17 | 6.72e-04 |
|  280  |  280  | 61725 | +1.8202e+17 | 8.54e-03 | 2.17e+17 | 6.71e-04 |
|  281  |  281  | 62134 | +1.8202e+17 | 8.54e-04 | 2.17e+17 | 6.71e-04 |
|  282  |  282  | 62148 | +1.8202e+17 | 8.54e-05 | 2.17e+17 | 6.71e-04 |
|  283  |  283  | 62152 | +1.8207e+17 | 5.97e-04 | 2.18e+17 | 6.71e-04 |
|  284  |  284  | 62159 | +1.8207e+17 | 5.97e-05 | 2.18e+17 | 6.71e-04 |
|  285  |  285  | 62162 | +1.8209e+17 | 4.21e-04 | 2.18e+17 | 6.71e-04 |
|  286  |  286  | 62165 | +1.8201e+17 | 2.98e-03 | 2.15e+17 | 6.68e-04 |
|  287  |  287  | 62574 | +1.8211e+17 | 1.88e-02 | 2.21e+17 | 6.65e-04 |
|  288  |  288  | 62983 | +1.8211e+17 | 1.88e-03 | 2.21e+17 | 6.65e-04 |
|  289  |  289  | 63002 | +1.8211e+17 | 1.88e-04 | 2.21e+17 | 6.65e-04 |
|  290  |  290  | 63006 | +1.8207e+17 | 1.32e-03 | 2.14e+17 | 6.65e-04 |
|  291  |  291  | 63032 | +1.8211e+17 | 9.27e-03 | 2.21e+17 | 6.64e-04 |
|  292  |  292  | 63441 | +1.8204e+17 | 5.40e-02 | 2.18e+17 | 6.59e-04 |
|  293  |  293  | 63850 | +1.8204e+17 | 5.40e-03 | 2.18e+17 | 6.59e-04 |
|  294  |  294  | 64259 | +1.8204e+17 | 5.40e-04 | 2.18e+17 | 6.59e-04 |
|  295  |  295  | 64281 | +1.8200e+17 | 3.76e-03 | 2.16e+17 | 6.58e-04 |
|  296  |  296  | 64690 | +1.8200e+17 | 3.76e-04 | 2.16e+17 | 6.58e-04 |
|  297  |  297  | 64762 | +1.8205e+17 | 2.63e-03 | 2.16e+17 | 6.57e-04 |
|  298  |  298  | 65171 | +1.8205e+17 | 2.63e-04 | 2.16e+17 | 6.57e-04 |
|  299  |  299  | 65208 | +1.8205e+17 | 2.63e-05 | 2.16e+17 | 6.57e-04 |
|  300  |  300  | 65216 | +1.8204e+17 | 1.93e-04 | 2.16e+17 | 6.57e-04 |
|  301  |  301  | 65220 | +1.8201e+17 | 1.35e-03 | 2.16e+17 | 6.56e-04 |
|  302  |  302  | 65246 | +1.8203e+17 | 9.45e-03 | 2.17e+17 | 6.55e-04 |
|  303  |  303  | 65655 | +1.8197e+17 | 5.56e-02 | 2.17e+17 | 6.50e-04 |
|  304  |  304  | 66064 | +1.8197e+17 | 5.56e-03 | 2.17e+17 | 6.50e-04 |
|  305  |  305  | 66473 | +1.8197e+17 | 5.56e-04 | 2.17e+17 | 6.50e-04 |
|  306  |  306  | 66882 | +1.8200e+17 | 3.59e-03 | 2.16e+17 | 6.49e-04 |
|  307  |  307  | 67291 | +1.8200e+17 | 3.59e-04 | 2.16e+17 | 6.49e-04 |
|  308  |  308  | 67304 | +1.8199e+17 | 2.51e-03 | 2.16e+17 | 6.49e-04 |
|  309  |  309  | 67713 | +1.8199e+17 | 2.51e-04 | 2.16e+17 | 6.49e-04 |
|  310  |  310  | 67724 | +1.8202e+17 | 1.77e-03 | 2.17e+17 | 6.48e-04 |
|  311  |  311  | 68133 | +1.8198e+17 | 1.09e-02 | 2.16e+17 | 6.48e-04 |
|  312  |  312  | 68542 | +1.8198e+17 | 1.09e-03 | 2.16e+17 | 6.48e-04 |
|  313  |  313  | 68592 | +1.8193e+17 | 7.66e-03 | 2.14e+17 | 6.47e-04 |
|  314  |  314  | 69001 | +1.8193e+17 | 7.66e-04 | 2.14e+17 | 6.47e-04 |
|  315  |  315  | 69179 | +1.8193e+17 | 7.66e-05 | 2.14e+17 | 6.47e-04 |
|  316  |  316  | 69182 | +1.8195e+17 | 5.35e-04 | 2.15e+17 | 6.47e-04 |
|  317  |  317  | 69185 | +1.8192e+17 | 3.77e-03 | 2.14e+17 | 6.42e-04 |
|  318  |  318  | 69594 | +1.8192e+17 | 3.77e-04 | 2.14e+17 | 6.42e-04 |
|  319  |  319  | 69598 | +1.8189e+17 | 2.66e-03 | 2.17e+17 | 6.42e-04 |
|  320  |  320  | 70007 | +1.8189e+17 | 2.66e-04 | 2.17e+17 | 6.42e-04 |
|  321  |  321  | 70015 | +1.8191e+17 | 1.87e-03 | 2.13e+17 | 6.41e-04 |
|  322  |  322  | 70064 | +1.8191e+17 | 1.87e-04 | 2.13e+17 | 6.41e-04 |
|  323  |  323  | 70069 | +1.8189e+17 | 1.31e-03 | 2.16e+17 | 6.40e-04 |
|  324  |  324  | 70258 | +1.8189e+17 | 1.31e-04 | 2.16e+17 | 6.40e-04 |
|  325  |  325  | 70266 | +1.8191e+17 | 9.16e-04 | 2.12e+17 | 6.40e-04 |
|  326  |  326  | 70403 | +1.8191e+17 | 9.16e-05 | 2.12e+17 | 6.40e-04 |
|  327  |  327  | 70408 | +1.8188e+17 | 6.45e-04 | 2.16e+17 | 6.39e-04 |
|  328  |  328  | 70698 | +1.8188e+17 | 4.52e-03 | 2.11e+17 | 6.38e-04 |
|  329  |  329  | 71107 | +1.8189e+17 | 2.73e-02 | 2.12e+17 | 6.36e-04 |
|  330  |  330  | 71516 | +1.8189e+17 | 2.73e-03 | 2.12e+17 | 6.36e-04 |
|  331  |  331  | 71704 | +1.8189e+17 | 2.73e-04 | 2.12e+17 | 6.36e-04 |
|  332  |  332  | 71713 | +1.8189e+17 | 1.91e-03 | 2.11e+17 | 6.35e-04 |
|  333  |  333  | 72122 | +1.8189e+17 | 1.11e-02 | 2.12e+17 | 6.35e-04 |
|  334  |  334  | 72531 | +1.8183e+17 | 6.93e-02 | 2.11e+17 | 6.30e-04 |
|  335  |  335  | 72940 | +1.8183e+17 | 6.93e-03 | 2.11e+17 | 6.30e-04 |
|  336  |  336  | 73349 | +1.8182e+17 | 4.17e-02 | 2.13e+17 | 6.26e-04 |
|  337  |  337  | 73758 | +1.8182e+17 | 4.17e-03 | 2.13e+17 | 6.26e-04 |
|  338  |  338  | 74167 | +1.8182e+17 | 4.17e-04 | 2.13e+17 | 6.26e-04 |
|  339  |  339  | 74205 | +1.8183e+17 | 2.92e-03 | 2.11e+17 | 6.26e-04 |
|  340  |  340  | 74421 | +1.8181e+17 | 2.04e-02 | 2.12e+17 | 6.25e-04 |
|  341  |  341  | 74687 | +1.8181e+17 | 2.04e-03 | 2.12e+17 | 6.25e-04 |
|  342  |  342  | 74991 | +1.8181e+17 | 2.04e-04 | 2.12e+17 | 6.25e-04 |
|  343  |  343  | 75002 | +1.8179e+17 | 1.41e-03 | 2.12e+17 | 6.24e-04 |
|  344  |  344  | 75411 | +1.8179e+17 | 1.41e-04 | 2.12e+17 | 6.24e-04 |
|  345  |  345  | 75416 | +1.8182e+17 | 1.01e-03 | 2.11e+17 | 6.23e-04 |
|  346  |  346  | 75457 | +1.8182e+17 | 1.01e-04 | 2.11e+17 | 6.23e-04 |
|  347  |  347  | 75462 | +1.8178e+17 | 7.34e-04 | 2.13e+17 | 6.23e-04 |
|  348  |  348  | 75871 | +1.8181e+17 | 4.69e-03 | 2.12e+17 | 6.21e-04 |
|  349  |  349  | 76280 | +1.8181e+17 | 4.69e-04 | 2.12e+17 | 6.21e-04 |
|  350  |  350  | 76296 | +1.8178e+17 | 3.29e-03 | 2.13e+17 | 6.21e-04 |
|  351  |  351  | 76705 | +1.8181e+17 | 1.95e-02 | 2.13e+17 | 6.18e-04 |
|  352  |  352  | 77114 | +1.8181e+17 | 1.95e-03 | 2.13e+17 | 6.18e-04 |
|  353  |  353  | 77523 | +1.8181e+17 | 1.95e-04 | 2.13e+17 | 6.18e-04 |
|  354  |  354  | 77527 | +1.8179e+17 | 1.36e-03 | 2.14e+17 | 6.18e-04 |
|  355  |  355  | 77559 | +1.8179e+17 | 1.36e-04 | 2.14e+17 | 6.18e-04 |
|  356  |  356  | 77564 | +1.8181e+17 | 9.55e-04 | 2.13e+17 | 6.17e-04 |
|  357  |  357  | 77973 | +1.8179e+17 | 5.83e-03 | 2.15e+17 | 6.16e-04 |
|  358  |  358  | 78382 | +1.8179e+17 | 5.83e-04 | 2.15e+17 | 6.16e-04 |
|  359  |  359  | 78434 | +1.8181e+17 | 4.08e-03 | 2.14e+17 | 6.15e-04 |
|  360  |  360  | 78843 | +1.8181e+17 | 4.08e-04 | 2.14e+17 | 6.15e-04 |
|  361  |  361  | 79252 | +1.8179e+17 | 2.54e-03 | 2.15e+17 | 6.14e-04 |
|  362  |  362  | 79297 | +1.8179e+17 | 2.54e-04 | 2.15e+17 | 6.14e-04 |
|  363  |  363  | 79309 | +1.8181e+17 | 1.79e-03 | 2.13e+17 | 6.14e-04 |
|  364  |  364  | 79718 | +1.8178e+17 | 1.22e-02 | 2.16e+17 | 6.13e-04 |
|  365  |  365  | 79863 | +1.8178e+17 | 1.22e-03 | 2.16e+17 | 6.13e-04 |
|  366  |  366  | 79957 | +1.8178e+17 | 1.22e-04 | 2.16e+17 | 6.13e-04 |
|  367  |  367  | 79962 | +1.8179e+17 | 8.54e-04 | 2.15e+17 | 6.12e-04 |
|  368  |  368  | 80038 | +1.8179e+17 | 8.54e-05 | 2.15e+17 | 6.12e-04 |
|  369  |  369  | 80046 | +1.8178e+17 | 5.90e-04 | 2.16e+17 | 6.11e-04 |
|  370  |  370  | 80074 | +1.8180e+17 | 4.13e-03 | 2.15e+17 | 6.10e-04 |
|  371  |  371  | 80483 | +1.8178e+17 | 2.52e-02 | 2.16e+17 | 6.08e-04 |
|  372  |  372  | 80892 | +1.8178e+17 | 2.52e-03 | 2.16e+17 | 6.08e-04 |
|  373  |  373  | 81301 | +1.8178e+17 | 2.52e-04 | 2.16e+17 | 6.08e-04 |
|  374  |  374  | 81329 | +1.8174e+17 | 1.74e-03 | 2.16e+17 | 6.08e-04 |
|  375  |  375  | 81614 | +1.8176e+17 | 1.22e-02 | 2.16e+17 | 6.07e-04 |
|  376  |  376  | 82023 | +1.8176e+17 | 1.22e-03 | 2.16e+17 | 6.07e-04 |
|  377  |  377  | 82432 | +1.8177e+17 | 7.66e-03 | 2.19e+17 | 6.07e-04 |
|  378  |  378  | 82841 | +1.8177e+17 | 7.66e-04 | 2.19e+17 | 6.07e-04 |
|  379  |  379  | 82865 | +1.8177e+17 | 7.66e-05 | 2.19e+17 | 6.07e-04 |
|  380  |  380  | 82868 | +1.8175e+17 | 5.37e-04 | 2.17e+17 | 6.06e-04 |
|  381  |  381  | 82872 | +1.8171e+17 | 3.75e-03 | 2.17e+17 | 6.03e-04 |
|  382  |  382  | 83281 | +1.8171e+17 | 3.75e-04 | 2.17e+17 | 6.03e-04 |
|  383  |  383  | 83292 | +1.8172e+17 | 2.63e-03 | 2.17e+17 | 6.02e-04 |
|  384  |  384  | 83701 | +1.8174e+17 | 1.68e-02 | 2.17e+17 | 6.01e-04 |
|  385  |  385  | 84110 | +1.8178e+17 | 1.17e-01 | 2.35e+17 | 5.95e-04 |
|  386  |  386  | 84155 | +1.8178e+17 | 1.17e-02 | 2.35e+17 | 5.95e-04 |
|  387  |  387  | 84205 | +1.8178e+17 | 1.17e-03 | 2.35e+17 | 5.95e-04 |
|  388  |  388  | 84264 | +1.8178e+17 | 1.17e-04 | 2.35e+17 | 5.95e-04 |
|  389  |  389  | 84269 | +1.8179e+17 | 8.04e-04 | 2.20e+17 | 5.94e-04 |
|  390  |  390  | 84677 | +1.8178e+17 | 5.62e-03 | 2.27e+17 | 5.93e-04 |
|  391  |  391  | 84750 | +1.8178e+17 | 5.62e-04 | 2.27e+17 | 5.93e-04 |
|  392  |  392  | 84761 | +1.8182e+17 | 3.94e-03 | 2.21e+17 | 5.92e-04 |
|  393  |  393  | 85170 | +1.8180e+17 | 2.33e-02 | 2.23e+17 | 5.91e-04 |
|  394  |  394  | 85579 | +1.8180e+17 | 2.33e-03 | 2.23e+17 | 5.91e-04 |
|  395  |  395  | 85988 | +1.8182e+17 | 1.53e-02 | 2.21e+17 | 5.89e-04 |
|  396  |  396  | 86397 | +1.8182e+17 | 1.53e-03 | 2.21e+17 | 5.89e-04 |
|  397  |  397  | 86806 | +1.8179e+17 | 9.51e-03 | 2.20e+17 | 5.89e-04 |
|  398  |  398  | 87215 | +1.8179e+17 | 9.51e-04 | 2.20e+17 | 5.89e-04 |
|  399  |  399  | 87518 | +1.8182e+17 | 6.66e-03 | 2.20e+17 | 5.89e-04 |
|  400  |  400  | 87927 | +1.8182e+17 | 6.66e-04 | 2.20e+17 | 5.89e-04 |
|  401  |  401  | 88010 | +1.8178e+17 | 4.66e-03 | 2.19e+17 | 5.88e-04 |
|  402  |  402  | 88118 | +1.8178e+17 | 4.66e-04 | 2.19e+17 | 5.88e-04 |
|  403  |  403  | 88138 | +1.8178e+17 | 4.66e-05 | 2.19e+17 | 5.88e-04 |
|  404  |  404  | 88141 | +1.8180e+17 | 3.26e-04 | 2.20e+17 | 5.88e-04 |
|  405  |  405  | 88147 | +1.8177e+17 | 2.31e-03 | 2.19e+17 | 5.85e-04 |
|  406  |  406  | 88407 | +1.8180e+17 | 1.61e-02 | 2.20e+17 | 5.84e-04 |
|  407  |  407  | 88816 | +1.8180e+17 | 1.61e-03 | 2.20e+17 | 5.84e-04 |
|  408  |  408  | 89052 | +1.8180e+17 | 1.61e-04 | 2.20e+17 | 5.84e-04 |
|  409  |  409  | 89055 | +1.8179e+17 | 1.14e-03 | 2.19e+17 | 5.83e-04 |
|  410  |  410  | 89098 | +1.8179e+17 | 1.14e-04 | 2.19e+17 | 5.83e-04 |
|  411  |  411  | 89101 | +1.8180e+17 | 7.96e-04 | 2.19e+17 | 5.82e-04 |
|  412  |  412  | 89510 | +1.8177e+17 | 4.94e-03 | 2.17e+17 | 5.81e-04 |
|  413  |  413  | 89746 | +1.8177e+17 | 4.94e-04 | 2.17e+17 | 5.81e-04 |
|  414  |  414  | 89757 | +1.8180e+17 | 3.46e-03 | 2.19e+17 | 5.80e-04 |
|  415  |  415  | 90166 | +1.8180e+17 | 3.46e-04 | 2.19e+17 | 5.80e-04 |
|  416  |  416  | 90177 | +1.8178e+17 | 2.42e-03 | 2.17e+17 | 5.79e-04 |
|  417  |  417  | 90586 | +1.8178e+17 | 2.42e-04 | 2.17e+17 | 5.79e-04 |
|  418  |  418  | 90595 | +1.8180e+17 | 1.69e-03 | 2.18e+17 | 5.79e-04 |
|  419  |  419  | 91004 | +1.8181e+17 | 1.09e-02 | 2.16e+17 | 5.77e-04 |
|  420  |  420  | 91413 | +1.8181e+17 | 1.09e-03 | 2.16e+17 | 5.77e-04 |
|  421  |  421  | 91822 | +1.8177e+17 | 6.40e-03 | 2.31e+17 | 5.76e-04 |
|  422  |  422  | 92231 | +1.8177e+17 | 6.40e-04 | 2.31e+17 | 5.76e-04 |
|  423  |  423  | 92287 | +1.8183e+17 | 4.48e-03 | 2.16e+17 | 5.76e-04 |
|  424  |  424  | 92696 | +1.8183e+17 | 4.48e-04 | 2.16e+17 | 5.76e-04 |
|  425  |  425  | 93105 | +1.8178e+17 | 2.80e-03 | 2.35e+17 | 5.75e-04 |
|  426  |  426  | 93514 | +1.8181e+17 | 1.68e-02 | 2.15e+17 | 5.74e-04 |
|  427  |  427  | 93923 | +1.8181e+17 | 1.68e-03 | 2.15e+17 | 5.74e-04 |
|  428  |  428  | 94332 | +1.8181e+17 | 1.68e-04 | 2.15e+17 | 5.74e-04 |
|  429  |  429  | 94342 | +1.8179e+17 | 1.17e-03 | 2.42e+17 | 5.72e-04 |
|  430  |  430  | 94447 | +1.8182e+17 | 8.20e-03 | 2.14e+17 | 5.72e-04 |
|  431  |  431  | 94477 | +1.8182e+17 | 8.20e-04 | 2.14e+17 | 5.72e-04 |
|  432  |  432  | 94510 | +1.8182e+17 | 8.20e-05 | 2.14e+17 | 5.72e-04 |
|  433  |  433  | 94518 | +1.8178e+17 | 5.72e-04 | 2.43e+17 | 5.71e-04 |
|  434  |  434  | 94800 | +1.8178e+17 | 5.72e-05 | 2.43e+17 | 5.71e-04 |
|  435  |  435  | 94805 | +1.8182e+17 | 3.99e-04 | 2.13e+17 | 5.70e-04 |
|  436  |  436  | 94826 | +1.8182e+17 | 3.99e-05 | 2.13e+17 | 5.70e-04 |
|  437  |  437  | 94833 | +1.8180e+17 | 2.78e-04 | 2.16e+17 | 5.70e-04 |
|  438  |  438  | 94852 | +1.8185e+17 | 1.94e-03 | 2.12e+17 | 5.68e-04 |
|  439  |  439  | 95261 | +1.8185e+17 | 1.94e-04 | 2.12e+17 | 5.68e-04 |
|  440  |  440  | 95428 | +1.8180e+17 | 1.36e-03 | 2.12e+17 | 5.67e-04 |
|  441  |  441  | 95837 | +1.8180e+17 | 1.36e-04 | 2.12e+17 | 5.67e-04 |
|  442  |  442  | 95848 | +1.8183e+17 | 9.55e-04 | 2.12e+17 | 5.67e-04 |
|  443  |  443  | 96040 | +1.8183e+17 | 9.55e-05 | 2.12e+17 | 5.67e-04 |
|  444  |  444  | 96052 | +1.8181e+17 | 6.72e-04 | 2.12e+17 | 5.66e-04 |
|  445  |  445  | 96181 | +1.8182e+17 | 4.71e-03 | 2.11e+17 | 5.66e-04 |
|  446  |  446  | 96240 | +1.8182e+17 | 4.71e-04 | 2.11e+17 | 5.66e-04 |
|  447  |  447  | 96260 | +1.8182e+17 | 4.71e-05 | 2.11e+17 | 5.66e-04 |
|  448  |  448  | 96263 | +1.8181e+17 | 3.30e-04 | 2.11e+17 | 5.66e-04 |
|  449  |  449  | 96266 | +1.8181e+17 | 2.31e-03 | 2.14e+17 | 5.62e-04 |
|  450  |  450  | 96675 | +1.8181e+17 | 1.38e-02 | 2.10e+17 | 5.61e-04 |
|  451  |  451  | 97013 | +1.8181e+17 | 1.38e-03 | 2.10e+17 | 5.61e-04 |
|  452  |  452  | 97114 | +1.8181e+17 | 1.38e-04 | 2.10e+17 | 5.61e-04 |
|  453  |  453  | 97118 | +1.8179e+17 | 9.68e-04 | 2.10e+17 | 5.60e-04 |
|  454  |  454  | 97527 | +1.8181e+17 | 5.80e-03 | 2.09e+17 | 5.60e-04 |
|  455  |  455  | 97936 | +1.8181e+17 | 5.80e-04 | 2.09e+17 | 5.60e-04 |
|  456  |  456  | 97996 | +1.8181e+17 | 5.80e-05 | 2.09e+17 | 5.60e-04 |
|  457  |  457  | 98000 | +1.8179e+17 | 4.09e-04 | 2.09e+17 | 5.59e-04 |
|  458  |  458  | 98039 | +1.8182e+17 | 2.86e-03 | 2.09e+17 | 5.58e-04 |
|  459  |  459  | 98106 | +1.8182e+17 | 2.86e-04 | 2.09e+17 | 5.58e-04 |
|  460  |  460  | 98128 | +1.8182e+17 | 2.86e-05 | 2.09e+17 | 5.58e-04 |
|  461  |  461  | 98132 | +1.8181e+17 | 2.00e-04 | 2.09e+17 | 5.58e-04 |
|  462  |  462  | 98141 | +1.8181e+17 | 1.40e-03 | 2.09e+17 | 5.55e-04 |
|  463  |  463  | 98238 | +1.8181e+17 | 1.40e-04 | 2.09e+17 | 5.55e-04 |
|  464  |  464  | 98251 | +1.8180e+17 | 9.80e-04 | 2.09e+17 | 5.55e-04 |
|  465  |  465  | 98660 | +1.8182e+17 | 6.10e-03 | 2.09e+17 | 5.54e-04 |
|  466  |  466  | 99069 | +1.8182e+17 | 6.10e-04 | 2.09e+17 | 5.54e-04 |
|  467  |  467  | 99478 | +1.8179e+17 | 3.77e-03 | 2.08e+17 | 5.53e-04 |
|  468  |  468  | 99887 | +1.8179e+17 | 3.77e-04 | 2.08e+17 | 5.53e-04 |
|  469  |  469  | 99901 | +1.8182e+17 | 2.65e-03 | 2.08e+17 | 5.53e-04 |
|  470  |  470  |100001 | +1.8182e+17 | 2.65e-04 | 2.08e+17 | 5.53e-04 |
|  471  |  471  |100012 | +1.8181e+17 | 1.85e-03 | 2.08e+17 | 5.53e-04 |
|  472  |  472  |100421 | +1.8181e+17 | 1.85e-04 | 2.08e+17 | 5.53e-04 |
|  473  |  473  |100427 | +1.8181e+17 | 1.30e-03 | 2.08e+17 | 5.52e-04 |
|  474  |  474  |100579 | +1.8181e+17 | 1.30e-04 | 2.08e+17 | 5.52e-04 |
|  475  |  475  |100587 | +1.8181e+17 | 9.08e-04 | 2.07e+17 | 5.52e-04 |
|  476  |  476  |100688 | +1.8182e+17 | 6.35e-03 | 2.07e+17 | 5.51e-04 |
|  477  |  477  |101097 | +1.8182e+17 | 6.35e-04 | 2.07e+17 | 5.51e-04 |
|  478  |  478  |101506 | +1.8182e+17 | 3.88e-03 | 2.07e+17 | 5.50e-04 |
|  479  |  479  |101915 | +1.8182e+17 | 3.88e-04 | 2.07e+17 | 5.50e-04 |
|  480  |  480  |101942 | +1.8182e+17 | 2.71e-03 | 2.07e+17 | 5.50e-04 |
|  481  |  481  |102225 | +1.8182e+17 | 2.71e-04 | 2.07e+17 | 5.50e-04 |
|  482  |  482  |102255 | +1.8183e+17 | 1.90e-03 | 2.07e+17 | 5.49e-04 |
|  483  |  483  |102664 | +1.8183e+17 | 1.90e-04 | 2.07e+17 | 5.49e-04 |
|  484  |  484  |102796 | +1.8181e+17 | 1.33e-03 | 2.07e+17 | 5.48e-04 |
|  485  |  485  |102967 | +1.8181e+17 | 1.33e-04 | 2.07e+17 | 5.48e-04 |
|  486  |  486  |102993 | +1.8183e+17 | 9.24e-04 | 2.07e+17 | 5.48e-04 |
|  487  |  487  |103402 | +1.8180e+17 | 5.75e-03 | 2.06e+17 | 5.47e-04 |
|  488  |  488  |103811 | +1.8180e+17 | 5.75e-04 | 2.06e+17 | 5.47e-04 |
|  489  |  489  |104220 | +1.8183e+17 | 3.41e-03 | 2.06e+17 | 5.46e-04 |
|  490  |  490  |104629 | +1.8179e+17 | 2.21e-02 | 2.32e+17 | 5.44e-04 |
|  491  |  491  |105038 | +1.8179e+17 | 2.21e-03 | 2.32e+17 | 5.44e-04 |
|  492  |  492  |105447 | +1.8179e+17 | 2.21e-04 | 2.32e+17 | 5.44e-04 |
|  493  |  493  |105507 | +1.8182e+17 | 1.55e-03 | 2.05e+17 | 5.44e-04 |
|  494  |  494  |105916 | +1.8182e+17 | 1.55e-04 | 2.05e+17 | 5.44e-04 |
|  495  |  495  |105921 | +1.8180e+17 | 1.08e-03 | 2.12e+17 | 5.43e-04 |
|  496  |  496  |106330 | +1.8180e+17 | 1.08e-04 | 2.12e+17 | 5.43e-04 |
|  497  |  497  |106339 | +1.8183e+17 | 7.56e-04 | 2.05e+17 | 5.43e-04 |
|  498  |  498  |106748 | +1.8183e+17 | 7.56e-05 | 2.05e+17 | 5.43e-04 |
|  499  |  499  |106753 | +1.8180e+17 | 5.24e-04 | 2.07e+17 | 5.42e-04 |
|  500  |  500  |107162 | +1.8183e+17 | 3.21e-03 | 2.05e+17 | 5.42e-04 |
|  501  |  501  |107571 | +1.8183e+17 | 3.21e-04 | 2.05e+17 | 5.42e-04 |
|  502  |  502  |107599 | +1.8180e+17 | 2.25e-03 | 2.05e+17 | 5.41e-04 |
|  503  |  503  |108008 | +1.8180e+17 | 2.25e-04 | 2.05e+17 | 5.41e-04 |
|  504  |  504  |108033 | +1.8183e+17 | 1.57e-03 | 2.05e+17 | 5.41e-04 |
|  505  |  505  |108384 | +1.8183e+17 | 1.57e-04 | 2.05e+17 | 5.41e-04 |
|  506  |  506  |108401 | +1.8181e+17 | 1.11e-03 | 2.12e+17 | 5.40e-04 |
|  507  |  507  |108810 | +1.8182e+17 | 1.11e-03 | 2.04e+17 | 5.39e-04 |
|  508  |  508  |109219 | +1.8181e+17 | 6.87e-03 | 2.04e+17 | 5.38e-04 |
|  509  |  509  |109302 | +1.8181e+17 | 6.87e-04 | 2.04e+17 | 5.38e-04 |
|  510  |  510  |109349 | +1.8181e+17 | 6.87e-05 | 2.04e+17 | 5.38e-04 |
|  511  |  511  |109353 | +1.8181e+17 | 4.81e-04 | 2.04e+17 | 5.38e-04 |
|  512  |  512  |109369 | +1.8181e+17 | 3.37e-03 | 2.04e+17 | 5.37e-04 |
|  513  |  513  |109605 | +1.8181e+17 | 3.37e-04 | 2.04e+17 | 5.37e-04 |
|  514  |  514  |109643 | +1.8181e+17 | 3.37e-05 | 2.04e+17 | 5.37e-04 |
|  515  |  515  |109646 | +1.8180e+17 | 2.35e-04 | 2.04e+17 | 5.37e-04 |
|  516  |  516  |109648 | +1.8180e+17 | 1.65e-03 | 2.04e+17 | 5.34e-04 |
|  517  |  517  |110057 | +1.8180e+17 | 1.65e-04 | 2.04e+17 | 5.34e-04 |
|  518  |  518  |110060 | +1.8179e+17 | 1.16e-03 | 2.04e+17 | 5.33e-04 |
|  519  |  519  |110469 | +1.8179e+17 | 1.16e-04 | 2.04e+17 | 5.33e-04 |
|  520  |  520  |110474 | +1.8180e+17 | 8.11e-04 | 2.04e+17 | 5.33e-04 |
|  521  |  521  |110883 | +1.8180e+17 | 8.11e-05 | 2.04e+17 | 5.33e-04 |
|  522  |  522  |110890 | +1.8178e+17 | 5.68e-04 | 2.04e+17 | 5.32e-04 |
|  523  |  523  |111299 | +1.8180e+17 | 3.54e-03 | 2.04e+17 | 5.31e-04 |
|  524  |  524  |111708 | +1.8180e+17 | 3.54e-04 | 2.04e+17 | 5.31e-04 |
|  525  |  525  |112117 | +1.8179e+17 | 2.35e-03 | 2.04e+17 | 5.31e-04 |
|  526  |  526  |112526 | +1.8179e+17 | 2.35e-04 | 2.04e+17 | 5.31e-04 |
|  527  |  527  |112546 | +1.8180e+17 | 1.64e-03 | 2.04e+17 | 5.30e-04 |
|  528  |  528  |112955 | +1.8180e+17 | 1.64e-04 | 2.04e+17 | 5.30e-04 |
|  529  |  529  |112967 | +1.8179e+17 | 1.15e-03 | 2.05e+17 | 5.30e-04 |
|  530  |  530  |113142 | +1.8179e+17 | 1.15e-04 | 2.05e+17 | 5.30e-04 |
|  531  |  531  |113161 | +1.8179e+17 | 8.11e-04 | 2.05e+17 | 5.29e-04 |
|  532  |  532  |113570 | +1.8179e+17 | 4.89e-03 | 2.07e+17 | 5.29e-04 |
|  533  |  533  |113979 | +1.8179e+17 | 4.89e-04 | 2.07e+17 | 5.29e-04 |
|  534  |  534  |114033 | +1.8179e+17 | 4.89e-05 | 2.07e+17 | 5.29e-04 |
|  535  |  535  |114037 | +1.8180e+17 | 3.42e-04 | 2.05e+17 | 5.28e-04 |
|  536  |  536  |114446 | +1.8179e+17 | 2.32e-03 | 2.07e+17 | 5.28e-04 |
|  537  |  537  |114763 | +1.8179e+17 | 2.32e-04 | 2.07e+17 | 5.28e-04 |
|  538  |  538  |114829 | +1.8179e+17 | 2.32e-05 | 2.07e+17 | 5.28e-04 |
|  539  |  539  |114834 | +1.8180e+17 | 1.60e-04 | 2.06e+17 | 5.27e-04 |
|  540  |  540  |114839 | +1.8179e+17 | 1.11e-03 | 2.10e+17 | 5.25e-04 |
|  541  |  541  |115248 | +1.8180e+17 | 6.74e-03 | 2.08e+17 | 5.24e-04 |
|  542  |  542  |115644 | +1.8180e+17 | 6.74e-04 | 2.08e+17 | 5.24e-04 |
|  543  |  543  |115687 | +1.8180e+17 | 4.72e-03 | 2.09e+17 | 5.23e-04 |
|  544  |  544  |116096 | +1.8180e+17 | 4.72e-04 | 2.09e+17 | 5.23e-04 |
|  545  |  545  |116505 | +1.8180e+17 | 4.72e-05 | 2.09e+17 | 5.23e-04 |
|  546  |  546  |116509 | +1.8180e+17 | 3.33e-04 | 2.08e+17 | 5.23e-04 |
|  547  |  547  |116918 | +1.8180e+17 | 2.07e-03 | 2.09e+17 | 5.22e-04 |
|  548  |  548  |117327 | +1.8180e+17 | 2.07e-04 | 2.09e+17 | 5.22e-04 |
|  549  |  549  |117356 | +1.8181e+17 | 1.45e-03 | 2.09e+17 | 5.22e-04 |
|  550  |  550  |117765 | +1.8181e+17 | 1.45e-04 | 2.09e+17 | 5.22e-04 |
|  551  |  551  |117807 | +1.8180e+17 | 1.02e-03 | 2.10e+17 | 5.21e-04 |
|  552  |  552  |118216 | +1.8180e+17 | 1.02e-04 | 2.10e+17 | 5.21e-04 |
|  553  |  553  |118269 | +1.8179e+17 | 7.07e-04 | 2.11e+17 | 5.21e-04 |
|  554  |  554  |118678 | +1.8181e+17 | 4.34e-03 | 2.10e+17 | 5.20e-04 |
|  555  |  555  |119087 | +1.8181e+17 | 4.34e-04 | 2.10e+17 | 5.20e-04 |
|  556  |  556  |119194 | +1.8181e+17 | 4.34e-05 | 2.10e+17 | 5.20e-04 |
|  557  |  557  |119200 | +1.8180e+17 | 2.96e-04 | 2.11e+17 | 5.20e-04 |
|  558  |  558  |119228 | +1.8181e+17 | 2.07e-03 | 2.11e+17 | 5.19e-04 |
|  559  |  559  |119637 | +1.8180e+17 | 1.26e-02 | 2.12e+17 | 5.18e-04 |
|  560  |  560  |120046 | +1.8180e+17 | 1.26e-03 | 2.12e+17 | 5.18e-04 |
|  561  |  561  |120455 | +1.8180e+17 | 1.26e-04 | 2.12e+17 | 5.18e-04 |
|  562  |  562  |120467 | +1.8182e+17 | 8.77e-04 | 2.12e+17 | 5.18e-04 |
|  563  |  563  |120876 | +1.8180e+17 | 5.35e-03 | 2.12e+17 | 5.17e-04 |
|  564  |  564  |121285 | +1.8180e+17 | 5.35e-04 | 2.12e+17 | 5.17e-04 |
|  565  |  565  |121480 | +1.8181e+17 | 3.75e-03 | 2.13e+17 | 5.17e-04 |
|  566  |  566  |121786 | +1.8181e+17 | 3.75e-04 | 2.13e+17 | 5.17e-04 |
|  567  |  567  |121834 | +1.8181e+17 | 3.75e-05 | 2.13e+17 | 5.17e-04 |
|  568  |  568  |121839 | +1.8181e+17 | 2.65e-04 | 2.13e+17 | 5.16e-04 |
|  569  |  569  |121865 | +1.8181e+17 | 2.65e-05 | 2.13e+17 | 5.16e-04 |
|  570  |  570  |121870 | +1.8181e+17 | 1.85e-04 | 2.13e+17 | 5.16e-04 |
|  571  |  571  |121882 | +1.8182e+17 | 1.29e-03 | 2.12e+17 | 5.15e-04 |
|  572  |  572  |122291 | +1.8181e+17 | 7.91e-03 | 2.12e+17 | 5.14e-04 |
|  573  |  573  |122700 | +1.8181e+17 | 7.91e-04 | 2.12e+17 | 5.14e-04 |
|  574  |  574  |122898 | +1.8180e+17 | 5.53e-03 | 2.13e+17 | 5.13e-04 |
|  575  |  575  |123307 | +1.8179e+17 | 3.24e-02 | 2.09e+17 | 5.12e-04 |
|  576  |  576  |123716 | +1.8179e+17 | 3.24e-03 | 2.09e+17 | 5.12e-04 |
|  577  |  577  |124125 | +1.8182e+17 | 1.93e-02 | 2.09e+17 | 5.10e-04 |
|  578  |  578  |124534 | +1.8182e+17 | 1.93e-03 | 2.09e+17 | 5.10e-04 |
|  579  |  579  |124641 | +1.8179e+17 | 1.35e-02 | 2.07e+17 | 5.09e-04 |
|  580  |  580  |125050 | +1.8179e+17 | 1.35e-03 | 2.07e+17 | 5.09e-04 |
|  581  |  581  |125128 | +1.8181e+17 | 9.44e-03 | 2.07e+17 | 5.08e-04 |
|  582  |  582  |125537 | +1.8179e+17 | 5.77e-02 | 2.34e+17 | 5.05e-04 |
|  583  |  583  |125946 | +1.8179e+17 | 5.77e-03 | 2.34e+17 | 5.05e-04 |
|  584  |  584  |126355 | +1.8179e+17 | 5.77e-04 | 2.34e+17 | 5.05e-04 |
|  585  |  585  |126610 | +1.8180e+17 | 4.04e-03 | 2.16e+17 | 5.04e-04 |
|  586  |  586  |127019 | +1.8180e+17 | 4.04e-04 | 2.16e+17 | 5.04e-04 |
|  587  |  587  |127428 | +1.8180e+17 | 2.47e-03 | 2.21e+17 | 5.04e-04 |
|  588  |  588  |127837 | +1.8178e+17 | 1.49e-02 | 2.37e+17 | 5.03e-04 |
|  589  |  589  |128020 | +1.8178e+17 | 1.49e-03 | 2.37e+17 | 5.03e-04 |
|  590  |  590  |128193 | +1.8178e+17 | 1.49e-04 | 2.37e+17 | 5.03e-04 |
|  591  |  591  |128222 | +1.8178e+17 | 1.03e-03 | 2.32e+17 | 5.02e-04 |
|  592  |  592  |128631 | +1.8181e+17 | 6.34e-03 | 2.20e+17 | 5.02e-04 |
|  593  |  593  |129024 | +1.8181e+17 | 6.34e-04 | 2.20e+17 | 5.02e-04 |
|  594  |  594  |129225 | +1.8181e+17 | 6.34e-05 | 2.20e+17 | 5.02e-04 |
|  595  |  595  |129230 | +1.8179e+17 | 4.51e-04 | 2.34e+17 | 5.01e-04 |
|  596  |  596  |129266 | +1.8179e+17 | 3.15e-03 | 2.36e+17 | 5.01e-04 |
|  597  |  597  |129675 | +1.8179e+17 | 3.15e-04 | 2.36e+17 | 5.01e-04 |
|  598  |  598  |129694 | +1.8180e+17 | 2.20e-03 | 2.33e+17 | 5.00e-04 |
|  599  |  599  |129779 | +1.8180e+17 | 2.20e-04 | 2.33e+17 | 5.00e-04 |
|  600  |  600  |129790 | +1.8180e+17 | 2.20e-05 | 2.33e+17 | 5.00e-04 |
|  601  |  601  |129795 | +1.8179e+17 | 1.55e-04 | 2.36e+17 | 5.00e-04 |
|  602  |  602  |129808 | +1.8181e+17 | 1.08e-03 | 2.20e+17 | 4.98e-04 |
|  603  |  603  |129870 | +1.8181e+17 | 1.08e-04 | 2.20e+17 | 4.98e-04 |
|  604  |  604  |129884 | +1.8181e+17 | 7.51e-04 | 2.18e+17 | 4.98e-04 |
|  605  |  605  |130293 | +1.8181e+17 | 7.51e-05 | 2.18e+17 | 4.98e-04 |
|  606  |  606  |130302 | +1.8179e+17 | 5.21e-04 | 2.39e+17 | 4.98e-04 |
|  607  |  607  |130659 | +1.8179e+17 | 5.21e-05 | 2.39e+17 | 4.98e-04 |
|  608  |  608  |130664 | +1.8181e+17 | 3.67e-04 | 2.16e+17 | 4.97e-04 |
|  609  |  609  |131073 | +1.8179e+17 | 2.28e-03 | 2.37e+17 | 4.97e-04 |
|  610  |  610  |131482 | +1.8179e+17 | 2.28e-04 | 2.37e+17 | 4.97e-04 |
|  611  |  611  |131523 | +1.8181e+17 | 1.59e-03 | 2.24e+17 | 4.96e-04 |
|  612  |  612  |131932 | +1.8181e+17 | 1.59e-04 | 2.24e+17 | 4.96e-04 |
|  613  |  613  |131954 | +1.8179e+17 | 1.12e-03 | 2.30e+17 | 4.96e-04 |
|  614  |  614  |132363 | +1.8180e+17 | 7.44e-03 | 2.38e+17 | 4.95e-04 |
|  615  |  615  |132772 | +1.8180e+17 | 7.44e-04 | 2.38e+17 | 4.95e-04 |
|  616  |  616  |133181 | +1.8180e+17 | 7.44e-05 | 2.38e+17 | 4.95e-04 |
|  617  |  617  |133191 | +1.8178e+17 | 5.20e-04 | 2.41e+17 | 4.95e-04 |
|  618  |  618  |133600 | +1.8179e+17 | 3.32e-03 | 2.40e+17 | 4.94e-04 |
|  619  |  619  |134009 | +1.8178e+17 | 1.96e-02 | 2.43e+17 | 4.93e-04 |
|  620  |  620  |134418 | +1.8176e+17 | 3.37e-02 | 2.74e+17 | 4.87e-04 |
|  621  |  621  |134827 | +1.8176e+17 | 3.37e-03 | 2.74e+17 | 4.87e-04 |
|  622  |  622  |135236 | +1.8176e+17 | 3.37e-04 | 2.74e+17 | 4.87e-04 |
|  623  |  623  |135245 | +1.8180e+17 | 2.36e-03 | 2.55e+17 | 4.87e-04 |
|  624  |  624  |135654 | +1.8175e+17 | 1.45e-02 | 2.82e+17 | 4.86e-04 |
|  625  |  625  |135741 | +1.8175e+17 | 1.45e-03 | 2.82e+17 | 4.86e-04 |
|  626  |  626  |135824 | +1.8175e+17 | 1.45e-04 | 2.82e+17 | 4.86e-04 |
|  627  |  627  |135838 | +1.8177e+17 | 1.01e-03 | 2.70e+17 | 4.85e-04 |
|  628  |  628  |136247 | +1.8177e+17 | 1.01e-04 | 2.70e+17 | 4.85e-04 |
|  629  |  629  |136254 | +1.8176e+17 | 7.11e-04 | 2.78e+17 | 4.85e-04 |
|  630  |  630  |136663 | +1.8178e+17 | 4.19e-03 | 2.68e+17 | 4.84e-04 |
|  631  |  631  |137072 | +1.8178e+17 | 4.19e-04 | 2.68e+17 | 4.84e-04 |
|  632  |  632  |137481 | +1.8178e+17 | 4.19e-05 | 2.68e+17 | 4.84e-04 |
|  633  |  633  |137487 | +1.8176e+17 | 2.92e-04 | 2.79e+17 | 4.84e-04 |
|  634  |  634  |137651 | +1.8176e+17 | 2.92e-05 | 2.79e+17 | 4.84e-04 |
|  635  |  635  |137655 | +1.8178e+17 | 2.04e-04 | 2.68e+17 | 4.83e-04 |
|  636  |  636  |137716 | +1.8176e+17 | 1.43e-03 | 2.79e+17 | 4.83e-04 |
|  637  |  637  |138125 | +1.8178e+17 | 8.55e-03 | 2.71e+17 | 4.82e-04 |
|  638  |  638  |138534 | +1.8178e+17 | 8.55e-04 | 2.71e+17 | 4.82e-04 |
|  639  |  639  |138943 | +1.8178e+17 | 8.55e-05 | 2.71e+17 | 4.82e-04 |
|  640  |  640  |138952 | +1.8177e+17 | 5.96e-04 | 2.78e+17 | 4.82e-04 |
|  641  |  641  |139042 | +1.8177e+17 | 5.96e-05 | 2.78e+17 | 4.82e-04 |
|  642  |  642  |139049 | +1.8178e+17 | 4.17e-04 | 2.73e+17 | 4.81e-04 |
|  643  |  643  |139121 | +1.8177e+17 | 2.92e-03 | 2.76e+17 | 4.81e-04 |
|  644  |  644  |139169 | +1.8177e+17 | 2.92e-04 | 2.76e+17 | 4.81e-04 |
|  645  |  645  |139578 | +1.8178e+17 | 1.96e-03 | 2.71e+17 | 4.80e-04 |
|  646  |  646  |139987 | +1.8178e+17 | 1.96e-04 | 2.71e+17 | 4.80e-04 |
|  647  |  647  |140008 | +1.8177e+17 | 1.37e-03 | 2.77e+17 | 4.80e-04 |
|  648  |  648  |140086 | +1.8177e+17 | 1.37e-04 | 2.77e+17 | 4.80e-04 |
|  649  |  649  |140105 | +1.8178e+17 | 9.57e-04 | 2.70e+17 | 4.80e-04 |
|  650  |  650  |140269 | +1.8177e+17 | 6.70e-03 | 2.79e+17 | 4.79e-04 |
|  651  |  651  |140382 | +1.8177e+17 | 4.69e-02 | 3.00e+17 | 4.77e-04 |
|  652  |  652  |140791 | +1.8177e+17 | 4.69e-03 | 3.00e+17 | 4.77e-04 |
|  653  |  653  |141200 | +1.8177e+17 | 4.69e-04 | 3.00e+17 | 4.77e-04 |
|  654  |  654  |141609 | +1.8177e+17 | 2.96e-03 | 3.00e+17 | 4.77e-04 |
|  655  |  655  |141637 | +1.8177e+17 | 2.96e-04 | 3.00e+17 | 4.77e-04 |
|  656  |  656  |141655 | +1.8177e+17 | 2.96e-05 | 3.00e+17 | 4.77e-04 |
|  657  |  657  |141659 | +1.8176e+17 | 2.09e-04 | 3.03e+17 | 4.77e-04 |
|  658  |  658  |142068 | +1.8177e+17 | 1.32e-03 | 3.00e+17 | 4.76e-04 |
|  659  |  659  |142193 | +1.8177e+17 | 1.32e-04 | 3.00e+17 | 4.76e-04 |
|  660  |  660  |142217 | +1.8174e+17 | 9.27e-04 | 3.07e+17 | 4.76e-04 |
|  661  |  661  |142385 | +1.8176e+17 | 6.49e-03 | 3.08e+17 | 4.75e-04 |
|  662  |  662  |142794 | +1.8176e+17 | 6.49e-04 | 3.08e+17 | 4.75e-04 |
|  663  |  663  |143203 | +1.8176e+17 | 6.49e-05 | 3.08e+17 | 4.75e-04 |
|  664  |  664  |143209 | +1.8176e+17 | 4.44e-04 | 3.09e+17 | 4.75e-04 |
|  665  |  665  |143618 | +1.8176e+17 | 2.83e-03 | 3.09e+17 | 4.75e-04 |
|  666  |  666  |143722 | +1.8176e+17 | 2.83e-04 | 3.09e+17 | 4.75e-04 |
|  667  |  667  |143751 | +1.8176e+17 | 2.83e-05 | 3.09e+17 | 4.75e-04 |
|  668  |  668  |143755 | +1.8176e+17 | 2.00e-04 | 3.09e+17 | 4.74e-04 |
|  669  |  669  |144164 | +1.8176e+17 | 2.00e-05 | 3.09e+17 | 4.74e-04 |
|  670  |  670  |144168 | +1.8176e+17 | 1.41e-04 | 3.08e+17 | 4.74e-04 |
|  671  |  671  |144260 | +1.8176e+17 | 9.88e-04 | 3.09e+17 | 4.73e-04 |
|  672  |  672  |144338 | +1.8176e+17 | 9.88e-05 | 3.09e+17 | 4.73e-04 |
|  673  |  673  |144349 | +1.8176e+17 | 6.91e-04 | 3.09e+17 | 4.73e-04 |
|  674  |  674  |144758 | +1.8176e+17 | 6.91e-05 | 3.09e+17 | 4.73e-04 |
|  675  |  675  |144766 | +1.8176e+17 | 4.83e-04 | 3.10e+17 | 4.72e-04 |
|  676  |  676  |145175 | +1.8176e+17 | 4.83e-05 | 3.10e+17 | 4.72e-04 |
|  677  |  677  |145183 | +1.8177e+17 | 3.40e-04 | 3.09e+17 | 4.72e-04 |
|  678  |  678  |145228 | +1.8177e+17 | 3.40e-05 | 3.09e+17 | 4.72e-04 |
|  679  |  679  |145232 | +1.8177e+17 | 2.37e-04 | 3.09e+17 | 4.71e-04 |
|  680  |  680  |145259 | +1.8178e+17 | 1.66e-03 | 3.09e+17 | 4.71e-04 |
|  681  |  681  |145668 | +1.8176e+17 | 9.85e-03 | 3.14e+17 | 4.70e-04 |
|  682  |  682  |145762 | +1.8176e+17 | 9.85e-04 | 3.14e+17 | 4.70e-04 |
|  683  |  683  |145848 | +1.8176e+17 | 9.85e-05 | 3.14e+17 | 4.70e-04 |
|  684  |  684  |145858 | +1.8178e+17 | 6.85e-04 | 3.12e+17 | 4.70e-04 |
|  685  |  685  |146104 | +1.8178e+17 | 6.85e-05 | 3.12e+17 | 4.70e-04 |
|  686  |  686  |146108 | +1.8177e+17 | 4.77e-04 | 3.16e+17 | 4.69e-04 |
|  687  |  687  |146193 | +1.8178e+17 | 3.34e-03 | 3.11e+17 | 4.69e-04 |
|  688  |  688  |146602 | +1.8178e+17 | 3.34e-04 | 3.11e+17 | 4.69e-04 |
|  689  |  689  |147011 | +1.8177e+17 | 2.25e-03 | 3.14e+17 | 4.68e-04 |
|  690  |  690  |147420 | +1.8177e+17 | 2.25e-04 | 3.14e+17 | 4.68e-04 |
|  691  |  691  |147492 | +1.8177e+17 | 2.25e-05 | 3.14e+17 | 4.68e-04 |
|  692  |  692  |147498 | +1.8178e+17 | 1.51e-04 | 3.12e+17 | 4.68e-04 |
|  693  |  693  |147506 | +1.8177e+17 | 1.06e-03 | 3.15e+17 | 4.67e-04 |
|  694  |  694  |147586 | +1.8177e+17 | 1.06e-04 | 3.15e+17 | 4.67e-04 |
|  695  |  695  |147612 | +1.8179e+17 | 7.37e-04 | 3.14e+17 | 4.67e-04 |
|  696  |  696  |148021 | +1.8179e+17 | 7.37e-05 | 3.14e+17 | 4.67e-04 |
|  697  |  697  |148031 | +1.8178e+17 | 5.14e-04 | 3.14e+17 | 4.66e-04 |
|  698  |  698  |148440 | +1.8178e+17 | 5.14e-05 | 3.14e+17 | 4.66e-04 |
|  699  |  699  |148444 | +1.8179e+17 | 3.60e-04 | 3.13e+17 | 4.66e-04 |
|  700  |  700  |148853 | +1.8178e+17 | 2.34e-03 | 3.16e+17 | 4.65e-04 |
|  701  |  701  |149262 | +1.8179e+17 | 1.41e-02 | 3.20e+17 | 4.65e-04 |
|  702  |  702  |149671 | +1.8183e+17 | 8.40e-02 | 3.31e+17 | 4.60e-04 |
|  703  |  703  |150080 | +1.8183e+17 | 8.40e-03 | 3.31e+17 | 4.60e-04 |
|  704  |  704  |150489 | +1.8183e+17 | 8.40e-04 | 3.31e+17 | 4.60e-04 |
|  705  |  705  |150898 | +1.8182e+17 | 5.42e-03 | 3.32e+17 | 4.60e-04 |
|  706  |  706  |151031 | +1.8182e+17 | 5.42e-04 | 3.32e+17 | 4.60e-04 |
|  707  |  707  |151048 | +1.8182e+17 | 5.42e-05 | 3.32e+17 | 4.60e-04 |
|  708  |  708  |151051 | +1.8183e+17 | 3.79e-04 | 3.31e+17 | 4.59e-04 |
|  709  |  709  |151460 | +1.8184e+17 | 2.62e-03 | 3.32e+17 | 4.59e-04 |
|  710  |  710  |151869 | +1.8184e+17 | 2.62e-04 | 3.32e+17 | 4.59e-04 |
|  711  |  711  |151887 | +1.8184e+17 | 2.62e-05 | 3.32e+17 | 4.59e-04 |
|  712  |  712  |151890 | +1.8183e+17 | 1.82e-04 | 3.33e+17 | 4.59e-04 |
|  713  |  713  |151913 | +1.8185e+17 | 1.28e-03 | 3.32e+17 | 4.58e-04 |
|  714  |  714  |152108 | +1.8184e+17 | 8.93e-03 | 3.33e+17 | 4.58e-04 |
|  715  |  715  |152517 | +1.8184e+17 | 8.93e-04 | 3.33e+17 | 4.58e-04 |
|  716  |  716  |152926 | +1.8186e+17 | 5.32e-03 | 3.38e+17 | 4.57e-04 |
|  717  |  717  |153271 | +1.8186e+17 | 5.32e-04 | 3.38e+17 | 4.57e-04 |
|  718  |  718  |153450 | +1.8186e+17 | 5.32e-05 | 3.38e+17 | 4.57e-04 |
|  719  |  719  |153455 | +1.8184e+17 | 3.72e-04 | 3.32e+17 | 4.57e-04 |
|  720  |  720  |153864 | +1.8186e+17 | 2.22e-03 | 3.37e+17 | 4.56e-04 |
|  721  |  721  |154273 | +1.8186e+17 | 2.22e-04 | 3.37e+17 | 4.56e-04 |
|  722  |  722  |154348 | +1.8185e+17 | 1.55e-03 | 3.33e+17 | 4.56e-04 |
|  723  |  723  |154757 | +1.8185e+17 | 1.55e-04 | 3.33e+17 | 4.56e-04 |
|  724  |  724  |154861 | +1.8186e+17 | 1.09e-03 | 3.41e+17 | 4.55e-04 |
|  725  |  725  |155116 | +1.8186e+17 | 1.09e-04 | 3.41e+17 | 4.55e-04 |
|  726  |  726  |155148 | +1.8186e+17 | 7.58e-04 | 3.39e+17 | 4.55e-04 |
|  727  |  727  |155557 | +1.8186e+17 | 7.58e-05 | 3.39e+17 | 4.55e-04 |
|  728  |  728  |155567 | +1.8186e+17 | 5.33e-04 | 3.40e+17 | 4.55e-04 |
|  729  |  729  |155976 | +1.8186e+17 | 5.33e-05 | 3.40e+17 | 4.55e-04 |
|  730  |  730  |156013 | +1.8188e+17 | 3.76e-04 | 3.38e+17 | 4.54e-04 |
|  731  |  731  |156071 | +1.8188e+17 | 3.76e-05 | 3.38e+17 | 4.54e-04 |
|  732  |  732  |156078 | +1.8187e+17 | 2.63e-04 | 3.40e+17 | 4.54e-04 |
|  733  |  733  |156386 | +1.8187e+17 | 1.84e-03 | 3.41e+17 | 4.53e-04 |
|  734  |  734  |156470 | +1.8187e+17 | 1.84e-04 | 3.41e+17 | 4.53e-04 |
|  735  |  735  |156502 | +1.8187e+17 | 1.29e-03 | 3.47e+17 | 4.53e-04 |
|  736  |  736  |156911 | +1.8187e+17 | 1.29e-04 | 3.47e+17 | 4.53e-04 |
|  737  |  737  |157221 | +1.8188e+17 | 9.01e-04 | 3.41e+17 | 4.52e-04 |
|  738  |  738  |157630 | +1.8188e+17 | 9.01e-05 | 3.41e+17 | 4.52e-04 |
|  739  |  739  |157655 | +1.8188e+17 | 6.32e-04 | 3.44e+17 | 4.52e-04 |
|  740  |  740  |157795 | +1.8188e+17 | 6.32e-05 | 3.44e+17 | 4.52e-04 |
|  741  |  741  |157807 | +1.8188e+17 | 4.42e-04 | 3.42e+17 | 4.52e-04 |
|  742  |  742  |158216 | +1.8188e+17 | 2.60e-03 | 3.43e+17 | 4.51e-04 |
|  743  |  743  |158625 | +1.8188e+17 | 2.60e-04 | 3.43e+17 | 4.51e-04 |
|  744  |  744  |159034 | +1.8190e+17 | 1.60e-03 | 3.44e+17 | 4.51e-04 |
|  745  |  745  |159443 | +1.8189e+17 | 9.65e-03 | 3.43e+17 | 4.50e-04 |
|  746  |  746  |159852 | +1.8191e+17 | 1.65e-02 | 3.42e+17 | 4.47e-04 |
|  747  |  747  |160261 | +1.8195e+17 | 9.92e-02 | 3.27e+17 | 4.43e-04 |
|  748  |  748  |160670 | +1.8195e+17 | 9.92e-03 | 3.27e+17 | 4.43e-04 |
|  749  |  749  |161079 | +1.8195e+17 | 9.92e-04 | 3.27e+17 | 4.43e-04 |
|  750  |  750  |161488 | +1.8195e+17 | 9.92e-05 | 3.27e+17 | 4.43e-04 |
|  751  |  751  |161493 | +1.8190e+17 | 6.87e-04 | 3.14e+17 | 4.43e-04 |
|  752  |  752  |161510 | +1.8190e+17 | 6.87e-05 | 3.14e+17 | 4.43e-04 |
|  753  |  753  |161513 | +1.8193e+17 | 4.85e-04 | 3.27e+17 | 4.43e-04 |
|  754  |  754  |161922 | +1.8193e+17 | 4.85e-05 | 3.27e+17 | 4.43e-04 |
|  755  |  755  |161926 | +1.8192e+17 | 3.39e-04 | 3.20e+17 | 4.42e-04 |
|  756  |  756  |161980 | +1.8193e+17 | 2.38e-03 | 3.28e+17 | 4.42e-04 |
|  757  |  757  |162389 | +1.8193e+17 | 2.38e-04 | 3.28e+17 | 4.42e-04 |
|  758  |  758  |162413 | +1.8193e+17 | 2.38e-05 | 3.28e+17 | 4.42e-04 |
|  759  |  759  |162417 | +1.8192e+17 | 1.66e-04 | 3.21e+17 | 4.42e-04 |
|  760  |  760  |162457 | +1.8192e+17 | 1.66e-05 | 3.21e+17 | 4.42e-04 |
|  761  |  761  |162461 | +1.8193e+17 | 1.16e-04 | 3.26e+17 | 4.41e-04 |
|  762  |  762  |162562 | +1.8192e+17 | 8.15e-04 | 3.18e+17 | 4.41e-04 |
|  763  |  763  |162971 | +1.8192e+17 | 5.02e-03 | 3.17e+17 | 4.40e-04 |
|  764  |  764  |163139 | +1.8192e+17 | 5.02e-04 | 3.17e+17 | 4.40e-04 |
|  765  |  765  |163340 | +1.8192e+17 | 5.02e-05 | 3.17e+17 | 4.40e-04 |
|  766  |  766  |163351 | +1.8195e+17 | 3.50e-04 | 3.26e+17 | 4.40e-04 |
|  767  |  767  |163420 | +1.8192e+17 | 2.45e-03 | 3.17e+17 | 4.39e-04 |
|  768  |  768  |163482 | +1.8192e+17 | 2.45e-04 | 3.17e+17 | 4.39e-04 |
|  769  |  769  |163499 | +1.8192e+17 | 2.45e-05 | 3.17e+17 | 4.39e-04 |
|  770  |  770  |163503 | +1.8195e+17 | 1.72e-04 | 3.24e+17 | 4.39e-04 |
|  771  |  771  |163532 | +1.8193e+17 | 1.20e-03 | 3.18e+17 | 4.39e-04 |
|  772  |  772  |163941 | +1.8193e+17 | 1.20e-04 | 3.18e+17 | 4.39e-04 |
|  773  |  773  |163964 | +1.8196e+17 | 8.42e-04 | 3.26e+17 | 4.38e-04 |
|  774  |  774  |164373 | +1.8195e+17 | 5.02e-03 | 3.22e+17 | 4.38e-04 |
|  775  |  775  |164782 | +1.8195e+17 | 5.02e-04 | 3.22e+17 | 4.38e-04 |
|  776  |  776  |165191 | +1.8195e+17 | 5.02e-05 | 3.22e+17 | 4.38e-04 |
|  777  |  777  |165195 | +1.8194e+17 | 3.53e-04 | 3.18e+17 | 4.37e-04 |
|  778  |  778  |165604 | +1.8196e+17 | 2.19e-03 | 3.21e+17 | 4.37e-04 |
|  779  |  779  |166013 | +1.8196e+17 | 2.19e-04 | 3.21e+17 | 4.37e-04 |
|  780  |  780  |166130 | +1.8195e+17 | 1.53e-03 | 3.16e+17 | 4.37e-04 |
|  781  |  781  |166539 | +1.8195e+17 | 1.53e-04 | 3.16e+17 | 4.37e-04 |
|  782  |  782  |166846 | +1.8196e+17 | 1.07e-03 | 3.23e+17 | 4.36e-04 |
|  783  |  783  |167255 | +1.8195e+17 | 6.47e-03 | 3.13e+17 | 4.36e-04 |
|  784  |  784  |167664 | +1.8195e+17 | 6.47e-04 | 3.13e+17 | 4.36e-04 |
|  785  |  785  |168073 | +1.8197e+17 | 3.89e-03 | 3.21e+17 | 4.36e-04 |
|  786  |  786  |168482 | +1.8197e+17 | 3.89e-04 | 3.21e+17 | 4.36e-04 |
|  787  |  787  |168891 | +1.8197e+17 | 3.89e-05 | 3.21e+17 | 4.36e-04 |
|  788  |  788  |168897 | +1.8196e+17 | 2.68e-04 | 3.20e+17 | 4.35e-04 |
|  789  |  789  |168960 | +1.8196e+17 | 2.68e-05 | 3.20e+17 | 4.35e-04 |
|  790  |  790  |168964 | +1.8196e+17 | 1.88e-04 | 3.19e+17 | 4.35e-04 |
|  791  |  791  |169019 | +1.8196e+17 | 1.32e-03 | 3.19e+17 | 4.35e-04 |
|  792  |  792  |169428 | +1.8196e+17 | 7.85e-03 | 3.20e+17 | 4.34e-04 |
|  793  |  793  |169837 | +1.8196e+17 | 7.85e-04 | 3.20e+17 | 4.34e-04 |
|  794  |  794  |170246 | +1.8196e+17 | 7.85e-05 | 3.20e+17 | 4.34e-04 |
|  795  |  795  |170281 | +1.8197e+17 | 5.50e-04 | 3.19e+17 | 4.34e-04 |
|  796  |  796  |170690 | +1.8196e+17 | 3.28e-03 | 3.14e+17 | 4.33e-04 |
|  797  |  797  |171099 | +1.8196e+17 | 3.28e-04 | 3.14e+17 | 4.33e-04 |
|  798  |  798  |171508 | +1.8196e+17 | 3.28e-05 | 3.14e+17 | 4.33e-04 |
|  799  |  799  |171514 | +1.8198e+17 | 2.35e-04 | 3.21e+17 | 4.33e-04 |
|  800  |  800  |171923 | +1.8197e+17 | 1.59e-03 | 3.16e+17 | 4.33e-04 |
|  801  |  801  |172209 | +1.8197e+17 | 1.59e-04 | 3.16e+17 | 4.33e-04 |
|  802  |  802  |172317 | +1.8198e+17 | 1.11e-03 | 3.20e+17 | 4.32e-04 |
|  803  |  803  |172726 | +1.8197e+17 | 7.12e-03 | 3.19e+17 | 4.32e-04 |
|  804  |  804  |172775 | +1.8197e+17 | 7.12e-04 | 3.19e+17 | 4.32e-04 |
|  805  |  805  |172822 | +1.8197e+17 | 7.12e-05 | 3.19e+17 | 4.32e-04 |
|  806  |  806  |172830 | +1.8198e+17 | 4.96e-04 | 3.18e+17 | 4.32e-04 |
|  807  |  807  |173239 | +1.8199e+17 | 2.93e-03 | 3.19e+17 | 4.31e-04 |
|  808  |  808  |173648 | +1.8199e+17 | 2.93e-04 | 3.19e+17 | 4.31e-04 |
|  809  |  809  |174057 | +1.8198e+17 | 1.99e-03 | 3.14e+17 | 4.31e-04 |
|  810  |  810  |174466 | +1.8199e+17 | 1.25e-02 | 3.16e+17 | 4.30e-04 |
|  811  |  811  |174875 | +1.8199e+17 | 1.25e-03 | 3.16e+17 | 4.30e-04 |
|  812  |  812  |175284 | +1.8199e+17 | 1.25e-04 | 3.16e+17 | 4.30e-04 |
|  813  |  813  |175331 | +1.8198e+17 | 8.72e-04 | 3.12e+17 | 4.30e-04 |
|  814  |  814  |175740 | +1.8198e+17 | 8.72e-05 | 3.12e+17 | 4.30e-04 |
|  815  |  815  |175753 | +1.8198e+17 | 6.09e-04 | 3.12e+17 | 4.29e-04 |
|  816  |  816  |176150 | +1.8198e+17 | 6.09e-05 | 3.12e+17 | 4.29e-04 |
|  817  |  817  |176163 | +1.8198e+17 | 4.27e-04 | 3.11e+17 | 4.29e-04 |
|  818  |  818  |176214 | +1.8198e+17 | 4.27e-05 | 3.11e+17 | 4.29e-04 |
|  819  |  819  |176222 | +1.8199e+17 | 3.04e-04 | 3.15e+17 | 4.29e-04 |
|  820  |  820  |176252 | +1.8199e+17 | 3.04e-05 | 3.15e+17 | 4.29e-04 |
|  821  |  821  |176264 | +1.8198e+17 | 2.13e-04 | 3.09e+17 | 4.29e-04 |
|  822  |  822  |176357 | +1.8199e+17 | 1.49e-03 | 3.13e+17 | 4.28e-04 |
|  823  |  823  |176399 | +1.8199e+17 | 1.49e-04 | 3.13e+17 | 4.28e-04 |
|  824  |  824  |176427 | +1.8199e+17 | 1.49e-05 | 3.13e+17 | 4.28e-04 |
|  825  |  825  |176431 | +1.8199e+17 | 1.05e-04 | 3.12e+17 | 4.28e-04 |
|  826  |  826  |176465 | +1.8199e+17 | 7.32e-04 | 3.13e+17 | 4.28e-04 |
|  827  |  827  |176710 | +1.8199e+17 | 7.32e-05 | 3.13e+17 | 4.28e-04 |
|  828  |  828  |176735 | +1.8200e+17 | 5.14e-04 | 3.13e+17 | 4.27e-04 |
|  829  |  829  |177144 | +1.8199e+17 | 3.22e-03 | 3.09e+17 | 4.27e-04 |
|  830  |  830  |177553 | +1.8199e+17 | 3.22e-04 | 3.09e+17 | 4.27e-04 |
|  831  |  831  |177962 | +1.8199e+17 | 1.97e-03 | 3.09e+17 | 4.27e-04 |
|  832  |  832  |178238 | +1.8199e+17 | 1.97e-04 | 3.09e+17 | 4.27e-04 |
|  833  |  833  |178277 | +1.8199e+17 | 1.97e-05 | 3.09e+17 | 4.27e-04 |
|  834  |  834  |178280 | +1.8200e+17 | 1.38e-04 | 3.13e+17 | 4.26e-04 |
|  835  |  835  |178309 | +1.8199e+17 | 9.65e-04 | 3.10e+17 | 4.26e-04 |
|  836  |  836  |178718 | +1.8200e+17 | 5.91e-03 | 3.12e+17 | 4.26e-04 |
|  837  |  837  |178828 | +1.8200e+17 | 5.91e-04 | 3.12e+17 | 4.26e-04 |
|  838  |  838  |178912 | +1.8200e+17 | 5.91e-05 | 3.12e+17 | 4.26e-04 |
|  839  |  839  |178920 | +1.8199e+17 | 4.14e-04 | 3.08e+17 | 4.25e-04 |
|  840  |  840  |178972 | +1.8199e+17 | 4.14e-05 | 3.08e+17 | 4.25e-04 |
|  841  |  841  |178979 | +1.8200e+17 | 2.90e-04 | 3.12e+17 | 4.25e-04 |
|  842  |  842  |179388 | +1.8199e+17 | 1.80e-03 | 3.10e+17 | 4.25e-04 |
|  843  |  843  |179797 | +1.8199e+17 | 1.80e-04 | 3.10e+17 | 4.25e-04 |
|  844  |  844  |179859 | +1.8199e+17 | 1.80e-05 | 3.10e+17 | 4.25e-04 |
|  845  |  845  |179863 | +1.8200e+17 | 1.29e-04 | 3.14e+17 | 4.24e-04 |
|  846  |  846  |179923 | +1.8199e+17 | 9.01e-04 | 3.07e+17 | 4.24e-04 |
|  847  |  847  |180332 | +1.8199e+17 | 9.01e-05 | 3.07e+17 | 4.24e-04 |
|  848  |  848  |180593 | +1.8201e+17 | 6.31e-04 | 3.15e+17 | 4.24e-04 |
|  849  |  849  |181002 | +1.8201e+17 | 6.31e-05 | 3.15e+17 | 4.24e-04 |
|  850  |  850  |181332 | +1.8199e+17 | 4.42e-04 | 3.04e+17 | 4.23e-04 |
|  851  |  851  |181609 | +1.8199e+17 | 4.42e-05 | 3.04e+17 | 4.23e-04 |
|  852  |  852  |181631 | +1.8200e+17 | 3.10e-04 | 3.12e+17 | 4.23e-04 |
|  853  |  853  |181739 | +1.8200e+17 | 2.17e-03 | 3.10e+17 | 4.23e-04 |
|  854  |  854  |182148 | +1.8200e+17 | 2.17e-04 | 3.10e+17 | 4.23e-04 |
|  855  |  855  |182188 | +1.8200e+17 | 1.52e-03 | 3.10e+17 | 4.22e-04 |
|  856  |  856  |182273 | +1.8200e+17 | 1.52e-04 | 3.10e+17 | 4.22e-04 |
|  857  |  857  |182295 | +1.8200e+17 | 1.52e-05 | 3.10e+17 | 4.22e-04 |
|  858  |  858  |182299 | +1.8200e+17 | 1.06e-04 | 3.12e+17 | 4.22e-04 |
|  859  |  859  |182306 | +1.8201e+17 | 7.39e-04 | 3.10e+17 | 4.21e-04 |
|  860  |  860  |182685 | +1.8201e+17 | 7.39e-05 | 3.10e+17 | 4.21e-04 |
|  861  |  861  |182696 | +1.8201e+17 | 5.18e-04 | 3.11e+17 | 4.21e-04 |
|  862  |  862  |182733 | +1.8201e+17 | 5.18e-05 | 3.11e+17 | 4.21e-04 |
|  863  |  863  |182743 | +1.8200e+17 | 3.62e-04 | 3.09e+17 | 4.21e-04 |
|  864  |  864  |182920 | +1.8200e+17 | 3.62e-05 | 3.09e+17 | 4.21e-04 |
|  865  |  865  |182928 | +1.8201e+17 | 2.53e-04 | 3.12e+17 | 4.20e-04 |
|  866  |  866  |183336 | +1.8199e+17 | 1.77e-03 | 3.03e+17 | 4.20e-04 |
|  867  |  867  |183745 | +1.8199e+17 | 1.77e-04 | 3.03e+17 | 4.20e-04 |
|  868  |  868  |184154 | +1.8201e+17 | 1.07e-03 | 3.09e+17 | 4.20e-04 |
|  869  |  869  |184563 | +1.8201e+17 | 1.07e-04 | 3.09e+17 | 4.20e-04 |
|  870  |  870  |184613 | +1.8200e+17 | 7.45e-04 | 3.07e+17 | 4.19e-04 |
|  871  |  871  |185022 | +1.8200e+17 | 7.45e-05 | 3.07e+17 | 4.19e-04 |
|  872  |  872  |185329 | +1.8200e+17 | 7.45e-06 | 3.07e+17 | 4.19e-04 |
|  873  |  873  |185329 | +1.8200e+17 | 1.00e+00 | 3.07e+17 | 4.19e-04 |
|  874  |  874  |185738 | +1.8200e+17 | 1.00e-01 | 3.07e+17 | 4.19e-04 |
|  875  |  875  |186147 | +1.8200e+17 | 1.00e-02 | 3.07e+17 | 4.19e-04 |
|  876  |  876  |186556 | +1.8200e+17 | 1.00e-03 | 3.07e+17 | 4.19e-04 |
|  877  |  877  |186965 | +1.8200e+17 | 1.00e-04 | 3.07e+17 | 4.19e-04 |
|  878  |  878  |187374 | +1.8200e+17 | 1.00e-05 | 3.07e+17 | 4.19e-04 |
|  879  |  879  |187379 | +1.8201e+17 | 7.07e-05 | 3.11e+17 | 4.19e-04 |
|  880  |  880  |187384 | +1.8199e+17 | 4.89e-04 | 3.03e+17 | 4.18e-04 |
|  881  |  881  |187443 | +1.8199e+17 | 4.89e-05 | 3.03e+17 | 4.18e-04 |
|  882  |  882  |187452 | +1.8201e+17 | 3.44e-04 | 3.12e+17 | 4.18e-04 |
|  883  |  883  |187551 | +1.8201e+17 | 3.44e-05 | 3.12e+17 | 4.18e-04 |
|  884  |  884  |187559 | +1.8201e+17 | 2.45e-04 | 3.09e+17 | 4.17e-04 |
|  885  |  885  |187608 | +1.8201e+17 | 1.72e-03 | 3.10e+17 | 4.17e-04 |
|  886  |  886  |188017 | +1.8199e+17 | 1.05e-02 | 3.07e+17 | 4.16e-04 |
|  887  |  887  |188426 | +1.8199e+17 | 1.05e-03 | 3.07e+17 | 4.16e-04 |
|  888  |  888  |188835 | +1.8199e+17 | 1.05e-04 | 3.07e+17 | 4.16e-04 |
|  889  |  889  |188848 | +1.8200e+17 | 7.35e-04 | 3.05e+17 | 4.15e-04 |
|  890  |  890  |189257 | +1.8200e+17 | 7.35e-05 | 3.05e+17 | 4.15e-04 |
|  891  |  891  |189272 | +1.8200e+17 | 7.35e-06 | 3.05e+17 | 4.15e-04 |
|  892  |  892  |189272 | +1.8200e+17 | 1.00e+00 | 3.05e+17 | 4.15e-04 |
|  893  |  893  |189681 | +1.8200e+17 | 1.00e-01 | 3.05e+17 | 4.15e-04 |
|  894  |  894  |190090 | +1.8200e+17 | 1.00e-02 | 3.05e+17 | 4.15e-04 |
|  895  |  895  |190499 | +1.8200e+17 | 1.00e-03 | 3.05e+17 | 4.15e-04 |
|  896  |  896  |190908 | +1.8200e+17 | 1.00e-04 | 3.05e+17 | 4.15e-04 |
|  897  |  897  |190929 | +1.8200e+17 | 1.00e-05 | 3.05e+17 | 4.15e-04 |
|  898  |  898  |190933 | +1.8200e+17 | 7.02e-05 | 3.10e+17 | 4.15e-04 |
|  899  |  899  |190937 | +1.8199e+17 | 4.92e-04 | 3.05e+17 | 4.15e-04 |
|  900  |  900  |191346 | +1.8199e+17 | 4.92e-05 | 3.05e+17 | 4.15e-04 |
|  901  |  901  |191353 | +1.8201e+17 | 3.45e-04 | 3.10e+17 | 4.15e-04 |
|  902  |  902  |191755 | +1.8201e+17 | 3.45e-05 | 3.10e+17 | 4.15e-04 |
|  903  |  903  |191766 | +1.8200e+17 | 2.42e-04 | 3.05e+17 | 4.14e-04 |
|  904  |  904  |192175 | +1.8200e+17 | 2.42e-05 | 3.05e+17 | 4.14e-04 |
|  905  |  905  |192183 | +1.8201e+17 | 1.70e-04 | 3.11e+17 | 4.14e-04 |
|  906  |  906  |192592 | +1.8200e+17 | 1.01e-03 | 3.06e+17 | 4.14e-04 |
|  907  |  907  |193001 | +1.8200e+17 | 1.01e-04 | 3.06e+17 | 4.14e-04 |
|  908  |  908  |193014 | +1.8201e+17 | 7.06e-04 | 3.09e+17 | 4.13e-04 |
|  909  |  909  |193423 | +1.8201e+17 | 7.06e-05 | 3.09e+17 | 4.13e-04 |
|  910  |  910  |193450 | +1.8200e+17 | 4.96e-04 | 3.06e+17 | 4.13e-04 |
|  911  |  911  |193517 | +1.8200e+17 | 3.47e-03 | 3.03e+17 | 4.13e-04 |
|  912  |  912  |193857 | +1.8200e+17 | 3.47e-04 | 3.03e+17 | 4.13e-04 |
|  913  |  913  |193990 | +1.8200e+17 | 3.47e-05 | 3.03e+17 | 4.13e-04 |
|  914  |  914  |193999 | +1.8200e+17 | 2.44e-04 | 3.05e+17 | 4.13e-04 |
|  915  |  915  |194368 | +1.8200e+17 | 2.44e-05 | 3.05e+17 | 4.13e-04 |
|  916  |  916  |194377 | +1.8201e+17 | 1.73e-04 | 3.08e+17 | 4.12e-04 |
|  917  |  917  |194786 | +1.8201e+17 | 1.73e-05 | 3.08e+17 | 4.12e-04 |
|  918  |  918  |194791 | +1.8200e+17 | 1.22e-04 | 3.06e+17 | 4.12e-04 |
|  919  |  919  |194808 | +1.8201e+17 | 8.53e-04 | 3.07e+17 | 4.12e-04 |
|  920  |  920  |195217 | +1.8200e+17 | 5.18e-03 | 3.04e+17 | 4.11e-04 |
|  921  |  921  |195626 | +1.8200e+17 | 5.18e-04 | 3.04e+17 | 4.11e-04 |
|  922  |  922  |196035 | +1.8200e+17 | 3.36e-03 | 3.02e+17 | 4.11e-04 |
|  923  |  923  |196444 | +1.8200e+17 | 3.36e-04 | 3.02e+17 | 4.11e-04 |
|  924  |  924  |196853 | +1.8200e+17 | 2.22e-03 | 3.06e+17 | 4.11e-04 |
|  925  |  925  |196933 | +1.8196e+17 | 1.55e-02 | 2.96e+17 | 4.10e-04 |
|  926  |  926  |197342 | +1.8196e+17 | 1.55e-03 | 2.96e+17 | 4.10e-04 |
|  927  |  927  |197751 | +1.8196e+17 | 1.55e-04 | 2.96e+17 | 4.10e-04 |
|  928  |  928  |198160 | +1.8197e+17 | 1.00e-03 | 3.03e+17 | 4.09e-04 |
|  929  |  929  |198569 | +1.8197e+17 | 1.00e-04 | 3.03e+17 | 4.09e-04 |
|  930  |  930  |198978 | +1.8197e+17 | 6.77e-04 | 3.01e+17 | 4.09e-04 |
|  931  |  931  |199387 | +1.8197e+17 | 6.77e-05 | 3.01e+17 | 4.09e-04 |
|  932  |  932  |199409 | +1.8197e+17 | 4.74e-04 | 3.01e+17 | 4.09e-04 |
|  933  |  933  |199818 | +1.8197e+17 | 4.74e-05 | 3.01e+17 | 4.09e-04 |
|  934  |  934  |199838 | +1.8198e+17 | 3.32e-04 | 3.02e+17 | 4.09e-04 |
|  935  |  935  |199956 | +1.8198e+17 | 3.32e-05 | 3.02e+17 | 4.09e-04 |
|  936  |  936  |199971 | +1.8197e+17 | 2.33e-04 | 3.01e+17 | 4.08e-04 |
|  937  |  937  |200380 | +1.8198e+17 | 1.37e-03 | 3.02e+17 | 4.08e-04 |
|  938  |  938  |200789 | +1.8198e+17 | 1.37e-04 | 3.02e+17 | 4.08e-04 |
|  939  |  939  |200817 | +1.8198e+17 | 1.37e-05 | 3.02e+17 | 4.08e-04 |
|  940  |  940  |200821 | +1.8197e+17 | 9.55e-05 | 2.95e+17 | 4.08e-04 |
|  941  |  941  |201179 | +1.8198e+17 | 6.69e-04 | 3.02e+17 | 4.07e-04 |
|  942  |  942  |201588 | +1.8198e+17 | 6.69e-05 | 3.02e+17 | 4.07e-04 |
|  943  |  943  |201621 | +1.8198e+17 | 4.68e-04 | 3.01e+17 | 4.07e-04 |
|  944  |  944  |202030 | +1.8198e+17 | 4.68e-05 | 3.01e+17 | 4.07e-04 |
|  945  |  945  |202050 | +1.8197e+17 | 3.27e-04 | 2.95e+17 | 4.07e-04 |
|  946  |  946  |202459 | +1.8197e+17 | 3.27e-05 | 2.95e+17 | 4.07e-04 |
|  947  |  947  |202473 | +1.8198e+17 | 2.29e-04 | 3.03e+17 | 4.06e-04 |
|  948  |  948  |202882 | +1.8197e+17 | 1.35e-03 | 2.98e+17 | 4.06e-04 |
|  949  |  949  |203291 | +1.8197e+17 | 1.35e-04 | 2.98e+17 | 4.06e-04 |
|  950  |  950  |203490 | +1.8198e+17 | 9.47e-04 | 3.03e+17 | 4.06e-04 |
|  951  |  951  |203899 | +1.8198e+17 | 9.47e-05 | 3.03e+17 | 4.06e-04 |
|  952  |  952  |203922 | +1.8197e+17 | 6.64e-04 | 2.98e+17 | 4.05e-04 |
|  953  |  953  |204331 | +1.8197e+17 | 6.64e-05 | 2.98e+17 | 4.05e-04 |
|  954  |  954  |204340 | +1.8198e+17 | 4.64e-04 | 3.00e+17 | 4.05e-04 |
|  955  |  955  |204391 | +1.8198e+17 | 4.64e-05 | 3.00e+17 | 4.05e-04 |
|  956  |  956  |204398 | +1.8198e+17 | 3.25e-04 | 3.02e+17 | 4.05e-04 |
|  957  |  957  |204807 | +1.8198e+17 | 3.25e-05 | 3.02e+17 | 4.05e-04 |
|  958  |  958  |204817 | +1.8198e+17 | 2.29e-04 | 3.00e+17 | 4.05e-04 |
|  959  |  959  |204886 | +1.8198e+17 | 2.29e-05 | 3.00e+17 | 4.05e-04 |
|  960  |  960  |204897 | +1.8198e+17 | 1.56e-04 | 3.00e+17 | 4.04e-04 |
|  961  |  961  |205306 | +1.8198e+17 | 1.56e-05 | 3.00e+17 | 4.04e-04 |
|  962  |  962  |205311 | +1.8198e+17 | 1.10e-04 | 3.00e+17 | 4.04e-04 |
|  963  |  963  |205445 | +1.8198e+17 | 7.73e-04 | 3.04e+17 | 4.04e-04 |
|  964  |  964  |205505 | +1.8198e+17 | 7.73e-05 | 3.04e+17 | 4.04e-04 |
|  965  |  965  |205520 | +1.8198e+17 | 5.38e-04 | 3.00e+17 | 4.04e-04 |
|  966  |  966  |205929 | +1.8198e+17 | 3.45e-03 | 3.02e+17 | 4.03e-04 |
|  967  |  967  |206338 | +1.8198e+17 | 3.45e-04 | 3.02e+17 | 4.03e-04 |
|  968  |  968  |206747 | +1.8199e+17 | 2.14e-03 | 3.02e+17 | 4.03e-04 |
|  969  |  969  |207156 | +1.8199e+17 | 2.14e-04 | 3.02e+17 | 4.03e-04 |
|  970  |  970  |207480 | +1.8199e+17 | 1.50e-03 | 3.03e+17 | 4.03e-04 |
|  971  |  971  |207889 | +1.8199e+17 | 1.50e-04 | 3.03e+17 | 4.03e-04 |
|  972  |  972  |207909 | +1.8199e+17 | 1.50e-05 | 3.03e+17 | 4.03e-04 |
|  973  |  973  |207912 | +1.8199e+17 | 1.06e-04 | 3.00e+17 | 4.02e-04 |
|  974  |  974  |207924 | +1.8198e+17 | 7.41e-04 | 3.00e+17 | 4.02e-04 |
|  975  |  975  |208333 | +1.8197e+17 | 4.68e-03 | 2.96e+17 | 4.02e-04 |
|  976  |  976  |208742 | +1.8197e+17 | 4.68e-04 | 2.96e+17 | 4.02e-04 |
|  977  |  977  |209151 | +1.8199e+17 | 2.76e-03 | 3.01e+17 | 4.01e-04 |
|  978  |  978  |209377 | +1.8199e+17 | 2.76e-04 | 3.01e+17 | 4.01e-04 |
|  979  |  979  |209786 | +1.8199e+17 | 2.76e-05 | 3.01e+17 | 4.01e-04 |
|  980  |  980  |209790 | +1.8198e+17 | 1.94e-04 | 2.99e+17 | 4.01e-04 |
|  981  |  981  |210199 | +1.8198e+17 | 1.20e-03 | 3.00e+17 | 4.01e-04 |
|  982  |  982  |210608 | +1.8198e+17 | 1.20e-04 | 3.00e+17 | 4.01e-04 |
|  983  |  983  |210620 | +1.8198e+17 | 8.39e-04 | 2.98e+17 | 4.00e-04 |
|  984  |  984  |210751 | +1.8198e+17 | 8.39e-05 | 2.98e+17 | 4.00e-04 |
|  985  |  985  |210790 | +1.8198e+17 | 8.39e-06 | 2.98e+17 | 4.00e-04 |
|  986  |  986  |210790 | +1.8198e+17 | 1.00e+00 | 2.98e+17 | 4.00e-04 |
|  987  |  987  |211005 | +1.8198e+17 | 1.00e-01 | 2.98e+17 | 4.00e-04 |
|  988  |  988  |211134 | +1.8198e+17 | 1.00e-02 | 2.98e+17 | 4.00e-04 |
|  989  |  989  |211264 | +1.8198e+17 | 1.00e-03 | 2.98e+17 | 4.00e-04 |
|  990  |  990  |211395 | +1.8198e+17 | 1.00e-04 | 2.98e+17 | 4.00e-04 |
|  991  |  991  |211444 | +1.8198e+17 | 1.00e-05 | 2.98e+17 | 4.00e-04 |
|  992  |  992  |211447 | +1.8198e+17 | 7.06e-05 | 3.00e+17 | 4.00e-04 |
|  993  |  993  |211453 | +1.8199e+17 | 4.92e-04 | 3.00e+17 | 3.99e-04 |
|  994  |  994  |211862 | +1.8199e+17 | 2.92e-03 | 3.03e+17 | 3.99e-04 |
|  995  |  995  |212271 | +1.8199e+17 | 2.92e-04 | 3.03e+17 | 3.99e-04 |
|  996  |  996  |212421 | +1.8199e+17 | 2.92e-05 | 3.03e+17 | 3.99e-04 |
|  997  |  997  |212424 | +1.8198e+17 | 2.04e-04 | 2.96e+17 | 3.98e-04 |
|  998  |  998  |212494 | +1.8198e+17 | 2.04e-05 | 2.96e+17 | 3.98e-04 |
|  999  |  999  |212501 | +1.8199e+17 | 1.42e-04 | 3.03e+17 | 3.98e-04 |
| 1000  | 1000  |212910 | +1.8198e+17 | 9.02e-04 | 2.99e+17 | 3.98e-04 |

The maximum number of function evaluations is exceeded.
Number of iterations: 1000, function evaluations: 1000, CG iterations: 212910, optimality: 2.99e+17, constraint violation: 3.98e-04, execution time: 1.8e+03 s.
time 2060.181888103485
res             message: The maximum number of function evaluations is exceeded.
           success: False
            status: 0
               fun: 1.8198477821490797e+17
                 x: [ 1.079e-01  1.464e-01 ...  5.057e-04 -1.325e-03]
               nit: 1000
              nfev: 1000
              njev: 1000
              nhev: 0
          cg_niter: 212910
      cg_stop_cond: 1
              grad: [-4.767e+17 -4.600e+17 ...  0.000e+00  0.000e+00]
   lagrangian_grad: [-3.838e+15 -2.871e+15 ...  4.920e-03  1.597e-02]
            constr: [array([ 1.000e+00,  8.600e-01,  9.296e-01,  9.999e-01,
                            9.999e-01,  9.851e-01,  9.746e-01,  9.972e-01,
                            9.414e-01,  9.696e-01,  4.360e-01,  4.423e-01]), array([ 2.731e-04]), array([ 1.431e-04]), array([ 0.000e+00]), array([ 1.025e-04]), array([ 3.454e-05]), array([ 3.979e-04]), array([ 2.752e-05]), array([ 1.616e-05]), array([ 0.000e+00]), array([ 0.000e+00]), array([ 1.129e-05]), array([ 1.079e-01,  1.464e-01, ...,  5.057e-04,
                           -1.325e-03], shape=(419,))]
               jac: [array([[ 1.000e+00,  1.000e+00, ...,  0.000e+00,
                             0.000e+00],
                           [ 0.000e+00,  0.000e+00, ...,  0.000e+00,
                             0.000e+00],
                           ...,
                           [ 0.000e+00,  0.000e+00, ...,  0.000e+00,
                             0.000e+00],
                           [ 0.000e+00,  0.000e+00, ...,  0.000e+00,
                             0.000e+00]], shape=(12, 419)), array([[ 0.000e+00,  0.000e+00, ...,  0.000e+00,
                             0.000e+00]], shape=(1, 419)), array([[ 6.620e-03,  6.620e-03, ...,  0.000e+00,
                             0.000e+00]], shape=(1, 419)), array([[ 0.000e+00,  0.000e+00, ...,  0.000e+00,
                             0.000e+00]], shape=(1, 419)), array([[ 0.000e+00,  0.000e+00, ...,  2.718e-22,
                             8.823e-22]], shape=(1, 419)), array([[ 0.000e+00,  0.000e+00, ...,  0.000e+00,
                             0.000e+00]], shape=(1, 419)), array([[ 0.000e+00,  0.000e+00, ...,  0.000e+00,
                             0.000e+00]], shape=(1, 419)), array([[ 0.000e+00,  0.000e+00, ...,  0.000e+00,
                             0.000e+00]], shape=(1, 419)), array([[ 0.000e+00,  0.000e+00, ...,  0.000e+00,
                             0.000e+00]], shape=(1, 419)), array([[ 0.000e+00,  0.000e+00, ...,  0.000e+00,
                             0.000e+00]], shape=(1, 419)), array([[ 0.000e+00,  0.000e+00, ...,  0.000e+00,
                             0.000e+00]], shape=(1, 419)), array([[ 0.000e+00,  0.000e+00, ...,  0.000e+00,
                             0.000e+00]], shape=(1, 419)), array([[ 1.000e+00,  0.000e+00, ...,  0.000e+00,
                             0.000e+00],
                           [ 0.000e+00,  1.000e+00, ...,  0.000e+00,
                             0.000e+00],
                           ...,
                           [ 0.000e+00,  0.000e+00, ...,  1.000e+00,
                             0.000e+00],
                           [ 0.000e+00,  0.000e+00, ...,  0.000e+00,
                             1.000e+00]], shape=(419, 419))]
       constr_nfev: [0, 1000, 1000, 1000, 1000, 1000, 1000, 1000, 1000, 1000, 1000, 1000, 0]
       constr_njev: [0, 1000, 1000, 1000, 1000, 1000, 1000, 1000, 1000, 1000, 1000, 1000, 0]
       constr_nhev: [0, 0, 0, 0, 0, 0, 0, 0, 0, 0, 0, 0, 0]
                 v: [array([ 2.577e+17, -2.197e+17,  1.027e+16, -1.408e+17,
                            5.005e+17, -2.232e+17,  3.540e+15,  7.674e+17,
                            1.113e+17,  4.711e+16, -3.700e+16,  1.507e+16]), array([ 1.014e+19]), array([ 2.728e+17]), array([ 2.410e+31]), array([ 1.810e+19]), array([-6.757e+18]), array([ 8.873e+17]), array([ 2.248e+17]), array([ 7.307e+17]), array([ 1.077e+30]), array([-1.144e+31]), array([-4.060e+17]), array([ 2.134e+17,  1.977e+17, ...,  0.000e+00,
                            0.000e+00], shape=(419,))]
            method: tr_interior_point
        optimality: 2.992404349418027e+17
  constr_violation: 0.00039788812074360066
    execution_time: 1750.9956555366516
         tr_radius: 0.0009021001276892033
    constr_penalty: 2.9540390818479376e+33
 barrier_parameter: 0.0008000000000000003
 barrier_tolerance: 0.0008000000000000003
             niter: 1000
End time:       Wed Aug 19 15:20:07 EDT 2026
