Job ID:         16027698
Nodes:          1
CPUs per task:  4
Start time:     Wed Aug 19 13:05:30 EDT 2026
       __       ___      ___   ___                _______  _______ .___  ___. 
      |  |     /   \     \  \ /  /               |   ____||   ____||   \/   | 
      |  |    /  ^  \     \  V  /      ______    |  |__   |  |__   |  \  /  | 
.--.  |  |   /  /_\  \     >   <      |______|   |   __|  |   __|  |  |\/|  | 
|  `--'  |  /  _____  \   /  .  \                |  |     |  |____ |  |  |  | 
 \______/  /__/     \__\ /__/ \__\               |__|     |_______||__|  |__| 
                                                                              

k_attachment is not provided. Based on the coil's stiffness, the auto-generated value is 2.7956e+14 N/m3.
Beam network initialized.
Optimizing:
    dphis_end_cc - per-coil shapes: [(6,), (6,), (6,), (6,), (3,), (3,)]
    dphis_start_cc - per-coil shapes: [(6,), (6,), (6,), (6,), (3,), (3,)]
Fixing:
    thetas_orientation_cc
    r_beam
    dphis_start_cf
    x_foundation
    thetas_orientation_cf
Total # dofs: 60
solving with float64
# mesh node for all coils: [4800, 4800, 4800, 4800, 4800]
# mesh cell for all coils: [2304, 2304, 2304, 2304, 2304]
MAXITER = 1000
# free dofs = 419
# linear inequality constraints = 12
solving with float64
End time:       Wed Aug 19 13:12:25 EDT 2026
