[gl053.hpc.nyu.edu:903387] pmix_mca_base_component_repository_open: unable to open /scratch/lf2869/conda_envs/desc/lib/pmix/pmix_mca_pcompress_zlib.so: File /scratch/lf2869/conda_envs/desc/lib/pmix/pmix_mca_pcompress_zlib.so.sl not found (ignored)
Traceback (most recent call last):
  File "/scratch/lf2869/code/simsopt/src/simsopt/_core/json.py", line 159, in as_dict
    a = getattr(self, c)
        ^^^^^^^^^^^^^^^^
AttributeError: 'LpCurveForce' object has no attribute 'p'

During handling of the above exception, another exception occurred:

Traceback (most recent call last):
  File "/scratch/lf2869/code/simsopt/src/simsopt/_core/json.py", line 162, in as_dict
    a = getattr(self, "_" + c)
        ^^^^^^^^^^^^^^^^^^^^^^
AttributeError: 'LpCurveForce' object has no attribute '_p'

During handling of the above exception, another exception occurred:

Traceback (most recent call last):
  File "/scratch/lf2869/project/fem-data/w7x-optimization/./optimize_force.py", line 65, in <module>
    save([Jstress], 'Jstress_force.json')
  File "/scratch/lf2869/code/simsopt/src/simsopt/_core/optimizable.py", line 1646, in save
    return json.dump(simson, fp, *args, **kwargs)
           ^^^^^^^^^^^^^^^^^^^^^^^^^^^^^^^^^^^^^^
  File "/scratch/lf2869/conda_envs/desc/lib/python3.12/json/__init__.py", line 179, in dump
    for chunk in iterable:
                 ^^^^^^^^
  File "/scratch/lf2869/conda_envs/desc/lib/python3.12/json/encoder.py", line 439, in _iterencode
    o = _default(o)
        ^^^^^^^^^^^
  File "/scratch/lf2869/code/simsopt/src/simsopt/_core/json.py", line 414, in default
    d = o.as_dict()
        ^^^^^^^^^^^
  File "/scratch/lf2869/code/simsopt/src/simsopt/_core/json.py", line 328, in as_dict
    d["graph"] = recursive_as_dict(self.simsopt_objs)
                 ^^^^^^^^^^^^^^^^^^^^^^^^^^^^^^^^^^^^
  File "/scratch/lf2869/code/simsopt/src/simsopt/_core/json.py", line 314, in recursive_as_dict
    return [recursive_as_dict(it) for it in obj]
            ^^^^^^^^^^^^^^^^^^^^^
  File "/scratch/lf2869/code/simsopt/src/simsopt/_core/json.py", line 322, in recursive_as_dict
    serial_obj = obj.as_dict(
                 ^^^^^^^^^^^^
  File "/scratch/lf2869/code/simsopt/src/simsopt/_core/optimizable.py", line 1572, in as_dict
    d = super().as_dict(serial_objs_dict)
        ^^^^^^^^^^^^^^^^^^^^^^^^^^^^^^^^^
  File "/scratch/lf2869/code/simsopt/src/simsopt/_core/json.py", line 165, in as_dict
    raise NotImplementedError(
NotImplementedError: Unable to automatically determine as_dict format from class. GSONAble requires all args to be present as either self.argname or self._argname, and kwargs to be present undera self.kwargs variable to automatically determine the dict format. Alternatively, you can implement both as_dict and from_dict.
