Btarget should have shape (25, 50)
Btarget has shape (25, 50)
Initial normalized flux 5.017968221761736e-07
Setting normalized flux target to this value.
Initial lengths [Array(8.54929644, dtype=float64), Array(8.47945083, dtype=float64), Array(8.45877022, dtype=float64), Array(8.55373924, dtype=float64), Array(8.50500945, dtype=float64)]
Setting length targets to these values.
       __       ___      ___   ___                _______  _______ .___  ___. 
      |  |     /   \     \  \ /  /               |   ____||   ____||   \/   | 
      |  |    /  ^  \     \  V  /      ______    |  |__   |  |__   |  \  /  | 
.--.  |  |   /  /_\  \     >   <      |______|   |   __|  |   __|  |  |\/|  | 
|  `--'  |  /  _____  \   /  .  \                |  |     |  |____ |  |  |  | 
 \______/  /__/     \__\ /__/ \__\               |__|     |_______||__|  |__| 
                                                                              

Optimizing max Von Mises
Begin ----------
MAXITER = 500
solving with float64
solving with float64
Filament time 10110.173106431961
Normalized flux 5.67127731540544e-07
Max (lse) von mises 3.986590573888535e+16
Lengths [np.float64(0.0), np.float64(0.0), np.float64(0.0), np.float64(0.0), np.float64(0.0)]
Max curvatures [Array(2.55528, dtype=float64), Array(2.55394, dtype=float64), Array(2.5554, dtype=float64), Array(2.55547, dtype=float64), Array(2.55452, dtype=float64)]
Final value of terms
    FLUX_WEIGHT**2 * Jf_norm_cons  0.0005335159647969443
    + CC_WEIGHT * Jccdist          3.765928659229996e-06
    + CS_WEIGHT * Jcsdist          0.0
    + STRESS_WEIGHT * Jstress      0.039865905738885356
    + CURVATURE_WEIGHT * sum(Jcs)  1.9819780123067942e-07
    + LINK_WEIGHT * linkNum        0
    + LENGTH_WEIGHT * sum(Jls)     0.0
-----------------------------------------
res   message: STOP: TOTAL NO. OF ITERATIONS REACHED LIMIT
  success: False
   status: 1
      fun: 0.04040338583007495
        x: [-7.241e-04  5.218e-01 ...  2.779e-03 -6.905e-03]
      nit: 500
      jac: [ 7.031e-03  1.055e-02 ... -3.091e-03 -1.598e-02]
     nfev: 1102
     njev: 1102
 hess_inv: <326x326 LbfgsInvHessProduct with dtype=float64>
