Btarget should have shape (25, 50)
Btarget has shape (25, 50)
Initial normalized flux 5.435032925837685e-07
Setting normalized flux target to this value.
Initial lengths [Array(8.54929691, dtype=float64), Array(8.47945104, dtype=float64), Array(8.45876912, dtype=float64), Array(8.55374111, dtype=float64), Array(8.50500782, dtype=float64)]
Setting length targets to these values.
Optimizing L2 force
Begin ----------
MAXITER = 500
Filament time 660.416800737381
Normalized flux 1.6376163196410837e-06
L2 force 93.32582896760671
Lengths [np.float64(0.0), np.float64(0.0), np.float64(0.0), np.float64(0.0), np.float64(0.0)]
Max curvatures [Array(2.55533848, dtype=float64), Array(2.55533839, dtype=float64), Array(2.55533878, dtype=float64), Array(2.55533415, dtype=float64), Array(2.5553375, dtype=float64)]
Final value of terms
    FLUX_WEIGHT**2 * Jf_norm_cons  5.9854165798826105e-05
    + CC_WEIGHT * Jccdist          0.0
    + CS_WEIGHT * Jcsdist          1.370427276470703e-09
    + FORCE_WEIGHT * Jforce        0.004666291448380336
    + CURVATURE_WEIGHT * sum(Jcs)  9.946850824505219e-11
    + LINK_WEIGHT * linkNum        0
    + LENGTH_WEIGHT * sum(Jls)     0.0
-----------------------------------------
res   message: CONVERGENCE: RELATIVE REDUCTION OF F <= FACTR*EPSMCH
  success: True
   status: 0
      fun: 0.004726147084074947
        x: [ 1.620e+06  5.410e+00 ... -2.026e-03  5.651e-03]
      nit: 487
      jac: [ 1.152e-08  1.682e-04 ...  2.371e-03  1.240e-04]
     nfev: 2257
     njev: 2257
 hess_inv: <316x316 LbfgsInvHessProduct with dtype=float64>
Missing attribute is p
