Btarget should have shape (25, 50)
Btarget has shape (25, 50)
Initial normalized flux 5.435032925837685e-07
Setting normalized flux target to this value.
Initial lengths [Array(8.54929691, dtype=float64), Array(8.47945104, dtype=float64), Array(8.45876912, dtype=float64), Array(8.55374111, dtype=float64), Array(8.50500782, dtype=float64)]
Setting length targets to these values.
       __       ___      ___   ___                _______  _______ .___  ___. 
      |  |     /   \     \  \ /  /               |   ____||   ____||   \/   | 
      |  |    /  ^  \     \  V  /      ______    |  |__   |  |__   |  \  /  | 
.--.  |  |   /  /_\  \     >   <      |______|   |   __|  |   __|  |  |\/|  | 
|  `--'  |  /  _____  \   /  .  \                |  |     |  |____ |  |  |  | 
 \______/  /__/     \__\ /__/ \__\               |__|     |_______||__|  |__| 
                                                                              

Optimizing max Von Mises
Begin ----------
MAXITER = 500
solving with float64
solving with float64
Filament time 18642.501675367355
Normalized flux 8.020512246176694e-06
Max (lse) von mises 2.4026112892854516e+16
Lengths [np.float64(0.0), np.float64(0.0), np.float64(0.0), np.float64(0.0), np.float64(0.0)]
Max curvatures [Array(2.55498, dtype=float64), Array(2.55482, dtype=float64), Array(2.55723, dtype=float64), Array(2.55538, dtype=float64), Array(2.55522, dtype=float64)]
Final value of terms
    FLUX_WEIGHT**2 * Jf_norm_cons  0.0027952831446054383
    + CC_WEIGHT * Jccdist          0.0
    + CS_WEIGHT * Jcsdist          1.3790751969266323e-05
    + STRESS_WEIGHT * Jstress      0.024026112892854518
    + CURVATURE_WEIGHT * sum(Jcs)  3.506767170726017e-05
    + LINK_WEIGHT * linkNum        0
    + LENGTH_WEIGHT * sum(Jls)     0.0
-----------------------------------------
res   message: STOP: TOTAL NO. OF ITERATIONS REACHED LIMIT
  success: False
   status: 1
      fun: 0.02687025446110918
        x: [ 1.270e-04  4.997e-01 ... -3.565e-03 -1.106e-02]
      nit: 500
      jac: [-4.869e-04  8.927e-03 ... -4.654e-03  7.529e-03]
     nfev: 1879
     njev: 1879
 hess_inv: <326x326 LbfgsInvHessProduct with dtype=float64>
