Btarget should have shape (25, 50)
Btarget has shape (25, 50)
Initial normalized flux 5.435032925837685e-07
Setting normalized flux target to this value.
Initial lengths [Array(8.54929691, dtype=float64), Array(8.47945104, dtype=float64), Array(8.45876912, dtype=float64), Array(8.55374111, dtype=float64), Array(8.50500782, dtype=float64)]
Setting length targets to these values.
       __       ___      ___   ___                _______  _______ .___  ___. 
      |  |     /   \     \  \ /  /               |   ____||   ____||   \/   | 
      |  |    /  ^  \     \  V  /      ______    |  |__   |  |__   |  \  /  | 
.--.  |  |   /  /_\  \     >   <      |______|   |   __|  |   __|  |  |\/|  | 
|  `--'  |  /  _____  \   /  .  \                |  |     |  |____ |  |  |  | 
 \______/  /__/     \__\ /__/ \__\               |__|     |_______||__|  |__| 
                                                                              

Optimizing max Von Mises
Begin ----------
MAXITER = 500
solving with float64
solving with float64
Filament time 705.5008292198181
Normalized flux 5.435032925837981e-07
Max (lse) von mises 5.594844822184812e+16
Lengths [np.float64(0.0), np.float64(0.0), np.float64(0.0), np.float64(0.0), np.float64(0.0)]
Max curvatures [Array(2.34034, dtype=float64), Array(2.37091, dtype=float64), Array(2.36727, dtype=float64), Array(2.42607, dtype=float64), Array(2.22649, dtype=float64)]
Final value of terms
    FLUX_WEIGHT**2 * Jf_norm_cons  1.7577887936490505e-29
    + CC_WEIGHT * Jccdist          0.0005498013554603139
    + CS_WEIGHT * Jcsdist          0.0
    + STRESS_WEIGHT * Jstress      0.05594844822184812
    + CURVATURE_WEIGHT * sum(Jcs)  0.0
    + LINK_WEIGHT * linkNum        0
    + LENGTH_WEIGHT * sum(Jls)     0.0
-----------------------------------------
res   message: CONVERGENCE: RELATIVE REDUCTION OF F <= FACTR*EPSMCH
  success: True
   status: 0
      fun: 0.056498249577339565
        x: [ 5.005e-05  5.110e-01 -2.263e-05  5.186e-01  1.116e-02
             6.319e-01 -2.045e-02  5.681e-01 -8.210e-02  5.335e-01
             1.620e+06]
      nit: 39
      jac: [-2.358e-05 -5.139e-06  1.131e-05  9.293e-06  2.086e-05
            -1.909e-05  1.169e-05  1.247e-05 -4.899e-06 -1.295e-05
             1.381e-07]
     nfev: 68
     njev: 68
 hess_inv: <11x11 LbfgsInvHessProduct with dtype=float64>
