Btarget should have shape (25, 50)
Btarget has shape (25, 50)
Initial normalized flux 5.435032925837686e-07
Setting normalized flux target to this value.
Initial lengths [Array(8.54929691, dtype=float64), Array(8.47945104, dtype=float64), Array(8.45876912, dtype=float64), Array(8.55374111, dtype=float64), Array(8.50500782, dtype=float64)]
Setting length targets to these values.
Optimizing L2 force
Begin ----------
MAXITER = 500
Filament time 216.0788390636444
Normalized flux 5.520297768441574e-07
L2 force 97.77492301140171
Lengths [np.float64(3.7126395954455583e-10), np.float64(0.0), np.float64(0.0), np.float64(0.0), np.float64(0.0)]
Max curvatures [Array(2.55380727, dtype=float64), Array(2.55423372, dtype=float64), Array(2.55440232, dtype=float64), Array(2.55533745, dtype=float64), Array(2.55326318, dtype=float64)]
Final value of terms
    FLUX_WEIGHT**2 * Jf_norm_cons  1.4540186768531845e-06
    + CC_WEIGHT * Jccdist          0.0
    + CS_WEIGHT * Jcsdist          0.0
    + FORCE_WEIGHT * Jforce        0.004888746150570086
    + CURVATURE_WEIGHT * sum(Jcs)  1.0446733413469257e-13
    + LINK_WEIGHT * linkNum        0
    + LENGTH_WEIGHT * sum(Jls)     7.425279190891117e-08
-----------------------------------------
res   message: CONVERGENCE: RELATIVE REDUCTION OF F <= FACTR*EPSMCH
  success: True
   status: 0
      fun: 0.004890274422143316
        x: [ 1.620e+06  5.413e+00 ...  1.560e-03 -1.932e-03]
      nit: 195
      jac: [ 1.205e-08  6.784e-05 ... -2.056e-04  1.207e-04]
     nfev: 829
     njev: 829
 hess_inv: <316x316 LbfgsInvHessProduct with dtype=float64>
Missing attribute is p
