Job ID:         9231113
Task:           7 / 8
Nodes:          1
CPUs per task:  4
Start time:     Wed May 20 16:59:28 EDT 2026
       __       ___      ___   ___                _______  _______ .___  ___. 
      |  |     /   \     \  \ /  /               |   ____||   ____||   \/   | 
      |  |    /  ^  \     \  V  /      ______    |  |__   |  |__   |  \  /  | 
.--.  |  |   /  /_\  \     >   <      |______|   |   __|  |   __|  |  |\/|  | 
|  `--'  |  /  _____  \   /  .  \                |  |     |  |____ |  |  |  | 
 \______/  /__/     \__\ /__/ \__\               |__|     |_______||__|  |__| 
                                                                              

JAX devices: [CpuDevice(id=0)]
[n=275] Compile + run: 1685.158s  |  Run only: 1698.436s
JAX version: 0.6.2
JAX devices: [CpuDevice(id=0)]
============================================================
Building per-base-coil FEM quadrature data ...
Expanding to all symmetry images ...
  n_base=1, nfp=1, stellsym=False → n_total=1

============================================================
Run A: volumetric Biot-Savart + dolfinx elasticity
============================================================
Computing B_self and B_ext via volumetric Biot-Savart ...
  [vol-BS] coil 0: B_self (80850 target cells × 4 quad pts)...
