Job ID:         12173224
Task:           6 / 8
Nodes:          1
CPUs per task:  4
Start time:     Wed Jul  1 13:14:28 EDT 2026
Wed Jul  1 13:14:38 2026       
+-----------------------------------------------------------------------------------------+
| NVIDIA-SMI 580.82.07              Driver Version: 580.82.07      CUDA Version: 13.0     |
+-----------------------------------------+------------------------+----------------------+
| GPU  Name                 Persistence-M | Bus-Id          Disp.A | Volatile Uncorr. ECC |
| Fan  Temp   Perf          Pwr:Usage/Cap |           Memory-Usage | GPU-Util  Compute M. |
|                                         |                        |               MIG M. |
|=========================================+========================+======================|
|   0  NVIDIA L40S                    On  |   00000000:D5:00.0 Off |                    0 |
| N/A   37C    P8             36W /  350W |       0MiB /  46068MiB |      0%      Default |
|                                         |                        |                  N/A |
+-----------------------------------------+------------------------+----------------------+

+-----------------------------------------------------------------------------------------+
| Processes:                                                                              |
|  GPU   GI   CI              PID   Type   Process name                        GPU Memory |
|        ID   ID                                                               Usage      |
|=========================================================================================|
|  No running processes found                                                             |
+-----------------------------------------------------------------------------------------+
JAX devices: [CudaDevice(id=0)]
       __       ___      ___   ___                _______  _______ .___  ___. 
      |  |     /   \     \  \ /  /               |   ____||   ____||   \/   | 
      |  |    /  ^  \     \  V  /      ______    |  |__   |  |__   |  \  /  | 
.--.  |  |   /  /_\  \     >   <      |______|   |   __|  |   __|  |  |\/|  | 
|  `--'  |  /  _____  \   /  .  \                |  |     |  |____ |  |  |  | 
 \______/  /__/     \__\ /__/ \__\               |__|     |_______||__|  |__| 
                                                                              

solving with float64
[n=250] Compile + run: 31.464s  |  Run only: 0.889s
JAX version: 0.6.2
JAX devices: [CudaDevice(id=0)]
============================================================
Building per-base-coil FEM quadrature data ...
Expanding to all symmetry images ...
  n_base=1, nfp=1, stellsym=False → n_total=1

============================================================
Run A: volumetric Biot-Savart + dolfinx elasticity
============================================================
Computing B_self and B_ext via volumetric Biot-Savart ...
  [vol-BS] coil 0: B_self (54000 target cells × 4 quad pts)...
