/opt/slurm/data/slurmd/job9662521/slurm_script: line 25: nvidia-smi: command not found
[cl012.hpc.nyu.edu:1613713] pmix_mca_base_component_repository_open: unable to open /scratch/lf2869/conda_envs/desc/lib/pmix/pmix_mca_pcompress_zlib.so: File /scratch/lf2869/conda_envs/desc/lib/pmix/pmix_mca_pcompress_zlib.so.sl not found (ignored)
[05-26 18:39:24][INFO] jax_fem: pyamgx not installed. AMGX solver disabled.
ERROR:2026-05-26 18:39:24,873:jax._src.xla_bridge:444: Jax plugin configuration error: Exception when calling jax_plugins.xla_cuda12.initialize()
Traceback (most recent call last):
  File "/scratch/lf2869/conda_envs/desc/lib/python3.12/site-packages/jax/_src/xla_bridge.py", line 442, in discover_pjrt_plugins
    plugin_module.initialize()
  File "/scratch/lf2869/conda_envs/desc/lib/python3.12/site-packages/jax_plugins/xla_cuda12/__init__.py", line 324, in initialize
    _check_cuda_versions(raise_on_first_error=True)
  File "/scratch/lf2869/conda_envs/desc/lib/python3.12/site-packages/jax_plugins/xla_cuda12/__init__.py", line 281, in _check_cuda_versions
    local_device_count = cuda_versions.cuda_device_count()
                         ^^^^^^^^^^^^^^^^^^^^^^^^^^^^^^^^^
RuntimeError: jaxlib/cuda/versions_helpers.cc:113: operation cuInit(0) failed: Unknown CUDA error 303; cuGetErrorName failed. This probably means that JAX was unable to load the CUDA libraries.
[05-26 18:39:27][DEBUG] jax_fem: Computing shape function values, gradients, etc.
[05-26 18:39:27][DEBUG] jax_fem: ele_type = TET10, quad_points.shape = (num_quads, dim) = (4, 3)
[05-26 18:39:27][DEBUG] jax_fem: face_quad_points.shape = (num_faces, num_face_quads, dim) = (4, 3, 3)
[05-26 18:39:28][DEBUG] jax_fem: Done pre-computations, took 0.4524855613708496 [s]
[05-26 18:39:28][INFO] jax_fem: Solving a problem with 80850 cells, 135300x3 = 405900 dofs.
[05-26 18:39:28][INFO] jax_fem: Element type is TET10, using 4 quad points per element.
[05-26 18:39:33][DEBUG] jax_fem: face_quad_points.shape = (num_faces, num_face_quads, dim) = (4, 6, 3)
