Job ID:         17390038
Nodes:          1
CPUs per task:  4
Start time:     Fri Sep 11 16:05:31 EDT 2026
       __       ___      ___   ___                _______  _______ .___  ___. 
      |  |     /   \     \  \ /  /               |   ____||   ____||   \/   | 
      |  |    /  ^  \     \  V  /      ______    |  |__   |  |__   |  \  /  | 
.--.  |  |   /  /_\  \     >   <      |______|   |   __|  |   __|  |  |\/|  | 
|  `--'  |  /  _____  \   /  .  \                |  |     |  |____ |  |  |  | 
 \______/  /__/     \__\ /__/ \__\               |__|     |_______||__|  |__| 
                                                                              

k_attachment is not provided. Based on the coil's stiffness, the auto-generated value is 4.0940e+14 N/m3.
Beam network initialized.
Optimizing:
    dphis_end_cc - per-coil shapes: [(4,), (4,), (4,), (2,), (2,)]
    dphis_start_cc - per-coil shapes: [(4,), (4,), (4,), (2,), (2,)]
    thetas_orientation_cc - per-coil shapes: [(4,), (4,), (4,), (2,), (2,)]
Fixing:
    w1_beam
    w2_beam
    dphis_start_cf
    x_foundation
    thetas_orientation_cf
Total # dofs: 48
solving with float64
solving with float64
# mesh node for all coils: [36400, 36400, 36400, 36400]
# mesh cell for all coils: [21600, 21600, 21600, 21600]
MAXITER = 1000
# free dofs = 48
# linear inequality constraints = 10
BSD_PENALTY_WEIGHT = 10.0
x0 finite True in bounds True
lb/ub finite True True
J0 3.6488658884940755e+17 ||g0|| 1.869810908034596e+20 g0 finite True
Jbsd 0.0 Jbsd*w 0.0
Jbca 0.0
dphis residuals (sum-1) [-0.125 -0.125 -0.125 -0.625 -0.625 -0.125 -0.125 -0.125 -0.625 -0.625]
con2 0.0 auglag rho guess 10.0
nlopt 2.11.0
starting opt.optimize
{"kind": "f", "n": 1, "want_grad": false, "J": 1.0000000000412417, "dx": 0.0, "x_norm": 1.2374368670764582, "x_maxabs": 0.25, "x_finite": true, "t": 1.559485912322998}
{"kind": "Jbsd", "n": 1, "want_grad": false, "c": 0.0, "c_raw": 0.0, "c_finite": true, "g_finite": true, "dx": 0.0, "t": 1.5733768939971924}
{"kind": "Jbca", "n": 1, "want_grad": false, "c": 0.0, "c_raw": 0.0, "c_finite": true, "g_finite": true, "dx": 0.0, "t": 1.585421085357666}
{"kind": "f", "n": 2, "want_grad": true, "J": 0.9999999999898668, "dx": 0.0, "x_norm": 1.2374368670764582, "x_maxabs": 0.25, "x_finite": true, "g_norm": 512.4361829611571, "g_maxabs": 235.84973053836939, "g_finite": true, "t": 3.131497621536255}
{"kind": "Jbsd", "n": 2, "want_grad": true, "c": 0.0, "c_raw": 0.0, "c_finite": true, "g_finite": true, "dx": 0.0, "t": 3.1479849815368652}
{"kind": "Jbca", "n": 2, "want_grad": true, "c": 0.0, "c_raw": 0.0, "c_finite": true, "g_finite": true, "dx": 0.0, "t": 3.1661977767944336}
{"kind": "f", "n": 3, "want_grad": true, "J": 1.452578629607655, "dx": 0.810335298068146, "x_norm": 1.7116339463144534, "x_maxabs": 0.6246337679236149, "x_finite": true, "g_norm": 3738.690407712542, "g_maxabs": 2130.8013559148685, "g_finite": true, "t": 4.713841915130615}
{"kind": "Jbsd", "n": 3, "want_grad": true, "c": 0.006600624389232392, "c_raw": 0.00015175666085716062, "c_finite": true, "g_finite": true, "dx": 0.810335298068146, "t": 4.730407953262329}
{"kind": "Jbca", "n": 3, "want_grad": true, "c": 0.03811392494184559, "c_raw": 0.03811392494184559, "c_finite": true, "g_finite": true, "dx": 0.810335298068146, "t": 4.7455832958221436}
{"kind": "f", "n": 4, "want_grad": true, "J": 1.0108100589030753, "dx": 0.05477420867977182, "x_norm": 1.2587261983884168, "x_maxabs": 0.27532318193673405, "x_finite": true, "g_norm": 989.6692714759279, "g_maxabs": 434.72270780479425, "g_finite": true, "t": 6.292548179626465}
{"kind": "Jbsd", "n": 4, "want_grad": true, "c": 0.0, "c_raw": 0.0, "c_finite": true, "g_finite": true, "dx": 0.05477420867977182, "t": 6.305896282196045}
{"kind": "Jbca", "n": 4, "want_grad": true, "c": 0.0172827621382842, "c_raw": 0.0172827621382842, "c_finite": true, "g_finite": true, "dx": 0.05477420867977182, "t": 6.320004224777222}
{"kind": "f", "n": 5, "want_grad": true, "J": 0.7898626121480112, "dx": 0.011949934794032545, "x_norm": 1.2419066048425191, "x_maxabs": 0.25552468726094346, "x_finite": true, "g_norm": 1502.6859194994254, "g_maxabs": 1052.7705489829996, "g_finite": true, "t": 7.867552995681763}
{"kind": "Jbsd", "n": 5, "want_grad": true, "c": 0.0, "c_raw": 0.0, "c_finite": true, "g_finite": true, "dx": 0.011949934794032545, "t": 7.88434910774231}
{"kind": "Jbca", "n": 5, "want_grad": true, "c": 0.0, "c_raw": 0.0, "c_finite": true, "g_finite": true, "dx": 0.011949934794032545, "t": 7.899831771850586}
{"kind": "f", "n": 6, "want_grad": true, "J": 1.655300943324084, "dx": 0.5357706145152659, "x_norm": 1.4695977391237143, "x_maxabs": 0.6247968919180081, "x_finite": true, "g_norm": 1254.6429065319157, "g_maxabs": 750.8800729082817, "g_finite": true, "t": 9.44635796546936}
{"kind": "Jbsd", "n": 6, "want_grad": true, "c": 0.04810603683998661, "c_raw": 0.0011060183230266964, "c_finite": true, "g_finite": true, "dx": 0.5357706145152659, "t": 9.461708307266235}
{"kind": "Jbca", "n": 6, "want_grad": true, "c": 0.0, "c_raw": 0.0, "c_finite": true, "g_finite": true, "dx": 0.5357706145152659, "t": 9.477049350738525}
{"kind": "f", "n": 7, "want_grad": true, "J": 1.356419218076613, "dx": 0.19165692164945028, "x_norm": 1.3014430859579162, "x_maxabs": 0.38349280582607664, "x_finite": true, "g_norm": 1359.245306600187, "g_maxabs": 924.2149958823128, "g_finite": true, "t": 11.02564787864685}
{"kind": "Jbsd", "n": 7, "want_grad": true, "c": 0.0, "c_raw": 0.0, "c_finite": true, "g_finite": true, "dx": 0.19165692164945028, "t": 11.041654586791992}
{"kind": "Jbca", "n": 7, "want_grad": true, "c": 0.0003866843253273049, "c_raw": 0.0003866843253273049, "c_finite": true, "g_finite": true, "dx": 0.19165692164945028, "t": 11.055049657821655}
{"kind": "f", "n": 8, "want_grad": true, "J": 1.0616640680191691, "dx": 0.0735132530841007, "x_norm": 1.260243863044773, "x_maxabs": 0.30045148488355555, "x_finite": true, "g_norm": 2587.23998533872, "g_maxabs": 1802.8053129887357, "g_finite": true, "t": 12.605370998382568}
{"kind": "Jbsd", "n": 8, "want_grad": true, "c": 0.0, "c_raw": 0.0, "c_finite": true, "g_finite": true, "dx": 0.0735132530841007, "t": 12.624960660934448}
{"kind": "Jbca", "n": 8, "want_grad": true, "c": 0.0, "c_raw": 0.0, "c_finite": true, "g_finite": true, "dx": 0.0735132530841007, "t": 12.638901948928833}
{"kind": "f", "n": 9, "want_grad": true, "J": 1.0531897583174472, "dx": 0.030790632159377215, "x_norm": 1.2476090827352628, "x_maxabs": 0.26998150143390487, "x_finite": true, "g_norm": 367.44987077467744, "g_maxabs": 253.4360867396144, "g_finite": true, "t": 14.187551498413086}
{"kind": "Jbsd", "n": 9, "want_grad": true, "c": 0.0, "c_raw": 0.0, "c_finite": true, "g_finite": true, "dx": 0.030790632159377215, "t": 14.204534530639648}
{"kind": "Jbca", "n": 9, "want_grad": true, "c": 0.0, "c_raw": 0.0, "c_finite": true, "g_finite": true, "dx": 0.030790632159377215, "t": 14.219115257263184}
{"kind": "f", "n": 10, "want_grad": true, "J": 0.8650721989637147, "dx": 0.017472817868389456, "x_norm": 1.2437315148532502, "x_maxabs": 0.25989097218707335, "x_finite": true, "g_norm": 857.5624859971047, "g_maxabs": 574.2544802622068, "g_finite": true, "t": 15.765613079071045}
{"kind": "Jbsd", "n": 10, "want_grad": true, "c": 0.0, "c_raw": 0.0, "c_finite": true, "g_finite": true, "dx": 0.017472817868389456, "t": 15.78197169303894}
{"kind": "Jbca", "n": 10, "want_grad": true, "c": 0.0, "c_raw": 0.0, "c_finite": true, "g_finite": true, "dx": 0.017472817868389456, "t": 15.798227310180664}
{"kind": "f", "n": 11, "want_grad": true, "J": 0.9132082867125979, "dx": 0.013631107152087416, "x_norm": 1.2425067639450502, "x_maxabs": 0.2566173495907291, "x_finite": true, "g_norm": 219.3031736496253, "g_maxabs": 133.55833602357714, "g_finite": true, "t": 17.344961643218994}
{"kind": "Jbsd", "n": 11, "want_grad": true, "c": 0.0, "c_raw": 0.0, "c_finite": true, "g_finite": true, "dx": 0.013631107152087416, "t": 17.361722469329834}
{"kind": "Jbca", "n": 11, "want_grad": true, "c": 0.0, "c_raw": 0.0, "c_finite": true, "g_finite": true, "dx": 0.013631107152087416, "t": 17.378937244415283}
{"kind": "f", "n": 12, "want_grad": true, "J": 0.9035005375511576, "dx": 0.012420013344160161, "x_norm": 1.2420814753805078, "x_maxabs": 0.2555805016186752, "x_finite": true, "g_norm": 1436.311832630741, "g_maxabs": 897.0955409077723, "g_finite": true, "t": 18.926889657974243}
{"kind": "Jbsd", "n": 12, "want_grad": true, "c": 0.0, "c_raw": 0.0, "c_finite": true, "g_finite": true, "dx": 0.012420013344160161, "t": 18.942761659622192}
{"kind": "Jbca", "n": 12, "want_grad": true, "c": 0.0, "c_raw": 0.0, "c_finite": true, "g_finite": true, "dx": 0.012420013344160161, "t": 18.9572491645813}
{"kind": "f", "n": 13, "want_grad": true, "J": 0.8563150147436237, "dx": 0.012074653036920313, "x_norm": 1.241953678545556, "x_maxabs": 0.2555397227782803, "x_finite": true, "g_norm": 420.6090954937072, "g_maxabs": 210.3391809070654, "g_finite": true, "t": 20.505802869796753}
{"kind": "Jbsd", "n": 13, "want_grad": true, "c": 0.0, "c_raw": 0.0, "c_finite": true, "g_finite": true, "dx": 0.012074653036920313, "t": 20.522526741027832}
{"kind": "Jbca", "n": 13, "want_grad": true, "c": 0.0, "c_raw": 0.0, "c_finite": true, "g_finite": true, "dx": 0.012074653036920313, "t": 20.537312030792236}
{"kind": "f", "n": 14, "want_grad": true, "J": 0.7620478937778099, "dx": 0.011980254260543598, "x_norm": 1.2419180972793005, "x_maxabs": 0.2555283587207564, "x_finite": true, "g_norm": 115.15985202224782, "g_maxabs": 65.46942215324303, "g_finite": true, "t": 22.084821701049805}
{"kind": "Jbsd", "n": 14, "want_grad": true, "c": 0.0, "c_raw": 0.0, "c_finite": true, "g_finite": true, "dx": 0.011980254260543598, "t": 22.10138964653015}
{"kind": "Jbca", "n": 14, "want_grad": true, "c": 0.0, "c_raw": 0.0, "c_finite": true, "g_finite": true, "dx": 0.011980254260543598, "t": 22.11677122116089}
{"kind": "f", "n": 15, "want_grad": true, "J": 0.7616567123022477, "dx": 0.011982457987691843, "x_norm": 1.2419193299030276, "x_maxabs": 0.2555297487590799, "x_finite": true, "g_norm": 116.97397774756294, "g_maxabs": 66.84406205940437, "g_finite": true, "t": 23.665767192840576}
{"kind": "Jbsd", "n": 15, "want_grad": true, "c": 0.0, "c_raw": 0.0, "c_finite": true, "g_finite": true, "dx": 0.011982457987691843, "t": 23.683670043945312}
{"kind": "Jbca", "n": 15, "want_grad": true, "c": 0.0, "c_raw": 0.0, "c_finite": true, "g_finite": true, "dx": 0.011982457987691843, "t": 23.69823670387268}
{"kind": "f", "n": 16, "want_grad": true, "J": 1.0345725297818926, "dx": 0.013418691670317772, "x_norm": 1.2426722755594704, "x_maxabs": 0.2563771613519674, "x_finite": true, "g_norm": 200.52405532100698, "g_maxabs": 136.05865734520867, "g_finite": true, "t": 25.245840311050415}
{"kind": "Jbsd", "n": 16, "want_grad": true, "c": 0.0, "c_raw": 0.0, "c_finite": true, "g_finite": true, "dx": 0.013418691670317772, "t": 25.26293921470642}
{"kind": "Jbca", "n": 16, "want_grad": true, "c": 0.0, "c_raw": 0.0, "c_finite": true, "g_finite": true, "dx": 0.013418691670317772, "t": 25.27917790412903}
{"kind": "f", "n": 17, "want_grad": true, "J": 0.7615237983566714, "dx": 0.012119456177655545, "x_norm": 1.2419953787700018, "x_maxabs": 0.25561549203613737, "x_finite": true, "g_norm": 127.55520725302075, "g_maxabs": 63.9966247591794, "g_finite": true, "t": 26.826583862304688}
{"kind": "Jbsd", "n": 17, "want_grad": true, "c": 0.0, "c_raw": 0.0, "c_finite": true, "g_finite": true, "dx": 0.012119456177655545, "t": 26.842027187347412}
{"kind": "Jbca", "n": 17, "want_grad": true, "c": 0.0, "c_raw": 0.0, "c_finite": true, "g_finite": true, "dx": 0.012119456177655545, "t": 26.85679340362549}
{"kind": "f", "n": 18, "want_grad": true, "J": 0.8000296267963106, "dx": 0.0121107030017771, "x_norm": 1.2420089704449124, "x_maxabs": 0.2556007434267863, "x_finite": true, "g_norm": 884.0221864154561, "g_maxabs": 613.8356513519813, "g_finite": true, "t": 28.404521942138672}
{"kind": "Jbsd", "n": 18, "want_grad": true, "c": 0.0, "c_raw": 0.0, "c_finite": true, "g_finite": true, "dx": 0.0121107030017771, "t": 28.419917345046997}
{"kind": "Jbca", "n": 18, "want_grad": true, "c": 0.0, "c_raw": 0.0, "c_finite": true, "g_finite": true, "dx": 0.0121107030017771, "t": 28.434562921524048}
{"kind": "f", "n": 19, "want_grad": true, "J": 0.7613120734903849, "dx": 0.012119122897681373, "x_norm": 1.2419958840691332, "x_maxabs": 0.25561494364448434, "x_finite": true, "g_norm": 127.47105919880372, "g_maxabs": 63.88099019104041, "g_finite": true, "t": 29.981330633163452}
{"kind": "Jbsd", "n": 19, "want_grad": true, "c": 0.0, "c_raw": 0.0, "c_finite": true, "g_finite": true, "dx": 0.012119122897681373, "t": 29.998491764068604}
{"kind": "Jbca", "n": 19, "want_grad": true, "c": 0.0, "c_raw": 0.0, "c_finite": true, "g_finite": true, "dx": 0.012119122897681373, "t": 30.013052701950073}
{"kind": "f", "n": 20, "want_grad": true, "J": 3.2406617397433934, "dx": 0.4987209311478538, "x_norm": 1.2649995472928377, "x_maxabs": 0.418586370048061, "x_finite": true, "g_norm": 339.5142701856289, "g_maxabs": 323.4247971163775, "g_finite": true, "t": 31.557039499282837}
{"kind": "Jbsd", "n": 20, "want_grad": true, "c": 0.0018397138752426422, "c_raw": 4.2297337066301104e-05, "c_finite": true, "g_finite": true, "dx": 0.4987209311478538, "t": 31.571974277496338}
{"kind": "Jbca", "n": 20, "want_grad": true, "c": 0.0017969274941019198, "c_raw": 0.0017969274941019198, "c_finite": true, "g_finite": true, "dx": 0.4987209311478538, "t": 31.58509063720703}
{"kind": "f", "n": 21, "want_grad": true, "J": 0.8437574307342779, "dx": 0.1407953256258459, "x_norm": 1.2271508323551001, "x_maxabs": 0.29902050072846653, "x_finite": true, "g_norm": 161.34969428875448, "g_maxabs": 108.54556175498583, "g_finite": true, "t": 33.1360809803009}
{"kind": "Jbsd", "n": 21, "want_grad": true, "c": 0.0, "c_raw": 0.0, "c_finite": true, "g_finite": true, "dx": 0.1407953256258459, "t": 33.153610944747925}
{"kind": "Jbca", "n": 21, "want_grad": true, "c": 0.016493494709363822, "c_raw": 0.016493494709363822, "c_finite": true, "g_finite": true, "dx": 0.1407953256258459, "t": 33.16860866546631}
{"kind": "f", "n": 22, "want_grad": true, "J": 0.7861186390982603, "dx": 0.03964659212137549, "x_norm": 1.2352609831975234, "x_maxabs": 0.2650612800544257, "x_finite": true, "g_norm": 642.919139169064, "g_maxabs": 367.79756862108115, "g_finite": true, "t": 34.71824383735657}
{"kind": "Jbsd", "n": 22, "want_grad": true, "c": 0.0, "c_raw": 0.0, "c_finite": true, "g_finite": true, "dx": 0.03964659212137549, "t": 34.73518395423889}
{"kind": "Jbca", "n": 22, "want_grad": true, "c": 0.010116544686652722, "c_raw": 0.010116544686652722, "c_finite": true, "g_finite": true, "dx": 0.03964659212137549, "t": 34.75040340423584}
{"kind": "f", "n": 23, "want_grad": true, "J": 0.73541866365275, "dx": 0.01782330511233516, "x_norm": 1.2382235626421632, "x_maxabs": 0.25743633603843635, "x_finite": true, "g_norm": 120.68288316281047, "g_maxabs": 75.5705131272974, "g_finite": true, "t": 36.30019497871399}
{"kind": "Jbsd", "n": 23, "want_grad": true, "c": 0.0, "c_raw": 0.0, "c_finite": true, "g_finite": true, "dx": 0.01782330511233516, "t": 36.31599545478821}
{"kind": "Jbca", "n": 23, "want_grad": true, "c": 0.003570691378662079, "c_raw": 0.003570691378662079, "c_finite": true, "g_finite": true, "dx": 0.01782330511233516, "t": 36.33162236213684}
{"kind": "f", "n": 24, "want_grad": true, "J": 0.7840594150575727, "dx": 0.11138267469512583, "x_norm": 1.2351467883234524, "x_maxabs": 0.30311835184086366, "x_finite": true, "g_norm": 173.1849676965873, "g_maxabs": 78.75803895469558, "g_finite": true, "t": 37.87988209724426}
{"kind": "Jbsd", "n": 24, "want_grad": true, "c": 0.0, "c_raw": 0.0, "c_finite": true, "g_finite": true, "dx": 0.11138267469512583, "t": 37.8958158493042}
{"kind": "Jbca", "n": 24, "want_grad": true, "c": 0.008671460355797184, "c_raw": 0.008671460355797184, "c_finite": true, "g_finite": true, "dx": 0.11138267469512583, "t": 37.91101861000061}
{"kind": "f", "n": 25, "want_grad": true, "J": 0.8688857588394734, "dx": 0.055577499145771314, "x_norm": 1.2360582365029393, "x_maxabs": 0.27628761617170344, "x_finite": true, "g_norm": 534.3743779714912, "g_maxabs": 213.88012643347022, "g_finite": true, "t": 39.45663380622864}
{"kind": "Jbsd", "n": 25, "want_grad": true, "c": 0.0, "c_raw": 0.0, "c_finite": true, "g_finite": true, "dx": 0.055577499145771314, "t": 39.473044872283936}
{"kind": "Jbca", "n": 25, "want_grad": true, "c": 0.008096668599456892, "c_raw": 0.008096668599456892, "c_finite": true, "g_finite": true, "dx": 0.055577499145771314, "t": 39.488974809646606}
{"kind": "f", "n": 26, "want_grad": true, "J": 0.697590198944722, "dx": 0.03761956480264747, "x_norm": 1.236907070670961, "x_maxabs": 0.2675383172142427, "x_finite": true, "g_norm": 332.26809274997976, "g_maxabs": 209.92546158709933, "g_finite": true, "t": 41.03464102745056}
{"kind": "Jbsd", "n": 26, "want_grad": true, "c": 0.0, "c_raw": 0.0, "c_finite": true, "g_finite": true, "dx": 0.03761956480264747, "t": 41.05134201049805}
{"kind": "Jbca", "n": 26, "want_grad": true, "c": 0.007383754243098608, "c_raw": 0.007383754243098608, "c_finite": true, "g_finite": true, "dx": 0.03761956480264747, "t": 41.06526303291321}
{"kind": "f", "n": 27, "want_grad": true, "J": 0.9583633299573316, "dx": 0.03182697563566315, "x_norm": 1.2362110770212014, "x_maxabs": 0.26448372290352035, "x_finite": true, "g_norm": 677.2023937652616, "g_maxabs": 387.63615206772505, "g_finite": true, "t": 42.612488985061646}
{"kind": "Jbsd", "n": 27, "want_grad": true, "c": 0.0, "c_raw": 0.0, "c_finite": true, "g_finite": true, "dx": 0.03182697563566315, "t": 42.62882614135742}
{"kind": "Jbca", "n": 27, "want_grad": true, "c": 0.006675779933795748, "c_raw": 0.006675779933795748, "c_finite": true, "g_finite": true, "dx": 0.03182697563566315, "t": 42.645095109939575}
{"kind": "f", "n": 28, "want_grad": true, "J": 0.6499498651089654, "dx": 0.03682144913042742, "x_norm": 1.2368124660786846, "x_maxabs": 0.26713394175682115, "x_finite": true, "g_norm": 251.99294422238157, "g_maxabs": 160.46257729823967, "g_finite": true, "t": 44.19597673416138}
{"kind": "Jbsd", "n": 28, "want_grad": true, "c": 0.0, "c_raw": 0.0, "c_finite": true, "g_finite": true, "dx": 0.03682144913042742, "t": 44.21270751953125}
{"kind": "Jbca", "n": 28, "want_grad": true, "c": 0.007307231631043866, "c_raw": 0.007307231631043866, "c_finite": true, "g_finite": true, "dx": 0.03682144913042742, "t": 44.22866106033325}
{"kind": "f", "n": 29, "want_grad": true, "J": 0.6651533571238063, "dx": 0.03687417343176921, "x_norm": 1.236946873188371, "x_maxabs": 0.26732552458663955, "x_finite": true, "g_norm": 371.2632058549553, "g_maxabs": 203.29375887049565, "g_finite": true, "t": 45.77822732925415}
{"kind": "Jbsd", "n": 29, "want_grad": true, "c": 0.0, "c_raw": 0.0, "c_finite": true, "g_finite": true, "dx": 0.03687417343176921, "t": 45.794577836990356}
{"kind": "Jbca", "n": 29, "want_grad": true, "c": 0.007164085011520693, "c_raw": 0.007164085011520693, "c_finite": true, "g_finite": true, "dx": 0.03687417343176921, "t": 45.80978989601135}
{"kind": "f", "n": 30, "want_grad": true, "J": 0.6267028699837198, "dx": 0.036844254613766995, "x_norm": 1.2368721066529635, "x_maxabs": 0.2672189761033114, "x_finite": true, "g_norm": 145.51118209444363, "g_maxabs": 88.42975298973893, "g_finite": true, "t": 47.35945773124695}
{"kind": "Jbsd", "n": 30, "want_grad": true, "c": 0.0, "c_raw": 0.0, "c_finite": true, "g_finite": true, "dx": 0.036844254613766995, "t": 47.37611484527588}
{"kind": "Jbca", "n": 30, "want_grad": true, "c": 0.007243833809226109, "c_raw": 0.007243833809226109, "c_finite": true, "g_finite": true, "dx": 0.036844254613766995, "t": 47.397855043411255}
{"kind": "f", "n": 31, "want_grad": true, "J": 0.8026627130037632, "dx": 0.03769528122559991, "x_norm": 1.236878983546203, "x_maxabs": 0.2678569939937881, "x_finite": true, "g_norm": 234.9163532093922, "g_maxabs": 180.0370277460907, "g_finite": true, "t": 48.94787859916687}
{"kind": "Jbsd", "n": 31, "want_grad": true, "c": 0.0, "c_raw": 0.0, "c_finite": true, "g_finite": true, "dx": 0.03769528122559991, "t": 48.963237285614014}
{"kind": "Jbca", "n": 31, "want_grad": true, "c": 0.0070707490758658365, "c_raw": 0.0070707490758658365, "c_finite": true, "g_finite": true, "dx": 0.03769528122559991, "t": 48.977957010269165}
{"kind": "f", "n": 32, "want_grad": true, "J": 0.6236818500612973, "dx": 0.03689501771349402, "x_norm": 1.2368724939359583, "x_maxabs": 0.26725725429650643, "x_finite": true, "g_norm": 113.93227704269795, "g_maxabs": 58.163904433900036, "g_finite": true, "t": 50.52757382392883}
{"kind": "Jbsd", "n": 32, "want_grad": true, "c": 0.0, "c_raw": 0.0, "c_finite": true, "g_finite": true, "dx": 0.03689501771349402, "t": 50.547043323516846}
{"kind": "Jbca", "n": 32, "want_grad": true, "c": 0.00723354435754955, "c_raw": 0.00723354435754955, "c_finite": true, "g_finite": true, "dx": 0.03689501771349402, "t": 50.56308031082153}
{"kind": "f", "n": 33, "want_grad": true, "J": 0.6243795088642748, "dx": 0.03676321629396563, "x_norm": 1.2368984799955707, "x_maxabs": 0.26721373905309365, "x_finite": true, "g_norm": 158.04017339420145, "g_maxabs": 95.84887585869023, "g_finite": true, "t": 52.11055612564087}
{"kind": "Jbsd", "n": 33, "want_grad": true, "c": 0.0, "c_raw": 0.0, "c_finite": true, "g_finite": true, "dx": 0.03676321629396563, "t": 52.12631344795227}
{"kind": "Jbca", "n": 33, "want_grad": true, "c": 0.007201319418489609, "c_raw": 0.007201319418489609, "c_finite": true, "g_finite": true, "dx": 0.03676321629396563, "t": 52.142154932022095}
{"kind": "f", "n": 34, "want_grad": true, "J": 0.6232682602416585, "dx": 0.036861697314319854, "x_norm": 1.2368790604402151, "x_maxabs": 0.2672462557770694, "x_finite": true, "g_norm": 109.65939655596405, "g_maxabs": 55.97030629267633, "g_finite": true, "t": 53.69224143028259}
{"kind": "Jbsd", "n": 34, "want_grad": true, "c": 0.0, "c_raw": 0.0, "c_finite": true, "g_finite": true, "dx": 0.036861697314319854, "t": 53.71014451980591}
{"kind": "Jbca", "n": 34, "want_grad": true, "c": 0.007225428804470992, "c_raw": 0.007225428804470992, "c_finite": true, "g_finite": true, "dx": 0.036861697314319854, "t": 53.72726607322693}
{"kind": "f", "n": 35, "want_grad": true, "J": 1.8969057390013992, "dx": 0.4678281341548408, "x_norm": 1.1574904825153822, "x_maxabs": 0.2558371549336036, "x_finite": true, "g_norm": 375.2716308786519, "g_maxabs": 160.21289850373796, "g_finite": true, "t": 55.27732539176941}
{"kind": "Jbsd", "n": 35, "want_grad": true, "c": 0.0, "c_raw": 0.0, "c_finite": true, "g_finite": true, "dx": 0.4678281341548408, "t": 55.29274272918701}
{"kind": "Jbca", "n": 35, "want_grad": true, "c": 0.004745934597360297, "c_raw": 0.004745934597360297, "c_finite": true, "g_finite": true, "dx": 0.4678281341548408, "t": 55.30715799331665}
{"kind": "f", "n": 36, "want_grad": true, "J": 1.0998341987297229, "dx": 0.15617907736996597, "x_norm": 1.1874088149824822, "x_maxabs": 0.2525831420568431, "x_finite": true, "g_norm": 161.72088283075738, "g_maxabs": 74.23087395157832, "g_finite": true, "t": 56.85451102256775}
{"kind": "Jbsd", "n": 36, "want_grad": true, "c": 0.0, "c_raw": 0.0, "c_finite": true, "g_finite": true, "dx": 0.15617907736996597, "t": 56.8740336894989}
{"kind": "Jbca", "n": 36, "want_grad": true, "c": 0.0, "c_raw": 0.0, "c_finite": true, "g_finite": true, "dx": 0.15617907736996597, "t": 56.89676070213318}
{"kind": "f", "n": 37, "want_grad": true, "J": 0.7950654793965292, "dx": 0.04109813947758201, "x_norm": 1.222708768584279, "x_maxabs": 0.2533381316098441, "x_finite": true, "g_norm": 555.8754589638555, "g_maxabs": 286.2781973508733, "g_finite": true, "t": 58.44871425628662}
{"kind": "Jbsd", "n": 37, "want_grad": true, "c": 0.0, "c_raw": 0.0, "c_finite": true, "g_finite": true, "dx": 0.04109813947758201, "t": 58.46485900878906}
{"kind": "Jbca", "n": 37, "want_grad": true, "c": 0.00017879256382079855, "c_raw": 0.00017879256382079855, "c_finite": true, "g_finite": true, "dx": 0.04109813947758201, "t": 58.48004746437073}
{"kind": "f", "n": 38, "want_grad": true, "J": 0.7207235578246305, "dx": 0.03279351052073389, "x_norm": 1.2304151523156388, "x_maxabs": 0.2587628924618924, "x_finite": true, "g_norm": 162.00213242636318, "g_maxabs": 72.93893432867497, "g_finite": true, "t": 60.030264139175415}
{"kind": "Jbsd", "n": 38, "want_grad": true, "c": 0.0, "c_raw": 0.0, "c_finite": true, "g_finite": true, "dx": 0.03279351052073389, "t": 60.04697036743164}
{"kind": "Jbca", "n": 38, "want_grad": true, "c": 0.0035250050341027466, "c_raw": 0.0035250050341027466, "c_finite": true, "g_finite": true, "dx": 0.03279351052073389, "t": 60.06323599815369}
{"kind": "f", "n": 39, "want_grad": true, "J": 0.8822501570015231, "dx": 0.034026330223510225, "x_norm": 1.2341755830433727, "x_maxabs": 0.2637373169441999, "x_finite": true, "g_norm": 668.5067634014035, "g_maxabs": 397.5339206496616, "g_finite": true, "t": 61.612691164016724}
{"kind": "Jbsd", "n": 39, "want_grad": true, "c": 0.0, "c_raw": 0.0, "c_finite": true, "g_finite": true, "dx": 0.034026330223510225, "t": 61.6289587020874}
{"kind": "Jbca", "n": 39, "want_grad": true, "c": 0.0056780900213000435, "c_raw": 0.0056780900213000435, "c_finite": true, "g_finite": true, "dx": 0.034026330223510225, "t": 61.64377427101135}
{"kind": "f", "n": 40, "want_grad": true, "J": 0.6830364576558178, "dx": 0.03665134242551901, "x_norm": 1.2367149078588826, "x_maxabs": 0.2670347358855033, "x_finite": true, "g_norm": 68.39274124583207, "g_maxabs": 42.542672062445384, "g_finite": true, "t": 63.190274477005005}
{"kind": "Jbsd", "n": 40, "want_grad": true, "c": 0.0, "c_raw": 0.0, "c_finite": true, "g_finite": true, "dx": 0.03665134242551901, "t": 63.20610952377319}
{"kind": "Jbca", "n": 40, "want_grad": true, "c": 0.007133512573745364, "c_raw": 0.007133512573745364, "c_finite": true, "g_finite": true, "dx": 0.03665134242551901, "t": 63.221359729766846}
{"kind": "f", "n": 41, "want_grad": true, "J": 0.6298044613647081, "dx": 0.036838839248742546, "x_norm": 1.2368613890455535, "x_maxabs": 0.26722349457935857, "x_finite": true, "g_norm": 126.52256124413572, "g_maxabs": 76.71178247816071, "g_finite": true, "t": 64.77206754684448}
{"kind": "Jbsd", "n": 41, "want_grad": true, "c": 0.0, "c_raw": 0.0, "c_finite": true, "g_finite": true, "dx": 0.036838839248742546, "t": 64.78850626945496}
{"kind": "Jbca", "n": 41, "want_grad": true, "c": 0.007215549381710832, "c_raw": 0.007215549381710832, "c_finite": true, "g_finite": true, "dx": 0.036838839248742546, "t": 64.80305790901184}
{"kind": "f", "n": 42, "want_grad": true, "J": 0.6241225946580922, "dx": 0.036858957449291095, "x_norm": 1.2368769443502563, "x_maxabs": 0.2672435303196856, "x_finite": true, "g_norm": 161.62789699437585, "g_maxabs": 97.77037895444269, "g_finite": true, "t": 66.35358810424805}
{"kind": "Jbsd", "n": 42, "want_grad": true, "c": 0.0, "c_raw": 0.0, "c_finite": true, "g_finite": true, "dx": 0.036858957449291095, "t": 66.36853313446045}
{"kind": "Jbca", "n": 42, "want_grad": true, "c": 0.0072242459768029465, "c_raw": 0.0072242459768029465, "c_finite": true, "g_finite": true, "dx": 0.036858957449291095, "t": 66.38468480110168}
{"kind": "f", "n": 43, "want_grad": true, "J": 0.6233298657655307, "dx": 0.0368613712498538, "x_norm": 1.2368788086392488, "x_maxabs": 0.2672459314670374, "x_finite": true, "g_norm": 166.71862061722845, "g_maxabs": 100.81010877236952, "g_finite": true, "t": 67.93299865722656}
{"kind": "Jbsd", "n": 43, "want_grad": true, "c": 0.0, "c_raw": 0.0, "c_finite": true, "g_finite": true, "dx": 0.0368613712498538, "t": 67.9495267868042}
{"kind": "Jbca", "n": 43, "want_grad": true, "c": 0.00722528805851198, "c_raw": 0.00722528805851198, "c_finite": true, "g_finite": true, "dx": 0.0368613712498538, "t": 67.96428894996643}
{"kind": "f", "n": 44, "want_grad": true, "J": 0.6232538693142371, "dx": 0.036861635946540815, "x_norm": 1.2368790130499947, "x_maxabs": 0.2672461947403095, "x_finite": true, "g_norm": 109.4879465148968, "g_maxabs": 55.86477613844105, "g_finite": true, "t": 69.51427602767944}
{"kind": "Jbsd", "n": 44, "want_grad": true, "c": 0.0, "c_raw": 0.0, "c_finite": true, "g_finite": true, "dx": 0.036861635946540815, "t": 69.53104591369629}
{"kind": "Jbca", "n": 44, "want_grad": true, "c": 0.007225402315425623, "c_raw": 0.007225402315425623, "c_finite": true, "g_finite": true, "dx": 0.036861635946540815, "t": 69.54655003547668}
{"kind": "f", "n": 45, "want_grad": true, "J": 0.6326155290196261, "dx": 0.03681859955653283, "x_norm": 1.2368441883045234, "x_maxabs": 0.2672016101359601, "x_finite": true, "g_norm": 107.19909097615306, "g_maxabs": 64.4156855731895, "g_finite": true, "t": 71.0983374118805}
{"kind": "Jbsd", "n": 45, "want_grad": true, "c": 0.0, "c_raw": 0.0, "c_finite": true, "g_finite": true, "dx": 0.03681859955653283, "t": 71.11551785469055}
{"kind": "Jbca", "n": 45, "want_grad": true, "c": 0.007190224966582549, "c_raw": 0.007190224966582549, "c_finite": true, "g_finite": true, "dx": 0.03681859955653283, "t": 71.13112592697144}
{"kind": "f", "n": 46, "want_grad": true, "J": 0.6248221265727939, "dx": 0.03685589862359934, "x_norm": 1.2368743784518568, "x_maxabs": 0.26724026169761006, "x_finite": true, "g_norm": 156.74990365550434, "g_maxabs": 94.81124680245952, "g_finite": true, "t": 72.68382787704468}
{"kind": "Jbsd", "n": 46, "want_grad": true, "c": 0.0, "c_raw": 0.0, "c_finite": true, "g_finite": true, "dx": 0.03685589862359934, "t": 72.69899773597717}
{"kind": "Jbca", "n": 46, "want_grad": true, "c": 0.007220723172664263, "c_raw": 0.007220723172664263, "c_finite": true, "g_finite": true, "dx": 0.03685589862359934, "t": 72.71456861495972}
{"kind": "f", "n": 47, "want_grad": true, "J": 0.6234419273428513, "dx": 0.036860931736546663, "x_norm": 1.236878444322413, "x_maxabs": 0.2672454666832285, "x_finite": true, "g_norm": 165.9447087930501, "g_maxabs": 100.3430638763309, "g_finite": true, "t": 74.26615619659424}
{"kind": "Jbsd", "n": 47, "want_grad": true, "c": 0.0, "c_raw": 0.0, "c_finite": true, "g_finite": true, "dx": 0.036860931736546663, "t": 74.27997851371765}
{"kind": "Jbca", "n": 47, "want_grad": true, "c": 0.007224828161150811, "c_raw": 0.007224828161150811, "c_finite": true, "g_finite": true, "dx": 0.036860931736546663, "t": 74.29529881477356}
{"kind": "f", "n": 48, "want_grad": true, "J": 0.623267018956055, "dx": 0.036861546056384184, "x_norm": 1.236878940455788, "x_maxabs": 0.26724610180888747, "x_finite": true, "g_norm": 167.11736288038094, "g_maxabs": 101.0475329669113, "g_finite": true, "t": 75.84724473953247}
{"kind": "Jbsd", "n": 48, "want_grad": true, "c": 0.0, "c_raw": 0.0, "c_finite": true, "g_finite": true, "dx": 0.036861546056384184, "t": 75.86269974708557}
{"kind": "Jbca", "n": 48, "want_grad": true, "c": 0.007225329029154793, "c_raw": 0.007225329029154793, "c_finite": true, "g_finite": true, "dx": 0.036861546056384184, "t": 75.87924528121948}
{"kind": "f", "n": 49, "want_grad": true, "J": 0.6232496291222012, "dx": 0.03686161689468014, "x_norm": 1.2368789976639918, "x_maxabs": 0.26724617504393167, "x_finite": true, "g_norm": 109.44082904146269, "g_maxabs": 55.83560590205594, "g_finite": true, "t": 77.42988991737366}
{"kind": "Jbsd", "n": 49, "want_grad": true, "c": 0.0, "c_raw": 0.0, "c_finite": true, "g_finite": true, "dx": 0.03686161689468014, "t": 77.4459125995636}
{"kind": "Jbca", "n": 49, "want_grad": true, "c": 0.007225386782757996, "c_raw": 0.007225386782757996, "c_finite": true, "g_finite": true, "dx": 0.03686161689468014, "t": 77.46205687522888}
{"kind": "f", "n": 50, "want_grad": false, "J": 0.6232496291915364, "dx": 0.03686161689468014, "x_norm": 1.2368789976639918, "x_maxabs": 0.26724617504393167, "x_finite": true, "t": 79.0029947757721}
{"kind": "Jbsd", "n": 50, "want_grad": false, "c": 0.0, "c_raw": 0.0, "c_finite": true, "g_finite": true, "dx": 0.03686161689468014, "t": 79.01693534851074}
{"kind": "Jbca", "n": 50, "want_grad": false, "c": 0.007225386782757996, "c_raw": 0.007225386782757996, "c_finite": true, "g_finite": true, "dx": 0.03686161689468014, "t": 79.02718782424927}
{"kind": "f", "n": 51, "want_grad": true, "J": 0.623249629199915, "dx": 0.03686161689468014, "x_norm": 1.2368789976639918, "x_maxabs": 0.26724617504393167, "x_finite": true, "g_norm": 109.44082906294265, "g_maxabs": 55.835605914378384, "g_finite": true, "t": 80.57879185676575}
{"kind": "Jbsd", "n": 51, "want_grad": true, "c": 0.0, "c_raw": 0.0, "c_finite": true, "g_finite": true, "dx": 0.03686161689468014, "t": 80.59513115882874}
{"kind": "Jbca", "n": 51, "want_grad": true, "c": 0.007225386782757996, "c_raw": 0.007225386782757996, "c_finite": true, "g_finite": true, "dx": 0.03686161689468014, "t": 80.61045336723328}
{"kind": "f", "n": 52, "want_grad": true, "J": 2.004902569637369, "dx": 0.46806262178709696, "x_norm": 1.1574862548712181, "x_maxabs": 0.2558501312990351, "x_finite": true, "g_norm": 424.5246365811931, "g_maxabs": 158.00110037439126, "g_finite": true, "t": 82.16211676597595}
{"kind": "Jbsd", "n": 52, "want_grad": true, "c": 0.0, "c_raw": 0.0, "c_finite": true, "g_finite": true, "dx": 0.46806262178709696, "t": 82.17763757705688}
{"kind": "Jbca", "n": 52, "want_grad": true, "c": 0.00463054605112448, "c_raw": 0.00463054605112448, "c_finite": true, "g_finite": true, "dx": 0.46806262178709696, "t": 82.19318389892578}
{"kind": "f", "n": 53, "want_grad": true, "J": 1.6975354344451343, "dx": 0.11226090841212101, "x_norm": 1.1984754544167022, "x_maxabs": 0.25265620787222004, "x_finite": true, "g_norm": 182.77194013757344, "g_maxabs": 125.86984229534949, "g_finite": true, "t": 83.74329328536987}
{"kind": "Jbsd", "n": 53, "want_grad": true, "c": 0.0, "c_raw": 0.0, "c_finite": true, "g_finite": true, "dx": 0.11226090841212101, "t": 83.75884199142456}
{"kind": "Jbca", "n": 53, "want_grad": true, "c": 0.0, "c_raw": 0.0, "c_finite": true, "g_finite": true, "dx": 0.11226090841212101, "t": 83.77455687522888}
{"kind": "f", "n": 54, "want_grad": true, "J": 0.7785102284833277, "dx": 0.05409861466368579, "x_norm": 1.2169141279144515, "x_maxabs": 0.2531869877676123, "x_finite": true, "g_norm": 344.65825651633594, "g_maxabs": 162.8675319295331, "g_finite": true, "t": 85.324054479599}
{"kind": "Jbsd", "n": 54, "want_grad": true, "c": 0.0, "c_raw": 0.0, "c_finite": true, "g_finite": true, "dx": 0.05409861466368579, "t": 85.34108519554138}
{"kind": "Jbca", "n": 54, "want_grad": true, "c": 0.0, "c_raw": 0.0, "c_finite": true, "g_finite": true, "dx": 0.05409861466368579, "t": 85.35595750808716}
{"kind": "f", "n": 55, "want_grad": true, "J": 0.7411936016512952, "dx": 0.03315389069041184, "x_norm": 1.229223471442467, "x_maxabs": 0.25716248797005975, "x_finite": true, "g_norm": 188.61163035940126, "g_maxabs": 103.00033854404886, "g_finite": true, "t": 86.90391111373901}
{"kind": "Jbsd", "n": 55, "want_grad": true, "c": 0.0, "c_raw": 0.0, "c_finite": true, "g_finite": true, "dx": 0.03315389069041184, "t": 86.92011141777039}
{"kind": "Jbca", "n": 55, "want_grad": true, "c": 0.002841711375195648, "c_raw": 0.002841711375195648, "c_finite": true, "g_finite": true, "dx": 0.03315389069041184, "t": 86.93487787246704}
{"kind": "f", "n": 56, "want_grad": true, "J": 0.9999599279412337, "dx": 0.03410415134666507, "x_norm": 1.2342754846749149, "x_maxabs": 0.2638679270337472, "x_finite": true, "g_norm": 55.600440887894244, "g_maxabs": 20.88803301118692, "g_finite": true, "t": 88.49086403846741}
{"kind": "Jbsd", "n": 56, "want_grad": true, "c": 0.0, "c_raw": 0.0, "c_finite": true, "g_finite": true, "dx": 0.03410415134666507, "t": 88.51260304450989}
{"kind": "Jbca", "n": 56, "want_grad": true, "c": 0.005724753766399789, "c_raw": 0.005724753766399789, "c_finite": true, "g_finite": true, "dx": 0.03410415134666507, "t": 88.5281629562378}
{"kind": "f", "n": 57, "want_grad": true, "J": 0.8379147778111696, "dx": 0.03629613331529941, "x_norm": 1.2364294316253372, "x_maxabs": 0.266666410464906, "x_finite": true, "g_norm": 431.85282366951714, "g_maxabs": 269.2441264121238, "g_finite": true, "t": 90.07948541641235}
{"kind": "Jbsd", "n": 57, "want_grad": true, "c": 0.0, "c_raw": 0.0, "c_finite": true, "g_finite": true, "dx": 0.03629613331529941, "t": 90.09505558013916}
{"kind": "Jbca", "n": 57, "want_grad": true, "c": 0.006970972805161988, "c_raw": 0.006970972805161988, "c_finite": true, "g_finite": true, "dx": 0.03629613331529941, "t": 90.1090989112854}
{"kind": "f", "n": 58, "want_grad": true, "J": 0.6566023164211731, "dx": 0.03676161479883075, "x_norm": 1.2368014088198103, "x_maxabs": 0.26714622070526195, "x_finite": true, "g_norm": 214.7453356646761, "g_maxabs": 136.3096118282141, "g_finite": true, "t": 91.65821743011475}
{"kind": "Jbsd", "n": 58, "want_grad": true, "c": 0.0, "c_raw": 0.0, "c_finite": true, "g_finite": true, "dx": 0.03676161479883075, "t": 91.67391300201416}
{"kind": "Jbca", "n": 58, "want_grad": true, "c": 0.007181650569856164, "c_raw": 0.007181650569856164, "c_finite": true, "g_finite": true, "dx": 0.03676161479883075, "t": 91.68943881988525}
{"kind": "f", "n": 59, "want_grad": true, "J": 0.6270357796811378, "dx": 0.03684931334468569, "x_norm": 1.2368694927978072, "x_maxabs": 0.26723393268437345, "x_finite": true, "g_norm": 143.30025204665267, "g_maxabs": 86.8076273373793, "g_finite": true, "t": 93.2395396232605}
{"kind": "Jbsd", "n": 59, "want_grad": true, "c": 0.0, "c_raw": 0.0, "c_finite": true, "g_finite": true, "dx": 0.03684931334468569, "t": 93.25564408302307}
{"kind": "Jbca", "n": 59, "want_grad": true, "c": 0.00722003293385427, "c_raw": 0.00722003293385427, "c_finite": true, "g_finite": true, "dx": 0.03684931334468569, "t": 93.27218890190125}
{"kind": "f", "n": 60, "want_grad": true, "J": 0.6237200433205535, "dx": 0.03686018941001824, "x_norm": 1.2368778954727244, "x_maxabs": 0.26724475544449044, "x_finite": true, "g_norm": 164.20589807602238, "g_maxabs": 99.30967321277694, "g_finite": true, "t": 94.8231372833252}
{"kind": "Jbsd", "n": 60, "want_grad": true, "c": 0.0, "c_raw": 0.0, "c_finite": true, "g_finite": true, "dx": 0.03686018941001824, "t": 94.84063506126404}
{"kind": "Jbca", "n": 60, "want_grad": true, "c": 0.00722476600356513, "c_raw": 0.00722476600356513, "c_finite": true, "g_finite": true, "dx": 0.03686018941001824, "t": 94.85615801811218}
{"kind": "f", "n": 61, "want_grad": true, "J": 0.623300913750297, "dx": 0.03686145498281583, "x_norm": 1.2368788726560935, "x_maxabs": 0.26724601403680004, "x_finite": true, "g_norm": 166.9038679994697, "g_maxabs": 100.9205642235667, "g_finite": true, "t": 96.40643763542175}
{"kind": "Jbsd", "n": 61, "want_grad": true, "c": 0.0, "c_raw": 0.0, "c_finite": true, "g_finite": true, "dx": 0.03686145498281583, "t": 96.42281103134155}
{"kind": "Jbca", "n": 61, "want_grad": true, "c": 0.007225316376219457, "c_raw": 0.007225316376219457, "c_finite": true, "g_finite": true, "dx": 0.03686145498281583, "t": 96.43927764892578}
{"kind": "f", "n": 62, "want_grad": true, "J": 0.6232531715412, "dx": 0.036861597737239134, "x_norm": 1.2368789828731375, "x_maxabs": 0.26724615599367696, "x_finite": true, "g_norm": 167.21190985531717, "g_maxabs": 101.10447345553132, "g_finite": true, "t": 97.98800754547119}
{"kind": "Jbsd", "n": 62, "want_grad": true, "c": 0.0, "c_raw": 0.0, "c_finite": true, "g_finite": true, "dx": 0.036861597737239134, "t": 98.00430941581726}
{"kind": "Jbca", "n": 62, "want_grad": true, "c": 0.007225378452311704, "c_raw": 0.007225378452311704, "c_finite": true, "g_finite": true, "dx": 0.036861597737239134, "t": 98.01985907554626}
time 98.02566623687744
result_code -1 FAILURE
minf 1.0000000000412417
||xopt-x0|| 0.0
eval counts {'f': 62, 'f_grad': 60, 'Jbsd': 62, 'Jbca': 62, 'dphis': 620}
xopt [0.125 0.25  0.25  0.25  0.125 0.25  0.25  0.25  0.125 0.25  0.25  0.25  0.125 0.25  0.125 0.25  0.125 0.25  0.25  0.25  0.125 0.25  0.25  0.25  0.125 0.25  0.25  0.25  0.125 0.25  0.125 0.25  0.    0.    0.    0.    0.    0.    0.    0.    0.    0.    0.    0.    0.    0.    0.    0.   ]
NLopt returned a failure code; exceptions were disabled so the script continued and wrote fin_* at the last evaluated x (x0 if no step was accepted).
End time:       Fri Sep 11 16:14:27 EDT 2026
