Job ID:         17498806
Nodes:          1
CPUs per task:  4
Start time:     Sat Sep 12 16:55:35 EDT 2026
       __       ___      ___   ___                _______  _______ .___  ___. 
      |  |     /   \     \  \ /  /               |   ____||   ____||   \/   | 
      |  |    /  ^  \     \  V  /      ______    |  |__   |  |__   |  \  /  | 
.--.  |  |   /  /_\  \     >   <      |______|   |   __|  |   __|  |  |\/|  | 
|  `--'  |  /  _____  \   /  .  \                |  |     |  |____ |  |  |  | 
 \______/  /__/     \__\ /__/ \__\               |__|     |_______||__|  |__| 
                                                                              

k_attachment is not provided. Based on the coil's stiffness, the auto-generated value is 4.0940e+14 N/m3.
Beam network initialized.
Optimizing:
    dphis_end_cc - per-coil shapes: [(4,), (4,), (4,), (2,), (2,)]
    dphis_start_cc - per-coil shapes: [(4,), (4,), (4,), (2,), (2,)]
    thetas_orientation_cc - per-coil shapes: [(4,), (4,), (4,), (2,), (2,)]
Fixing:
    w1_beam
    w2_beam
    dphis_start_cf
    x_foundation
    thetas_orientation_cf
Total # dofs: 48
solving with float64
# mesh node for all coils: [36400, 36400, 36400, 36400]
# mesh cell for all coils: [21600, 21600, 21600, 21600]
MAXITER = 1000
# free dofs = 48
# linear inequality constraints = 10
solving with float64
| niter |f evals|CG iter|  obj func   |tr radius |   opt    |  c viol  |
|-------|-------|-------|-------------|----------|----------|----------|
|   1   |   1   |   0   | +1.8632e+14 | 1.00e+00 | 6.32e+14 | 0.00e+00 |
|   2   |   2   |   1   | +1.8632e+14 | 5.00e-01 | 6.32e+14 | 0.00e+00 |
|   3   |   3   |   2   | +1.8632e+14 | 2.50e-01 | 6.32e+14 | 0.00e+00 |
|   4   |   4   |   3   | +1.8632e+14 | 1.25e-01 | 6.32e+14 | 0.00e+00 |
|   5   |   5   |   4   | +1.8632e+14 | 6.25e-02 | 6.32e+14 | 0.00e+00 |
|   6   |   6   |   5   | +1.8632e+14 | 3.12e-02 | 6.32e+14 | 0.00e+00 |
|   7   |   7   |   6   | +1.8632e+14 | 1.56e-02 | 6.32e+14 | 0.00e+00 |
|   8   |   8   |   7   | +1.8632e+14 | 7.81e-03 | 6.32e+14 | 0.00e+00 |
|   9   |   9   |   8   | +1.8632e+14 | 3.91e-03 | 6.32e+14 | 0.00e+00 |
|  10   |  10   |  10   | +1.8632e+14 | 1.95e-03 | 6.32e+14 | 0.00e+00 |
|  11   |  11   |  12   | +1.8632e+14 | 9.77e-04 | 6.32e+14 | 0.00e+00 |
|  12   |  12   |  14   | +1.8632e+14 | 4.88e-04 | 6.32e+14 | 0.00e+00 |
|  13   |  13   |  15   | +1.8570e+14 | 3.42e-03 | 6.69e+14 | 0.00e+00 |
|  14   |  14   |  17   | +1.8570e+14 | 1.67e-03 | 6.69e+14 | 0.00e+00 |
|  15   |  15   |  19   | +1.8570e+14 | 6.31e-04 | 6.69e+14 | 0.00e+00 |
|  16   |  16   |  20   | +1.8570e+14 | 1.87e-04 | 6.69e+14 | 0.00e+00 |
|  17   |  17   |  21   | +1.8570e+14 | 2.72e-05 | 6.69e+14 | 0.00e+00 |
|  18   |  18   |  22   | +1.8567e+14 | 1.90e-04 | 6.27e+14 | 0.00e+00 |
|  19   |  19   |  23   | +1.8567e+14 | 1.90e-05 | 6.27e+14 | 0.00e+00 |
|  20   |  20   |  24   | +1.8565e+14 | 1.33e-04 | 5.97e+14 | 0.00e+00 |
|  21   |  21   |  25   | +1.8565e+14 | 1.33e-05 | 5.97e+14 | 0.00e+00 |
|  22   |  22   |  26   | +1.8564e+14 | 9.33e-05 | 5.76e+14 | 0.00e+00 |
|  23   |  23   |  27   | +1.8558e+14 | 6.53e-04 | 4.39e+14 | 0.00e+00 |
|  24   |  24   |  28   | +1.8558e+14 | 6.53e-05 | 4.39e+14 | 0.00e+00 |
|  25   |  25   |  29   | +1.8558e+14 | 6.53e-06 | 4.39e+14 | 0.00e+00 |
|  26   |  26   |  29   | +1.8558e+14 | 1.00e+00 | 4.39e+14 | 0.00e+00 |
|  27   |  27   |  33   | +1.8558e+14 | 3.17e-01 | 4.39e+14 | 0.00e+00 |
|  28   |  28   |  36   | +1.8558e+14 | 3.34e-02 | 4.39e+14 | 0.00e+00 |
|  29   |  29   |  39   | +1.8558e+14 | 1.67e-02 | 4.39e+14 | 0.00e+00 |
|  30   |  30   |  42   | +1.8558e+14 | 8.35e-03 | 4.39e+14 | 0.00e+00 |
|  31   |  31   |  45   | +1.8558e+14 | 4.18e-03 | 4.39e+14 | 0.00e+00 |
|  32   |  32   |  48   | +1.8558e+14 | 1.43e-03 | 4.39e+14 | 0.00e+00 |
|  33   |  33   |  50   | +1.8558e+14 | 1.43e-04 | 4.39e+14 | 0.00e+00 |
|  34   |  34   |  51   | +1.8558e+14 | 1.43e-05 | 4.39e+14 | 0.00e+00 |
|  35   |  35   |  52   | +1.8557e+14 | 1.00e-04 | 4.21e+14 | 0.00e+00 |
|  36   |  36   |  53   | +1.8557e+14 | 1.00e-05 | 4.21e+14 | 0.00e+00 |
|  37   |  37   |  54   | +1.8556e+14 | 7.02e-05 | 4.08e+14 | 0.00e+00 |
|  38   |  38   |  55   | +1.8556e+14 | 7.02e-06 | 4.08e+14 | 0.00e+00 |
|  39   |  39   |  55   | +1.8556e+14 | 1.00e+00 | 4.08e+14 | 0.00e+00 |
|  40   |  40   |  59   | +1.8556e+14 | 3.52e-01 | 4.08e+14 | 0.00e+00 |
|  41   |  41   |  64   | +1.8556e+14 | 1.13e-01 | 4.08e+14 | 0.00e+00 |
|  42   |  42   |  68   | +1.8556e+14 | 5.65e-02 | 4.08e+14 | 0.00e+00 |
|  43   |  43   |  72   | +1.8556e+14 | 2.82e-02 | 4.08e+14 | 0.00e+00 |
|  44   |  44   |  76   | +1.8556e+14 | 1.41e-02 | 4.08e+14 | 0.00e+00 |
|  45   |  45   |  80   | +1.8517e+14 | 1.41e-02 | 1.63e+14 | 0.00e+00 |
|  46   |  46   |  84   | +1.8380e+14 | 2.82e-02 | 1.93e+14 | 0.00e+00 |
|  47   |  47   |  89   | +1.8269e+14 | 5.65e-02 | 3.16e+14 | 0.00e+00 |
|  48   |  48   |  94   | +1.8179e+14 | 5.65e-02 | 2.60e+14 | 0.00e+00 |
|  49   |  49   |  98   | +1.8179e+14 | 2.14e-02 | 2.60e+14 | 0.00e+00 |
|  50   |  50   |  102  | +1.8074e+14 | 4.28e-02 | 1.47e+14 | 0.00e+00 |
|  51   |  51   |  106  | +1.7812e+14 | 3.00e-01 | 2.12e+14 | 0.00e+00 |
|  52   |  52   |  111  | +1.7894e+14 | 2.10e+00 | 1.16e+14 | 0.00e+00 |
|  53   |  53   |  133  | +3.4003e+14 | 4.20e+00 | 2.03e+14 | 7.52e-02 |
|  54   |  54   |  152  | +5.7686e+14 | 8.29e+00 | 2.55e+14 | 2.24e-01 |
|  55   |  55   |  183  | +2.8930e+14 | 5.22e+01 | 1.12e+14 | 1.07e-01 |
|  56   |  56   |  231  | +2.8930e+14 | 5.22e+00 | 1.12e+14 | 1.07e-01 |
|  57   |  57   |  279  | +2.8930e+14 | 2.15e+00 | 1.12e+14 | 1.07e-01 |
|  58   |  58   |  294  | +2.8930e+14 | 1.08e+00 | 1.12e+14 | 1.07e-01 |
|  59   |  59   |  299  | +3.0027e+14 | 7.54e+00 | 1.13e+14 | 5.03e-02 |
|  60   |  60   |  338  | +3.0027e+14 | 3.41e+00 | 1.13e+14 | 5.03e-02 |
|  61   |  61   |  375  | +3.0027e+14 | 1.71e+00 | 1.13e+14 | 5.03e-02 |
|  62   |  62   |  391  | +2.4255e+14 | 3.41e+00 | 7.69e+13 | 2.46e-02 |
|  63   |  63   |  439  | +2.4255e+14 | 3.41e-01 | 7.69e+13 | 2.46e-02 |
|  64   |  64   |  444  | +2.6315e+14 | 2.39e+00 | 6.13e+13 | 1.97e-02 |
|  65   |  65   |  491  | +1.6627e+14 | 1.58e+01 | 6.68e+13 | 2.12e-02 |
|  66   |  66   |  539  | +1.6627e+14 | 1.58e+00 | 6.68e+13 | 2.12e-02 |
|  67   |  67   |  576  | +1.9061e+14 | 1.58e+00 | 6.43e+13 | 1.98e-02 |
|  68   |  68   |  587  | +1.5164e+14 | 1.58e+00 | 3.42e+13 | 1.09e-02 |
|  69   |  69   |  635  | +1.3448e+14 | 9.52e+00 | 2.69e+13 | 6.39e-03 |
|  70   |  70   |  683  | +1.0802e+14 | 9.52e+00 | 9.33e+12 | 1.69e-02 |
|  71   |  71   |  731  | +1.0802e+14 | 9.52e-01 | 9.33e+12 | 1.69e-02 |
|  72   |  72   |  749  | +1.0802e+14 | 4.76e-01 | 9.33e+12 | 1.69e-02 |
|  73   |  73   |  764  | +1.0098e+14 | 9.52e-01 | 8.06e+12 | 1.28e-02 |
|  74   |  74   |  790  | +9.8827e+13 | 9.52e-01 | 2.26e+13 | 1.63e-02 |
|  75   |  75   |  838  | +9.7417e+13 | 9.52e-01 | 1.93e+13 | 6.24e-03 |
|  76   |  76   |  886  | +8.8071e+13 | 1.31e+00 | 1.89e+13 | 2.15e-03 |
|  77   |  77   |  934  | +8.8071e+13 | 2.67e-01 | 1.89e+13 | 2.15e-03 |
|  78   |  78   |  944  | +8.6644e+13 | 5.34e-01 | 1.62e+13 | 1.18e-03 |
|  79   |  79   |  964  | +8.0403e+13 | 1.07e+00 | 2.15e+13 | 4.69e-03 |
|  80   |  80   |  983  | +8.0403e+13 | 3.59e-01 | 2.15e+13 | 4.69e-03 |
|  81   |  81   |  994  | +8.0440e+13 | 3.59e-01 | 1.36e+13 | 3.50e-03 |
|  82   |  82   | 1011  | +7.8201e+13 | 7.18e-01 | 1.25e+13 | 4.11e-03 |
|  83   |  83   | 1037  | +7.5449e+13 | 5.02e+00 | 2.63e+13 | 1.89e-03 |
|  84   |  84   | 1085  | +7.5449e+13 | 8.08e-01 | 2.63e+13 | 1.89e-03 |
|  85   |  85   | 1100  | +7.5449e+13 | 1.76e-01 | 2.63e+13 | 1.89e-03 |
|  86   |  86   | 1106  | +7.5388e+13 | 3.51e-01 | 1.21e+13 | 1.61e-03 |
|  87   |  87   | 1123  | +7.2995e+13 | 2.46e+00 | 1.31e+13 | 1.11e-03 |
|  88   |  88   | 1171  | +7.3029e+13 | 2.46e+00 | 2.31e+13 | 4.85e-04 |
|  89   |  89   | 1219  | +7.3029e+13 | 5.82e-01 | 2.31e+13 | 4.85e-04 |
|  90   |  90   | 1239  | +6.9819e+13 | 1.16e+00 | 2.23e+13 | 2.66e-04 |
|  91   |  91   | 1280  | +6.9660e+13 | 1.16e+00 | 1.93e+13 | 2.90e-05 |
|  92   |  92   | 1328  | +6.7726e+13 | 1.16e+00 | 5.81e+12 | 8.85e-06 |
|  93   |  93   | 1376  | +6.5412e+13 | 1.36e+00 | 1.39e+13 | 7.01e-04 |
|  94   |  94   | 1424  | +6.3834e+13 | 1.36e+00 | 1.55e+13 | 1.22e-04 |
|  95   |  96   | 1472  | +6.3834e+13 | 2.04e-01 | 1.55e+13 | 1.22e-04 |
|  96   |  98   | 1488  | +6.3834e+13 | 1.02e-01 | 1.55e+13 | 1.22e-04 |
|  97   |  99   | 1498  | +6.3671e+13 | 1.02e-01 | 3.02e+13 | 2.34e-05 |
|  98   |  100  | 1508  | +6.3671e+13 | 5.09e-02 | 3.02e+13 | 2.34e-05 |
|  99   |  101  | 1513  | +6.3671e+13 | 2.55e-02 | 3.02e+13 | 2.34e-05 |
|  100  |  102  | 1517  | +6.3124e+13 | 5.09e-02 | 1.61e+13 | 1.46e-04 |
|  101  |  103  | 1525  | +6.2522e+13 | 3.57e-01 | 5.73e+12 | 1.37e-04 |
|  102  |  104  | 1538  | +6.1417e+13 | 7.13e-01 | 1.42e+13 | 1.01e-04 |
|  103  |  105  | 1563  | +6.1417e+13 | 3.57e-01 | 1.42e+13 | 1.01e-04 |
|  104  |  106  | 1581  | +5.9935e+13 | 7.13e-01 | 9.23e+12 | 2.17e-04 |
|  105  |  107  | 1629  | +5.9396e+13 | 1.06e+00 | 2.69e+13 | 6.42e-05 |
|  106  |  108  | 1670  | +5.9396e+13 | 2.15e-01 | 2.69e+13 | 6.42e-05 |
|  107  |  109  | 1685  | +5.9396e+13 | 1.07e-01 | 2.69e+13 | 6.42e-05 |
|  108  |  110  | 1696  | +5.9396e+13 | 5.37e-02 | 2.69e+13 | 6.42e-05 |
|  109  |  111  | 1706  | +5.9396e+13 | 2.69e-02 | 2.69e+13 | 6.42e-05 |
|  110  |  112  | 1712  | +5.9371e+13 | 2.69e-02 | 9.99e+12 | 6.28e-05 |
|  111  |  113  | 1718  | +5.9097e+13 | 1.88e-01 | 6.16e+12 | 7.63e-05 |
|  112  |  114  | 1727  | +5.9097e+13 | 9.40e-02 | 6.16e+12 | 7.63e-05 |
|  113  |  115  | 1736  | +5.8350e+13 | 1.88e-01 | 8.63e+12 | 2.70e-04 |
|  114  |  116  | 1748  | +5.8350e+13 | 9.40e-02 | 8.63e+12 | 2.70e-04 |
|  115  |  117  | 1759  | +5.7934e+13 | 1.88e-01 | 6.21e+12 | 2.40e-04 |
|  116  |  118  | 1774  | +5.7852e+13 | 1.88e-01 | 6.39e+12 | 2.03e-04 |
|  117  |  119  | 1785  | +5.7852e+13 | 9.40e-02 | 6.39e+12 | 2.03e-04 |
|  118  |  120  | 1795  | +5.7852e+13 | 4.70e-02 | 6.39e+12 | 2.03e-04 |
|  119  |  121  | 1802  | +5.7852e+13 | 2.35e-02 | 6.39e+12 | 2.03e-04 |
|  120  |  122  | 1808  | +5.7852e+13 | 1.18e-02 | 6.39e+12 | 2.03e-04 |
|  121  |  123  | 1813  | +5.7852e+13 | 4.85e-03 | 6.39e+12 | 2.03e-04 |
|  122  |  124  | 1817  | +5.7830e+13 | 9.70e-03 | 5.52e+12 | 2.01e-04 |
|  123  |  125  | 1822  | +5.7830e+13 | 4.85e-03 | 5.52e+12 | 2.01e-04 |
|  124  |  126  | 1825  | +5.7799e+13 | 9.70e-03 | 8.66e+12 | 2.01e-04 |
|  125  |  127  | 1830  | +5.7799e+13 | 9.70e-03 | 9.70e+12 | 1.98e-04 |
|  126  |  128  | 1836  | +5.7704e+13 | 1.94e-02 | 6.81e+12 | 1.97e-04 |
|  127  |  129  | 1842  | +5.7641e+13 | 3.88e-02 | 6.65e+12 | 1.92e-04 |
|  128  |  130  | 1851  | +5.7457e+13 | 7.76e-02 | 1.23e+13 | 1.87e-04 |
|  129  |  131  | 1862  | +5.7457e+13 | 3.88e-02 | 1.23e+13 | 1.87e-04 |
|  130  |  132  | 1871  | +5.7344e+13 | 7.76e-02 | 5.71e+12 | 1.79e-04 |
|  131  |  133  | 1883  | +5.7264e+13 | 7.76e-02 | 2.12e+13 | 1.67e-04 |
|  132  |  134  | 1893  | +5.7264e+13 | 3.88e-02 | 2.12e+13 | 1.67e-04 |
|  133  |  135  | 1900  | +5.7264e+13 | 1.94e-02 | 2.12e+13 | 1.67e-04 |
|  134  |  136  | 1907  | +5.7264e+13 | 9.70e-03 | 2.12e+13 | 1.67e-04 |
|  135  |  137  | 1913  | +5.7198e+13 | 1.94e-02 | 5.72e+12 | 1.65e-04 |
|  136  |  138  | 1919  | +5.7198e+13 | 9.70e-03 | 5.72e+12 | 1.65e-04 |
|  137  |  139  | 1924  | +5.7097e+13 | 1.94e-02 | 6.65e+12 | 1.64e-04 |
|  138  |  140  | 1931  | +5.7034e+13 | 3.88e-02 | 6.11e+12 | 1.60e-04 |
|  139  |  141  | 1938  | +5.7034e+13 | 1.94e-02 | 6.11e+12 | 1.60e-04 |
|  140  |  142  | 1945  | +5.7034e+13 | 9.70e-03 | 6.11e+12 | 1.60e-04 |
|  141  |  143  | 1951  | +5.7034e+13 | 4.85e-03 | 6.11e+12 | 1.60e-04 |
|  142  |  144  | 1956  | +5.7034e+13 | 2.42e-03 | 6.11e+12 | 1.60e-04 |
|  143  |  145  | 1961  | +5.7034e+13 | 1.21e-03 | 6.11e+12 | 1.60e-04 |
|  144  |  146  | 1965  | +5.7034e+13 | 6.06e-04 | 6.11e+12 | 1.60e-04 |
|  145  |  147  | 1968  | +5.7016e+13 | 4.24e-03 | 9.53e+12 | 1.61e-04 |
|  146  |  148  | 1973  | +5.7004e+13 | 4.24e-03 | 6.63e+12 | 1.59e-04 |
|  147  |  149  | 1978  | +5.7004e+13 | 2.12e-03 | 6.63e+12 | 1.59e-04 |
|  148  |  150  | 1982  | +5.6969e+13 | 1.48e-02 | 6.09e+12 | 1.60e-04 |
|  149  |  151  | 1989  | +5.6969e+13 | 7.42e-03 | 6.09e+12 | 1.60e-04 |
|  150  |  152  | 1995  | +5.6969e+13 | 3.71e-03 | 6.09e+12 | 1.60e-04 |
|  151  |  153  | 2001  | +5.6969e+13 | 3.71e-03 | 7.55e+12 | 1.58e-04 |
|  152  |  154  | 2006  | +5.6950e+13 | 7.42e-03 | 8.20e+12 | 1.58e-04 |
|  153  |  155  | 2013  | +5.6950e+13 | 3.71e-03 | 8.20e+12 | 1.58e-04 |
|  154  |  156  | 2018  | +5.6935e+13 | 7.42e-03 | 5.05e+12 | 1.57e-04 |
|  155  |  157  | 2026  | +5.6877e+13 | 5.20e-02 | 6.55e+12 | 1.56e-04 |
|  156  |  158  | 2040  | +5.6732e+13 | 3.64e-01 | 6.57e+12 | 1.48e-04 |
|  157  |  159  | 2057  | +5.6732e+13 | 1.82e-01 | 6.57e+12 | 1.48e-04 |
|  158  |  160  | 2074  | +5.6419e+13 | 3.64e-01 | 5.93e+12 | 1.25e-04 |
|  159  |  161  | 2103  | +5.5272e+13 | 2.55e+00 | 2.04e+13 | 8.73e-05 |
|  160  |  162  | 2151  | +5.5272e+13 | 2.55e-01 | 2.04e+13 | 8.73e-05 |
|  161  |  163  | 2173  | +5.4919e+13 | 5.09e-01 | 9.07e+12 | 6.71e-05 |
|  162  |  164  | 2200  | +5.4919e+13 | 2.55e-01 | 9.07e+12 | 6.71e-05 |
|  163  |  165  | 2217  | +5.4919e+13 | 1.27e-01 | 9.07e+12 | 6.71e-05 |
|  164  |  166  | 2231  | +5.4919e+13 | 6.37e-02 | 9.07e+12 | 6.71e-05 |
|  165  |  167  | 2241  | +5.4919e+13 | 3.18e-02 | 9.07e+12 | 6.71e-05 |
|  166  |  168  | 2247  | +5.4919e+13 | 1.59e-02 | 9.07e+12 | 6.71e-05 |
|  167  |  169  | 2252  | +5.4919e+13 | 7.96e-03 | 9.07e+12 | 6.71e-05 |
|  168  |  170  | 2257  | +5.4919e+13 | 2.93e-03 | 9.07e+12 | 6.71e-05 |
|  169  |  171  | 2260  | +5.4919e+13 | 1.46e-03 | 9.07e+12 | 6.71e-05 |
|  170  |  172  | 2263  | +5.4919e+13 | 4.45e-04 | 9.07e+12 | 6.71e-05 |
|  171  |  173  | 2265  | +5.4919e+13 | 4.73e-05 | 9.07e+12 | 6.71e-05 |
|  172  |  174  | 2266  | +5.4916e+13 | 3.31e-04 | 8.65e+12 | 6.72e-05 |
|  173  |  175  | 2267  | +5.4916e+13 | 3.31e-05 | 8.65e+12 | 6.72e-05 |
|  174  |  176  | 2268  | +5.4915e+13 | 2.32e-04 | 8.37e+12 | 6.70e-05 |
|  175  |  177  | 2269  | +5.4915e+13 | 2.32e-05 | 8.37e+12 | 6.70e-05 |
|  176  |  178  | 2270  | +5.4913e+13 | 1.62e-04 | 8.18e+12 | 6.72e-05 |
|  177  |  179  | 2271  | +5.4913e+13 | 1.62e-05 | 8.18e+12 | 6.72e-05 |
|  178  |  180  | 2272  | +5.4913e+13 | 1.14e-04 | 8.05e+12 | 6.70e-05 |
|  179  |  181  | 2273  | +5.4913e+13 | 1.14e-05 | 8.05e+12 | 6.70e-05 |
|  180  |  182  | 2274  | +5.4912e+13 | 7.95e-05 | 7.97e+12 | 6.71e-05 |
|  181  |  183  | 2275  | +5.4909e+13 | 5.56e-04 | 7.38e+12 | 6.69e-05 |
|  182  |  184  | 2276  | +5.4909e+13 | 8.91e-05 | 7.38e+12 | 6.69e-05 |
|  183  |  185  | 2277  | +5.4909e+13 | 8.91e-06 | 7.38e+12 | 6.69e-05 |
|  184  |  186  | 2277  | +5.4909e+13 | 1.00e+00 | 7.38e+12 | 6.69e-05 |
|  185  |  187  | 2299  | +5.4909e+13 | 2.06e-01 | 7.38e+12 | 6.69e-05 |
|  186  |  188  | 2310  | +5.4909e+13 | 1.03e-01 | 7.38e+12 | 6.69e-05 |
|  187  |  189  | 2319  | +5.4700e+13 | 1.03e-01 | 7.43e+12 | 5.60e-05 |
|  188  |  190  | 2328  | +5.4057e+13 | 2.06e-01 | 5.27e+12 | 4.69e-05 |
|  189  |  191  | 2346  | +5.4057e+13 | 1.03e-01 | 5.27e+12 | 4.69e-05 |
|  190  |  192  | 2359  | +5.3841e+13 | 2.06e-01 | 1.00e+13 | 4.24e-05 |
|  191  |  193  | 2377  | +5.3116e+13 | 1.44e+00 | 7.09e+12 | 3.34e-05 |
|  192  |  194  | 2425  | +5.3116e+13 | 1.44e-01 | 7.09e+12 | 3.34e-05 |
|  193  |  195  | 2441  | +5.3116e+13 | 7.22e-02 | 7.09e+12 | 3.34e-05 |
|  194  |  196  | 2457  | +5.3068e+13 | 7.22e-02 | 1.57e+13 | 3.08e-05 |
|  195  |  197  | 2470  | +5.2828e+13 | 1.44e-01 | 1.39e+13 | 2.83e-05 |
|  196  |  198  | 2488  | +5.2828e+13 | 7.22e-02 | 1.39e+13 | 2.83e-05 |
|  197  |  199  | 2503  | +5.2828e+13 | 3.61e-02 | 1.39e+13 | 2.83e-05 |
|  198  |  200  | 2516  | +5.2782e+13 | 3.61e-02 | 1.17e+13 | 2.72e-05 |
|  199  |  201  | 2525  | +5.2782e+13 | 1.81e-02 | 1.17e+13 | 2.72e-05 |
|  200  |  202  | 2531  | +5.2782e+13 | 9.03e-03 | 1.17e+13 | 2.72e-05 |
|  201  |  203  | 2538  | +5.2782e+13 | 4.43e-03 | 1.17e+13 | 2.72e-05 |
|  202  |  204  | 2543  | +5.2782e+13 | 1.05e-03 | 1.17e+13 | 2.72e-05 |
|  203  |  205  | 2546  | +5.2747e+13 | 7.32e-03 | 7.34e+12 | 2.71e-05 |
|  204  |  206  | 2551  | +5.2747e+13 | 3.02e-03 | 7.34e+12 | 2.71e-05 |
|  205  |  207  | 2555  | +5.2747e+13 | 6.50e-04 | 7.34e+12 | 2.71e-05 |
|  206  |  208  | 2557  | +5.2747e+13 | 6.50e-05 | 7.34e+12 | 2.71e-05 |
|  207  |  209  | 2558  | +5.2745e+13 | 4.55e-04 | 6.90e+12 | 2.71e-05 |
|  208  |  210  | 2559  | +5.2745e+13 | 4.55e-05 | 6.90e+12 | 2.71e-05 |
|  209  |  211  | 2560  | +5.2743e+13 | 3.19e-04 | 6.62e+12 | 2.71e-05 |
|  210  |  212  | 2561  | +5.2743e+13 | 3.19e-05 | 6.62e+12 | 2.71e-05 |
|  211  |  213  | 2562  | +5.2743e+13 | 3.19e-06 | 6.62e+12 | 2.71e-05 |
|  212  |  214  | 2562  | +5.2743e+13 | 1.00e+00 | 6.62e+12 | 2.71e-05 |
|  213  |  215  | 2587  | +5.2743e+13 | 1.33e-01 | 6.62e+12 | 2.71e-05 |
|  214  |  216  | 2603  | +5.2743e+13 | 6.65e-02 | 6.62e+12 | 2.71e-05 |
|  215  |  217  | 2613  | +5.2743e+13 | 3.32e-02 | 6.62e+12 | 2.71e-05 |
|  216  |  218  | 2621  | +5.2743e+13 | 1.66e-02 | 6.62e+12 | 2.71e-05 |
|  217  |  219  | 2626  | +5.2743e+13 | 8.31e-03 | 6.62e+12 | 2.71e-05 |
|  218  |  220  | 2631  | +5.2743e+13 | 4.15e-03 | 6.62e+12 | 2.71e-05 |
|  219  |  221  | 2634  | +5.2743e+13 | 1.26e-03 | 6.62e+12 | 2.71e-05 |
|  220  |  222  | 2636  | +5.2743e+13 | 1.67e-04 | 6.62e+12 | 2.71e-05 |
|  221  |  223  | 2637  | +5.2743e+13 | 1.67e-05 | 6.62e+12 | 2.71e-05 |
|  222  |  224  | 2638  | +5.2743e+13 | 1.17e-04 | 6.53e+12 | 2.71e-05 |
|  223  |  225  | 2639  | +5.2743e+13 | 1.17e-05 | 6.53e+12 | 2.71e-05 |
|  224  |  226  | 2640  | +5.2743e+13 | 1.17e-06 | 6.53e+12 | 2.71e-05 |
|  225  |  227  | 2640  | +5.2743e+13 | 1.00e+00 | 6.53e+12 | 2.71e-05 |
|  226  |  228  | 2651  | +5.2743e+13 | 1.00e-01 | 6.53e+12 | 2.71e-05 |
|  227  |  229  | 2660  | +5.2743e+13 | 5.00e-02 | 6.53e+12 | 2.71e-05 |
|  228  |  230  | 2667  | +5.2743e+13 | 2.50e-02 | 6.53e+12 | 2.71e-05 |
|  229  |  231  | 2674  | +5.2721e+13 | 2.50e-02 | 1.61e+13 | 2.63e-05 |
|  230  |  232  | 2680  | +5.2721e+13 | 1.25e-02 | 1.61e+13 | 2.63e-05 |
|  231  |  233  | 2684  | +5.2721e+13 | 6.25e-03 | 1.61e+13 | 2.63e-05 |
|  232  |  234  | 2688  | +5.2680e+13 | 6.25e-03 | 2.69e+13 | 2.61e-05 |
|  233  |  235  | 2692  | +5.2680e+13 | 2.15e-03 | 2.69e+13 | 2.61e-05 |
|  234  |  236  | 2696  | +5.2680e+13 | 1.00e-03 | 2.69e+13 | 2.61e-05 |
|  235  |  237  | 2699  | +5.2680e+13 | 3.61e-04 | 2.69e+13 | 2.61e-05 |
|  236  |  238  | 2701  | +5.2680e+13 | 6.15e-05 | 2.69e+13 | 2.61e-05 |
|  237  |  239  | 2702  | +5.2680e+13 | 6.15e-06 | 2.69e+13 | 2.61e-05 |
|  238  |  240  | 2702  | +5.2680e+13 | 1.00e+00 | 2.69e+13 | 2.61e-05 |
|  239  |  241  | 2738  | +5.2680e+13 | 1.00e-01 | 2.69e+13 | 2.61e-05 |
|  240  |  242  | 2751  | +5.2680e+13 | 5.00e-02 | 2.69e+13 | 2.61e-05 |
|  241  |  243  | 2761  | +5.2549e+13 | 1.00e-01 | 1.32e+13 | 3.08e-05 |
|  242  |  244  | 2769  | +5.2549e+13 | 5.00e-02 | 1.32e+13 | 3.08e-05 |
|  243  |  245  | 2775  | +5.2549e+13 | 2.50e-02 | 1.32e+13 | 3.08e-05 |
|  244  |  246  | 2781  | +5.2468e+13 | 2.50e-02 | 6.76e+12 | 5.06e-05 |
|  245  |  247  | 2789  | +5.2413e+13 | 5.00e-02 | 7.71e+12 | 4.91e-05 |
|  246  |  248  | 2800  | +5.2413e+13 | 2.50e-02 | 7.71e+12 | 4.91e-05 |
|  247  |  249  | 2809  | +5.2308e+13 | 5.00e-02 | 3.19e+13 | 4.80e-05 |
|  248  |  250  | 2820  | +5.2308e+13 | 2.50e-02 | 3.19e+13 | 4.80e-05 |
|  249  |  251  | 2830  | +5.2215e+13 | 5.00e-02 | 2.23e+13 | 4.66e-05 |
|  250  |  252  | 2836  | +5.2215e+13 | 2.50e-02 | 2.23e+13 | 4.66e-05 |
|  251  |  253  | 2841  | +5.2137e+13 | 2.50e-02 | 1.35e+13 | 4.55e-05 |
|  252  |  254  | 2849  | +5.2137e+13 | 8.58e-03 | 1.35e+13 | 4.55e-05 |
|  253  |  255  | 2855  | +5.2137e+13 | 4.29e-03 | 1.35e+13 | 4.55e-05 |
|  254  |  256  | 2859  | +5.2099e+13 | 8.58e-03 | 1.21e+13 | 4.52e-05 |
|  255  |  257  | 2863  | +5.2023e+13 | 6.01e-02 | 1.19e+13 | 4.48e-05 |
|  256  |  258  | 2868  | +5.1912e+13 | 6.01e-02 | 1.16e+13 | 4.24e-05 |
|  257  |  259  | 2878  | +5.1912e+13 | 3.00e-02 | 1.16e+13 | 4.24e-05 |
|  258  |  260  | 2886  | +5.1912e+13 | 1.50e-02 | 1.16e+13 | 4.24e-05 |
|  259  |  261  | 2891  | +5.1886e+13 | 1.50e-02 | 1.36e+13 | 4.84e-05 |
|  260  |  262  | 2896  | +5.1886e+13 | 7.51e-03 | 1.36e+13 | 4.84e-05 |
|  261  |  263  | 2899  | +5.1852e+13 | 7.51e-03 | 7.79e+12 | 5.24e-05 |
|  262  |  264  | 2905  | +5.1852e+13 | 3.75e-03 | 7.79e+12 | 5.24e-05 |
|  263  |  265  | 2909  | +5.1852e+13 | 1.88e-03 | 7.79e+12 | 5.24e-05 |
|  264  |  266  | 2912  | +5.1706e+13 | 1.31e-02 | 1.85e+13 | 5.35e-05 |
|  265  |  267  | 2918  | +5.1706e+13 | 5.30e-03 | 1.85e+13 | 5.35e-05 |
|  266  |  268  | 2923  | +5.1706e+13 | 2.52e-03 | 1.85e+13 | 5.35e-05 |
|  267  |  269  | 2926  | +5.1706e+13 | 1.02e-03 | 1.85e+13 | 5.35e-05 |
|  268  |  270  | 2927  | +5.1706e+13 | 2.67e-04 | 1.85e+13 | 5.35e-05 |
|  269  |  271  | 2928  | +5.1706e+13 | 3.36e-05 | 1.85e+13 | 5.35e-05 |
|  270  |  272  | 2929  | +5.1703e+13 | 2.35e-04 | 1.82e+13 | 5.34e-05 |
|  271  |  273  | 2930  | +5.1703e+13 | 2.35e-05 | 1.82e+13 | 5.34e-05 |
|  272  |  274  | 2931  | +5.1701e+13 | 1.65e-04 | 1.80e+13 | 5.35e-05 |
|  273  |  275  | 2932  | +5.1686e+13 | 1.15e-03 | 1.61e+13 | 5.34e-05 |
|  274  |  276  | 2933  | +5.1686e+13 | 2.71e-04 | 1.61e+13 | 5.34e-05 |
|  275  |  277  | 2934  | +5.1686e+13 | 2.76e-05 | 1.61e+13 | 5.34e-05 |
|  276  |  278  | 2935  | +5.1686e+13 | 2.76e-06 | 1.61e+13 | 5.34e-05 |

Constraint violation exceeds 'gtol'
Number of iterations: 276, function evaluations: 278, CG iterations: 2935, optimality: 1.61e+13, constraint violation: 5.34e-05, execution time: 8.6e+02 s.
time 1009.7683653831482
res             message: Constraint violation exceeds 'gtol'
           success: False
            status: 4
               fun: 51685716103520.45
                 x: [ 5.539e-02  4.104e-01 ...  1.342e-01  4.485e-02]
               nit: 276
              nfev: 278
              njev: 278
              nhev: 0
          cg_niter: 2935
      cg_stop_cond: 2
              grad: [-1.827e+13 -7.889e+12 ...  1.083e+12 -6.442e+11]
   lagrangian_grad: [-8.694e+11  2.343e+11 ...  1.871e+10 -1.290e+09]
            constr: [array([ 6.048e-01,  7.062e-01,  9.956e-01,  3.615e-01,
                            4.451e-01,  5.288e-01,  5.988e-01,  7.789e-01,
                            4.892e-01,  4.661e-01]), array([ 0.000e+00]), array([ 5.339e-05]), array([ 5.539e-02,  4.104e-01, ...,  1.342e-01,
                            4.485e-02], shape=(48,))]
               jac: [array([[ 1.000e+00,  1.000e+00, ...,  0.000e+00,
                             0.000e+00],
                           [ 0.000e+00,  0.000e+00, ...,  0.000e+00,
                             0.000e+00],
                           ...,
                           [ 0.000e+00,  0.000e+00, ...,  0.000e+00,
                             0.000e+00],
                           [ 0.000e+00,  0.000e+00, ...,  0.000e+00,
                             0.000e+00]], shape=(10, 48)), array([[ 0.000e+00,  0.000e+00, ...,  0.000e+00,
                             0.000e+00]], shape=(1, 48)), array([[ 1.548e-03,  1.548e-03, ...,  0.000e+00,
                             0.000e+00]], shape=(1, 48)), array([[ 1.000e+00,  0.000e+00, ...,  0.000e+00,
                             0.000e+00],
                           [ 0.000e+00,  1.000e+00, ...,  0.000e+00,
                             0.000e+00],
                           ...,
                           [ 0.000e+00,  0.000e+00, ...,  1.000e+00,
                             0.000e+00],
                           [ 0.000e+00,  0.000e+00, ...,  0.000e+00,
                             1.000e+00]], shape=(48, 48))]
       constr_nfev: [0, 278, 278, 0]
       constr_njev: [0, 278, 278, 0]
       constr_nhev: [0, 0, 0, 0]
                 v: [array([ 2.842e+12,  1.917e+14,  4.668e+11,  5.891e+12,
                           -1.009e+13,  1.395e+13,  1.345e+14,  2.514e+13,
                           -1.041e+13,  5.219e+12]), array([-6.450e+07]), array([ 4.746e+15]), array([ 7.217e+12, -2.065e+12, ..., -1.064e+12,
                            6.429e+11], shape=(48,))]
            method: tr_interior_point
        optimality: 16106624115537.5
  constr_violation: 5.339441586108458e-05
    execution_time: 861.605372428894
         tr_radius: 2.7645064727975786e-06
    constr_penalty: 1.0
 barrier_parameter: 6.400000000000003e-06
 barrier_tolerance: 6.400000000000003e-06
             niter: 276
End time:       Sat Sep 12 17:14:46 EDT 2026
