Job ID:         17498846
Nodes:          1
CPUs per task:  4
Start time:     Sat Sep 12 16:58:52 EDT 2026
       __       ___      ___   ___                _______  _______ .___  ___. 
      |  |     /   \     \  \ /  /               |   ____||   ____||   \/   | 
      |  |    /  ^  \     \  V  /      ______    |  |__   |  |__   |  \  /  | 
.--.  |  |   /  /_\  \     >   <      |______|   |   __|  |   __|  |  |\/|  | 
|  `--'  |  /  _____  \   /  .  \                |  |     |  |____ |  |  |  | 
 \______/  /__/     \__\ /__/ \__\               |__|     |_______||__|  |__| 
                                                                              

k_attachment is not provided. Based on the coil's stiffness, the auto-generated value is 4.0940e+14 N/m3.
Beam network initialized.
Optimizing:
    dphis_end_cc - per-coil shapes: [(4,), (4,), (4,), (2,), (2,)]
    dphis_start_cc - per-coil shapes: [(4,), (4,), (4,), (2,), (2,)]
    thetas_orientation_cc - per-coil shapes: [(4,), (4,), (4,), (2,), (2,)]
    phis_start_cs - per-coil shapes: (2,)
    phis_end_cs - per-coil shapes: (2,)
    thetas_orientation_cs - per-coil shapes: (2,)
Fixing:
    w1_beam
    w2_beam
    dphis_start_cf
    x_foundation
    thetas_orientation_cf
Total # dofs: 54
solving with float64
# mesh node for all coils: [36400, 36400, 36400, 36400]
# mesh cell for all coils: [21600, 21600, 21600, 21600]
MAXITER = 1000
# free dofs = 54
# linear inequality constraints = 10
solving with float64
| niter |f evals|CG iter|  obj func   |tr radius |   opt    |  c viol  |
|-------|-------|-------|-------------|----------|----------|----------|
|   1   |   1   |   0   | +1.3751e+14 | 1.00e+00 | 4.51e+14 | 2.10e-04 |
|   2   |   2   |   1   | +1.3751e+14 | 5.00e-01 | 4.51e+14 | 2.10e-04 |
|   3   |   3   |   2   | +1.3751e+14 | 2.50e-01 | 4.51e+14 | 2.10e-04 |
|   4   |   4   |   3   | +1.3751e+14 | 1.25e-01 | 4.51e+14 | 2.10e-04 |
|   5   |   5   |   4   | +1.3751e+14 | 6.25e-02 | 4.51e+14 | 2.10e-04 |
|   6   |   6   |   5   | +1.3751e+14 | 3.12e-02 | 4.51e+14 | 2.10e-04 |
|   7   |   7   |   6   | +1.3751e+14 | 1.56e-02 | 4.51e+14 | 2.10e-04 |
|   8   |   8   |   7   | +1.3751e+14 | 7.81e-03 | 4.51e+14 | 2.10e-04 |
|   9   |   9   |   8   | +1.3751e+14 | 3.91e-03 | 4.51e+14 | 2.10e-04 |
|  10   |  10   |   9   | +1.3751e+14 | 1.95e-03 | 4.51e+14 | 2.10e-04 |
|  11   |  11   |  10   | +1.3751e+14 | 9.77e-04 | 4.51e+14 | 2.10e-04 |
|  12   |  12   |  11   | +1.3697e+14 | 6.84e-03 | 3.26e+14 | 2.08e-04 |
|  13   |  13   |  12   | +1.3651e+14 | 1.37e-02 | 1.57e+14 | 1.87e-04 |
|  14   |  14   |  15   | +1.3443e+14 | 9.57e-02 | 1.76e+14 | 1.54e-04 |
|  15   |  15   |  18   | +1.3443e+14 | 4.58e-02 | 1.76e+14 | 1.54e-04 |
|  16   |  16   |  21   | +1.3144e+14 | 9.15e-02 | 2.62e+14 | 7.85e-05 |
|  17   |  17   |  24   | +1.3144e+14 | 2.93e-02 | 2.62e+14 | 7.85e-05 |
|  18   |  18   |  27   | +1.3144e+14 | 8.93e-03 | 2.62e+14 | 7.85e-05 |
|  19   |  19   |  29   | +1.3144e+14 | 1.47e-03 | 2.62e+14 | 7.85e-05 |
|  20   |  20   |  30   | +1.3144e+14 | 7.36e-04 | 2.62e+14 | 7.85e-05 |
|  21   |  21   |  31   | +1.3143e+14 | 7.36e-04 | 1.14e+14 | 7.79e-05 |
|  22   |  22   |  32   | +1.3138e+14 | 5.15e-03 | 1.30e+14 | 7.73e-05 |
|  23   |  23   |  34   | +1.3109e+14 | 3.61e-02 | 1.36e+14 | 7.32e-05 |
|  24   |  24   |  38   | +1.3107e+14 | 2.53e-01 | 1.23e+14 | 4.67e-05 |
|  25   |  25   |  43   | +1.3107e+14 | 1.26e-01 | 1.23e+14 | 4.67e-05 |
|  26   |  26   |  48   | +1.2700e+14 | 8.84e-01 | 1.34e+14 | 9.30e-03 |
|  27   |  27   |  54   | +1.3971e+14 | 6.19e+00 | 1.10e+14 | 1.20e-03 |
|  28   |  28   |  104  | +3.7032e+14 | 3.03e+01 | 1.94e+14 | 9.82e-02 |
|  29   |  29   |  150  | +3.7032e+14 | 1.37e+01 | 1.94e+14 | 9.82e-02 |
|  30   |  30   |  196  | +3.8393e+14 | 1.68e+01 | 8.78e+14 | 1.55e+00 |
|  31   |  31   |  225  | +3.2633e+14 | 1.68e+01 | 8.67e+13 | 4.91e-01 |
|  32   |  32   |  271  | +3.9491e+14 | 8.66e+01 | 1.21e+14 | 5.12e-01 |
|  33   |  33   |  325  | +5.9080e+14 | 8.66e+01 | 1.45e+14 | 1.71e-01 |
|  34   |  34   |  379  | +6.4653e+14 | 8.66e+01 | 9.17e+13 | 8.69e-02 |
|  35   |  35   |  433  | +5.3313e+14 | 8.66e+01 | 9.47e+13 | 3.99e-02 |
|  36   |  36   |  487  | +4.3751e+14 | 8.66e+01 | 3.07e+14 | 2.03e-02 |
|  37   |  37   |  541  | +3.7631e+14 | 8.66e+01 | 4.77e+13 | 2.20e-02 |
|  38   |  38   |  595  | +3.3724e+14 | 8.66e+01 | 1.41e+14 | 1.77e-02 |
|  39   |  39   |  649  | +3.3724e+14 | 8.66e+00 | 1.41e+14 | 1.77e-02 |
|  40   |  40   |  702  | +3.2189e+14 | 8.66e+00 | 2.70e+13 | 1.34e-03 |
|  41   |  41   |  744  | +3.2189e+14 | 8.66e-01 | 2.70e+13 | 1.34e-03 |
|  42   |  42   |  747  | +3.7047e+14 | 1.73e+00 | 2.12e+14 | 7.49e-04 |
|  43   |  43   |  755  | +3.7047e+14 | 2.63e-01 | 2.12e+14 | 7.49e-04 |
|  44   |  44   |  758  | +3.7047e+14 | 1.13e-01 | 2.12e+14 | 7.49e-04 |
|  45   |  45   |  760  | +3.3048e+14 | 2.26e-01 | 4.38e+13 | 7.47e-04 |
|  46   |  46   |  763  | +3.4902e+14 | 4.51e-01 | 5.51e+13 | 4.74e-04 |
|  47   |  47   |  767  | +3.4902e+14 | 4.51e-02 | 5.51e+13 | 4.74e-04 |
|  48   |  48   |  770  | +3.4902e+14 | 2.26e-02 | 5.51e+13 | 4.74e-04 |
|  49   |  49   |  772  | +3.4598e+14 | 4.51e-02 | 4.03e+13 | 4.72e-04 |
|  50   |  50   |  775  | +3.4209e+14 | 4.51e-02 | 9.61e+13 | 4.68e-04 |
|  51   |  51   |  777  | +3.4209e+14 | 7.72e-03 | 9.61e+13 | 4.68e-04 |
|  52   |  52   |  778  | +3.4253e+14 | 7.72e-03 | 1.05e+14 | 4.67e-04 |
|  53   |  53   |  779  | +3.4253e+14 | 2.39e-03 | 1.05e+14 | 4.67e-04 |
|  54   |  54   |  781  | +3.4223e+14 | 1.67e-02 | 1.30e+14 | 4.67e-04 |
|  55   |  55   |  784  | +3.4318e+14 | 1.17e-01 | 6.23e+13 | 4.66e-04 |
|  56   |  56   |  787  | +3.4318e+14 | 3.72e-02 | 6.23e+13 | 4.66e-04 |
|  57   |  57   |  790  | +3.4318e+14 | 3.72e-03 | 6.23e+13 | 4.66e-04 |
|  58   |  58   |  792  | +3.4322e+14 | 2.60e-02 | 5.08e+13 | 4.66e-04 |
|  59   |  59   |  794  | +3.4322e+14 | 4.45e-03 | 5.08e+13 | 4.66e-04 |
|  60   |  60   |  796  | +3.4392e+14 | 3.11e-02 | 8.80e+13 | 4.65e-04 |
|  61   |  61   |  798  | +3.4392e+14 | 1.56e-02 | 8.80e+13 | 4.65e-04 |
|  62   |  62   |  799  | +3.5206e+14 | 3.11e-02 | 3.62e+14 | 4.64e-04 |
|  63   |  63   |  800  | +4.0659e+14 | 2.18e-01 | 2.60e+14 | 4.62e-04 |
|  64   |  64   |  801  | +4.0450e+14 | 1.53e+00 | 4.43e+13 | 4.50e-04 |
|  65   |  65   |  808  | +4.0450e+14 | 1.53e-01 | 4.43e+13 | 4.50e-04 |
|  66   |  66   |  809  | +3.9713e+14 | 1.07e+00 | 1.07e+14 | 4.41e-04 |
|  67   |  67   |  813  | +3.9713e+14 | 1.07e-01 | 1.07e+14 | 4.41e-04 |
|  68   |  68   |  816  | +3.9713e+14 | 1.34e-02 | 1.07e+14 | 4.41e-04 |
|  69   |  69   |  818  | +3.9718e+14 | 9.37e-02 | 5.48e+13 | 4.40e-04 |
|  70   |  70   |  821  | +3.9718e+14 | 9.37e-03 | 5.48e+13 | 4.40e-04 |
|  71   |  71   |  823  | +3.9692e+14 | 6.56e-02 | 2.58e+13 | 4.40e-04 |
|  72   |  72   |  826  | +3.9692e+14 | 6.56e-03 | 2.58e+13 | 4.40e-04 |
|  73   |  73   |  828  | +3.9675e+14 | 4.59e-02 | 4.30e+13 | 4.39e-04 |
|  74   |  74   |  831  | +3.9675e+14 | 4.64e-03 | 4.30e+13 | 4.39e-04 |
|  75   |  75   |  833  | +3.9649e+14 | 3.25e-02 | 8.12e+13 | 4.39e-04 |
|  76   |  76   |  836  | +3.9741e+14 | 6.50e-02 | 6.88e+13 | 4.37e-04 |
|  77   |  77   |  839  | +3.9741e+14 | 6.50e-03 | 6.88e+13 | 4.37e-04 |
|  78   |  78   |  841  | +3.9653e+14 | 1.30e-02 | 5.41e+13 | 4.37e-04 |
|  79   |  79   |  843  | +3.9653e+14 | 6.50e-03 | 5.41e+13 | 4.37e-04 |
|  80   |  80   |  845  | +3.9626e+14 | 6.50e-03 | 3.20e+13 | 4.37e-04 |
|  81   |  81   |  847  | +3.9597e+14 | 1.30e-02 | 4.06e+13 | 4.36e-04 |
|  82   |  82   |  849  | +3.9518e+14 | 1.30e-02 | 3.44e+13 | 4.36e-04 |
|  83   |  83   |  851  | +3.9429e+14 | 2.60e-02 | 2.41e+13 | 4.35e-04 |
|  84   |  84   |  854  | +3.9429e+14 | 1.30e-02 | 2.41e+13 | 4.35e-04 |
|  85   |  85   |  856  | +3.9301e+14 | 2.60e-02 | 5.01e+13 | 4.35e-04 |
|  86   |  86   |  858  | +3.9301e+14 | 6.27e-03 | 5.01e+13 | 4.35e-04 |
|  87   |  87   |  860  | +3.9212e+14 | 1.25e-02 | 4.92e+13 | 4.34e-04 |
|  88   |  88   |  862  | +3.9212e+14 | 6.27e-03 | 4.92e+13 | 4.34e-04 |
|  89   |  89   |  864  | +3.9137e+14 | 4.39e-02 | 2.50e+13 | 4.34e-04 |
|  90   |  90   |  868  | +3.9137e+14 | 4.39e-03 | 2.50e+13 | 4.34e-04 |
|  91   |  91   |  871  | +3.9099e+14 | 8.78e-03 | 2.60e+13 | 4.34e-04 |
|  92   |  92   |  874  | +3.9099e+14 | 4.39e-03 | 2.60e+13 | 4.34e-04 |
|  93   |  93   |  877  | +3.9049e+14 | 8.78e-03 | 3.10e+13 | 4.34e-04 |
|  94   |  94   |  880  | +3.8956e+14 | 8.78e-03 | 7.03e+13 | 4.33e-04 |
|  95   |  95   |  883  | +3.8890e+14 | 1.76e-02 | 1.35e+14 | 4.33e-04 |
|  96   |  96   |  886  | +3.8890e+14 | 8.78e-03 | 1.35e+14 | 4.33e-04 |
|  97   |  97   |  889  | +3.8826e+14 | 1.76e-02 | 3.11e+13 | 4.32e-04 |
|  98   |  98   |  892  | +3.8826e+14 | 8.78e-03 | 3.11e+13 | 4.32e-04 |
|  99   |  99   |  895  | +3.8780e+14 | 8.78e-03 | 3.25e+13 | 4.32e-04 |
|  100  |  100  |  898  | +3.8708e+14 | 8.78e-03 | 2.99e+13 | 4.32e-04 |
|  101  |  101  |  901  | +3.8629e+14 | 1.76e-02 | 3.84e+13 | 4.31e-04 |
|  102  |  102  |  904  | +3.8629e+14 | 8.78e-03 | 3.84e+13 | 4.31e-04 |
|  103  |  103  |  907  | +3.8555e+14 | 1.76e-02 | 4.92e+13 | 4.31e-04 |
|  104  |  104  |  911  | +3.8555e+14 | 8.78e-03 | 4.92e+13 | 4.31e-04 |
|  105  |  105  |  914  | +3.8495e+14 | 1.76e-02 | 8.73e+13 | 4.31e-04 |
|  106  |  106  |  917  | +3.8495e+14 | 8.78e-03 | 8.73e+13 | 4.31e-04 |
|  107  |  107  |  920  | +3.8385e+14 | 1.76e-02 | 5.84e+13 | 4.30e-04 |
|  108  |  108  |  924  | +3.8385e+14 | 6.83e-03 | 5.84e+13 | 4.30e-04 |
|  109  |  109  |  928  | +3.8354e+14 | 1.37e-02 | 3.59e+13 | 4.30e-04 |
|  110  |  110  |  932  | +3.8224e+14 | 2.73e-02 | 3.83e+13 | 4.29e-04 |
|  111  |  111  |  936  | +3.8224e+14 | 1.37e-02 | 3.83e+13 | 4.29e-04 |
|  112  |  112  |  940  | +3.8141e+14 | 2.73e-02 | 3.61e+13 | 4.29e-04 |
|  113  |  113  |  944  | +3.8141e+14 | 1.19e-02 | 3.61e+13 | 4.29e-04 |
|  114  |  114  |  948  | +3.8141e+14 | 5.94e-03 | 3.61e+13 | 4.29e-04 |
|  115  |  115  |  951  | +3.8083e+14 | 1.19e-02 | 9.17e+13 | 4.29e-04 |
|  116  |  116  |  954  | +3.8083e+14 | 5.94e-03 | 9.17e+13 | 4.29e-04 |
|  117  |  117  |  956  | +3.8014e+14 | 1.19e-02 | 3.31e+13 | 4.28e-04 |
|  118  |  118  |  960  | +3.7868e+14 | 1.19e-02 | 3.38e+13 | 4.28e-04 |
|  119  |  119  |  964  | +3.7868e+14 | 5.94e-03 | 3.38e+13 | 4.28e-04 |
|  120  |  120  |  968  | +3.7800e+14 | 1.19e-02 | 2.47e+13 | 4.28e-04 |
|  121  |  121  |  972  | +3.7756e+14 | 2.38e-02 | 5.78e+13 | 4.27e-04 |
|  122  |  122  |  976  | +3.7546e+14 | 4.75e-02 | 1.74e+14 | 4.26e-04 |
|  123  |  123  |  980  | +3.7546e+14 | 2.38e-02 | 1.74e+14 | 4.26e-04 |
|  124  |  124  |  983  | +3.7298e+14 | 4.75e-02 | 4.35e+13 | 4.25e-04 |
|  125  |  125  |  987  | +3.7020e+14 | 4.75e-02 | 3.74e+13 | 4.24e-04 |
|  126  |  126  |  990  | +3.6820e+14 | 9.51e-02 | 1.27e+14 | 4.22e-04 |
|  127  |  127  |  995  | +3.6820e+14 | 4.03e-02 | 1.27e+14 | 4.22e-04 |
|  128  |  128  | 1000  | +3.6691e+14 | 4.03e-02 | 5.25e+13 | 4.21e-04 |
|  129  |  129  | 1005  | +3.6442e+14 | 8.06e-02 | 3.62e+13 | 4.19e-04 |
|  130  |  130  | 1011  | +3.6442e+14 | 1.21e-02 | 3.62e+13 | 4.19e-04 |
|  131  |  131  | 1015  | +3.6442e+14 | 6.07e-03 | 3.62e+13 | 4.19e-04 |
|  132  |  132  | 1018  | +3.6392e+14 | 1.21e-02 | 3.81e+13 | 4.19e-04 |
|  133  |  133  | 1022  | +3.6392e+14 | 6.07e-03 | 3.81e+13 | 4.19e-04 |
|  134  |  134  | 1025  | +3.6382e+14 | 6.07e-03 | 3.15e+13 | 4.19e-04 |
|  135  |  135  | 1028  | +3.6364e+14 | 1.21e-02 | 4.17e+13 | 4.19e-04 |
|  136  |  136  | 1031  | +3.6364e+14 | 6.07e-03 | 4.17e+13 | 4.19e-04 |
|  137  |  137  | 1034  | +3.6316e+14 | 1.21e-02 | 3.98e+13 | 4.19e-04 |
|  138  |  138  | 1038  | +3.6242e+14 | 2.43e-02 | 4.49e+13 | 4.18e-04 |
|  139  |  139  | 1042  | +3.6068e+14 | 1.70e-01 | 4.13e+13 | 4.18e-04 |
|  140  |  140  | 1049  | +3.5344e+14 | 1.70e-01 | 5.39e+13 | 4.13e-04 |
|  141  |  141  | 1055  | +3.5344e+14 | 8.13e-02 | 5.39e+13 | 4.13e-04 |
|  142  |  142  | 1061  | +3.4931e+14 | 5.69e-01 | 4.08e+14 | 4.11e-04 |
|  143  |  143  | 1062  | +3.4931e+14 | 5.69e-02 | 4.08e+14 | 4.11e-04 |
|  144  |  144  | 1066  | +3.4931e+14 | 1.76e-02 | 4.08e+14 | 4.11e-04 |
|  145  |  145  | 1069  | +3.5004e+14 | 3.52e-02 | 6.40e+13 | 4.11e-04 |
|  146  |  146  | 1073  | +3.4835e+14 | 2.46e-01 | 3.33e+13 | 4.10e-04 |
|  147  |  147  | 1077  | +3.4835e+14 | 3.58e-02 | 3.33e+13 | 4.10e-04 |
|  148  |  148  | 1081  | +3.4835e+14 | 1.79e-02 | 3.33e+13 | 4.10e-04 |
|  149  |  149  | 1084  | +3.4902e+14 | 3.58e-02 | 3.42e+13 | 4.10e-04 |
|  150  |  150  | 1088  | +3.4720e+14 | 3.58e-02 | 3.58e+13 | 4.09e-04 |
|  151  |  151  | 1092  | +3.4741e+14 | 2.51e-01 | 4.22e+13 | 4.08e-04 |
|  152  |  152  | 1098  | +3.4741e+14 | 6.44e-02 | 4.22e+13 | 4.08e-04 |
|  153  |  153  | 1102  | +3.4741e+14 | 2.61e-02 | 4.22e+13 | 4.08e-04 |
|  154  |  154  | 1105  | +3.4526e+14 | 5.21e-02 | 4.59e+13 | 4.07e-04 |
|  155  |  155  | 1108  | +3.4526e+14 | 2.61e-02 | 4.59e+13 | 4.07e-04 |
|  156  |  156  | 1111  | +3.4449e+14 | 5.21e-02 | 4.26e+13 | 4.06e-04 |
|  157  |  157  | 1113  | +3.4332e+14 | 1.04e-01 | 2.87e+13 | 4.04e-04 |
|  158  |  158  | 1115  | +3.4332e+14 | 1.04e-02 | 2.87e+13 | 4.04e-04 |
|  159  |  159  | 1117  | +3.4286e+14 | 2.09e-02 | 8.80e+13 | 4.04e-04 |
|  160  |  160  | 1119  | +3.4286e+14 | 1.04e-02 | 8.80e+13 | 4.04e-04 |
|  161  |  161  | 1121  | +3.4213e+14 | 2.09e-02 | 1.21e+14 | 4.03e-04 |
|  162  |  162  | 1123  | +3.4135e+14 | 4.17e-02 | 9.14e+13 | 4.02e-04 |
|  163  |  163  | 1125  | +3.3845e+14 | 8.34e-02 | 3.32e+14 | 4.01e-04 |
|  164  |  164  | 1129  | +3.3845e+14 | 4.17e-02 | 3.32e+14 | 4.01e-04 |
|  165  |  165  | 1132  | +3.3280e+14 | 8.34e-02 | 1.17e+14 | 3.98e-04 |
|  166  |  166  | 1136  | +3.3280e+14 | 4.17e-02 | 1.17e+14 | 3.98e-04 |
|  167  |  167  | 1140  | +3.3280e+14 | 2.09e-02 | 1.17e+14 | 3.98e-04 |
|  168  |  168  | 1143  | +3.3002e+14 | 4.17e-02 | 5.52e+13 | 3.96e-04 |
|  169  |  169  | 1147  | +3.2910e+14 | 8.34e-02 | 7.68e+13 | 3.93e-04 |
|  170  |  170  | 1149  | +3.2910e+14 | 3.08e-02 | 7.68e+13 | 3.93e-04 |
|  171  |  171  | 1151  | +3.2910e+14 | 1.54e-02 | 7.68e+13 | 3.93e-04 |
|  172  |  172  | 1154  | +3.2910e+14 | 5.38e-03 | 7.68e+13 | 3.93e-04 |
|  173  |  173  | 1156  | +3.2910e+14 | 2.69e-03 | 7.68e+13 | 3.93e-04 |
|  174  |  174  | 1158  | +3.2910e+14 | 1.34e-03 | 7.68e+13 | 3.93e-04 |
|  175  |  175  | 1159  | +3.2897e+14 | 2.69e-03 | 1.15e+14 | 3.93e-04 |
|  176  |  176  | 1161  | +3.2897e+14 | 1.34e-03 | 1.15e+14 | 3.93e-04 |
|  177  |  177  | 1162  | +3.2874e+14 | 2.69e-03 | 7.12e+13 | 3.93e-04 |
|  178  |  178  | 1164  | +3.2874e+14 | 1.34e-03 | 7.12e+13 | 3.93e-04 |
|  179  |  179  | 1165  | +3.2875e+14 | 2.69e-03 | 6.73e+13 | 3.93e-04 |
|  180  |  180  | 1167  | +3.2869e+14 | 2.69e-03 | 5.30e+13 | 3.93e-04 |
|  181  |  181  | 1169  | +3.2867e+14 | 2.69e-03 | 5.27e+13 | 3.93e-04 |
|  182  |  182  | 1171  | +3.2864e+14 | 2.69e-03 | 4.70e+13 | 3.93e-04 |
|  183  |  183  | 1173  | +3.2855e+14 | 5.38e-03 | 5.81e+13 | 3.93e-04 |
|  184  |  184  | 1176  | +3.2860e+14 | 1.08e-02 | 6.18e+13 | 3.93e-04 |
|  185  |  185  | 1179  | +3.2872e+14 | 2.15e-02 | 5.00e+13 | 3.93e-04 |
|  186  |  186  | 1183  | +3.2720e+14 | 4.30e-02 | 4.01e+13 | 3.93e-04 |
|  187  |  187  | 1188  | +3.2720e+14 | 1.07e-02 | 4.01e+13 | 3.93e-04 |
|  188  |  188  | 1192  | +3.2642e+14 | 2.15e-02 | 7.26e+13 | 3.92e-04 |
|  189  |  189  | 1197  | +3.2485e+14 | 4.30e-02 | 8.80e+13 | 3.92e-04 |
|  190  |  190  | 1202  | +3.2485e+14 | 2.15e-02 | 8.80e+13 | 3.92e-04 |
|  191  |  191  | 1206  | +3.2485e+14 | 9.78e-03 | 8.80e+13 | 3.92e-04 |
|  192  |  192  | 1210  | +3.2426e+14 | 1.96e-02 | 4.68e+13 | 3.92e-04 |
|  193  |  193  | 1214  | +3.2238e+14 | 1.37e-01 | 6.45e+13 | 3.92e-04 |
|  194  |  194  | 1221  | +3.2238e+14 | 6.84e-02 | 6.45e+13 | 3.92e-04 |
|  195  |  195  | 1227  | +3.1911e+14 | 4.79e-01 | 6.46e+13 | 3.91e-04 |
|  196  |  196  | 1234  | +3.1911e+14 | 4.79e-02 | 6.46e+13 | 3.91e-04 |
|  197  |  197  | 1238  | +3.1675e+14 | 9.58e-02 | 1.24e+14 | 3.91e-04 |
|  198  |  198  | 1242  | +3.1675e+14 | 2.57e-02 | 1.24e+14 | 3.91e-04 |
|  199  |  199  | 1246  | +3.1642e+14 | 2.57e-02 | 3.74e+13 | 3.91e-04 |
|  200  |  200  | 1251  | +3.1625e+14 | 5.15e-02 | 7.66e+13 | 3.90e-04 |
|  201  |  201  | 1255  | +3.1476e+14 | 5.15e-02 | 7.90e+13 | 3.91e-04 |
|  202  |  202  | 1258  | +3.1530e+14 | 5.15e-02 | 3.55e+13 | 3.90e-04 |
|  203  |  203  | 1262  | +3.1530e+14 | 1.34e-02 | 3.55e+13 | 3.90e-04 |
|  204  |  204  | 1266  | +3.1530e+14 | 6.69e-03 | 3.55e+13 | 3.90e-04 |
|  205  |  205  | 1270  | +3.1490e+14 | 1.34e-02 | 7.69e+13 | 3.90e-04 |
|  206  |  206  | 1273  | +3.1447e+14 | 9.36e-02 | 7.26e+13 | 3.90e-04 |
|  207  |  207  | 1277  | +3.1447e+14 | 4.39e-02 | 7.26e+13 | 3.90e-04 |
|  208  |  208  | 1281  | +3.1447e+14 | 2.19e-02 | 7.26e+13 | 3.90e-04 |
|  209  |  209  | 1284  | +3.1403e+14 | 4.39e-02 | 2.61e+13 | 3.90e-04 |
|  210  |  210  | 1289  | +3.1369e+14 | 4.39e-02 | 4.54e+13 | 3.90e-04 |
|  211  |  211  | 1293  | +3.1378e+14 | 4.39e-02 | 3.74e+13 | 3.90e-04 |
|  212  |  212  | 1296  | +3.1408e+14 | 4.39e-02 | 7.51e+13 | 3.90e-04 |
|  213  |  213  | 1301  | +3.1408e+14 | 2.19e-02 | 7.51e+13 | 3.90e-04 |
|  214  |  214  | 1306  | +3.1311e+14 | 4.39e-02 | 5.06e+13 | 3.89e-04 |
|  215  |  215  | 1311  | +3.1311e+14 | 2.19e-02 | 5.06e+13 | 3.89e-04 |
|  216  |  216  | 1315  | +3.1227e+14 | 2.19e-02 | 7.33e+13 | 3.89e-04 |
|  217  |  217  | 1319  | +3.1208e+14 | 2.19e-02 | 4.39e+13 | 3.89e-04 |
|  218  |  218  | 1324  | +3.1168e+14 | 4.39e-02 | 3.41e+13 | 3.89e-04 |
|  219  |  219  | 1330  | +3.1168e+14 | 2.19e-02 | 3.41e+13 | 3.89e-04 |
|  220  |  220  | 1335  | +3.1191e+14 | 4.39e-02 | 4.97e+13 | 3.89e-04 |
|  221  |  221  | 1341  | +3.1191e+14 | 2.19e-02 | 4.97e+13 | 3.89e-04 |
|  222  |  222  | 1346  | +3.1120e+14 | 4.39e-02 | 1.13e+14 | 3.89e-04 |
|  223  |  223  | 1352  | +3.1120e+14 | 2.19e-02 | 1.13e+14 | 3.89e-04 |
|  224  |  224  | 1357  | +3.1087e+14 | 2.19e-02 | 4.59e+13 | 3.89e-04 |
|  225  |  225  | 1362  | +3.1087e+14 | 5.46e-03 | 4.59e+13 | 3.89e-04 |
|  226  |  226  | 1366  | +3.1087e+14 | 5.46e-03 | 3.09e+13 | 3.89e-04 |
|  227  |  227  | 1371  | +3.1065e+14 | 1.09e-02 | 2.82e+13 | 3.89e-04 |
|  228  |  228  | 1376  | +3.1033e+14 | 2.18e-02 | 1.42e+13 | 3.89e-04 |
|  229  |  229  | 1383  | +3.1033e+14 | 7.82e-03 | 1.42e+13 | 3.89e-04 |
|  230  |  230  | 1388  | +3.1011e+14 | 1.56e-02 | 2.66e+13 | 3.89e-04 |
|  231  |  231  | 1394  | +3.0964e+14 | 3.13e-02 | 1.45e+13 | 3.89e-04 |
|  232  |  232  | 1401  | +3.0964e+14 | 3.13e-03 | 1.45e+13 | 3.89e-04 |
|  233  |  233  | 1406  | +3.0959e+14 | 6.26e-03 | 2.11e+13 | 3.89e-04 |
|  234  |  234  | 1412  | +3.0936e+14 | 1.25e-02 | 2.01e+13 | 3.89e-04 |
|  235  |  235  | 1418  | +3.0914e+14 | 2.50e-02 | 4.33e+13 | 3.88e-04 |
|  236  |  236  | 1425  | +3.0846e+14 | 2.50e-02 | 3.16e+13 | 3.88e-04 |
|  237  |  237  | 1431  | +3.0846e+14 | 7.46e-03 | 3.16e+13 | 3.88e-04 |
|  238  |  238  | 1437  | +3.0829e+14 | 1.49e-02 | 5.10e+13 | 3.88e-04 |
|  239  |  239  | 1443  | +3.0806e+14 | 1.04e-01 | 2.64e+13 | 3.88e-04 |
|  240  |  240  | 1451  | +3.0806e+14 | 5.04e-02 | 2.64e+13 | 3.88e-04 |
|  241  |  241  | 1458  | +3.0712e+14 | 1.01e-01 | 5.04e+13 | 3.88e-04 |
|  242  |  242  | 1464  | +3.0712e+14 | 1.01e-02 | 5.04e+13 | 3.88e-04 |
|  243  |  243  | 1469  | +3.0712e+14 | 5.04e-03 | 5.04e+13 | 3.88e-04 |
|  244  |  244  | 1473  | +3.0699e+14 | 5.04e-03 | 3.67e+13 | 3.88e-04 |
|  245  |  245  | 1478  | +3.0679e+14 | 3.53e-02 | 3.52e+13 | 3.88e-04 |
|  246  |  246  | 1485  | +3.0621e+14 | 3.53e-02 | 6.64e+13 | 3.88e-04 |
|  247  |  247  | 1491  | +3.0621e+14 | 1.14e-02 | 6.64e+13 | 3.88e-04 |
|  248  |  248  | 1497  | +3.0621e+14 | 5.68e-03 | 6.64e+13 | 3.88e-04 |
|  249  |  249  | 1503  | +3.0617e+14 | 1.14e-02 | 3.59e+13 | 3.88e-04 |
|  250  |  250  | 1509  | +3.0595e+14 | 7.95e-02 | 4.59e+13 | 3.88e-04 |
|  251  |  251  | 1518  | +3.0553e+14 | 1.59e-01 | 4.16e+13 | 3.87e-04 |
|  252  |  252  | 1524  | +3.0553e+14 | 1.59e-02 | 4.16e+13 | 3.87e-04 |
|  253  |  253  | 1529  | +3.0553e+14 | 4.79e-03 | 4.16e+13 | 3.87e-04 |
|  254  |  254  | 1532  | +3.0545e+14 | 9.59e-03 | 4.91e+13 | 3.87e-04 |
|  255  |  255  | 1539  | +3.0545e+14 | 4.79e-03 | 4.91e+13 | 3.87e-04 |
|  256  |  256  | 1544  | +3.0517e+14 | 9.59e-03 | 3.06e+13 | 3.87e-04 |
|  257  |  257  | 1550  | +3.0495e+14 | 6.71e-02 | 1.54e+13 | 3.87e-04 |
|  258  |  258  | 1558  | +3.0495e+14 | 6.71e-03 | 1.54e+13 | 3.87e-04 |
|  259  |  259  | 1564  | +3.0477e+14 | 4.70e-02 | 3.39e+13 | 3.87e-04 |
|  260  |  260  | 1572  | +3.0477e+14 | 1.15e-02 | 3.39e+13 | 3.87e-04 |
|  261  |  261  | 1578  | +3.0477e+14 | 5.73e-03 | 3.39e+13 | 3.87e-04 |
|  262  |  262  | 1583  | +3.0445e+14 | 4.01e-02 | 7.27e+13 | 3.87e-04 |
|  263  |  263  | 1590  | +3.0445e+14 | 6.51e-03 | 7.27e+13 | 3.87e-04 |
|  264  |  264  | 1595  | +3.0422e+14 | 4.55e-02 | 2.81e+13 | 3.87e-04 |
|  265  |  265  | 1602  | +3.0422e+14 | 4.55e-03 | 2.81e+13 | 3.87e-04 |
|  266  |  266  | 1607  | +3.0408e+14 | 9.11e-03 | 4.92e+13 | 3.87e-04 |
|  267  |  267  | 1613  | +3.0352e+14 | 1.82e-02 | 1.08e+14 | 3.87e-04 |
|  268  |  268  | 1619  | +3.0299e+14 | 3.64e-02 | 2.19e+13 | 3.87e-04 |
|  269  |  269  | 1625  | +3.0299e+14 | 1.82e-02 | 2.19e+13 | 3.87e-04 |
|  270  |  270  | 1630  | +3.0295e+14 | 3.64e-02 | 4.08e+13 | 3.87e-04 |
|  271  |  271  | 1636  | +3.0295e+14 | 9.48e-03 | 4.08e+13 | 3.87e-04 |
|  272  |  272  | 1641  | +3.0295e+14 | 3.42e-03 | 4.08e+13 | 3.87e-04 |
|  273  |  273  | 1645  | +3.0282e+14 | 3.42e-03 | 2.63e+13 | 3.87e-04 |
|  274  |  274  | 1650  | +3.0282e+14 | 1.71e-03 | 2.63e+13 | 3.87e-04 |
|  275  |  275  | 1654  | +3.0283e+14 | 3.42e-03 | 4.43e+13 | 3.87e-04 |
|  276  |  276  | 1658  | +3.0283e+14 | 1.71e-03 | 4.43e+13 | 3.87e-04 |
|  277  |  277  | 1662  | +3.0275e+14 | 3.42e-03 | 4.09e+13 | 3.87e-04 |
|  278  |  278  | 1666  | +3.0262e+14 | 3.42e-03 | 3.95e+13 | 3.87e-04 |
|  279  |  279  | 1669  | +3.0262e+14 | 1.71e-03 | 3.95e+13 | 3.87e-04 |
|  280  |  280  | 1672  | +3.0252e+14 | 1.71e-03 | 3.18e+13 | 3.87e-04 |
|  281  |  281  | 1674  | +3.0246e+14 | 3.42e-03 | 3.34e+13 | 3.87e-04 |
|  282  |  282  | 1676  | +3.0238e+14 | 6.83e-03 | 3.25e+13 | 3.87e-04 |
|  283  |  283  | 1678  | +3.0238e+14 | 3.42e-03 | 3.25e+13 | 3.87e-04 |
|  284  |  284  | 1680  | +3.0229e+14 | 3.42e-03 | 2.70e+13 | 3.87e-04 |
|  285  |  285  | 1682  | +3.0220e+14 | 6.83e-03 | 3.53e+13 | 3.87e-04 |
|  286  |  286  | 1685  | +3.0214e+14 | 1.37e-02 | 3.24e+13 | 3.87e-04 |
|  287  |  287  | 1689  | +3.0208e+14 | 2.73e-02 | 3.02e+13 | 3.87e-04 |
|  288  |  288  | 1694  | +3.0208e+14 | 1.37e-02 | 3.02e+13 | 3.87e-04 |
|  289  |  289  | 1698  | +3.0208e+14 | 6.83e-03 | 3.02e+13 | 3.87e-04 |
|  290  |  290  | 1702  | +3.0198e+14 | 6.83e-03 | 1.40e+13 | 3.86e-04 |
|  291  |  291  | 1706  | +3.0171e+14 | 4.78e-02 | 2.14e+13 | 3.86e-04 |
|  292  |  292  | 1712  | +3.0171e+14 | 2.39e-02 | 2.14e+13 | 3.86e-04 |
|  293  |  293  | 1718  | +3.0171e+14 | 1.20e-02 | 2.14e+13 | 3.86e-04 |
|  294  |  294  | 1722  | +3.0149e+14 | 2.39e-02 | 1.41e+13 | 3.86e-04 |
|  295  |  295  | 1728  | +3.0149e+14 | 2.96e-03 | 1.41e+13 | 3.86e-04 |
|  296  |  296  | 1732  | +3.0139e+14 | 5.92e-03 | 1.40e+13 | 3.86e-04 |
|  297  |  297  | 1737  | +3.0129e+14 | 1.18e-02 | 2.23e+13 | 3.86e-04 |
|  298  |  298  | 1742  | +3.0108e+14 | 2.37e-02 | 7.57e+13 | 3.86e-04 |
|  299  |  299  | 1748  | +3.0078e+14 | 4.74e-02 | 2.14e+13 | 3.86e-04 |
|  300  |  300  | 1754  | +3.0112e+14 | 9.48e-02 | 3.63e+13 | 3.86e-04 |
|  301  |  301  | 1761  | +3.0112e+14 | 1.24e-02 | 3.63e+13 | 3.86e-04 |
|  302  |  302  | 1765  | +3.0083e+14 | 1.24e-02 | 2.85e+13 | 3.86e-04 |
|  303  |  303  | 1769  | +3.0049e+14 | 2.48e-02 | 3.10e+13 | 3.86e-04 |
|  304  |  304  | 1774  | +3.0049e+14 | 9.85e-03 | 3.10e+13 | 3.86e-04 |
|  305  |  305  | 1779  | +3.0049e+14 | 4.93e-03 | 3.10e+13 | 3.86e-04 |
|  306  |  306  | 1783  | +3.0021e+14 | 9.85e-03 | 2.39e+13 | 3.86e-04 |
|  307  |  307  | 1787  | +3.0026e+14 | 9.85e-03 | 3.15e+13 | 3.86e-04 |
|  308  |  308  | 1792  | +3.0018e+14 | 1.97e-02 | 2.60e+13 | 3.86e-04 |
|  309  |  309  | 1797  | +3.0018e+14 | 1.97e-03 | 2.60e+13 | 3.86e-04 |
|  310  |  310  | 1800  | +3.0010e+14 | 1.38e-02 | 1.89e+13 | 3.86e-04 |
|  311  |  311  | 1805  | +2.9948e+14 | 2.76e-02 | 3.29e+13 | 3.86e-04 |
|  312  |  312  | 1811  | +2.9947e+14 | 5.52e-02 | 4.39e+13 | 3.86e-04 |
|  313  |  313  | 1818  | +2.9947e+14 | 2.76e-02 | 4.39e+13 | 3.86e-04 |
|  314  |  314  | 1824  | +2.9794e+14 | 5.52e-02 | 8.46e+13 | 3.86e-04 |
|  315  |  315  | 1828  | +2.9794e+14 | 5.52e-03 | 8.46e+13 | 3.86e-04 |
|  316  |  316  | 1831  | +2.9804e+14 | 5.52e-03 | 4.83e+13 | 3.86e-04 |
|  317  |  317  | 1834  | +2.9820e+14 | 3.86e-02 | 3.97e+13 | 3.86e-04 |
|  318  |  318  | 1840  | +2.9820e+14 | 1.93e-02 | 3.97e+13 | 3.86e-04 |
|  319  |  319  | 1846  | +2.9820e+14 | 9.66e-03 | 3.97e+13 | 3.86e-04 |
|  320  |  320  | 1851  | +2.9802e+14 | 1.93e-02 | 7.23e+13 | 3.86e-04 |
|  321  |  321  | 1857  | +2.9729e+14 | 1.93e-02 | 1.27e+14 | 3.85e-04 |
|  322  |  322  | 1862  | +2.9758e+14 | 1.35e-01 | 4.57e+13 | 3.85e-04 |
|  323  |  323  | 1872  | +2.9758e+14 | 1.35e-02 | 4.57e+13 | 3.85e-04 |
|  324  |  324  | 1878  | +2.9724e+14 | 9.46e-02 | 6.73e+13 | 3.85e-04 |
|  325  |  325  | 1887  | +2.9559e+14 | 9.46e-02 | 2.07e+13 | 3.85e-04 |
|  326  |  326  | 1891  | +2.9559e+14 | 2.96e-02 | 2.07e+13 | 3.85e-04 |
|  327  |  327  | 1896  | +2.9559e+14 | 1.48e-02 | 2.07e+13 | 3.85e-04 |
|  328  |  328  | 1901  | +2.9559e+14 | 7.40e-03 | 2.07e+13 | 3.85e-04 |
|  329  |  329  | 1906  | +2.9560e+14 | 1.48e-02 | 5.03e+13 | 3.85e-04 |
|  330  |  330  | 1911  | +2.9560e+14 | 5.89e-03 | 5.03e+13 | 3.85e-04 |
|  331  |  331  | 1916  | +2.9545e+14 | 5.89e-03 | 1.96e+13 | 3.85e-04 |
|  332  |  332  | 1920  | +2.9544e+14 | 1.18e-02 | 2.71e+13 | 3.85e-04 |
|  333  |  333  | 1925  | +2.9544e+14 | 5.89e-03 | 2.71e+13 | 3.85e-04 |
|  334  |  334  | 1928  | +2.9541e+14 | 5.89e-03 | 1.68e+13 | 3.85e-04 |
|  335  |  335  | 1932  | +2.9523e+14 | 1.18e-02 | 4.25e+13 | 3.85e-04 |
|  336  |  336  | 1935  | +2.9523e+14 | 3.97e-03 | 4.25e+13 | 3.85e-04 |
|  337  |  337  | 1938  | +2.9522e+14 | 7.94e-03 | 5.25e+13 | 3.85e-04 |
|  338  |  338  | 1943  | +2.9503e+14 | 1.59e-02 | 1.06e+14 | 3.85e-04 |
|  339  |  339  | 1948  | +2.9503e+14 | 6.58e-03 | 1.06e+14 | 3.85e-04 |
|  340  |  340  | 1953  | +2.9496e+14 | 1.32e-02 | 2.61e+13 | 3.85e-04 |
|  341  |  341  | 1959  | +2.9446e+14 | 2.63e-02 | 4.26e+13 | 3.85e-04 |
|  342  |  342  | 1965  | +2.9446e+14 | 1.32e-02 | 4.26e+13 | 3.85e-04 |
|  343  |  343  | 1970  | +2.9446e+14 | 5.38e-03 | 4.26e+13 | 3.85e-04 |
|  344  |  344  | 1975  | +2.9439e+14 | 3.77e-02 | 2.46e+13 | 3.85e-04 |
|  345  |  345  | 1982  | +2.9443e+14 | 2.64e-01 | 1.02e+14 | 3.85e-04 |
|  346  |  346  | 1995  | +2.9443e+14 | 3.03e-02 | 1.02e+14 | 3.85e-04 |
|  347  |  347  | 2002  | +2.9443e+14 | 1.52e-02 | 1.02e+14 | 3.85e-04 |
|  348  |  348  | 2008  | +2.9389e+14 | 3.03e-02 | 5.62e+13 | 3.85e-04 |
|  349  |  349  | 2014  | +2.9299e+14 | 3.03e-02 | 2.36e+13 | 3.84e-04 |
|  350  |  350  | 2019  | +2.9299e+14 | 1.52e-02 | 2.36e+13 | 3.84e-04 |
|  351  |  351  | 2025  | +2.9299e+14 | 7.58e-03 | 2.36e+13 | 3.84e-04 |
|  352  |  352  | 2030  | +2.9299e+14 | 3.79e-03 | 2.36e+13 | 3.84e-04 |
|  353  |  353  | 2034  | +2.9298e+14 | 7.58e-03 | 2.44e+13 | 3.84e-04 |
|  354  |  354  | 2040  | +2.9286e+14 | 7.58e-03 | 2.60e+13 | 3.84e-04 |
|  355  |  355  | 2046  | +2.9274e+14 | 1.52e-02 | 3.10e+13 | 3.84e-04 |
|  356  |  356  | 2053  | +2.9274e+14 | 4.26e-03 | 3.10e+13 | 3.84e-04 |
|  357  |  357  | 2058  | +2.9268e+14 | 8.53e-03 | 1.53e+13 | 3.84e-04 |
|  358  |  358  | 2065  | +2.9268e+14 | 4.26e-03 | 1.53e+13 | 3.84e-04 |
|  359  |  359  | 2071  | +2.9268e+14 | 2.13e-03 | 1.53e+13 | 3.84e-04 |
|  360  |  360  | 2076  | +2.9264e+14 | 1.49e-02 | 1.53e+13 | 3.84e-04 |
|  361  |  361  | 2083  | +2.9222e+14 | 1.49e-02 | 2.58e+13 | 3.84e-04 |
|  362  |  362  | 2089  | +2.9222e+14 | 3.02e-03 | 2.58e+13 | 3.84e-04 |
|  363  |  363  | 2094  | +2.9222e+14 | 1.24e-03 | 2.58e+13 | 3.84e-04 |
|  364  |  364  | 2098  | +2.9220e+14 | 2.47e-03 | 1.55e+13 | 3.84e-04 |
|  365  |  365  | 2103  | +2.9218e+14 | 1.73e-02 | 1.55e+13 | 3.84e-04 |
|  366  |  366  | 2109  | +2.9218e+14 | 8.46e-03 | 1.55e+13 | 3.84e-04 |
|  367  |  367  | 2115  | +2.9216e+14 | 1.69e-02 | 2.43e+13 | 3.84e-04 |
|  368  |  368  | 2121  | +2.9214e+14 | 3.38e-02 | 1.99e+13 | 3.84e-04 |
|  369  |  369  | 2127  | +2.9214e+14 | 5.08e-03 | 1.99e+13 | 3.84e-04 |
|  370  |  370  | 2131  | +2.9214e+14 | 2.54e-03 | 1.99e+13 | 3.84e-04 |
|  371  |  371  | 2135  | +2.9216e+14 | 5.08e-03 | 2.20e+13 | 3.84e-04 |
|  372  |  372  | 2140  | +2.9216e+14 | 2.54e-03 | 2.20e+13 | 3.84e-04 |
|  373  |  373  | 2145  | +2.9209e+14 | 1.78e-02 | 1.57e+13 | 3.84e-04 |
|  374  |  374  | 2151  | +2.9209e+14 | 8.89e-03 | 1.57e+13 | 3.84e-04 |
|  375  |  375  | 2157  | +2.9202e+14 | 1.78e-02 | 2.22e+13 | 3.84e-04 |
