Btarget should have shape (25, 50)
Btarget has shape (25, 50)
Initial normalized flux 5.435342747760342e-07
Setting normalized flux target to this value.
Initial lengths [Array(8.54929644, dtype=float64), Array(8.47945083, dtype=float64), Array(8.45877022, dtype=float64), Array(8.55373924, dtype=float64), Array(8.50500945, dtype=float64)]
Setting length targets to these values.
       __       ___      ___   ___                _______  _______ .___  ___. 
      |  |     /   \     \  \ /  /               |   ____||   ____||   \/   | 
      |  |    /  ^  \     \  V  /      ______    |  |__   |  |__   |  \  /  | 
.--.  |  |   /  /_\  \     >   <      |______|   |   __|  |   __|  |  |\/|  | 
|  `--'  |  /  _____  \   /  .  \                |  |     |  |____ |  |  |  | 
 \______/  /__/     \__\ /__/ \__\               |__|     |_______||__|  |__| 
                                                                              

Optimizing max Von Mises
Begin ----------
MAXITER = 500
solving with float64
solving with float64
Filament time 1479.2277269363403
Normalized flux 1.031864210822239e-06
Max (lse) von mises 1.8926402884338742e+17
Lengths [np.float64(0.0), np.float64(0.0), np.float64(0.0), np.float64(0.0), np.float64(0.0)]
Max curvatures [Array(2.5537, dtype=float64), Array(2.55594, dtype=float64), Array(2.54889, dtype=float64), Array(2.52044, dtype=float64), Array(2.28226, dtype=float64)]
Final value of terms
    FLUX_WEIGHT**2 * Jf_norm_cons  0.004769322528777808
    + CC_WEIGHT * Jccdist          0.0
    + CS_WEIGHT * Jcsdist          8.424717157261495e-06
    + STRESS_WEIGHT * Jstress      0.18926402884338744
    + CURVATURE_WEIGHT * sum(Jcs)  4.7770241439586975e-06
    + LINK_WEIGHT * linkNum        0
    + LENGTH_WEIGHT * sum(Jls)     0.0
-----------------------------------------
res   message: CONVERGENCE: RELATIVE REDUCTION OF F <= FACTR*EPSMCH
  success: True
   status: 0
      fun: 0.19404655311422095
        x: [ 1.620e+06  5.417e+00 ... -2.924e-03 -6.195e-03]
      nit: 25
      jac: [ 4.664e-07 -1.493e-02 ... -1.402e-01  5.367e-01]
     nfev: 143
     njev: 143
 hess_inv: <316x316 LbfgsInvHessProduct with dtype=float64>
