Btarget should have shape (25, 50)
Btarget has shape (25, 50)
Initial normalized flux 5.435342747760341e-07
Setting normalized flux target to this value.
Initial lengths [Array(8.54929644, dtype=float64), Array(8.47945083, dtype=float64), Array(8.45877022, dtype=float64), Array(8.55373924, dtype=float64), Array(8.50500945, dtype=float64)]
Setting length targets to these values.
       __       ___      ___   ___                _______  _______ .___  ___. 
      |  |     /   \     \  \ /  /               |   ____||   ____||   \/   | 
      |  |    /  ^  \     \  V  /      ______    |  |__   |  |__   |  \  /  | 
.--.  |  |   /  /_\  \     >   <      |______|   |   __|  |   __|  |  |\/|  | 
|  `--'  |  /  _____  \   /  .  \                |  |     |  |____ |  |  |  | 
 \______/  /__/     \__\ /__/ \__\               |__|     |_______||__|  |__| 
                                                                              

Optimizing max Von Mises
Begin ----------
MAXITER = 500
solving with float64
solving with float64
Filament time 1398.1709792613983
Normalized flux 8.788488072018569e-07
Max (lse) von mises 1.9814489729095706e+17
Lengths [np.float64(0.0), np.float64(0.0), np.float64(0.0), np.float64(0.0), np.float64(0.0)]
Max curvatures [Array(2.55759, dtype=float64), Array(2.5564, dtype=float64), Array(2.47623, dtype=float64), Array(2.36346, dtype=float64), Array(2.24328, dtype=float64)]
Final value of terms
    FLUX_WEIGHT**2 * Jf_norm_cons  0.0022487167131189636
    + CC_WEIGHT * Jccdist          0.0
    + CS_WEIGHT * Jcsdist          1.0104075592990214e-05
    + STRESS_WEIGHT * Jstress      0.19814489729095708
    + CURVATURE_WEIGHT * sum(Jcs)  8.29450296099242e-05
    + LINK_WEIGHT * linkNum        0
    + LENGTH_WEIGHT * sum(Jls)     0.0
-----------------------------------------
res   message: CONVERGENCE: RELATIVE REDUCTION OF F <= FACTR*EPSMCH
  success: True
   status: 0
      fun: 0.2004866631080538
        x: [ 1.620e+06  5.415e+00 ... -2.427e-03 -4.999e-03]
      nit: 18
      jac: [ 4.885e-07  1.715e-01 ...  8.058e-01  5.637e-01]
     nfev: 118
     njev: 118
 hess_inv: <316x316 LbfgsInvHessProduct with dtype=float64>
