Btarget should have shape (25, 50)
Btarget has shape (25, 50)
Initial normalized flux 5.435342747760342e-07
Setting normalized flux target to this value.
Initial lengths [Array(8.54929644, dtype=float64), Array(8.47945083, dtype=float64), Array(8.45877022, dtype=float64), Array(8.55373924, dtype=float64), Array(8.50500945, dtype=float64)]
Setting length targets to these values.
       __       ___      ___   ___                _______  _______ .___  ___. 
      |  |     /   \     \  \ /  /               |   ____||   ____||   \/   | 
      |  |    /  ^  \     \  V  /      ______    |  |__   |  |__   |  \  /  | 
.--.  |  |   /  /_\  \     >   <      |______|   |   __|  |   __|  |  |\/|  | 
|  `--'  |  /  _____  \   /  .  \                |  |     |  |____ |  |  |  | 
 \______/  /__/     \__\ /__/ \__\               |__|     |_______||__|  |__| 
                                                                              

Optimizing max Von Mises
Begin ----------
MAXITER = 500
solving with float64
solving with float64
Filament time 1187.6422090530396
Normalized flux 5.445667302948758e-07
Max (lse) von mises 2.1889454929955312e+17
Lengths [np.float64(0.0), np.float64(0.0), np.float64(0.0), np.float64(0.0), np.float64(0.0)]
Max curvatures [Array(2.3833, dtype=float64), Array(2.43588, dtype=float64), Array(2.36895, dtype=float64), Array(2.5384, dtype=float64), Array(2.22646, dtype=float64)]
Final value of terms
    FLUX_WEIGHT**2 * Jf_norm_cons  5.329821991937063e-07
    + CC_WEIGHT * Jccdist          7.519778616956821e-05
    + CS_WEIGHT * Jcsdist          0.0
    + STRESS_WEIGHT * Jstress      0.21889454929955313
    + CURVATURE_WEIGHT * sum(Jcs)  0.0
    + LINK_WEIGHT * linkNum        0
    + LENGTH_WEIGHT * sum(Jls)     0.0
-----------------------------------------
res   message: CONVERGENCE: RELATIVE REDUCTION OF F <= FACTR*EPSMCH
  success: True
   status: 0
      fun: 0.21897028006797545
        x: [ 1.620e+06  5.414e+00 ... -1.491e-03 -3.960e-03]
      nit: 9
      jac: [ 5.249e-07  5.765e-02 ...  8.821e-02  2.835e-02]
     nfev: 116
     njev: 116
 hess_inv: <316x316 LbfgsInvHessProduct with dtype=float64>
