Btarget should have shape (25, 50)
Btarget has shape (25, 50)
Initial normalized flux 5.435342747760342e-07
Setting normalized flux target to this value.
Initial lengths [Array(8.54929644, dtype=float64), Array(8.47945083, dtype=float64), Array(8.45877022, dtype=float64), Array(8.55373924, dtype=float64), Array(8.50500945, dtype=float64)]
Setting length targets to these values.
       __       ___      ___   ___                _______  _______ .___  ___. 
      |  |     /   \     \  \ /  /               |   ____||   ____||   \/   | 
      |  |    /  ^  \     \  V  /      ______    |  |__   |  |__   |  \  /  | 
.--.  |  |   /  /_\  \     >   <      |______|   |   __|  |   __|  |  |\/|  | 
|  `--'  |  /  _____  \   /  .  \                |  |     |  |____ |  |  |  | 
 \______/  /__/     \__\ /__/ \__\               |__|     |_______||__|  |__| 
                                                                              

Optimizing max Von Mises
Begin ----------
MAXITER = 500
solving with float64
solving with float64
Filament time 1826.0221042633057
Normalized flux 1.030809901739499e-06
Max (lse) von mises 1.892778424038681e+17
Lengths [np.float64(0.0), np.float64(0.0), np.float64(0.0), np.float64(0.0), np.float64(0.0)]
Max curvatures [Array(2.55386, dtype=float64), Array(2.55595, dtype=float64), Array(2.54935, dtype=float64), Array(2.52125, dtype=float64), Array(2.28241, dtype=float64)]
Final value of terms
    FLUX_WEIGHT**2 * Jf_norm_cons  0.004748750732652754
    + CC_WEIGHT * Jccdist          0.0
    + CS_WEIGHT * Jcsdist          7.925714145871705e-06
    + STRESS_WEIGHT * Jstress      0.1892778424038681
    + CURVATURE_WEIGHT * sum(Jcs)  4.903324359378206e-06
    + LINK_WEIGHT * linkNum        0
    + LENGTH_WEIGHT * sum(Jls)     0.0
-----------------------------------------
res   message: CONVERGENCE: RELATIVE REDUCTION OF F <= FACTR*EPSMCH
  success: True
   status: 0
      fun: 0.19403942217491918
        x: [ 1.620e+06  5.417e+00 ... -2.917e-03 -6.196e-03]
      nit: 25
      jac: [ 4.664e-07 -1.817e-02 ... -1.411e-01  5.440e-01]
     nfev: 161
     njev: 161
 hess_inv: <316x316 LbfgsInvHessProduct with dtype=float64>
