Btarget should have shape (25, 50)
Btarget has shape (25, 50)
Initial normalized flux 5.435342747760342e-07
Setting normalized flux target to this value.
Initial lengths [Array(8.54929644, dtype=float64), Array(8.47945083, dtype=float64), Array(8.45877022, dtype=float64), Array(8.55373924, dtype=float64), Array(8.50500945, dtype=float64)]
Setting length targets to these values.
Optimizing L2 force
Begin ----------
MAXITER = 500
Filament time 80.8155608177185
Normalized flux 5.435521602798874e-07
L2 force 98.73525612485699
Lengths [np.float64(0.0), np.float64(0.0), np.float64(0.0), np.float64(0.0), np.float64(0.0)]
Max curvatures [Array(2.55536047, dtype=float64), Array(2.42042077, dtype=float64), Array(2.54101568, dtype=float64), Array(2.55481138, dtype=float64), Array(2.55534118, dtype=float64)]
Final value of terms
    FLUX_WEIGHT**2 * Jf_norm_cons  1.5994562404487176e-10
    + CC_WEIGHT * Jccdist          0.0
    + CS_WEIGHT * Jcsdist          0.0
    + FORCE_WEIGHT * Jforce        0.004936762806242849
    + CURVATURE_WEIGHT * sum(Jcs)  7.192930367416846e-09
    + LINK_WEIGHT * linkNum        0
    + LENGTH_WEIGHT * sum(Jls)     0.0
-----------------------------------------
res   message: CONVERGENCE: RELATIVE REDUCTION OF F <= FACTR*EPSMCH
  success: True
   status: 0
      fun: 0.0049367701591188405
        x: [ 1.620e+06  5.415e+00 ... -1.469e-03 -4.161e-03]
      nit: 82
      jac: [ 1.219e-08 -3.410e-04 ... -1.288e-04 -1.709e-04]
     nfev: 266
     njev: 266
 hess_inv: <316x316 LbfgsInvHessProduct with dtype=float64>
Missing attribute is p
