Btarget should have shape (25, 50)
Btarget has shape (25, 50)
Initial normalized flux 5.43534274776034e-07
Setting normalized flux target to this value.
Initial lengths [Array(8.54929644, dtype=float64), Array(8.47945083, dtype=float64), Array(8.45877022, dtype=float64), Array(8.55373924, dtype=float64), Array(8.50500945, dtype=float64)]
Setting length targets to these values.
       __       ___      ___   ___                _______  _______ .___  ___. 
      |  |     /   \     \  \ /  /               |   ____||   ____||   \/   | 
      |  |    /  ^  \     \  V  /      ______    |  |__   |  |__   |  \  /  | 
.--.  |  |   /  /_\  \     >   <      |______|   |   __|  |   __|  |  |\/|  | 
|  `--'  |  /  _____  \   /  .  \                |  |     |  |____ |  |  |  | 
 \______/  /__/     \__\ /__/ \__\               |__|     |_______||__|  |__| 
                                                                              

Optimizing max Von Mises
Begin ----------
MAXITER = 500
solving with float64
solving with float64
Filament time 9685.630368947983
Normalized flux 5.613332867089579e-07
Max (lse) von mises 4.00369295565247e+16
Lengths [np.float64(0.0), np.float64(0.0), np.float64(0.0), np.float64(0.0), np.float64(0.0)]
Max curvatures [Array(2.55543, dtype=float64), Array(2.55411, dtype=float64), Array(2.54727, dtype=float64), Array(2.55509, dtype=float64), Array(2.55512, dtype=float64)]
Final value of terms
    FLUX_WEIGHT**2 * Jf_norm_cons  0.00015840241289417922
    + CC_WEIGHT * Jccdist          8.312102932669423e-06
    + CS_WEIGHT * Jcsdist          0.0
    + STRESS_WEIGHT * Jstress      0.04003692955652471
    + CURVATURE_WEIGHT * sum(Jcs)  1.2017539618769724e-07
    + LINK_WEIGHT * linkNum        0
    + LENGTH_WEIGHT * sum(Jls)     0.0
-----------------------------------------
res   message: STOP: TOTAL NO. OF ITERATIONS REACHED LIMIT
  success: False
   status: 1
      fun: 0.04020376424753139
        x: [ 7.365e-05  5.281e-01 ...  3.494e-03 -7.038e-03]
      nit: 500
      jac: [ 2.697e-03  6.955e-03 ...  8.287e-04 -1.362e-03]
     nfev: 985
     njev: 985
 hess_inv: <326x326 LbfgsInvHessProduct with dtype=float64>
