Btarget should have shape (25, 50)
Btarget has shape (25, 50)
Initial normalized flux 5.435342747760342e-07
Setting normalized flux target to this value.
Initial lengths [Array(8.54929644, dtype=float64), Array(8.47945083, dtype=float64), Array(8.45877022, dtype=float64), Array(8.55373924, dtype=float64), Array(8.50500945, dtype=float64)]
Setting length targets to these values.
Optimizing L2 force
Begin ----------
MAXITER = 500
Filament time 191.00911664962769
Normalized flux 5.551807964847961e-07
L2 force 98.01588467693301
Lengths [np.float64(0.0), np.float64(0.0), np.float64(0.0), np.float64(0.0), np.float64(0.0)]
Max curvatures [Array(2.55353372, dtype=float64), Array(2.40318397, dtype=float64), Array(2.55187542, dtype=float64), Array(2.55448133, dtype=float64), Array(2.55533876, dtype=float64)]
Final value of terms
    FLUX_WEIGHT**2 * Jf_norm_cons  2.712829358253303e-06
    + CC_WEIGHT * Jccdist          1.9051335231428093e-08
    + CS_WEIGHT * Jcsdist          0.0
    + FORCE_WEIGHT * Jforce        0.004900794233846651
    + CURVATURE_WEIGHT * sum(Jcs)  2.459944732243063e-11
    + LINK_WEIGHT * linkNum        0
    + LENGTH_WEIGHT * sum(Jls)     0.0
-----------------------------------------
res   message: CONVERGENCE: RELATIVE REDUCTION OF F <= FACTR*EPSMCH
  success: True
   status: 0
      fun: 0.004903526139139584
        x: [ 1.620e+06  5.414e+00 ... -6.600e-04 -2.730e-03]
      nit: 166
      jac: [ 1.207e-08 -1.718e-04 ...  8.069e-04 -2.332e-04]
     nfev: 480
     njev: 480
 hess_inv: <316x316 LbfgsInvHessProduct with dtype=float64>
Missing attribute is p
