Btarget should have shape (25, 50)
Btarget has shape (25, 50)
Initial normalized flux 5.435342747760342e-07
Setting normalized flux target to this value.
Initial lengths [Array(8.54929644, dtype=float64), Array(8.47945083, dtype=float64), Array(8.45877022, dtype=float64), Array(8.55373924, dtype=float64), Array(8.50500945, dtype=float64)]
Setting length targets to these values.
Optimizing L2 force
Begin ----------
MAXITER = 500
Filament time 396.3663432598114
Normalized flux 5.561038003497409e-07
L2 force 97.47452739604508
Lengths [np.float64(0.0), np.float64(0.0), np.float64(0.0), np.float64(0.0), np.float64(0.0)]
Max curvatures [Array(2.55503661, dtype=float64), Array(2.55533818, dtype=float64), Array(2.55534536, dtype=float64), Array(2.55535589, dtype=float64), Array(2.55532604, dtype=float64)]
Final value of terms
    FLUX_WEIGHT**2 * Jf_norm_cons  3.1598594629613487e-06
    + CC_WEIGHT * Jccdist          1.0912275037304147e-08
    + CS_WEIGHT * Jcsdist          0.0
    + FORCE_WEIGHT * Jforce        0.004873726369802254
    + CURVATURE_WEIGHT * sum(Jcs)  5.478905610925339e-09
    + LINK_WEIGHT * linkNum        0
    + LENGTH_WEIGHT * sum(Jls)     0.0
-----------------------------------------
res   message: CONVERGENCE: RELATIVE REDUCTION OF F <= FACTR*EPSMCH
  success: True
   status: 0
      fun: 0.004876902620445864
        x: [ 1.620e+06  5.412e+00 ...  3.727e-03 -2.378e-03]
      nit: 398
      jac: [ 1.200e-08 -9.663e-05 ... -7.749e-04  4.720e-04]
     nfev: 1239
     njev: 1239
 hess_inv: <316x316 LbfgsInvHessProduct with dtype=float64>
Missing attribute is p
