Btarget should have shape (25, 50)
Btarget has shape (25, 50)
Initial normalized flux 5.435342747760341e-07
Setting normalized flux target to this value.
Initial lengths [Array(8.54929644, dtype=float64), Array(8.47945083, dtype=float64), Array(8.45877022, dtype=float64), Array(8.55373924, dtype=float64), Array(8.50500945, dtype=float64)]
Setting length targets to these values.
       __       ___      ___   ___                _______  _______ .___  ___. 
      |  |     /   \     \  \ /  /               |   ____||   ____||   \/   | 
      |  |    /  ^  \     \  V  /      ______    |  |__   |  |__   |  \  /  | 
.--.  |  |   /  /_\  \     >   <      |______|   |   __|  |   __|  |  |\/|  | 
|  `--'  |  /  _____  \   /  .  \                |  |     |  |____ |  |  |  | 
 \______/  /__/     \__\ /__/ \__\               |__|     |_______||__|  |__| 
                                                                              

Optimizing max Von Mises
Begin ----------
MAXITER = 500
solving with float64
solving with float64
Filament time 1636.3881723880768
Normalized flux 9.240823164147425e-07
Max (lse) von mises 2.0377885833114214e+17
Lengths [np.float64(0.0), np.float64(0.0), np.float64(0.0), np.float64(0.0), np.float64(0.0)]
Max curvatures [Array(2.55737, dtype=float64), Array(2.55921, dtype=float64), Array(2.46408, dtype=float64), Array(2.35444, dtype=float64), Array(2.23933, dtype=float64)]
Final value of terms
    FLUX_WEIGHT**2 * Jf_norm_cons  0.0028963362399011257
    + CC_WEIGHT * Jccdist          0.0
    + CS_WEIGHT * Jcsdist          6.2205731744734445e-06
    + STRESS_WEIGHT * Jstress      0.20377885833114215
    + CURVATURE_WEIGHT * sum(Jcs)  0.0002559470914910003
    + LINK_WEIGHT * linkNum        0
    + LENGTH_WEIGHT * sum(Jls)     0.0
-----------------------------------------
res   message: CONVERGENCE: RELATIVE REDUCTION OF F <= FACTR*EPSMCH
  success: True
   status: 0
      fun: 0.20693736223629308
        x: [ 1.620e+06  5.415e+00 ... -2.473e-03 -4.903e-03]
      nit: 22
      jac: [ 4.863e-07 -1.114e-01 ...  3.007e+00  1.939e+00]
     nfev: 158
     njev: 158
 hess_inv: <316x316 LbfgsInvHessProduct with dtype=float64>
