Btarget should have shape (25, 50)
Btarget has shape (25, 50)
Initial normalized flux 5.017968221761738e-07
Setting normalized flux target to this value.
Initial lengths [Array(8.54929644, dtype=float64), Array(8.47945083, dtype=float64), Array(8.45877022, dtype=float64), Array(8.55373924, dtype=float64), Array(8.50500945, dtype=float64)]
Setting length targets to these values.
       __       ___      ___   ___                _______  _______ .___  ___. 
      |  |     /   \     \  \ /  /               |   ____||   ____||   \/   | 
      |  |    /  ^  \     \  V  /      ______    |  |__   |  |__   |  \  /  | 
.--.  |  |   /  /_\  \     >   <      |______|   |   __|  |   __|  |  |\/|  | 
|  `--'  |  /  _____  \   /  .  \                |  |     |  |____ |  |  |  | 
 \______/  /__/     \__\ /__/ \__\               |__|     |_______||__|  |__| 
                                                                              

Optimizing max Von Mises
Begin ----------
MAXITER = 500
solving with float64
solving with float64
Filament time 999.9536864757538
Normalized flux 5.017968221761723e-07
Max (lse) von mises 4.949790835657334e+16
Lengths [np.float64(0.0), np.float64(0.0), np.float64(0.0), np.float64(0.0), np.float64(0.0)]
Max curvatures [Array(2.34034, dtype=float64), Array(2.42004, dtype=float64), Array(2.36727, dtype=float64), Array(2.58319, dtype=float64), Array(2.22649, dtype=float64)]
Final value of terms
    FLUX_WEIGHT**2 * Jf_norm_cons  0.0
    + CC_WEIGHT * Jccdist          0.0039814067726513525
    + CS_WEIGHT * Jcsdist          0.0
    + STRESS_WEIGHT * Jstress      0.04949790835657335
    + CURVATURE_WEIGHT * sum(Jcs)  0.01050396807075939
    + LINK_WEIGHT * linkNum        0
    + LENGTH_WEIGHT * sum(Jls)     0.0
-----------------------------------------
res   message: CONVERGENCE: RELATIVE REDUCTION OF F <= FACTR*EPSMCH
  success: True
   status: 0
      fun: 0.06398328320006559
        x: [ 5.916e-03  5.123e-01  3.147e-02  5.814e-01  1.820e-02
             6.186e-01 -1.711e-01  1.558e+00 -6.249e-02  5.191e-01
             1.620e+06]
      nit: 58
      jac: [-4.440e-06 -4.895e-06 -7.150e-06  7.205e-06  3.627e-06
             1.837e-05  1.131e-06 -2.514e-05  1.225e-05 -2.213e-05
             1.138e-07]
     nfev: 102
     njev: 102
 hess_inv: <11x11 LbfgsInvHessProduct with dtype=float64>
