Btarget should have shape (25, 50)
Btarget has shape (25, 50)
Initial normalized flux 5.435342747760342e-07
Setting normalized flux target to this value.
Initial lengths [Array(8.54929644, dtype=float64), Array(8.47945083, dtype=float64), Array(8.45877022, dtype=float64), Array(8.55373924, dtype=float64), Array(8.50500945, dtype=float64)]
Setting length targets to these values.
       __       ___      ___   ___                _______  _______ .___  ___. 
      |  |     /   \     \  \ /  /               |   ____||   ____||   \/   | 
      |  |    /  ^  \     \  V  /      ______    |  |__   |  |__   |  \  /  | 
.--.  |  |   /  /_\  \     >   <      |______|   |   __|  |   __|  |  |\/|  | 
|  `--'  |  /  _____  \   /  .  \                |  |     |  |____ |  |  |  | 
 \______/  /__/     \__\ /__/ \__\               |__|     |_______||__|  |__| 
                                                                              

Optimizing max Von Mises
Begin ----------
MAXITER = 500
solving with float64
solving with float64
Filament time 948.6090974807739
Normalized flux 5.435342747761498e-07
Max (lse) von mises 4.02920493186692e+16
Lengths [np.float64(0.0), np.float64(0.0), np.float64(0.0), np.float64(0.0), np.float64(0.0)]
Max curvatures [Array(2.34034, dtype=float64), Array(2.42004, dtype=float64), Array(2.36727, dtype=float64), Array(2.58319, dtype=float64), Array(2.22649, dtype=float64)]
Final value of terms
    FLUX_WEIGHT**2 * Jf_norm_cons  6.696239236428714e-27
    + CC_WEIGHT * Jccdist          0.0039814067726513525
    + CS_WEIGHT * Jcsdist          0.0
    + STRESS_WEIGHT * Jstress      0.040292049318669206
    + CURVATURE_WEIGHT * sum(Jcs)  0.01050396807075939
    + LINK_WEIGHT * linkNum        0
    + LENGTH_WEIGHT * sum(Jls)     0.0
-----------------------------------------
res   message: CONVERGENCE: RELATIVE REDUCTION OF F <= FACTR*EPSMCH
  success: True
   status: 0
      fun: 0.05477742416211094
        x: [ 1.194e-02  5.313e-01  3.766e-02  5.687e-01  6.143e-02
             6.366e-01  4.339e-02  1.694e+00 -5.056e-02  6.129e-01
             1.620e+06]
      nit: 50
      jac: [ 4.426e-06  6.678e-06  1.895e-07  1.929e-06  1.296e-06
            -4.567e-06  1.555e-06 -7.790e-06 -9.219e-06  1.005e-06
             9.412e-08]
     nfev: 92
     njev: 92
 hess_inv: <11x11 LbfgsInvHessProduct with dtype=float64>
