Btarget should have shape (25, 50)
Btarget has shape (25, 50)
Initial normalized flux 5.435032925837685e-07
Setting normalized flux target to this value.
Initial lengths [Array(8.54929691, dtype=float64), Array(8.47945104, dtype=float64), Array(8.45876912, dtype=float64), Array(8.55374111, dtype=float64), Array(8.50500782, dtype=float64)]
Setting length targets to these values.
       __       ___      ___   ___                _______  _______ .___  ___. 
      |  |     /   \     \  \ /  /               |   ____||   ____||   \/   | 
      |  |    /  ^  \     \  V  /      ______    |  |__   |  |__   |  \  /  | 
.--.  |  |   /  /_\  \     >   <      |______|   |   __|  |   __|  |  |\/|  | 
|  `--'  |  /  _____  \   /  .  \                |  |     |  |____ |  |  |  | 
 \______/  /__/     \__\ /__/ \__\               |__|     |_______||__|  |__| 
                                                                              

Optimizing max Von Mises
Begin ----------
MAXITER = 500
solving with float64
solving with float64
Filament time 1231.662347793579
Normalized flux 5.435032925844303e-07
Max (lse) von mises 6.344382332485806e+16
Lengths [np.float64(0.0), np.float64(0.0), np.float64(0.0), np.float64(0.0), np.float64(0.0)]
Max curvatures [Array(2.34034, dtype=float64), Array(2.37091, dtype=float64), Array(2.36727, dtype=float64), Array(2.42607, dtype=float64), Array(2.22649, dtype=float64)]
Final value of terms
    FLUX_WEIGHT**2 * Jf_norm_cons  2.1895288505075267e-29
    + CC_WEIGHT * Jccdist          0.0005498013554603139
    + CS_WEIGHT * Jcsdist          0.0
    + STRESS_WEIGHT * Jstress      0.06344382332485807
    + CURVATURE_WEIGHT * sum(Jcs)  0.0
    + LINK_WEIGHT * linkNum        0
    + LENGTH_WEIGHT * sum(Jls)     0.0
-----------------------------------------
res   message: CONVERGENCE: RELATIVE REDUCTION OF F <= FACTR*EPSMCH
  success: True
   status: 0
      fun: 0.06399362467924755
        x: [ 5.797e-03  5.186e-01 -6.484e-03  5.431e-01  6.988e-03
             5.682e-01 -7.461e-03  6.091e-01 -2.046e-01  6.411e-01
             1.620e+06]
      nit: 55
      jac: [-9.767e-07  8.122e-06 -3.759e-06 -2.654e-06 -2.912e-07
            -1.508e-06 -5.983e-06  8.611e-06 -2.584e-06  1.280e-06
             1.567e-07]
     nfev: 94
     njev: 94
 hess_inv: <11x11 LbfgsInvHessProduct with dtype=float64>
