Btarget should have shape (25, 50)
Btarget has shape (25, 50)
Initial normalized flux 5.435342747760341e-07
Setting normalized flux target to this value.
Initial lengths [Array(8.54929644, dtype=float64), Array(8.47945083, dtype=float64), Array(8.45877022, dtype=float64), Array(8.55373924, dtype=float64), Array(8.50500945, dtype=float64)]
Setting length targets to these values.
Optimizing L2 force
Begin ----------
MAXITER = 500
Filament time 311.2453751564026
Normalized flux 5.554519860538404e-07
L2 force 97.72732536905019
Lengths [np.float64(0.0), np.float64(0.0), np.float64(0.0), np.float64(0.0), np.float64(0.0)]
Max curvatures [Array(2.55488274, dtype=float64), Array(2.5552551, dtype=float64), Array(2.555198, dtype=float64), Array(2.55533751, dtype=float64), Array(2.55489278, dtype=float64)]
Final value of terms
    FLUX_WEIGHT**2 * Jf_norm_cons  2.8406368420230757e-06
    + CC_WEIGHT * Jccdist          1.2072803218603848e-08
    + CS_WEIGHT * Jcsdist          0.0
    + FORCE_WEIGHT * Jforce        0.00488636626845251
    + CURVATURE_WEIGHT * sum(Jcs)  1.8056423743539276e-13
    + LINK_WEIGHT * linkNum        0
    + LENGTH_WEIGHT * sum(Jls)     0.0
-----------------------------------------
res   message: CONVERGENCE: RELATIVE REDUCTION OF F <= FACTR*EPSMCH
  success: True
   status: 0
      fun: 0.004889218978278316
        x: [ 1.620e+06  5.414e+00 ...  1.189e-03 -2.025e-03]
      nit: 280
      jac: [ 1.204e-08  6.398e-05 ... -2.416e-04 -3.421e-04]
     nfev: 901
     njev: 901
 hess_inv: <316x316 LbfgsInvHessProduct with dtype=float64>
Missing attribute is p
