Btarget should have shape (25, 50)
Btarget has shape (25, 50)
Initial normalized flux 5.435342747760342e-07
Setting normalized flux target to this value.
Initial lengths [Array(8.54929644, dtype=float64), Array(8.47945083, dtype=float64), Array(8.45877022, dtype=float64), Array(8.55373924, dtype=float64), Array(8.50500945, dtype=float64)]
Setting length targets to these values.
       __       ___      ___   ___                _______  _______ .___  ___. 
      |  |     /   \     \  \ /  /               |   ____||   ____||   \/   | 
      |  |    /  ^  \     \  V  /      ______    |  |__   |  |__   |  \  /  | 
.--.  |  |   /  /_\  \     >   <      |______|   |   __|  |   __|  |  |\/|  | 
|  `--'  |  /  _____  \   /  .  \                |  |     |  |____ |  |  |  | 
 \______/  /__/     \__\ /__/ \__\               |__|     |_______||__|  |__| 
                                                                              

Optimizing max Von Mises
Begin ----------
MAXITER = 500
solving with float64
solving with float64
Filament time 1229.175306558609
Normalized flux 5.443913637426338e-07
Max (lse) von mises 2.2102997957424256e+17
Lengths [np.float64(0.0), np.float64(0.0), np.float64(0.0), np.float64(0.0), np.float64(0.0)]
Max curvatures [Array(2.38339, dtype=float64), Array(2.43561, dtype=float64), Array(2.36944, dtype=float64), Array(2.53833, dtype=float64), Array(2.22647, dtype=float64)]
Final value of terms
    FLUX_WEIGHT**2 * Jf_norm_cons  3.673007483335971e-07
    + CC_WEIGHT * Jccdist          7.264955284249551e-05
    + CS_WEIGHT * Jcsdist          0.0
    + STRESS_WEIGHT * Jstress      0.22102997957424259
    + CURVATURE_WEIGHT * sum(Jcs)  0.0
    + LINK_WEIGHT * linkNum        0
    + LENGTH_WEIGHT * sum(Jls)     0.0
-----------------------------------------
res   message: CONVERGENCE: RELATIVE REDUCTION OF F <= FACTR*EPSMCH
  success: True
   status: 0
      fun: 0.22110299642818948
        x: [ 1.620e+06  5.414e+00 ... -1.494e-03 -3.962e-03]
      nit: 9
      jac: [ 5.324e-07  5.542e-02 ...  9.167e-02  3.113e-02]
     nfev: 123
     njev: 123
 hess_inv: <316x316 LbfgsInvHessProduct with dtype=float64>
