Btarget should have shape (25, 50)
Btarget has shape (25, 50)
Initial normalized flux 5.435342747760341e-07
Setting normalized flux target to this value.
Initial lengths [Array(8.54929644, dtype=float64), Array(8.47945083, dtype=float64), Array(8.45877022, dtype=float64), Array(8.55373924, dtype=float64), Array(8.50500945, dtype=float64)]
Setting length targets to these values.
Optimizing L2 force
Begin ----------
MAXITER = 500
Filament time 425.7728154659271
Normalized flux 5.441900207661723e-07
L2 force 97.51409529442058
Lengths [np.float64(0.0), np.float64(0.0), np.float64(0.0), np.float64(0.0), np.float64(0.0)]
Max curvatures [Array(2.55534403, dtype=float64), Array(2.55453248, dtype=float64), Array(2.55532634, dtype=float64), Array(2.55533229, dtype=float64), Array(2.55405551, dtype=float64)]
Final value of terms
    FLUX_WEIGHT**2 * Jf_norm_cons  2.150014017912607e-07
    + CC_WEIGHT * Jccdist          2.217554620254896e-08
    + CS_WEIGHT * Jcsdist          0.0
    + FORCE_WEIGHT * Jforce        0.004875704764721029
    + CURVATURE_WEIGHT * sum(Jcs)  5.594227896520204e-10
    + LINK_WEIGHT * linkNum        0
    + LENGTH_WEIGHT * sum(Jls)     0.0
-----------------------------------------
res   message: STOP: TOTAL NO. OF ITERATIONS REACHED LIMIT
  success: False
   status: 1
      fun: 0.0048759425010918124
        x: [ 1.620e+06  5.412e+00 ...  3.727e-03 -2.430e-03]
      nit: 500
      jac: [ 1.200e-08  1.114e-03 ...  9.055e-04 -3.287e-04]
     nfev: 1377
     njev: 1377
 hess_inv: <316x316 LbfgsInvHessProduct with dtype=float64>
Missing attribute is p
