Btarget should have shape (25, 50)
Btarget has shape (25, 50)
Initial normalized flux 5.435342747760342e-07
Setting normalized flux target to this value.
Initial lengths [Array(8.54929644, dtype=float64), Array(8.47945083, dtype=float64), Array(8.45877022, dtype=float64), Array(8.55373924, dtype=float64), Array(8.50500945, dtype=float64)]
Setting length targets to these values.
       __       ___      ___   ___                _______  _______ .___  ___. 
      |  |     /   \     \  \ /  /               |   ____||   ____||   \/   | 
      |  |    /  ^  \     \  V  /      ______    |  |__   |  |__   |  \  /  | 
.--.  |  |   /  /_\  \     >   <      |______|   |   __|  |   __|  |  |\/|  | 
|  `--'  |  /  _____  \   /  .  \                |  |     |  |____ |  |  |  | 
 \______/  /__/     \__\ /__/ \__\               |__|     |_______||__|  |__| 
                                                                              

Optimizing max Von Mises
Begin ----------
MAXITER = 500
solving with float64
solving with float64
Filament time 1372.564190864563
Normalized flux 5.435342747761536e-07
Max (lse) von mises 4.687197370431867e+16
Lengths [np.float64(0.0), np.float64(0.0), np.float64(0.0), np.float64(0.0), np.float64(0.0)]
Max curvatures [Array(2.34034, dtype=float64), Array(2.42004, dtype=float64), Array(2.36727, dtype=float64), Array(2.58319, dtype=float64), Array(2.22649, dtype=float64)]
Final value of terms
    FLUX_WEIGHT**2 * Jf_norm_cons  2.8578439613847186e-28
    + CC_WEIGHT * Jccdist          0.0039814067726513525
    + CS_WEIGHT * Jcsdist          0.0
    + STRESS_WEIGHT * Jstress      0.04687197370431868
    + CURVATURE_WEIGHT * sum(Jcs)  0.01050396807075939
    + LINK_WEIGHT * linkNum        0
    + LENGTH_WEIGHT * sum(Jls)     0.0
-----------------------------------------
res   message: CONVERGENCE: RELATIVE REDUCTION OF F <= FACTR*EPSMCH
  success: True
   status: 0
      fun: 0.061357348547569246
        x: [-5.965e-03  5.060e-01  3.765e-02  5.741e-01  4.872e-02
             6.367e-01 -1.836e-01  1.519e+00 -5.330e-02  6.165e-01
             1.620e+06]
      nit: 72
      jac: [-3.459e-06  1.826e-05 -9.559e-06  3.225e-06 -4.823e-06
             7.360e-06  1.741e-05  5.620e-09 -2.012e-07 -8.599e-06
             1.062e-07]
     nfev: 122
     njev: 122
 hess_inv: <11x11 LbfgsInvHessProduct with dtype=float64>
