Btarget should have shape (25, 50)
Btarget has shape (25, 50)
Initial normalized flux 5.435342747760341e-07
Setting normalized flux target to this value.
Initial lengths [Array(8.54929644, dtype=float64), Array(8.47945083, dtype=float64), Array(8.45877022, dtype=float64), Array(8.55373924, dtype=float64), Array(8.50500945, dtype=float64)]
Setting length targets to these values.
       __       ___      ___   ___                _______  _______ .___  ___. 
      |  |     /   \     \  \ /  /               |   ____||   ____||   \/   | 
      |  |    /  ^  \     \  V  /      ______    |  |__   |  |__   |  \  /  | 
.--.  |  |   /  /_\  \     >   <      |______|   |   __|  |   __|  |  |\/|  | 
|  `--'  |  /  _____  \   /  .  \                |  |     |  |____ |  |  |  | 
 \______/  /__/     \__\ /__/ \__\               |__|     |_______||__|  |__| 
                                                                              

Optimizing max Von Mises
Begin ----------
MAXITER = 500
solving with float64
solving with float64
Filament time 10103.149232625961
Normalized flux 8.023220757404187e-07
Max (lse) von mises 3.242909026887936e+16
Lengths [np.float64(0.0), np.float64(0.0), np.float64(0.0), np.float64(0.0), np.float64(1.0659428252265859e-09)]
Max curvatures [Array(2.55512, dtype=float64), Array(2.55043, dtype=float64), Array(2.55443, dtype=float64), Array(2.55549, dtype=float64), Array(2.5555, dtype=float64)]
Final value of terms
    FLUX_WEIGHT**2 * Jf_norm_cons  0.0013394225185596384
    + CC_WEIGHT * Jccdist          4.553497457853453e-06
    + CS_WEIGHT * Jcsdist          0.0
    + STRESS_WEIGHT * Jstress      0.032429090268879364
    + CURVATURE_WEIGHT * sum(Jcs)  3.913636268644959e-07
    + LINK_WEIGHT * linkNum        0
    + LENGTH_WEIGHT * sum(Jls)     2.1318856504531716e-07
-----------------------------------------
res   message: STOP: TOTAL NO. OF ITERATIONS REACHED LIMIT
  success: False
   status: 1
      fun: 0.033773670837125486
        x: [-1.309e-04  5.227e-01 ...  3.034e-03 -1.038e-02]
      nit: 500
      jac: [ 4.200e-03  7.488e-03 ... -1.745e-03  2.014e-03]
     nfev: 1082
     njev: 1082
 hess_inv: <326x326 LbfgsInvHessProduct with dtype=float64>
