Btarget should have shape (25, 50)
Btarget has shape (25, 50)
Initial normalized flux 5.435342747760341e-07
Setting normalized flux target to this value.
Initial lengths [Array(8.54929644, dtype=float64), Array(8.47945083, dtype=float64), Array(8.45877022, dtype=float64), Array(8.55373924, dtype=float64), Array(8.50500945, dtype=float64)]
Setting length targets to these values.
       __       ___      ___   ___                _______  _______ .___  ___. 
      |  |     /   \     \  \ /  /               |   ____||   ____||   \/   | 
      |  |    /  ^  \     \  V  /      ______    |  |__   |  |__   |  \  /  | 
.--.  |  |   /  /_\  \     >   <      |______|   |   __|  |   __|  |  |\/|  | 
|  `--'  |  /  _____  \   /  .  \                |  |     |  |____ |  |  |  | 
 \______/  /__/     \__\ /__/ \__\               |__|     |_______||__|  |__| 
                                                                              

Optimizing max Von Mises
Begin ----------
MAXITER = 500
solving with float64
solving with float64
Filament time 10854.484950065613
Normalized flux 5.616278856537013e-07
Max (lse) von mises 3.8224691069468e+16
Lengths [np.float64(0.0), np.float64(0.0), np.float64(0.0), np.float64(0.0), np.float64(2.907487607006294e-10)]
Max curvatures [Array(2.55533, dtype=float64), Array(2.55529, dtype=float64), Array(2.54265, dtype=float64), Array(2.55537, dtype=float64), Array(2.55182, dtype=float64)]
Final value of terms
    FLUX_WEIGHT**2 * Jf_norm_cons  0.0001636893772962176
    + CC_WEIGHT * Jccdist          8.058751644486152e-06
    + CS_WEIGHT * Jcsdist          0.0
    + STRESS_WEIGHT * Jstress      0.038224691069468006
    + CURVATURE_WEIGHT * sum(Jcs)  9.050213794385088e-09
    + LINK_WEIGHT * linkNum        0
    + LENGTH_WEIGHT * sum(Jls)     5.814975214012588e-08
-----------------------------------------
res   message: STOP: TOTAL NO. OF ITERATIONS REACHED LIMIT
  success: False
   status: 1
      fun: 0.03839650639837887
        x: [-6.254e-04  5.076e-01 ...  2.178e-03 -7.612e-03]
      nit: 500
      jac: [-3.202e-03  2.908e-03 ...  1.098e-03 -3.492e-03]
     nfev: 1057
     njev: 1057
 hess_inv: <326x326 LbfgsInvHessProduct with dtype=float64>
